<!doctype html public "-//w3c//dtd html 4.0 transitional//en">
<html><head>
<title>Static Call Graph - [.\HEX\SKYSENSE-4G_MAHAVEDH.axf]</title></head>
<body><HR>
<H1>Static Call Graph for image .\HEX\SKYSENSE-4G_MAHAVEDH.axf</H1><HR>
<BR><P>#&#060CALLGRAPH&#062# ARM Linker, RVCT4.0 [Build 524]: Last Updated: Mon Feb 06 18:33:49 2023
<BR><P>
<H3>Maximum Stack Usage =       1576 bytes + Unknown(Functions without stacksize, Cycles, Untraceable Function Pointers)</H3><H3>
Call chain for Maximum Stack Depth:</H3>
__rt_entry_main &rArr; main &rArr; readconfigfile &rArr; f_open &rArr; mount_volume &rArr; find_volume &rArr; check_fs &rArr; move_window &rArr; disk_read &rArr; vd_read &rArr; f_read &rArr;  disk_read (Cycle)
<P>
<H3>
Functions with no stack information
</H3><UL>
 <LI><a href="#[2500694]">__user_initial_stackheap</a>
</UL>
</UL>
<P>
<H3>
Mutually Recursive functions
</H3> <LI><a href="#[2500568]">NMI_Handler</a>&nbsp;&nbsp;&nbsp;&rArr;&nbsp;&nbsp;&nbsp;<a href="#[2500568]">NMI_Handler</a><BR>
 <LI><a href="#[250052c]">HardFault_Handler</a>&nbsp;&nbsp;&nbsp;&rArr;&nbsp;&nbsp;&nbsp;<a href="#[250052c]">HardFault_Handler</a><BR>
 <LI><a href="#[25004f0]">MemManage_Handler</a>&nbsp;&nbsp;&nbsp;&rArr;&nbsp;&nbsp;&nbsp;<a href="#[25004f0]">MemManage_Handler</a><BR>
 <LI><a href="#[25004b4]">BusFault_Handler</a>&nbsp;&nbsp;&nbsp;&rArr;&nbsp;&nbsp;&nbsp;<a href="#[25004b4]">BusFault_Handler</a><BR>
 <LI><a href="#[2500478]">UsageFault_Handler</a>&nbsp;&nbsp;&nbsp;&rArr;&nbsp;&nbsp;&nbsp;<a href="#[2500478]">UsageFault_Handler</a><BR>
 <LI><a href="#[250043c]">SVC_Handler</a>&nbsp;&nbsp;&nbsp;&rArr;&nbsp;&nbsp;&nbsp;<a href="#[250043c]">SVC_Handler</a><BR>
 <LI><a href="#[2500400]">DebugMon_Handler</a>&nbsp;&nbsp;&nbsp;&rArr;&nbsp;&nbsp;&nbsp;<a href="#[2500400]">DebugMon_Handler</a><BR>
 <LI><a href="#[25003c4]">PendSV_Handler</a>&nbsp;&nbsp;&nbsp;&rArr;&nbsp;&nbsp;&nbsp;<a href="#[25003c4]">PendSV_Handler</a><BR>
 <LI><a href="#[250034c]">ADC_IRQHandler</a>&nbsp;&nbsp;&nbsp;&rArr;&nbsp;&nbsp;&nbsp;<a href="#[250034c]">ADC_IRQHandler</a><BR>
 <LI><a href="#[25aed34]">send_cmd</a>&nbsp;&nbsp;&nbsp;&rArr;&nbsp;&nbsp;&nbsp;<a href="#[25aed34]">send_cmd</a><BR>
 <LI><a href="#[25abf44]">get_fat</a>&nbsp;&nbsp;&nbsp;&rArr;&nbsp;&nbsp;&nbsp;<a href="#[25abff8]">move_window</a><BR>
 <LI><a href="#[25ad768]">f_read</a>&nbsp;&nbsp;&nbsp;&rArr;&nbsp;&nbsp;&nbsp;<a href="#[25ae140]">disk_read</a><BR>
 <LI><a href="#[25abf08]">put_fat</a>&nbsp;&nbsp;&nbsp;&rArr;&nbsp;&nbsp;&nbsp;<a href="#[25abff8]">move_window</a><BR>
 <LI><a href="#[25ad90c]">f_lseek</a>&nbsp;&nbsp;&nbsp;&rArr;&nbsp;&nbsp;&nbsp;<a href="#[25ae140]">disk_read</a><BR>
 <LI><a href="#[25ae0c8]">disk_ioctl</a>&nbsp;&nbsp;&nbsp;&rArr;&nbsp;&nbsp;&nbsp;<a href="#[25ae0c8]">disk_ioctl</a><BR>
 <LI><a href="#[25aec44]">vd_ioctl</a>&nbsp;&nbsp;&nbsp;&rArr;&nbsp;&nbsp;&nbsp;<a href="#[25ad81c]">f_open</a><BR>
 <LI><a href="#[25ab8b4]">putc_bfd</a>&nbsp;&nbsp;&nbsp;&rArr;&nbsp;&nbsp;&nbsp;<a href="#[25ab8b4]">putc_bfd</a><BR>
</UL>
<P>
<H3>
Function Pointers
</H3><UL>
 <LI><a href="#[25005a4]">Reset_Handler</a>
 <LI><a href="#[2500568]">NMI_Handler</a>
 <LI><a href="#[250052c]">HardFault_Handler</a>
 <LI><a href="#[25004f0]">MemManage_Handler</a>
 <LI><a href="#[25004b4]">BusFault_Handler</a>
 <LI><a href="#[2500478]">UsageFault_Handler</a>
 <LI><a href="#[250043c]">SVC_Handler</a>
 <LI><a href="#[2500400]">DebugMon_Handler</a>
 <LI><a href="#[25003c4]">PendSV_Handler</a>
 <LI><a href="#[24f23b4]">SysTick_Handler</a>
 <LI><a href="#[24ffb54]">WDT_IRQHandler</a>
 <LI><a href="#[24ffdac]">TIMER0_IRQHandler</a>
 <LI><a href="#[24ffd70]">TIMER1_IRQHandler</a>
 <LI><a href="#[24ffd34]">TIMER2_IRQHandler</a>
 <LI><a href="#[24ffcf8]">TIMER3_IRQHandler</a>
 <LI><a href="#[24f57f8]">UART0_IRQHandler</a>
 <LI><a href="#[24f5834]">UART1_IRQHandler</a>
 <LI><a href="#[24ffc44]">UART2_IRQHandler</a>
 <LI><a href="#[24f57bc]">UART3_IRQHandler</a>
 <LI><a href="#[24fff50]">PWM1_IRQHandler</a>
 <LI><a href="#[25000f4]">I2C0_IRQHandler</a>
 <LI><a href="#[25000b8]">I2C1_IRQHandler</a>
 <LI><a href="#[250007c]">I2C2_IRQHandler</a>
 <LI><a href="#[24ffe60]">SPI_IRQHandler</a>
 <LI><a href="#[24ffe24]">SSP0_IRQHandler</a>
 <LI><a href="#[24ffde8]">SSP1_IRQHandler</a>
 <LI><a href="#[24fffc8]">PLL0_IRQHandler</a>
 <LI><a href="#[24f6d88]">RTC_IRQHandler</a>
 <LI><a href="#[24fcb48]">EINT0_IRQHandler</a>
 <LI><a href="#[24fcb0c]">EINT1_IRQHandler</a>
 <LI><a href="#[24fcad0]">EINT2_IRQHandler</a>
 <LI><a href="#[24fca94]">EINT3_IRQHandler</a>
 <LI><a href="#[250034c]">ADC_IRQHandler</a>
 <LI><a href="#[25af784]">BOD_IRQHandler</a>
 <LI><a href="#[24ffb90]">USB_IRQHandler</a>
 <LI><a href="#[2500298]">CAN_IRQHandler</a>
 <LI><a href="#[250025c]">DMA_IRQHandler</a>
 <LI><a href="#[2500040]">I2S_IRQHandler</a>
 <LI><a href="#[2500130]">ENET_IRQHandler</a>
 <LI><a href="#[24ffed8]">RIT_IRQHandler</a>
 <LI><a href="#[2500004]">MCPWM_IRQHandler</a>
 <LI><a href="#[24fff14]">QEI_IRQHandler</a>
 <LI><a href="#[24fff8c]">PLL1_IRQHandler</a>
 <LI><a href="#[24ffbcc]">USBActivity_IRQHandler</a>
 <LI><a href="#[25002d4]">CANActivity_IRQHandler</a>
 <LI><a href="#[25a83f8]">__main</a>
 <LI><a href="#[24f9b78]">myExtIntrIsr_1</a>
 <LI><a href="#[25a43fc]">_sputc</a>
 <LI><a href="#[25a4564]">_printf_input_char</a>
 <LI><a href="#[323f5e0]">_get_lc_ctype</a>
 <LI><a href="#[323c28c]">__I$use$semihosting</a>
</UL>
<P>
<H3>
Global Symbols
</H3>
<P><STRONG><a name="[25a83f8]"></a>__main</STRONG> (Thumb, 8 bytes, Stack size 0 bytes, __main.o(!!!main))
<BR><BR>[Calls]<UL><LI><a href="#[25a4d5c]">&gt;&gt;</a>&nbsp;&nbsp;&nbsp;__rt_entry
<LI><a href="#[3239be0]">&gt;&gt;</a>&nbsp;&nbsp;&nbsp;__scatterload
</UL>

<P><STRONG><a name="[3239be0]"></a>__scatterload</STRONG> (Thumb, 0 bytes, Stack size unknown bytes, __scatter.o(!!!scatter))
<BR><BR>[Called By]<UL><LI><a href="#[25a83f8]">&gt;&gt;</a>&nbsp;&nbsp;&nbsp;__main
</UL>

<P><STRONG><a name="[3239ba4]"></a>__scatterload_rt2</STRONG> (Thumb, 44 bytes, Stack size unknown bytes, __scatter.o(!!!scatter), UNUSED)
<BR><BR>[Calls]<UL><LI><a href="#[25a4d5c]">&gt;&gt;</a>&nbsp;&nbsp;&nbsp;__rt_entry
</UL>

<P><STRONG><a name="[3239b68]"></a>__scatterload_rt2_thumb_only</STRONG> (Thumb, 0 bytes, Stack size unknown bytes, __scatter.o(!!!scatter), UNUSED)

<P><STRONG><a name="[3239b2c]"></a>__scatterload_null</STRONG> (Thumb, 0 bytes, Stack size unknown bytes, __scatter.o(!!!scatter), UNUSED)

<P><STRONG><a name="[3239d0c]"></a>__decompress</STRONG> (Thumb, 100 bytes, Stack size unknown bytes, __dclz77c.o(!!dclz77c), UNUSED)

<P><STRONG><a name="[3239cd0]"></a>__decompress2</STRONG> (Thumb, 0 bytes, Stack size unknown bytes, __dclz77c.o(!!dclz77c), UNUSED)

<P><STRONG><a name="[3239988]"></a>__scatterload_zeroinit</STRONG> (Thumb, 28 bytes, Stack size unknown bytes, __scatter_zi.o(!!handler_zi), UNUSED)

<P><STRONG><a name="[25a967c]"></a>_printf_d</STRONG> (Thumb, 0 bytes, Stack size unknown bytes, _printf_d.o(.ARM.Collect$$_printf_percent$$00000009))
<BR><BR>[Stack]<UL><LI>Max Depth = 72 + Unknown Stack Size
<LI>Call Chain = _printf_d &rArr; _printf_int_dec &rArr; _printf_int_common &rArr; _printf_post_padding
</UL>
<BR>[Calls]<UL><LI><a href="#[25aa270]">&gt;&gt;</a>&nbsp;&nbsp;&nbsp;_printf_int_dec
</UL>

<P><STRONG><a name="[25a95c8]"></a>_printf_percent</STRONG> (Thumb, 0 bytes, Stack size unknown bytes, _printf_percent.o(.ARM.Collect$$_printf_percent$$00000000))
<BR><BR>[Called By]<UL><LI><a href="#[25a9b68]">&gt;&gt;</a>&nbsp;&nbsp;&nbsp;__printf
</UL>

<P><STRONG><a name="[25a985c]"></a>_printf_c</STRONG> (Thumb, 0 bytes, Stack size unknown bytes, _printf_c.o(.ARM.Collect$$_printf_percent$$00000013))
<BR><BR>[Stack]<UL><LI>Max Depth = 40 + Unknown Stack Size
<LI>Call Chain = _printf_c &rArr; _printf_char &rArr; _printf_cs_common &rArr; _printf_str &rArr; _printf_post_padding
</UL>
<BR>[Calls]<UL><LI><a href="#[25a42d0]">&gt;&gt;</a>&nbsp;&nbsp;&nbsp;_printf_char
</UL>

<P><STRONG><a name="[25a976c]"></a>_printf_s</STRONG> (Thumb, 0 bytes, Stack size unknown bytes, _printf_s.o(.ARM.Collect$$_printf_percent$$00000014))
<BR><BR>[Stack]<UL><LI>Max Depth = 40 + Unknown Stack Size
<LI>Call Chain = _printf_s &rArr; _printf_string &rArr; _printf_cs_common &rArr; _printf_str &rArr; _printf_post_padding
</UL>
<BR>[Calls]<UL><LI><a href="#[25a4294]">&gt;&gt;</a>&nbsp;&nbsp;&nbsp;_printf_string
</UL>

<P><STRONG><a name="[25a41a4]"></a>_printf_percent_end</STRONG> (Thumb, 0 bytes, Stack size unknown bytes, _printf_percent_end.o(.ARM.Collect$$_printf_percent$$00000017))

<P><STRONG><a name="[323f040]"></a>__rt_lib_init</STRONG> (Thumb, 0 bytes, Stack size unknown bytes, libinit.o(.ARM.Collect$$libinit$$00000000))
<BR><BR>[Called By]<UL><LI><a href="#[25a1eb8]">&gt;&gt;</a>&nbsp;&nbsp;&nbsp;__rt_entry_li
</UL>

<P><STRONG><a name="[323de70]"></a>__rt_lib_init_heap_1</STRONG> (Thumb, 0 bytes, Stack size unknown bytes, libinit2.o(.ARM.Collect$$libinit$$00000006))

<P><STRONG><a name="[323dd44]"></a>__rt_lib_init_lc_common</STRONG> (Thumb, 0 bytes, Stack size unknown bytes, libinit2.o(.ARM.Collect$$libinit$$0000000B))
<BR><BR>[Calls]<UL><LI><a href="#[323f8b0]">&gt;&gt;</a>&nbsp;&nbsp;&nbsp;__rt_locale
</UL>

<P><STRONG><a name="[323dd80]"></a>__rt_lib_init_rand_1</STRONG> (Thumb, 0 bytes, Stack size unknown bytes, libinit2.o(.ARM.Collect$$libinit$$0000000A))

<P><STRONG><a name="[323ddf8]"></a>__rt_lib_init_user_alloc_1</STRONG> (Thumb, 0 bytes, Stack size unknown bytes, libinit2.o(.ARM.Collect$$libinit$$00000008))

<P><STRONG><a name="[323dccc]"></a>__rt_lib_init_lc_collate_1</STRONG> (Thumb, 0 bytes, Stack size unknown bytes, libinit2.o(.ARM.Collect$$libinit$$0000000D))

<P><STRONG><a name="[323dc90]"></a>__rt_lib_init_lc_ctype_2</STRONG> (Thumb, 0 bytes, Stack size unknown bytes, libinit2.o(.ARM.Collect$$libinit$$0000000E))
<BR><BR>[Stack]<UL><LI>Max Depth = 8 + Unknown Stack Size
<LI>Call Chain = __rt_lib_init_lc_ctype_2 &rArr; _get_lc_ctype
</UL>
<BR>[Calls]<UL><LI><a href="#[323f5e0]">&gt;&gt;</a>&nbsp;&nbsp;&nbsp;_get_lc_ctype
</UL>

<P><STRONG><a name="[323d63c]"></a>__rt_lib_init_alloca_1</STRONG> (Thumb, 0 bytes, Stack size unknown bytes, libinit2.o(.ARM.Collect$$libinit$$0000002A))

<P><STRONG><a name="[323d6b4]"></a>__rt_lib_init_argv_1</STRONG> (Thumb, 0 bytes, Stack size unknown bytes, libinit2.o(.ARM.Collect$$libinit$$00000028))

<P><STRONG><a name="[323da74]"></a>__rt_lib_init_atexit_1</STRONG> (Thumb, 0 bytes, Stack size unknown bytes, libinit2.o(.ARM.Collect$$libinit$$00000017))

<P><STRONG><a name="[323d90c]"></a>__rt_lib_init_clock_1</STRONG> (Thumb, 0 bytes, Stack size unknown bytes, libinit2.o(.ARM.Collect$$libinit$$0000001D))

<P><STRONG><a name="[323d54c]"></a>__rt_lib_init_cpp_1</STRONG> (Thumb, 0 bytes, Stack size unknown bytes, libinit2.o(.ARM.Collect$$libinit$$0000002E))

<P><STRONG><a name="[323d5c4]"></a>__rt_lib_init_exceptions_1</STRONG> (Thumb, 0 bytes, Stack size unknown bytes, libinit2.o(.ARM.Collect$$libinit$$0000002C))

<P><STRONG><a name="[323d984]"></a>__rt_lib_init_fp_trap_1</STRONG> (Thumb, 0 bytes, Stack size unknown bytes, libinit2.o(.ARM.Collect$$libinit$$0000001B))

<P><STRONG><a name="[323d894]"></a>__rt_lib_init_getenv_1</STRONG> (Thumb, 0 bytes, Stack size unknown bytes, libinit2.o(.ARM.Collect$$libinit$$0000001F))

<P><STRONG><a name="[323dc54]"></a>__rt_lib_init_lc_ctype_1</STRONG> (Thumb, 0 bytes, Stack size unknown bytes, libinit2.o(.ARM.Collect$$libinit$$0000000F))

<P><STRONG><a name="[323dbdc]"></a>__rt_lib_init_lc_monetary_1</STRONG> (Thumb, 0 bytes, Stack size unknown bytes, libinit2.o(.ARM.Collect$$libinit$$00000011))

<P><STRONG><a name="[323db64]"></a>__rt_lib_init_lc_numeric_1</STRONG> (Thumb, 0 bytes, Stack size unknown bytes, libinit2.o(.ARM.Collect$$libinit$$00000013))

<P><STRONG><a name="[323daec]"></a>__rt_lib_init_lc_time_1</STRONG> (Thumb, 0 bytes, Stack size unknown bytes, libinit2.o(.ARM.Collect$$libinit$$00000015))

<P><STRONG><a name="[323d510]"></a>__rt_lib_init_return</STRONG> (Thumb, 0 bytes, Stack size unknown bytes, libinit2.o(.ARM.Collect$$libinit$$0000002F))

<P><STRONG><a name="[323d9fc]"></a>__rt_lib_init_signal_1</STRONG> (Thumb, 0 bytes, Stack size unknown bytes, libinit2.o(.ARM.Collect$$libinit$$00000019))

<P><STRONG><a name="[323d81c]"></a>__rt_lib_init_stdio_1</STRONG> (Thumb, 0 bytes, Stack size unknown bytes, libinit2.o(.ARM.Collect$$libinit$$00000021))

<P><STRONG><a name="[323c5d4]"></a>__rt_lib_shutdown</STRONG> (Thumb, 0 bytes, Stack size unknown bytes, libshutdown.o(.ARM.Collect$$libshutdown$$00000000))
<BR><BR>[Called By]<UL><LI><a href="#[323ce08]">&gt;&gt;</a>&nbsp;&nbsp;&nbsp;__rt_exit_ls
</UL>

<P><STRONG><a name="[323b968]"></a>__rt_lib_shutdown_fp_trap_1</STRONG> (Thumb, 0 bytes, Stack size unknown bytes, libshutdown2.o(.ARM.Collect$$libshutdown$$00000006))

<P><STRONG><a name="[323b788]"></a>__rt_lib_shutdown_heap_1</STRONG> (Thumb, 0 bytes, Stack size unknown bytes, libshutdown2.o(.ARM.Collect$$libshutdown$$0000000E))

<P><STRONG><a name="[323b74c]"></a>__rt_lib_shutdown_return</STRONG> (Thumb, 0 bytes, Stack size unknown bytes, libshutdown2.o(.ARM.Collect$$libshutdown$$0000000F))

<P><STRONG><a name="[323b8b4]"></a>__rt_lib_shutdown_signal_1</STRONG> (Thumb, 0 bytes, Stack size unknown bytes, libshutdown2.o(.ARM.Collect$$libshutdown$$00000009))

<P><STRONG><a name="[323ba1c]"></a>__rt_lib_shutdown_stdio_1</STRONG> (Thumb, 0 bytes, Stack size unknown bytes, libshutdown2.o(.ARM.Collect$$libshutdown$$00000003))

<P><STRONG><a name="[323b83c]"></a>__rt_lib_shutdown_user_alloc_1</STRONG> (Thumb, 0 bytes, Stack size unknown bytes, libshutdown2.o(.ARM.Collect$$libshutdown$$0000000B))

<P><STRONG><a name="[25a4d5c]"></a>__rt_entry</STRONG> (Thumb, 0 bytes, Stack size unknown bytes, rtentry.o(.ARM.Collect$$rtentry$$00000000))
<BR><BR>[Called By]<UL><LI><a href="#[25a83f8]">&gt;&gt;</a>&nbsp;&nbsp;&nbsp;__main
<LI><a href="#[3239ba4]">&gt;&gt;</a>&nbsp;&nbsp;&nbsp;__scatterload_rt2
</UL>

<P><STRONG><a name="[25a1f6c]"></a>__rt_entry_presh_1</STRONG> (Thumb, 0 bytes, Stack size unknown bytes, rtentry2.o(.ARM.Collect$$rtentry$$00000002))

<P><STRONG><a name="[25a1be8]"></a>__rt_entry_sh</STRONG> (Thumb, 0 bytes, Stack size unknown bytes, rtentry4.o(.ARM.Collect$$rtentry$$00000004))
<BR><BR>[Stack]<UL><LI>Max Depth = 8 + Unknown Stack Size
<LI>Call Chain = __rt_entry_sh &rArr; __user_setup_stackheap
</UL>
<BR>[Calls]<UL><LI><a href="#[25a1120]">&gt;&gt;</a>&nbsp;&nbsp;&nbsp;__user_setup_stackheap
</UL>

<P><STRONG><a name="[25a1eb8]"></a>__rt_entry_li</STRONG> (Thumb, 0 bytes, Stack size unknown bytes, rtentry2.o(.ARM.Collect$$rtentry$$0000000A))
<BR><BR>[Calls]<UL><LI><a href="#[323f040]">&gt;&gt;</a>&nbsp;&nbsp;&nbsp;__rt_lib_init
</UL>

<P><STRONG><a name="[25a1ef4]"></a>__rt_entry_postsh_1</STRONG> (Thumb, 0 bytes, Stack size unknown bytes, rtentry2.o(.ARM.Collect$$rtentry$$00000009))

<P><STRONG><a name="[25a1e04]"></a>__rt_entry_main</STRONG> (Thumb, 0 bytes, Stack size unknown bytes, rtentry2.o(.ARM.Collect$$rtentry$$0000000D))
<BR><BR>[Stack]<UL><LI>Max Depth = 1576 + Unknown Stack Size
<LI>Call Chain = __rt_entry_main &rArr; main &rArr; readconfigfile &rArr; f_open &rArr; mount_volume &rArr; find_volume &rArr; check_fs &rArr; move_window &rArr; disk_read &rArr; vd_read &rArr; f_read &rArr;  disk_read (Cycle)
</UL>
<BR>[Calls]<UL><LI><a href="#[25ac8e0]">&gt;&gt;</a>&nbsp;&nbsp;&nbsp;main
<LI><a href="#[323f43c]">&gt;&gt;</a>&nbsp;&nbsp;&nbsp;exit
</UL>

<P><STRONG><a name="[25a1e40]"></a>__rt_entry_postli_1</STRONG> (Thumb, 0 bytes, Stack size unknown bytes, rtentry2.o(.ARM.Collect$$rtentry$$0000000C))

<P><STRONG><a name="[323eadc]"></a>__rt_exit</STRONG> (Thumb, 0 bytes, Stack size unknown bytes, rtexit.o(.ARM.Collect$$rtexit$$00000000))
<BR><BR>[Called By]<UL><LI><a href="#[323f43c]">&gt;&gt;</a>&nbsp;&nbsp;&nbsp;exit
</UL>

<P><STRONG><a name="[323ce08]"></a>__rt_exit_ls</STRONG> (Thumb, 0 bytes, Stack size unknown bytes, rtexit2.o(.ARM.Collect$$rtexit$$00000003))
<BR><BR>[Calls]<UL><LI><a href="#[323c5d4]">&gt;&gt;</a>&nbsp;&nbsp;&nbsp;__rt_lib_shutdown
</UL>

<P><STRONG><a name="[323ce44]"></a>__rt_exit_prels_1</STRONG> (Thumb, 0 bytes, Stack size unknown bytes, rtexit2.o(.ARM.Collect$$rtexit$$00000002))

<P><STRONG><a name="[323cdcc]"></a>__rt_exit_exit</STRONG> (Thumb, 0 bytes, Stack size unknown bytes, rtexit2.o(.ARM.Collect$$rtexit$$00000004))
<BR><BR>[Calls]<UL><LI><a href="#[323cac0]">&gt;&gt;</a>&nbsp;&nbsp;&nbsp;_sys_exit
</UL>

<P><STRONG><a name="[25005a4]"></a>Reset_Handler</STRONG> (Thumb, 4 bytes, Stack size 0 bytes, startup_lpc17xx.o(.text))
<BR>[Address Reference Count : 1]<UL><LI> startup_lpc17xx.o(RESET)
</UL>
<P><STRONG><a name="[2500568]"></a>NMI_Handler</STRONG> (Thumb, 2 bytes, Stack size 0 bytes, startup_lpc17xx.o(.text))
<BR><BR>[Calls]<UL><LI><a href="#[2500568]">&gt;&gt;</a>&nbsp;&nbsp;&nbsp;NMI_Handler
</UL>
<BR>[Called By]<UL><LI><a href="#[2500568]">&gt;&gt;</a>&nbsp;&nbsp;&nbsp;NMI_Handler
</UL>
<BR>[Address Reference Count : 1]<UL><LI> startup_lpc17xx.o(RESET)
</UL>
<P><STRONG><a name="[250052c]"></a>HardFault_Handler</STRONG> (Thumb, 2 bytes, Stack size 0 bytes, startup_lpc17xx.o(.text))
<BR><BR>[Calls]<UL><LI><a href="#[250052c]">&gt;&gt;</a>&nbsp;&nbsp;&nbsp;HardFault_Handler
</UL>
<BR>[Called By]<UL><LI><a href="#[250052c]">&gt;&gt;</a>&nbsp;&nbsp;&nbsp;HardFault_Handler
</UL>
<BR>[Address Reference Count : 1]<UL><LI> startup_lpc17xx.o(RESET)
</UL>
<P><STRONG><a name="[25004f0]"></a>MemManage_Handler</STRONG> (Thumb, 2 bytes, Stack size 0 bytes, startup_lpc17xx.o(.text))
<BR><BR>[Calls]<UL><LI><a href="#[25004f0]">&gt;&gt;</a>&nbsp;&nbsp;&nbsp;MemManage_Handler
</UL>
<BR>[Called By]<UL><LI><a href="#[25004f0]">&gt;&gt;</a>&nbsp;&nbsp;&nbsp;MemManage_Handler
</UL>
<BR>[Address Reference Count : 1]<UL><LI> startup_lpc17xx.o(RESET)
</UL>
<P><STRONG><a name="[25004b4]"></a>BusFault_Handler</STRONG> (Thumb, 2 bytes, Stack size 0 bytes, startup_lpc17xx.o(.text))
<BR><BR>[Calls]<UL><LI><a href="#[25004b4]">&gt;&gt;</a>&nbsp;&nbsp;&nbsp;BusFault_Handler
</UL>
<BR>[Called By]<UL><LI><a href="#[25004b4]">&gt;&gt;</a>&nbsp;&nbsp;&nbsp;BusFault_Handler
</UL>
<BR>[Address Reference Count : 1]<UL><LI> startup_lpc17xx.o(RESET)
</UL>
<P><STRONG><a name="[2500478]"></a>UsageFault_Handler</STRONG> (Thumb, 2 bytes, Stack size 0 bytes, startup_lpc17xx.o(.text))
<BR><BR>[Calls]<UL><LI><a href="#[2500478]">&gt;&gt;</a>&nbsp;&nbsp;&nbsp;UsageFault_Handler
</UL>
<BR>[Called By]<UL><LI><a href="#[2500478]">&gt;&gt;</a>&nbsp;&nbsp;&nbsp;UsageFault_Handler
</UL>
<BR>[Address Reference Count : 1]<UL><LI> startup_lpc17xx.o(RESET)
</UL>
<P><STRONG><a name="[250043c]"></a>SVC_Handler</STRONG> (Thumb, 2 bytes, Stack size 0 bytes, startup_lpc17xx.o(.text))
<BR><BR>[Calls]<UL><LI><a href="#[250043c]">&gt;&gt;</a>&nbsp;&nbsp;&nbsp;SVC_Handler
</UL>
<BR>[Called By]<UL><LI><a href="#[250043c]">&gt;&gt;</a>&nbsp;&nbsp;&nbsp;SVC_Handler
</UL>
<BR>[Address Reference Count : 1]<UL><LI> startup_lpc17xx.o(RESET)
</UL>
<P><STRONG><a name="[2500400]"></a>DebugMon_Handler</STRONG> (Thumb, 2 bytes, Stack size 0 bytes, startup_lpc17xx.o(.text))
<BR><BR>[Calls]<UL><LI><a href="#[2500400]">&gt;&gt;</a>&nbsp;&nbsp;&nbsp;DebugMon_Handler
</UL>
<BR>[Called By]<UL><LI><a href="#[2500400]">&gt;&gt;</a>&nbsp;&nbsp;&nbsp;DebugMon_Handler
</UL>
<BR>[Address Reference Count : 1]<UL><LI> startup_lpc17xx.o(RESET)
</UL>
<P><STRONG><a name="[25003c4]"></a>PendSV_Handler</STRONG> (Thumb, 2 bytes, Stack size 0 bytes, startup_lpc17xx.o(.text))
<BR><BR>[Calls]<UL><LI><a href="#[25003c4]">&gt;&gt;</a>&nbsp;&nbsp;&nbsp;PendSV_Handler
</UL>
<BR>[Called By]<UL><LI><a href="#[25003c4]">&gt;&gt;</a>&nbsp;&nbsp;&nbsp;PendSV_Handler
</UL>
<BR>[Address Reference Count : 1]<UL><LI> startup_lpc17xx.o(RESET)
</UL>
<P><STRONG><a name="[250034c]"></a>ADC_IRQHandler</STRONG> (Thumb, 0 bytes, Stack size 0 bytes, startup_lpc17xx.o(.text))
<BR><BR>[Calls]<UL><LI><a href="#[250034c]">&gt;&gt;</a>&nbsp;&nbsp;&nbsp;ADC_IRQHandler
</UL>
<BR>[Called By]<UL><LI><a href="#[250034c]">&gt;&gt;</a>&nbsp;&nbsp;&nbsp;ADC_IRQHandler
</UL>
<BR>[Address Reference Count : 1]<UL><LI> startup_lpc17xx.o(RESET)
</UL>
<P><STRONG><a name="[25002d4]"></a>CANActivity_IRQHandler</STRONG> (Thumb, 0 bytes, Stack size 0 bytes, startup_lpc17xx.o(.text))
<BR>[Address Reference Count : 1]<UL><LI> startup_lpc17xx.o(RESET)
</UL>
<P><STRONG><a name="[2500298]"></a>CAN_IRQHandler</STRONG> (Thumb, 0 bytes, Stack size 0 bytes, startup_lpc17xx.o(.text))
<BR>[Address Reference Count : 1]<UL><LI> startup_lpc17xx.o(RESET)
</UL>
<P><STRONG><a name="[250025c]"></a>DMA_IRQHandler</STRONG> (Thumb, 0 bytes, Stack size 0 bytes, startup_lpc17xx.o(.text))
<BR>[Address Reference Count : 1]<UL><LI> startup_lpc17xx.o(RESET)
</UL>
<P><STRONG><a name="[2500130]"></a>ENET_IRQHandler</STRONG> (Thumb, 0 bytes, Stack size 0 bytes, startup_lpc17xx.o(.text))
<BR>[Address Reference Count : 1]<UL><LI> startup_lpc17xx.o(RESET)
</UL>
<P><STRONG><a name="[25000f4]"></a>I2C0_IRQHandler</STRONG> (Thumb, 0 bytes, Stack size 0 bytes, startup_lpc17xx.o(.text))
<BR>[Address Reference Count : 1]<UL><LI> startup_lpc17xx.o(RESET)
</UL>
<P><STRONG><a name="[25000b8]"></a>I2C1_IRQHandler</STRONG> (Thumb, 0 bytes, Stack size 0 bytes, startup_lpc17xx.o(.text))
<BR>[Address Reference Count : 1]<UL><LI> startup_lpc17xx.o(RESET)
</UL>
<P><STRONG><a name="[250007c]"></a>I2C2_IRQHandler</STRONG> (Thumb, 0 bytes, Stack size 0 bytes, startup_lpc17xx.o(.text))
<BR>[Address Reference Count : 1]<UL><LI> startup_lpc17xx.o(RESET)
</UL>
<P><STRONG><a name="[2500040]"></a>I2S_IRQHandler</STRONG> (Thumb, 0 bytes, Stack size 0 bytes, startup_lpc17xx.o(.text))
<BR>[Address Reference Count : 1]<UL><LI> startup_lpc17xx.o(RESET)
</UL>
<P><STRONG><a name="[2500004]"></a>MCPWM_IRQHandler</STRONG> (Thumb, 0 bytes, Stack size 0 bytes, startup_lpc17xx.o(.text))
<BR>[Address Reference Count : 1]<UL><LI> startup_lpc17xx.o(RESET)
</UL>
<P><STRONG><a name="[24fffc8]"></a>PLL0_IRQHandler</STRONG> (Thumb, 0 bytes, Stack size 0 bytes, startup_lpc17xx.o(.text))
<BR>[Address Reference Count : 1]<UL><LI> startup_lpc17xx.o(RESET)
</UL>
<P><STRONG><a name="[24fff8c]"></a>PLL1_IRQHandler</STRONG> (Thumb, 0 bytes, Stack size 0 bytes, startup_lpc17xx.o(.text))
<BR>[Address Reference Count : 1]<UL><LI> startup_lpc17xx.o(RESET)
</UL>
<P><STRONG><a name="[24fff50]"></a>PWM1_IRQHandler</STRONG> (Thumb, 0 bytes, Stack size 0 bytes, startup_lpc17xx.o(.text))
<BR>[Address Reference Count : 1]<UL><LI> startup_lpc17xx.o(RESET)
</UL>
<P><STRONG><a name="[24fff14]"></a>QEI_IRQHandler</STRONG> (Thumb, 0 bytes, Stack size 0 bytes, startup_lpc17xx.o(.text))
<BR>[Address Reference Count : 1]<UL><LI> startup_lpc17xx.o(RESET)
</UL>
<P><STRONG><a name="[24ffed8]"></a>RIT_IRQHandler</STRONG> (Thumb, 0 bytes, Stack size 0 bytes, startup_lpc17xx.o(.text))
<BR>[Address Reference Count : 1]<UL><LI> startup_lpc17xx.o(RESET)
</UL>
<P><STRONG><a name="[24ffe60]"></a>SPI_IRQHandler</STRONG> (Thumb, 0 bytes, Stack size 0 bytes, startup_lpc17xx.o(.text))
<BR>[Address Reference Count : 1]<UL><LI> startup_lpc17xx.o(RESET)
</UL>
<P><STRONG><a name="[24ffe24]"></a>SSP0_IRQHandler</STRONG> (Thumb, 0 bytes, Stack size 0 bytes, startup_lpc17xx.o(.text))
<BR>[Address Reference Count : 1]<UL><LI> startup_lpc17xx.o(RESET)
</UL>
<P><STRONG><a name="[24ffde8]"></a>SSP1_IRQHandler</STRONG> (Thumb, 0 bytes, Stack size 0 bytes, startup_lpc17xx.o(.text))
<BR>[Address Reference Count : 1]<UL><LI> startup_lpc17xx.o(RESET)
</UL>
<P><STRONG><a name="[24ffdac]"></a>TIMER0_IRQHandler</STRONG> (Thumb, 0 bytes, Stack size 0 bytes, startup_lpc17xx.o(.text))
<BR>[Address Reference Count : 1]<UL><LI> startup_lpc17xx.o(RESET)
</UL>
<P><STRONG><a name="[24ffd70]"></a>TIMER1_IRQHandler</STRONG> (Thumb, 0 bytes, Stack size 0 bytes, startup_lpc17xx.o(.text))
<BR>[Address Reference Count : 1]<UL><LI> startup_lpc17xx.o(RESET)
</UL>
<P><STRONG><a name="[24ffd34]"></a>TIMER2_IRQHandler</STRONG> (Thumb, 0 bytes, Stack size 0 bytes, startup_lpc17xx.o(.text))
<BR>[Address Reference Count : 1]<UL><LI> startup_lpc17xx.o(RESET)
</UL>
<P><STRONG><a name="[24ffcf8]"></a>TIMER3_IRQHandler</STRONG> (Thumb, 0 bytes, Stack size 0 bytes, startup_lpc17xx.o(.text))
<BR>[Address Reference Count : 1]<UL><LI> startup_lpc17xx.o(RESET)
</UL>
<P><STRONG><a name="[24ffc44]"></a>UART2_IRQHandler</STRONG> (Thumb, 0 bytes, Stack size 0 bytes, startup_lpc17xx.o(.text))
<BR>[Address Reference Count : 1]<UL><LI> startup_lpc17xx.o(RESET)
</UL>
<P><STRONG><a name="[24ffbcc]"></a>USBActivity_IRQHandler</STRONG> (Thumb, 0 bytes, Stack size 0 bytes, startup_lpc17xx.o(.text))
<BR>[Address Reference Count : 1]<UL><LI> startup_lpc17xx.o(RESET)
</UL>
<P><STRONG><a name="[24ffb90]"></a>USB_IRQHandler</STRONG> (Thumb, 0 bytes, Stack size 0 bytes, startup_lpc17xx.o(.text))
<BR>[Address Reference Count : 1]<UL><LI> startup_lpc17xx.o(RESET)
</UL>
<P><STRONG><a name="[24ffb54]"></a>WDT_IRQHandler</STRONG> (Thumb, 0 bytes, Stack size 0 bytes, startup_lpc17xx.o(.text))
<BR>[Address Reference Count : 1]<UL><LI> startup_lpc17xx.o(RESET)
</UL>
<P><STRONG><a name="[2500694]"></a>__user_initial_stackheap</STRONG> (Thumb, 0 bytes, Stack size unknown bytes, startup_lpc17xx.o(.text))
<BR><BR>[Called By]<UL><LI><a href="#[25a1120]">&gt;&gt;</a>&nbsp;&nbsp;&nbsp;__user_setup_stackheap
</UL>

<P><STRONG><a name="[24ff2a8]"></a>SystemCoreClockUpdate</STRONG> (Thumb, 306 bytes, Stack size 0 bytes, system_lpc17xx.o(.text), UNUSED)

<P><STRONG><a name="[24ff26c]"></a>SystemInit</STRONG> (Thumb, 172 bytes, Stack size 0 bytes, system_lpc17xx.o(.text))
<BR><BR>[Called By]<UL><LI><a href="#[25ac8e0]">&gt;&gt;</a>&nbsp;&nbsp;&nbsp;main
</UL>

<P><STRONG><a name="[24fe060]"></a>ADC_Init</STRONG> (Thumb, 44 bytes, Stack size 8 bytes, adc.o(.text))
<BR><BR>[Stack]<UL><LI>Max Depth = 8<LI>Call Chain = ADC_Init
</UL>
<BR>[Calls]<UL><LI><a href="#[24fea74]">&gt;&gt;</a>&nbsp;&nbsp;&nbsp;adc_GetPclk
</UL>
<BR>[Called By]<UL><LI><a href="#[25ac91c]">&gt;&gt;</a>&nbsp;&nbsp;&nbsp;Initialize_ALL_Peripherals
</UL>

<P><STRONG><a name="[24fe024]"></a>ADC_GetAdcValue</STRONG> (Thumb, 88 bytes, Stack size 16 bytes, adc.o(.text), UNUSED)
<BR><BR>[Calls]<UL><LI><a href="#[24fdf34]">&gt;&gt;</a>&nbsp;&nbsp;&nbsp;GPIO_PinFunction
<LI><a href="#[24fdf70]">&gt;&gt;</a>&nbsp;&nbsp;&nbsp;DELAY_us
</UL>
<BR>[Called By]<UL><LI><a href="#[24f9998]">&gt;&gt;</a>&nbsp;&nbsp;&nbsp;LCD_ScrollDisplay
<LI><a href="#[24fdfe8]">&gt;&gt;</a>&nbsp;&nbsp;&nbsp;Read_ADCchannels
</UL>

<P><STRONG><a name="[24fdfe8]"></a>Read_ADCchannels</STRONG> (Thumb, 294 bytes, Stack size 32 bytes, adc.o(.text), UNUSED)
<BR><BR>[Calls]<UL><LI><a href="#[24fdd90]">&gt;&gt;</a>&nbsp;&nbsp;&nbsp;ftoa_signed
<LI><a href="#[24fdef8]">&gt;&gt;</a>&nbsp;&nbsp;&nbsp;UART_Printf
<LI><a href="#[24fdfac]">&gt;&gt;</a>&nbsp;&nbsp;&nbsp;DELAY_ms
<LI><a href="#[24fe024]">&gt;&gt;</a>&nbsp;&nbsp;&nbsp;ADC_GetAdcValue
<LI><a href="#[25a6df0]">&gt;&gt;</a>&nbsp;&nbsp;&nbsp;__aeabi_f2d
<LI><a href="#[25a7084]">&gt;&gt;</a>&nbsp;&nbsp;&nbsp;__aeabi_dmul
<LI><a href="#[25a7390]">&gt;&gt;</a>&nbsp;&nbsp;&nbsp;__aeabi_i2d
<LI><a href="#[25a79a8]">&gt;&gt;</a>&nbsp;&nbsp;&nbsp;__aeabi_ddiv
<LI><a href="#[25a8164]">&gt;&gt;</a>&nbsp;&nbsp;&nbsp;__aeabi_d2f
</UL>
<BR>[Called By]<UL><LI><a href="#[24f99d4]">&gt;&gt;</a>&nbsp;&nbsp;&nbsp;sampleTestlog
<LI><a href="#[25ad150]">&gt;&gt;</a>&nbsp;&nbsp;&nbsp;PacketLog
<LI><a href="#[25ad18c]">&gt;&gt;</a>&nbsp;&nbsp;&nbsp;Slog
</UL>

<P><STRONG><a name="[24fd8e0]"></a>reverse</STRONG> (Thumb, 26 bytes, Stack size 12 bytes, convert.o(.text), UNUSED)
<BR><BR>[Called By]<UL><LI><a href="#[24fd8a4]">&gt;&gt;</a>&nbsp;&nbsp;&nbsp;intToStr
</UL>

<P><STRONG><a name="[24fd8a4]"></a>intToStr</STRONG> (Thumb, 72 bytes, Stack size 20 bytes, convert.o(.text), UNUSED)
<BR><BR>[Calls]<UL><LI><a href="#[24fd8e0]">&gt;&gt;</a>&nbsp;&nbsp;&nbsp;reverse
</UL>
<BR>[Called By]<UL><LI><a href="#[24fd868]">&gt;&gt;</a>&nbsp;&nbsp;&nbsp;ftoa
</UL>

<P><STRONG><a name="[24fd868]"></a>ftoa</STRONG> (Thumb, 154 bytes, Stack size 72 bytes, convert.o(.text), UNUSED)
<BR><BR>[Calls]<UL><LI><a href="#[24fd8a4]">&gt;&gt;</a>&nbsp;&nbsp;&nbsp;intToStr
<LI><a href="#[25a502c]">&gt;&gt;</a>&nbsp;&nbsp;&nbsp;pow
<LI><a href="#[25a5e78]">&gt;&gt;</a>&nbsp;&nbsp;&nbsp;__aeabi_i2f
<LI><a href="#[25a6328]">&gt;&gt;</a>&nbsp;&nbsp;&nbsp;__aeabi_f2iz
<LI><a href="#[25a69f4]">&gt;&gt;</a>&nbsp;&nbsp;&nbsp;__aeabi_frsub
<LI><a href="#[25a6df0]">&gt;&gt;</a>&nbsp;&nbsp;&nbsp;__aeabi_f2d
<LI><a href="#[25a7084]">&gt;&gt;</a>&nbsp;&nbsp;&nbsp;__aeabi_dmul
<LI><a href="#[25a7390]">&gt;&gt;</a>&nbsp;&nbsp;&nbsp;__aeabi_i2d
<LI><a href="#[25a7da4]">&gt;&gt;</a>&nbsp;&nbsp;&nbsp;__aeabi_dadd
<LI><a href="#[25a8164]">&gt;&gt;</a>&nbsp;&nbsp;&nbsp;__aeabi_d2f
</UL>
<BR>[Called By]<UL><LI><a href="#[24fa514]">&gt;&gt;</a>&nbsp;&nbsp;&nbsp;calcRainFall
<LI><a href="#[24fa550]">&gt;&gt;</a>&nbsp;&nbsp;&nbsp;_24hr_RainFall
</UL>

<P><STRONG><a name="[24fd82c]"></a>ascii_integer</STRONG> (Thumb, 50 bytes, Stack size 0 bytes, convert.o(.text))
<BR><BR>[Called By]<UL><LI><a href="#[24f9a4c]">&gt;&gt;</a>&nbsp;&nbsp;&nbsp;readSMS
<LI><a href="#[24f9d94]">&gt;&gt;</a>&nbsp;&nbsp;&nbsp;Update_RTC
<LI><a href="#[24fc134]">&gt;&gt;</a>&nbsp;&nbsp;&nbsp;store_gps
<LI><a href="#[25ac8e0]">&gt;&gt;</a>&nbsp;&nbsp;&nbsp;main
<LI><a href="#[25add80]">&gt;&gt;</a>&nbsp;&nbsp;&nbsp;sd_time_date
<LI><a href="#[25adeac]">&gt;&gt;</a>&nbsp;&nbsp;&nbsp;set_date_time
</UL>

<P><STRONG><a name="[24fd7f0]"></a>stof</STRONG> (Thumb, 112 bytes, Stack size 32 bytes, convert.o(.text))
<BR><BR>[Stack]<UL><LI>Max Depth = 36<LI>Call Chain = stof &rArr; __aeabi_fdiv
</UL>
<BR>[Calls]<UL><LI><a href="#[25a5b6c]">&gt;&gt;</a>&nbsp;&nbsp;&nbsp;__aeabi_fmul
<LI><a href="#[25a5e78]">&gt;&gt;</a>&nbsp;&nbsp;&nbsp;__aeabi_i2f
<LI><a href="#[25a66e8]">&gt;&gt;</a>&nbsp;&nbsp;&nbsp;__aeabi_fdiv
<LI><a href="#[25a6aa8]">&gt;&gt;</a>&nbsp;&nbsp;&nbsp;__aeabi_fadd
</UL>
<BR>[Called By]<UL><LI><a href="#[24f9470]">&gt;&gt;</a>&nbsp;&nbsp;&nbsp;Read_WindSensor
</UL>

<P><STRONG><a name="[24fdd90]"></a>ftoa_signed</STRONG> (Thumb, 470 bytes, Stack size 64 bytes, convert.o(.text), UNUSED)
<BR><BR>[Calls]<UL><LI><a href="#[25a5b6c]">&gt;&gt;</a>&nbsp;&nbsp;&nbsp;__aeabi_fmul
<LI><a href="#[25a5c98]">&gt;&gt;</a>&nbsp;&nbsp;&nbsp;__aeabi_cfcmple
<LI><a href="#[25a5e78]">&gt;&gt;</a>&nbsp;&nbsp;&nbsp;__aeabi_i2f
<LI><a href="#[25a6328]">&gt;&gt;</a>&nbsp;&nbsp;&nbsp;__aeabi_f2iz
<LI><a href="#[25a6508]">&gt;&gt;</a>&nbsp;&nbsp;&nbsp;__aeabi_cfcmpeq
<LI><a href="#[25a66e8]">&gt;&gt;</a>&nbsp;&nbsp;&nbsp;__aeabi_fdiv
<LI><a href="#[25a69f4]">&gt;&gt;</a>&nbsp;&nbsp;&nbsp;__aeabi_frsub
</UL>
<BR>[Called By]<UL><LI><a href="#[24f3584]">&gt;&gt;</a>&nbsp;&nbsp;&nbsp;Average_ATRHSamples
<LI><a href="#[24f4574]">&gt;&gt;</a>&nbsp;&nbsp;&nbsp;Average_WindSamples
<LI><a href="#[24f45b0]">&gt;&gt;</a>&nbsp;&nbsp;&nbsp;average_windDirection
<LI><a href="#[24f8e94]">&gt;&gt;</a>&nbsp;&nbsp;&nbsp;readATRH
<LI><a href="#[24f9998]">&gt;&gt;</a>&nbsp;&nbsp;&nbsp;LCD_ScrollDisplay
<LI><a href="#[24fc134]">&gt;&gt;</a>&nbsp;&nbsp;&nbsp;store_gps
<LI><a href="#[24fdfe8]">&gt;&gt;</a>&nbsp;&nbsp;&nbsp;Read_ADCchannels
</UL>

<P><STRONG><a name="[24fdf70]"></a>DELAY_us</STRONG> (Thumb, 26 bytes, Stack size 0 bytes, delay.o(.text))
<BR><BR>[Called By]<UL><LI><a href="#[24f878c]">&gt;&gt;</a>&nbsp;&nbsp;&nbsp;lcd_SendDataSignals
<LI><a href="#[24f87c8]">&gt;&gt;</a>&nbsp;&nbsp;&nbsp;lcd_Reset
<LI><a href="#[24f8804]">&gt;&gt;</a>&nbsp;&nbsp;&nbsp;lcd_BusyCheck
<LI><a href="#[24f88b8]">&gt;&gt;</a>&nbsp;&nbsp;&nbsp;lcd_SendCmdSignals
<LI><a href="#[24fdfac]">&gt;&gt;</a>&nbsp;&nbsp;&nbsp;DELAY_ms
<LI><a href="#[24fe024]">&gt;&gt;</a>&nbsp;&nbsp;&nbsp;ADC_GetAdcValue
</UL>

<P><STRONG><a name="[24fdfac]"></a>DELAY_ms</STRONG> (Thumb, 24 bytes, Stack size 12 bytes, delay.o(.text))
<BR><BR>[Stack]<UL><LI>Max Depth = 12<LI>Call Chain = DELAY_ms
</UL>
<BR>[Calls]<UL><LI><a href="#[24fdf70]">&gt;&gt;</a>&nbsp;&nbsp;&nbsp;DELAY_us
</UL>
<BR>[Called By]<UL><LI><a href="#[24f45b0]">&gt;&gt;</a>&nbsp;&nbsp;&nbsp;average_windDirection
<LI><a href="#[24f4664]">&gt;&gt;</a>&nbsp;&nbsp;&nbsp;CheckCommunication_WindSensor
<LI><a href="#[24f46a0]">&gt;&gt;</a>&nbsp;&nbsp;&nbsp;SetDefault_WindSensor
<LI><a href="#[24f46dc]">&gt;&gt;</a>&nbsp;&nbsp;&nbsp;Configure_WindSensor
<LI><a href="#[24f82a0]">&gt;&gt;</a>&nbsp;&nbsp;&nbsp;LCD_ScrollMessage
<LI><a href="#[24f83cc]">&gt;&gt;</a>&nbsp;&nbsp;&nbsp;LCD_Init
<LI><a href="#[24f87c8]">&gt;&gt;</a>&nbsp;&nbsp;&nbsp;lcd_Reset
<LI><a href="#[24f8804]">&gt;&gt;</a>&nbsp;&nbsp;&nbsp;lcd_BusyCheck
<LI><a href="#[24f8de0]">&gt;&gt;</a>&nbsp;&nbsp;&nbsp;smsUpdateConfig
<LI><a href="#[24f8e94]">&gt;&gt;</a>&nbsp;&nbsp;&nbsp;readATRH
<LI><a href="#[24f9470]">&gt;&gt;</a>&nbsp;&nbsp;&nbsp;Read_WindSensor
<LI><a href="#[24f98e4]">&gt;&gt;</a>&nbsp;&nbsp;&nbsp;GSM_Send_Msg
<LI><a href="#[24f9920]">&gt;&gt;</a>&nbsp;&nbsp;&nbsp;GSM_Wait_for_Msg
<LI><a href="#[24f9998]">&gt;&gt;</a>&nbsp;&nbsp;&nbsp;LCD_ScrollDisplay
<LI><a href="#[24f99d4]">&gt;&gt;</a>&nbsp;&nbsp;&nbsp;sampleTestlog
<LI><a href="#[24f9a10]">&gt;&gt;</a>&nbsp;&nbsp;&nbsp;SMS_READ_Setting
<LI><a href="#[24f9a4c]">&gt;&gt;</a>&nbsp;&nbsp;&nbsp;readSMS
<LI><a href="#[24f9ac4]">&gt;&gt;</a>&nbsp;&nbsp;&nbsp;GSM_Msg_Display
<LI><a href="#[24f9bf0]">&gt;&gt;</a>&nbsp;&nbsp;&nbsp;PackOffLog
<LI><a href="#[24f9ca4]">&gt;&gt;</a>&nbsp;&nbsp;&nbsp;HTTP_Post
<LI><a href="#[24f9ce0]">&gt;&gt;</a>&nbsp;&nbsp;&nbsp;Query_GPRSRegistrationStatus
<LI><a href="#[24f9e0c]">&gt;&gt;</a>&nbsp;&nbsp;&nbsp;MODEM_SetPhoneFunctionality
<LI><a href="#[24f9e48]">&gt;&gt;</a>&nbsp;&nbsp;&nbsp;Module_awakeup_mode
<LI><a href="#[24f9e84]">&gt;&gt;</a>&nbsp;&nbsp;&nbsp;ShutDownModule
<LI><a href="#[24f9ec0]">&gt;&gt;</a>&nbsp;&nbsp;&nbsp;RestartModule
<LI><a href="#[24f9efc]">&gt;&gt;</a>&nbsp;&nbsp;&nbsp;Module_Initializing
<LI><a href="#[24f9f74]">&gt;&gt;</a>&nbsp;&nbsp;&nbsp;MODEM_CheckAttention
<LI><a href="#[24f9fb0]">&gt;&gt;</a>&nbsp;&nbsp;&nbsp;MODEMGetIMEI
<LI><a href="#[24f9fec]">&gt;&gt;</a>&nbsp;&nbsp;&nbsp;Query_Sim_Insert
<LI><a href="#[24fa028]">&gt;&gt;</a>&nbsp;&nbsp;&nbsp;Wait_Till_SimModule_Communication
<LI><a href="#[24fa064]">&gt;&gt;</a>&nbsp;&nbsp;&nbsp;modemCheck_initialization
<LI><a href="#[24fa0a0]">&gt;&gt;</a>&nbsp;&nbsp;&nbsp;Query_NetworkRegistration
<LI><a href="#[24fa0dc]">&gt;&gt;</a>&nbsp;&nbsp;&nbsp;MODEMGetSignalStrength
<LI><a href="#[24fa118]">&gt;&gt;</a>&nbsp;&nbsp;&nbsp;MODEMGetAPN
<LI><a href="#[24fa190]">&gt;&gt;</a>&nbsp;&nbsp;&nbsp;GNSS_Connect
<LI><a href="#[24fa1cc]">&gt;&gt;</a>&nbsp;&nbsp;&nbsp;ReadNavigation
<LI><a href="#[24fa280]">&gt;&gt;</a>&nbsp;&nbsp;&nbsp;Module_sleep_mode
<LI><a href="#[24fa2bc]">&gt;&gt;</a>&nbsp;&nbsp;&nbsp;Module_PowerOff
<LI><a href="#[24fa334]">&gt;&gt;</a>&nbsp;&nbsp;&nbsp;WaitForStatus200_302
<LI><a href="#[24fa370]">&gt;&gt;</a>&nbsp;&nbsp;&nbsp;WaitForExpectedResponse
<LI><a href="#[24fa424]">&gt;&gt;</a>&nbsp;&nbsp;&nbsp;Read_Response
<LI><a href="#[24fd214]">&gt;&gt;</a>&nbsp;&nbsp;&nbsp;DELAY_sec
<LI><a href="#[24fdfe8]">&gt;&gt;</a>&nbsp;&nbsp;&nbsp;Read_ADCchannels
<LI><a href="#[25ac8e0]">&gt;&gt;</a>&nbsp;&nbsp;&nbsp;main
<LI><a href="#[25ad114]">&gt;&gt;</a>&nbsp;&nbsp;&nbsp;SendingLog
<LI><a href="#[25ad150]">&gt;&gt;</a>&nbsp;&nbsp;&nbsp;PacketLog
<LI><a href="#[25adc18]">&gt;&gt;</a>&nbsp;&nbsp;&nbsp;retrylog
</UL>

<P><STRONG><a name="[24fd214]"></a>DELAY_sec</STRONG> (Thumb, 24 bytes, Stack size 12 bytes, delay.o(.text), UNUSED)
<BR><BR>[Calls]<UL><LI><a href="#[24fdfac]">&gt;&gt;</a>&nbsp;&nbsp;&nbsp;DELAY_ms
</UL>

<P><STRONG><a name="[24fcbc0]"></a>EINT_AttachInterrupt</STRONG> (Thumb, 230 bytes, Stack size 16 bytes, extintr.o(.text), UNUSED)
<BR><BR>[Calls]<UL><LI><a href="#[24fdf34]">&gt;&gt;</a>&nbsp;&nbsp;&nbsp;GPIO_PinFunction
</UL>
<BR>[Called By]<UL><LI><a href="#[24f9998]">&gt;&gt;</a>&nbsp;&nbsp;&nbsp;LCD_ScrollDisplay
</UL>

<P><STRONG><a name="[24fcb84]"></a>EINT_DetachInterrupt</STRONG> (Thumb, 32 bytes, Stack size 8 bytes, extintr.o(.text), UNUSED)
<BR><BR>[Calls]<UL><LI><a href="#[24fdf34]">&gt;&gt;</a>&nbsp;&nbsp;&nbsp;GPIO_PinFunction
</UL>
<BR>[Called By]<UL><LI><a href="#[24f9998]">&gt;&gt;</a>&nbsp;&nbsp;&nbsp;LCD_ScrollDisplay
</UL>

<P><STRONG><a name="[24fcb48]"></a>EINT0_IRQHandler</STRONG> (Thumb, 32 bytes, Stack size 8 bytes, extintr.o(.text))
<BR><BR>[Stack]<UL><LI>Max Depth = 8<LI>Call Chain = EINT0_IRQHandler
</UL>
<BR>[Address Reference Count : 1]<UL><LI> startup_lpc17xx.o(RESET)
</UL>
<P><STRONG><a name="[24fcb0c]"></a>EINT1_IRQHandler</STRONG> (Thumb, 32 bytes, Stack size 8 bytes, extintr.o(.text))
<BR><BR>[Stack]<UL><LI>Max Depth = 8<LI>Call Chain = EINT1_IRQHandler
</UL>
<BR>[Address Reference Count : 1]<UL><LI> startup_lpc17xx.o(RESET)
</UL>
<P><STRONG><a name="[24fcad0]"></a>EINT2_IRQHandler</STRONG> (Thumb, 32 bytes, Stack size 8 bytes, extintr.o(.text))
<BR><BR>[Stack]<UL><LI>Max Depth = 8<LI>Call Chain = EINT2_IRQHandler
</UL>
<BR>[Address Reference Count : 1]<UL><LI> startup_lpc17xx.o(RESET)
</UL>
<P><STRONG><a name="[24fca94]"></a>EINT3_IRQHandler</STRONG> (Thumb, 32 bytes, Stack size 8 bytes, extintr.o(.text))
<BR><BR>[Stack]<UL><LI>Max Depth = 8<LI>Call Chain = EINT3_IRQHandler
</UL>
<BR>[Address Reference Count : 1]<UL><LI> startup_lpc17xx.o(RESET)
</UL>
<P><STRONG><a name="[24fdf34]"></a>GPIO_PinFunction</STRONG> (Thumb, 64 bytes, Stack size 12 bytes, gpio.o(.text))
<BR><BR>[Stack]<UL><LI>Max Depth = 12<LI>Call Chain = GPIO_PinFunction
</UL>
<BR>[Called By]<UL><LI><a href="#[24f599c]">&gt;&gt;</a>&nbsp;&nbsp;&nbsp;UART_Init
<LI><a href="#[24f9998]">&gt;&gt;</a>&nbsp;&nbsp;&nbsp;LCD_ScrollDisplay
<LI><a href="#[24fcb84]">&gt;&gt;</a>&nbsp;&nbsp;&nbsp;EINT_DetachInterrupt
<LI><a href="#[24fcbc0]">&gt;&gt;</a>&nbsp;&nbsp;&nbsp;EINT_AttachInterrupt
<LI><a href="#[24fe024]">&gt;&gt;</a>&nbsp;&nbsp;&nbsp;ADC_GetAdcValue
<LI><a href="#[25ac958]">&gt;&gt;</a>&nbsp;&nbsp;&nbsp;Configure_GPIO_Peripherals
</UL>

<P><STRONG><a name="[24fc710]"></a>GPIO_PinDirection</STRONG> (Thumb, 44 bytes, Stack size 12 bytes, gpio.o(.text))
<BR><BR>[Stack]<UL><LI>Max Depth = 12<LI>Call Chain = GPIO_PinDirection
</UL>
<BR>[Called By]<UL><LI><a href="#[24f8444]">&gt;&gt;</a>&nbsp;&nbsp;&nbsp;LCD_SetUp
<LI><a href="#[24f8804]">&gt;&gt;</a>&nbsp;&nbsp;&nbsp;lcd_BusyCheck
<LI><a href="#[24f9998]">&gt;&gt;</a>&nbsp;&nbsp;&nbsp;LCD_ScrollDisplay
<LI><a href="#[25ac958]">&gt;&gt;</a>&nbsp;&nbsp;&nbsp;Configure_GPIO_Peripherals
</UL>

<P><STRONG><a name="[24fc6d4]"></a>GPIO_PinWrite</STRONG> (Thumb, 44 bytes, Stack size 12 bytes, gpio.o(.text))
<BR><BR>[Stack]<UL><LI>Max Depth = 12<LI>Call Chain = GPIO_PinWrite
</UL>
<BR>[Called By]<UL><LI><a href="#[24f4664]">&gt;&gt;</a>&nbsp;&nbsp;&nbsp;CheckCommunication_WindSensor
<LI><a href="#[24f46a0]">&gt;&gt;</a>&nbsp;&nbsp;&nbsp;SetDefault_WindSensor
<LI><a href="#[24f46dc]">&gt;&gt;</a>&nbsp;&nbsp;&nbsp;Configure_WindSensor
<LI><a href="#[24f878c]">&gt;&gt;</a>&nbsp;&nbsp;&nbsp;lcd_SendDataSignals
<LI><a href="#[24f8804]">&gt;&gt;</a>&nbsp;&nbsp;&nbsp;lcd_BusyCheck
<LI><a href="#[24f8840]">&gt;&gt;</a>&nbsp;&nbsp;&nbsp;lcd_SendLowerNibble
<LI><a href="#[24f887c]">&gt;&gt;</a>&nbsp;&nbsp;&nbsp;lcd_SendHigherNibble
<LI><a href="#[24f88b8]">&gt;&gt;</a>&nbsp;&nbsp;&nbsp;lcd_SendCmdSignals
<LI><a href="#[24f9470]">&gt;&gt;</a>&nbsp;&nbsp;&nbsp;Read_WindSensor
<LI><a href="#[24f9e48]">&gt;&gt;</a>&nbsp;&nbsp;&nbsp;Module_awakeup_mode
<LI><a href="#[24f9e84]">&gt;&gt;</a>&nbsp;&nbsp;&nbsp;ShutDownModule
<LI><a href="#[24f9ec0]">&gt;&gt;</a>&nbsp;&nbsp;&nbsp;RestartModule
<LI><a href="#[24fa280]">&gt;&gt;</a>&nbsp;&nbsp;&nbsp;Module_sleep_mode
</UL>

<P><STRONG><a name="[24fc698]"></a>GPIO_PinToggle</STRONG> (Thumb, 30 bytes, Stack size 8 bytes, gpio.o(.text), UNUSED)

<P><STRONG><a name="[24fc65c]"></a>GPIO_PinRead</STRONG> (Thumb, 42 bytes, Stack size 12 bytes, gpio.o(.text))
<BR><BR>[Stack]<UL><LI>Max Depth = 12<LI>Call Chain = GPIO_PinRead
</UL>
<BR>[Called By]<UL><LI><a href="#[24f8804]">&gt;&gt;</a>&nbsp;&nbsp;&nbsp;lcd_BusyCheck
<LI><a href="#[24f9998]">&gt;&gt;</a>&nbsp;&nbsp;&nbsp;LCD_ScrollDisplay
</UL>

<P><STRONG><a name="[24fc620]"></a>set_ResistorMode</STRONG> (Thumb, 58 bytes, Stack size 20 bytes, gpio.o(.text))
<BR><BR>[Stack]<UL><LI>Max Depth = 20<LI>Call Chain = set_ResistorMode
</UL>
<BR>[Called By]<UL><LI><a href="#[25ac958]">&gt;&gt;</a>&nbsp;&nbsp;&nbsp;Configure_GPIO_Peripherals
</UL>

<P><STRONG><a name="[24fc5e4]"></a>set_OpenDrainMode</STRONG> (Thumb, 42 bytes, Stack size 12 bytes, gpio.o(.text))
<BR><BR>[Stack]<UL><LI>Max Depth = 12<LI>Call Chain = set_OpenDrainMode
</UL>
<BR>[Called By]<UL><LI><a href="#[25ac958]">&gt;&gt;</a>&nbsp;&nbsp;&nbsp;Configure_GPIO_Peripherals
</UL>

<P><STRONG><a name="[24fa58c]"></a>myExtIntrIsr_3</STRONG> (Thumb, 22 bytes, Stack size 0 bytes, gprs.o(.text), UNUSED)

<P><STRONG><a name="[24fa550]"></a>_24hr_RainFall</STRONG> (Thumb, 148 bytes, Stack size 16 bytes, gprs.o(.text), UNUSED)
<BR><BR>[Calls]<UL><LI><a href="#[24f94ac]">&gt;&gt;</a>&nbsp;&nbsp;&nbsp;RTC_WriteGPREG
<LI><a href="#[24f9524]">&gt;&gt;</a>&nbsp;&nbsp;&nbsp;RTC_ReadGPREG
<LI><a href="#[24fd868]">&gt;&gt;</a>&nbsp;&nbsp;&nbsp;ftoa
<LI><a href="#[24fdef8]">&gt;&gt;</a>&nbsp;&nbsp;&nbsp;UART_Printf
<LI><a href="#[25a6df0]">&gt;&gt;</a>&nbsp;&nbsp;&nbsp;__aeabi_f2d
<LI><a href="#[25a7da4]">&gt;&gt;</a>&nbsp;&nbsp;&nbsp;__aeabi_dadd
<LI><a href="#[25a8164]">&gt;&gt;</a>&nbsp;&nbsp;&nbsp;__aeabi_d2f
</UL>
<BR>[Called By]<UL><LI><a href="#[24fa514]">&gt;&gt;</a>&nbsp;&nbsp;&nbsp;calcRainFall
</UL>

<P><STRONG><a name="[24fa514]"></a>calcRainFall</STRONG> (Thumb, 116 bytes, Stack size 24 bytes, gprs.o(.text), UNUSED)
<BR><BR>[Calls]<UL><LI><a href="#[24fa550]">&gt;&gt;</a>&nbsp;&nbsp;&nbsp;_24hr_RainFall
<LI><a href="#[24fd868]">&gt;&gt;</a>&nbsp;&nbsp;&nbsp;ftoa
<LI><a href="#[24fdef8]">&gt;&gt;</a>&nbsp;&nbsp;&nbsp;UART_Printf
<LI><a href="#[25a7084]">&gt;&gt;</a>&nbsp;&nbsp;&nbsp;__aeabi_dmul
<LI><a href="#[25a72dc]">&gt;&gt;</a>&nbsp;&nbsp;&nbsp;__aeabi_ui2d
<LI><a href="#[25a7da4]">&gt;&gt;</a>&nbsp;&nbsp;&nbsp;__aeabi_dadd
<LI><a href="#[25a8164]">&gt;&gt;</a>&nbsp;&nbsp;&nbsp;__aeabi_d2f
</UL>
<BR>[Called By]<UL><LI><a href="#[24f99d4]">&gt;&gt;</a>&nbsp;&nbsp;&nbsp;sampleTestlog
<LI><a href="#[25ad150]">&gt;&gt;</a>&nbsp;&nbsp;&nbsp;PacketLog
</UL>

<P><STRONG><a name="[24fa4d8]"></a>Yearly_Rain</STRONG> (Thumb, 120 bytes, Stack size 16 bytes, gprs.o(.text), UNUSED)
<BR><BR>[Calls]<UL><LI><a href="#[24f94ac]">&gt;&gt;</a>&nbsp;&nbsp;&nbsp;RTC_WriteGPREG
<LI><a href="#[24f9524]">&gt;&gt;</a>&nbsp;&nbsp;&nbsp;RTC_ReadGPREG
<LI><a href="#[24fdef8]">&gt;&gt;</a>&nbsp;&nbsp;&nbsp;UART_Printf
<LI><a href="#[25a6df0]">&gt;&gt;</a>&nbsp;&nbsp;&nbsp;__aeabi_f2d
<LI><a href="#[25a7da4]">&gt;&gt;</a>&nbsp;&nbsp;&nbsp;__aeabi_dadd
<LI><a href="#[25a8164]">&gt;&gt;</a>&nbsp;&nbsp;&nbsp;__aeabi_d2f
</UL>

<P><STRONG><a name="[24fa49c]"></a>rtc_1call</STRONG> (Thumb, 52 bytes, Stack size 40 bytes, gprs.o(.text), UNUSED)
<BR><BR>[Calls]<UL><LI><a href="#[24f94ac]">&gt;&gt;</a>&nbsp;&nbsp;&nbsp;RTC_WriteGPREG
<LI><a href="#[24f9560]">&gt;&gt;</a>&nbsp;&nbsp;&nbsp;RTC_GetFullTime
<LI><a href="#[25a8164]">&gt;&gt;</a>&nbsp;&nbsp;&nbsp;__aeabi_d2f
</UL>
<BR>[Called By]<UL><LI><a href="#[25ad18c]">&gt;&gt;</a>&nbsp;&nbsp;&nbsp;Slog
</UL>

<P><STRONG><a name="[24fa460]"></a>rtc_2call</STRONG> (Thumb, 132 bytes, Stack size 48 bytes, gprs.o(.text))
<BR><BR>[Stack]<UL><LI>Max Depth = 176<LI>Call Chain = rtc_2call &rArr; UART_Printf &rArr; UART_TxFloatNumber &rArr; UART_TxNumber
</UL>
<BR>[Calls]<UL><LI><a href="#[24f9308]">&gt;&gt;</a>&nbsp;&nbsp;&nbsp;UART_TxString
<LI><a href="#[24f94ac]">&gt;&gt;</a>&nbsp;&nbsp;&nbsp;RTC_WriteGPREG
<LI><a href="#[24f9524]">&gt;&gt;</a>&nbsp;&nbsp;&nbsp;RTC_ReadGPREG
<LI><a href="#[24f9560]">&gt;&gt;</a>&nbsp;&nbsp;&nbsp;RTC_GetFullTime
<LI><a href="#[24fdef8]">&gt;&gt;</a>&nbsp;&nbsp;&nbsp;UART_Printf
<LI><a href="#[25a6508]">&gt;&gt;</a>&nbsp;&nbsp;&nbsp;__aeabi_cfcmpeq
<LI><a href="#[25a6df0]">&gt;&gt;</a>&nbsp;&nbsp;&nbsp;__aeabi_f2d
<LI><a href="#[25a8164]">&gt;&gt;</a>&nbsp;&nbsp;&nbsp;__aeabi_d2f
</UL>
<BR>[Called By]<UL><LI><a href="#[25ac8e0]">&gt;&gt;</a>&nbsp;&nbsp;&nbsp;main
</UL>

<P><STRONG><a name="[24fa424]"></a>Read_Response</STRONG> (Thumb, 216 bytes, Stack size 24 bytes, gprs.o(.text))
<BR><BR>[Stack]<UL><LI>Max Depth = 40<LI>Call Chain = Read_Response &rArr; strncmp
</UL>
<BR>[Calls]<UL><LI><a href="#[24f9308]">&gt;&gt;</a>&nbsp;&nbsp;&nbsp;UART_TxString
<LI><a href="#[24fdfac]">&gt;&gt;</a>&nbsp;&nbsp;&nbsp;DELAY_ms
<LI><a href="#[25a8b3c]">&gt;&gt;</a>&nbsp;&nbsp;&nbsp;__aeabi_memmove
<LI><a href="#[25a8dd0]">&gt;&gt;</a>&nbsp;&nbsp;&nbsp;strlen
<LI><a href="#[25a8ec0]">&gt;&gt;</a>&nbsp;&nbsp;&nbsp;strncmp
</UL>
<BR>[Called By]<UL><LI><a href="#[24fa3e8]">&gt;&gt;</a>&nbsp;&nbsp;&nbsp;Start_Read_Response
</UL>

<P><STRONG><a name="[24fa3e8]"></a>Start_Read_Response</STRONG> (Thumb, 28 bytes, Stack size 8 bytes, gprs.o(.text))
<BR><BR>[Stack]<UL><LI>Max Depth = 48<LI>Call Chain = Start_Read_Response &rArr; Read_Response &rArr; strncmp
</UL>
<BR>[Calls]<UL><LI><a href="#[24fa424]">&gt;&gt;</a>&nbsp;&nbsp;&nbsp;Read_Response
</UL>
<BR>[Called By]<UL><LI><a href="#[24fa334]">&gt;&gt;</a>&nbsp;&nbsp;&nbsp;WaitForStatus200_302
<LI><a href="#[24fa370]">&gt;&gt;</a>&nbsp;&nbsp;&nbsp;WaitForExpectedResponse
</UL>

<P><STRONG><a name="[24fa3ac]"></a>Buffer_Flush</STRONG> (Thumb, 18 bytes, Stack size 8 bytes, gprs.o(.text))
<BR><BR>[Stack]<UL><LI>Max Depth = 8<LI>Call Chain = Buffer_Flush
</UL>
<BR>[Calls]<UL><LI><a href="#[25a8998]">&gt;&gt;</a>&nbsp;&nbsp;&nbsp;__aeabi_memclr
</UL>
<BR>[Called By]<UL><LI><a href="#[24f9a88]">&gt;&gt;</a>&nbsp;&nbsp;&nbsp;GSM_Msg_Read
<LI><a href="#[24fa334]">&gt;&gt;</a>&nbsp;&nbsp;&nbsp;WaitForStatus200_302
<LI><a href="#[24fa370]">&gt;&gt;</a>&nbsp;&nbsp;&nbsp;WaitForExpectedResponse
</UL>

<P><STRONG><a name="[24fa370]"></a>WaitForExpectedResponse</STRONG> (Thumb, 48 bytes, Stack size 16 bytes, gprs.o(.text))
<BR><BR>[Stack]<UL><LI>Max Depth = 64<LI>Call Chain = WaitForExpectedResponse &rArr; Start_Read_Response &rArr; Read_Response &rArr; strncmp
</UL>
<BR>[Calls]<UL><LI><a href="#[24fa3ac]">&gt;&gt;</a>&nbsp;&nbsp;&nbsp;Buffer_Flush
<LI><a href="#[24fa3e8]">&gt;&gt;</a>&nbsp;&nbsp;&nbsp;Start_Read_Response
<LI><a href="#[24fdfac]">&gt;&gt;</a>&nbsp;&nbsp;&nbsp;DELAY_ms
<LI><a href="#[25a90a0]">&gt;&gt;</a>&nbsp;&nbsp;&nbsp;strstr
</UL>
<BR>[Called By]<UL><LI><a href="#[24f97f4]">&gt;&gt;</a>&nbsp;&nbsp;&nbsp;Get_SMSC_Number
<LI><a href="#[24f98e4]">&gt;&gt;</a>&nbsp;&nbsp;&nbsp;GSM_Send_Msg
<LI><a href="#[24f995c]">&gt;&gt;</a>&nbsp;&nbsp;&nbsp;SMSDefaultSetting
<LI><a href="#[24f9a10]">&gt;&gt;</a>&nbsp;&nbsp;&nbsp;SMS_READ_Setting
<LI><a href="#[24f9a4c]">&gt;&gt;</a>&nbsp;&nbsp;&nbsp;readSMS
<LI><a href="#[24f9a88]">&gt;&gt;</a>&nbsp;&nbsp;&nbsp;GSM_Msg_Read
<LI><a href="#[24f9b00]">&gt;&gt;</a>&nbsp;&nbsp;&nbsp;GSM_Msg_Delete
<LI><a href="#[24f9b3c]">&gt;&gt;</a>&nbsp;&nbsp;&nbsp;GSM_Delete_All_Msg
<LI><a href="#[24f9bb4]">&gt;&gt;</a>&nbsp;&nbsp;&nbsp;Check_QIState
<LI><a href="#[24f9c2c]">&gt;&gt;</a>&nbsp;&nbsp;&nbsp;Check_LocalIP
<LI><a href="#[24f9c68]">&gt;&gt;</a>&nbsp;&nbsp;&nbsp;HTTP_SetURL
<LI><a href="#[24f9ca4]">&gt;&gt;</a>&nbsp;&nbsp;&nbsp;HTTP_Post
<LI><a href="#[24f9d1c]">&gt;&gt;</a>&nbsp;&nbsp;&nbsp;GNSS_PowerON
<LI><a href="#[24f9d58]">&gt;&gt;</a>&nbsp;&nbsp;&nbsp;MODEM_GetNetworkTime
<LI><a href="#[24f9dd0]">&gt;&gt;</a>&nbsp;&nbsp;&nbsp;Query_Set_CLTS
<LI><a href="#[24f9e48]">&gt;&gt;</a>&nbsp;&nbsp;&nbsp;Module_awakeup_mode
<LI><a href="#[24f9f38]">&gt;&gt;</a>&nbsp;&nbsp;&nbsp;modem_initialization
<LI><a href="#[24f9f74]">&gt;&gt;</a>&nbsp;&nbsp;&nbsp;MODEM_CheckAttention
<LI><a href="#[24fa064]">&gt;&gt;</a>&nbsp;&nbsp;&nbsp;modemCheck_initialization
<LI><a href="#[24fa154]">&gt;&gt;</a>&nbsp;&nbsp;&nbsp;Module_deactivateBearerProfile
<LI><a href="#[24fa190]">&gt;&gt;</a>&nbsp;&nbsp;&nbsp;GNSS_Connect
<LI><a href="#[24fa1cc]">&gt;&gt;</a>&nbsp;&nbsp;&nbsp;ReadNavigation
<LI><a href="#[24fa208]">&gt;&gt;</a>&nbsp;&nbsp;&nbsp;GNSS_PowerOff
<LI><a href="#[24fa244]">&gt;&gt;</a>&nbsp;&nbsp;&nbsp;Module_PDP_Activation
<LI><a href="#[24fa280]">&gt;&gt;</a>&nbsp;&nbsp;&nbsp;Module_sleep_mode
<LI><a href="#[24fa2bc]">&gt;&gt;</a>&nbsp;&nbsp;&nbsp;Module_PowerOff
<LI><a href="#[24fa2f8]">&gt;&gt;</a>&nbsp;&nbsp;&nbsp;SendATandExpectResponse
</UL>

<P><STRONG><a name="[24fa334]"></a>WaitForStatus200_302</STRONG> (Thumb, 60 bytes, Stack size 16 bytes, gprs.o(.text), UNUSED)
<BR><BR>[Calls]<UL><LI><a href="#[24fa3ac]">&gt;&gt;</a>&nbsp;&nbsp;&nbsp;Buffer_Flush
<LI><a href="#[24fa3e8]">&gt;&gt;</a>&nbsp;&nbsp;&nbsp;Start_Read_Response
<LI><a href="#[24fdfac]">&gt;&gt;</a>&nbsp;&nbsp;&nbsp;DELAY_ms
<LI><a href="#[25a90a0]">&gt;&gt;</a>&nbsp;&nbsp;&nbsp;strstr
</UL>
<BR>[Called By]<UL><LI><a href="#[24f9ca4]">&gt;&gt;</a>&nbsp;&nbsp;&nbsp;HTTP_Post
</UL>

<P><STRONG><a name="[24fa2f8]"></a>SendATandExpectResponse</STRONG> (Thumb, 492 bytes, Stack size 16 bytes, gprs.o(.text), UNUSED)
<BR><BR>[Calls]<UL><LI><a href="#[24f9308]">&gt;&gt;</a>&nbsp;&nbsp;&nbsp;UART_TxString
<LI><a href="#[24f9344]">&gt;&gt;</a>&nbsp;&nbsp;&nbsp;UART_TxChar
<LI><a href="#[24fa370]">&gt;&gt;</a>&nbsp;&nbsp;&nbsp;WaitForExpectedResponse
</UL>
<BR>[Called By]<UL><LI><a href="#[24f9c68]">&gt;&gt;</a>&nbsp;&nbsp;&nbsp;HTTP_SetURL
<LI><a href="#[24f9ca4]">&gt;&gt;</a>&nbsp;&nbsp;&nbsp;HTTP_Post
<LI><a href="#[24f9ce0]">&gt;&gt;</a>&nbsp;&nbsp;&nbsp;Query_GPRSRegistrationStatus
<LI><a href="#[24f9e0c]">&gt;&gt;</a>&nbsp;&nbsp;&nbsp;MODEM_SetPhoneFunctionality
<LI><a href="#[24f9f74]">&gt;&gt;</a>&nbsp;&nbsp;&nbsp;MODEM_CheckAttention
<LI><a href="#[24f9fb0]">&gt;&gt;</a>&nbsp;&nbsp;&nbsp;MODEMGetIMEI
<LI><a href="#[24f9fec]">&gt;&gt;</a>&nbsp;&nbsp;&nbsp;Query_Sim_Insert
<LI><a href="#[24fa028]">&gt;&gt;</a>&nbsp;&nbsp;&nbsp;Wait_Till_SimModule_Communication
<LI><a href="#[24fa0a0]">&gt;&gt;</a>&nbsp;&nbsp;&nbsp;Query_NetworkRegistration
<LI><a href="#[24fa0dc]">&gt;&gt;</a>&nbsp;&nbsp;&nbsp;MODEMGetSignalStrength
<LI><a href="#[24fa118]">&gt;&gt;</a>&nbsp;&nbsp;&nbsp;MODEMGetAPN
<LI><a href="#[24fa190]">&gt;&gt;</a>&nbsp;&nbsp;&nbsp;GNSS_Connect
</UL>

<P><STRONG><a name="[24fa2bc]"></a>Module_PowerOff</STRONG> (Thumb, 44 bytes, Stack size 8 bytes, gprs.o(.text))
<BR><BR>[Stack]<UL><LI>Max Depth = 72<LI>Call Chain = Module_PowerOff &rArr; WaitForExpectedResponse &rArr; Start_Read_Response &rArr; Read_Response &rArr; strncmp
</UL>
<BR>[Calls]<UL><LI><a href="#[24f9308]">&gt;&gt;</a>&nbsp;&nbsp;&nbsp;UART_TxString
<LI><a href="#[24fa370]">&gt;&gt;</a>&nbsp;&nbsp;&nbsp;WaitForExpectedResponse
<LI><a href="#[24fdfac]">&gt;&gt;</a>&nbsp;&nbsp;&nbsp;DELAY_ms
</UL>
<BR>[Called By]<UL><LI><a href="#[24f9e84]">&gt;&gt;</a>&nbsp;&nbsp;&nbsp;ShutDownModule
</UL>

<P><STRONG><a name="[24fa280]"></a>Module_sleep_mode</STRONG> (Thumb, 74 bytes, Stack size 8 bytes, gprs.o(.text))
<BR><BR>[Stack]<UL><LI>Max Depth = 72<LI>Call Chain = Module_sleep_mode &rArr; WaitForExpectedResponse &rArr; Start_Read_Response &rArr; Read_Response &rArr; strncmp
</UL>
<BR>[Calls]<UL><LI><a href="#[24f9308]">&gt;&gt;</a>&nbsp;&nbsp;&nbsp;UART_TxString
<LI><a href="#[24fa370]">&gt;&gt;</a>&nbsp;&nbsp;&nbsp;WaitForExpectedResponse
<LI><a href="#[24fc6d4]">&gt;&gt;</a>&nbsp;&nbsp;&nbsp;GPIO_PinWrite
<LI><a href="#[24fdfac]">&gt;&gt;</a>&nbsp;&nbsp;&nbsp;DELAY_ms
</UL>
<BR>[Called By]<UL><LI><a href="#[24f99d4]">&gt;&gt;</a>&nbsp;&nbsp;&nbsp;sampleTestlog
<LI><a href="#[25ac8e0]">&gt;&gt;</a>&nbsp;&nbsp;&nbsp;main
<LI><a href="#[25ad114]">&gt;&gt;</a>&nbsp;&nbsp;&nbsp;SendingLog
<LI><a href="#[25ad150]">&gt;&gt;</a>&nbsp;&nbsp;&nbsp;PacketLog
</UL>

<P><STRONG><a name="[24fa244]"></a>Module_PDP_Activation</STRONG> (Thumb, 40 bytes, Stack size 8 bytes, gprs.o(.text), UNUSED)
<BR><BR>[Calls]<UL><LI><a href="#[24f92cc]">&gt;&gt;</a>&nbsp;&nbsp;&nbsp;WDT_Feed
<LI><a href="#[24f9308]">&gt;&gt;</a>&nbsp;&nbsp;&nbsp;UART_TxString
<LI><a href="#[24fa370]">&gt;&gt;</a>&nbsp;&nbsp;&nbsp;WaitForExpectedResponse
</UL>
<BR>[Called By]<UL><LI><a href="#[24f9efc]">&gt;&gt;</a>&nbsp;&nbsp;&nbsp;Module_Initializing
</UL>

<P><STRONG><a name="[24fa208]"></a>GNSS_PowerOff</STRONG> (Thumb, 38 bytes, Stack size 8 bytes, gprs.o(.text), UNUSED)
<BR><BR>[Calls]<UL><LI><a href="#[24f9308]">&gt;&gt;</a>&nbsp;&nbsp;&nbsp;UART_TxString
<LI><a href="#[24fa370]">&gt;&gt;</a>&nbsp;&nbsp;&nbsp;WaitForExpectedResponse
</UL>
<BR>[Called By]<UL><LI><a href="#[24f9efc]">&gt;&gt;</a>&nbsp;&nbsp;&nbsp;Module_Initializing
</UL>

<P><STRONG><a name="[24fa1cc]"></a>ReadNavigation</STRONG> (Thumb, 164 bytes, Stack size 8 bytes, gprs.o(.text), UNUSED)
<BR><BR>[Calls]<UL><LI><a href="#[24f92cc]">&gt;&gt;</a>&nbsp;&nbsp;&nbsp;WDT_Feed
<LI><a href="#[24f9308]">&gt;&gt;</a>&nbsp;&nbsp;&nbsp;UART_TxString
<LI><a href="#[24f9650]">&gt;&gt;</a>&nbsp;&nbsp;&nbsp;LCD_Printf
<LI><a href="#[24f968c]">&gt;&gt;</a>&nbsp;&nbsp;&nbsp;LCD_GoToLine
<LI><a href="#[24f96c8]">&gt;&gt;</a>&nbsp;&nbsp;&nbsp;LCD_Clear
<LI><a href="#[24fa370]">&gt;&gt;</a>&nbsp;&nbsp;&nbsp;WaitForExpectedResponse
<LI><a href="#[24fc134]">&gt;&gt;</a>&nbsp;&nbsp;&nbsp;store_gps
<LI><a href="#[24fdfac]">&gt;&gt;</a>&nbsp;&nbsp;&nbsp;DELAY_ms
<LI><a href="#[25a8fb0]">&gt;&gt;</a>&nbsp;&nbsp;&nbsp;strcpy
</UL>
<BR>[Called By]<UL><LI><a href="#[24f9efc]">&gt;&gt;</a>&nbsp;&nbsp;&nbsp;Module_Initializing
</UL>

<P><STRONG><a name="[24fa190]"></a>GNSS_Connect</STRONG> (Thumb, 524 bytes, Stack size 16 bytes, gprs.o(.text), UNUSED)
<BR><BR>[Calls]<UL><LI><a href="#[24f92cc]">&gt;&gt;</a>&nbsp;&nbsp;&nbsp;WDT_Feed
<LI><a href="#[24f9308]">&gt;&gt;</a>&nbsp;&nbsp;&nbsp;UART_TxString
<LI><a href="#[24fa2f8]">&gt;&gt;</a>&nbsp;&nbsp;&nbsp;SendATandExpectResponse
<LI><a href="#[24fa370]">&gt;&gt;</a>&nbsp;&nbsp;&nbsp;WaitForExpectedResponse
<LI><a href="#[24fdfac]">&gt;&gt;</a>&nbsp;&nbsp;&nbsp;DELAY_ms
</UL>
<BR>[Called By]<UL><LI><a href="#[24f9efc]">&gt;&gt;</a>&nbsp;&nbsp;&nbsp;Module_Initializing
<LI><a href="#[24f9f38]">&gt;&gt;</a>&nbsp;&nbsp;&nbsp;modem_initialization
</UL>

<P><STRONG><a name="[24fa154]"></a>Module_deactivateBearerProfile</STRONG> (Thumb, 46 bytes, Stack size 8 bytes, gprs.o(.text), UNUSED)
<BR><BR>[Calls]<UL><LI><a href="#[24f92cc]">&gt;&gt;</a>&nbsp;&nbsp;&nbsp;WDT_Feed
<LI><a href="#[24f9308]">&gt;&gt;</a>&nbsp;&nbsp;&nbsp;UART_TxString
<LI><a href="#[24fa370]">&gt;&gt;</a>&nbsp;&nbsp;&nbsp;WaitForExpectedResponse
</UL>
<BR>[Called By]<UL><LI><a href="#[24f99d4]">&gt;&gt;</a>&nbsp;&nbsp;&nbsp;sampleTestlog
<LI><a href="#[24f9efc]">&gt;&gt;</a>&nbsp;&nbsp;&nbsp;Module_Initializing
<LI><a href="#[25ad114]">&gt;&gt;</a>&nbsp;&nbsp;&nbsp;SendingLog
<LI><a href="#[25ad150]">&gt;&gt;</a>&nbsp;&nbsp;&nbsp;PacketLog
</UL>

<P><STRONG><a name="[24fa118]"></a>MODEMGetAPN</STRONG> (Thumb, 470 bytes, Stack size 8 bytes, gprs.o(.text), UNUSED)
<BR><BR>[Calls]<UL><LI><a href="#[24f9308]">&gt;&gt;</a>&nbsp;&nbsp;&nbsp;UART_TxString
<LI><a href="#[24f9650]">&gt;&gt;</a>&nbsp;&nbsp;&nbsp;LCD_Printf
<LI><a href="#[24f96c8]">&gt;&gt;</a>&nbsp;&nbsp;&nbsp;LCD_Clear
<LI><a href="#[24fa2f8]">&gt;&gt;</a>&nbsp;&nbsp;&nbsp;SendATandExpectResponse
<LI><a href="#[24fdef8]">&gt;&gt;</a>&nbsp;&nbsp;&nbsp;UART_Printf
<LI><a href="#[24fdfac]">&gt;&gt;</a>&nbsp;&nbsp;&nbsp;DELAY_ms
<LI><a href="#[25a90a0]">&gt;&gt;</a>&nbsp;&nbsp;&nbsp;strstr
</UL>
<BR>[Called By]<UL><LI><a href="#[24fa064]">&gt;&gt;</a>&nbsp;&nbsp;&nbsp;modemCheck_initialization
</UL>

<P><STRONG><a name="[24fa0dc]"></a>MODEMGetSignalStrength</STRONG> (Thumb, 1570 bytes, Stack size 32 bytes, gprs.o(.text), UNUSED)
<BR><BR>[Calls]<UL><LI><a href="#[24f9308]">&gt;&gt;</a>&nbsp;&nbsp;&nbsp;UART_TxString
<LI><a href="#[24f959c]">&gt;&gt;</a>&nbsp;&nbsp;&nbsp;RTC_GetDateTime
<LI><a href="#[24f9650]">&gt;&gt;</a>&nbsp;&nbsp;&nbsp;LCD_Printf
<LI><a href="#[24f968c]">&gt;&gt;</a>&nbsp;&nbsp;&nbsp;LCD_GoToLine
<LI><a href="#[24f96c8]">&gt;&gt;</a>&nbsp;&nbsp;&nbsp;LCD_Clear
<LI><a href="#[24f97b8]">&gt;&gt;</a>&nbsp;&nbsp;&nbsp;Createlog
<LI><a href="#[24fa2f8]">&gt;&gt;</a>&nbsp;&nbsp;&nbsp;SendATandExpectResponse
<LI><a href="#[24fdef8]">&gt;&gt;</a>&nbsp;&nbsp;&nbsp;UART_Printf
<LI><a href="#[24fdfac]">&gt;&gt;</a>&nbsp;&nbsp;&nbsp;DELAY_ms
<LI><a href="#[25a8998]">&gt;&gt;</a>&nbsp;&nbsp;&nbsp;__aeabi_memclr
<LI><a href="#[25a8dd0]">&gt;&gt;</a>&nbsp;&nbsp;&nbsp;strlen
<LI><a href="#[25a8fb0]">&gt;&gt;</a>&nbsp;&nbsp;&nbsp;strcpy
<LI><a href="#[25a92bc]">&gt;&gt;</a>&nbsp;&nbsp;&nbsp;strtok
<LI><a href="#[25aa84c]">&gt;&gt;</a>&nbsp;&nbsp;&nbsp;__2sprintf
</UL>
<BR>[Called By]<UL><LI><a href="#[24fa064]">&gt;&gt;</a>&nbsp;&nbsp;&nbsp;modemCheck_initialization
<LI><a href="#[25ad114]">&gt;&gt;</a>&nbsp;&nbsp;&nbsp;SendingLog
<LI><a href="#[25ad150]">&gt;&gt;</a>&nbsp;&nbsp;&nbsp;PacketLog
</UL>

<P><STRONG><a name="[24fa0a0]"></a>Query_NetworkRegistration</STRONG> (Thumb, 154 bytes, Stack size 8 bytes, gprs.o(.text), UNUSED)
<BR><BR>[Calls]<UL><LI><a href="#[24f92cc]">&gt;&gt;</a>&nbsp;&nbsp;&nbsp;WDT_Feed
<LI><a href="#[24f9308]">&gt;&gt;</a>&nbsp;&nbsp;&nbsp;UART_TxString
<LI><a href="#[24f9650]">&gt;&gt;</a>&nbsp;&nbsp;&nbsp;LCD_Printf
<LI><a href="#[24f968c]">&gt;&gt;</a>&nbsp;&nbsp;&nbsp;LCD_GoToLine
<LI><a href="#[24f96c8]">&gt;&gt;</a>&nbsp;&nbsp;&nbsp;LCD_Clear
<LI><a href="#[24fa2f8]">&gt;&gt;</a>&nbsp;&nbsp;&nbsp;SendATandExpectResponse
<LI><a href="#[24fdfac]">&gt;&gt;</a>&nbsp;&nbsp;&nbsp;DELAY_ms
</UL>
<BR>[Called By]<UL><LI><a href="#[24fa064]">&gt;&gt;</a>&nbsp;&nbsp;&nbsp;modemCheck_initialization
</UL>

<P><STRONG><a name="[24fa064]"></a>modemCheck_initialization</STRONG> (Thumb, 360 bytes, Stack size 32 bytes, gprs.o(.text), UNUSED)
<BR><BR>[Calls]<UL><LI><a href="#[24f92cc]">&gt;&gt;</a>&nbsp;&nbsp;&nbsp;WDT_Feed
<LI><a href="#[24f9308]">&gt;&gt;</a>&nbsp;&nbsp;&nbsp;UART_TxString
<LI><a href="#[24f959c]">&gt;&gt;</a>&nbsp;&nbsp;&nbsp;RTC_GetDateTime
<LI><a href="#[24f9650]">&gt;&gt;</a>&nbsp;&nbsp;&nbsp;LCD_Printf
<LI><a href="#[24f968c]">&gt;&gt;</a>&nbsp;&nbsp;&nbsp;LCD_GoToLine
<LI><a href="#[24f96c8]">&gt;&gt;</a>&nbsp;&nbsp;&nbsp;LCD_Clear
<LI><a href="#[24f97b8]">&gt;&gt;</a>&nbsp;&nbsp;&nbsp;Createlog
<LI><a href="#[24fa0a0]">&gt;&gt;</a>&nbsp;&nbsp;&nbsp;Query_NetworkRegistration
<LI><a href="#[24fa0dc]">&gt;&gt;</a>&nbsp;&nbsp;&nbsp;MODEMGetSignalStrength
<LI><a href="#[24fa118]">&gt;&gt;</a>&nbsp;&nbsp;&nbsp;MODEMGetAPN
<LI><a href="#[24fa370]">&gt;&gt;</a>&nbsp;&nbsp;&nbsp;WaitForExpectedResponse
<LI><a href="#[24fdfac]">&gt;&gt;</a>&nbsp;&nbsp;&nbsp;DELAY_ms
<LI><a href="#[25a8998]">&gt;&gt;</a>&nbsp;&nbsp;&nbsp;__aeabi_memclr
<LI><a href="#[25aa84c]">&gt;&gt;</a>&nbsp;&nbsp;&nbsp;__2sprintf
</UL>
<BR>[Called By]<UL><LI><a href="#[24f99d4]">&gt;&gt;</a>&nbsp;&nbsp;&nbsp;sampleTestlog
<LI><a href="#[24f9bf0]">&gt;&gt;</a>&nbsp;&nbsp;&nbsp;PackOffLog
<LI><a href="#[24f9efc]">&gt;&gt;</a>&nbsp;&nbsp;&nbsp;Module_Initializing
<LI><a href="#[25ad114]">&gt;&gt;</a>&nbsp;&nbsp;&nbsp;SendingLog
<LI><a href="#[25ad150]">&gt;&gt;</a>&nbsp;&nbsp;&nbsp;PacketLog
</UL>

<P><STRONG><a name="[24fa028]"></a>Wait_Till_SimModule_Communication</STRONG> (Thumb, 766 bytes, Stack size 8 bytes, gprs.o(.text), UNUSED)
<BR><BR>[Calls]<UL><LI><a href="#[24f9308]">&gt;&gt;</a>&nbsp;&nbsp;&nbsp;UART_TxString
<LI><a href="#[24f9650]">&gt;&gt;</a>&nbsp;&nbsp;&nbsp;LCD_Printf
<LI><a href="#[24f968c]">&gt;&gt;</a>&nbsp;&nbsp;&nbsp;LCD_GoToLine
<LI><a href="#[24f96c8]">&gt;&gt;</a>&nbsp;&nbsp;&nbsp;LCD_Clear
<LI><a href="#[24fa2f8]">&gt;&gt;</a>&nbsp;&nbsp;&nbsp;SendATandExpectResponse
<LI><a href="#[24fdfac]">&gt;&gt;</a>&nbsp;&nbsp;&nbsp;DELAY_ms
</UL>
<BR>[Called By]<UL><LI><a href="#[24f9f38]">&gt;&gt;</a>&nbsp;&nbsp;&nbsp;modem_initialization
</UL>

<P><STRONG><a name="[24f9fec]"></a>Query_Sim_Insert</STRONG> (Thumb, 220 bytes, Stack size 16 bytes, gprs.o(.text), UNUSED)
<BR><BR>[Calls]<UL><LI><a href="#[24f92cc]">&gt;&gt;</a>&nbsp;&nbsp;&nbsp;WDT_Feed
<LI><a href="#[24f9308]">&gt;&gt;</a>&nbsp;&nbsp;&nbsp;UART_TxString
<LI><a href="#[24f9650]">&gt;&gt;</a>&nbsp;&nbsp;&nbsp;LCD_Printf
<LI><a href="#[24f968c]">&gt;&gt;</a>&nbsp;&nbsp;&nbsp;LCD_GoToLine
<LI><a href="#[24f96c8]">&gt;&gt;</a>&nbsp;&nbsp;&nbsp;LCD_Clear
<LI><a href="#[24fa2f8]">&gt;&gt;</a>&nbsp;&nbsp;&nbsp;SendATandExpectResponse
<LI><a href="#[24fdfac]">&gt;&gt;</a>&nbsp;&nbsp;&nbsp;DELAY_ms
<LI><a href="#[25a8650]">&gt;&gt;</a>&nbsp;&nbsp;&nbsp;strncpy
<LI><a href="#[25a8dd0]">&gt;&gt;</a>&nbsp;&nbsp;&nbsp;strlen
<LI><a href="#[25a8fb0]">&gt;&gt;</a>&nbsp;&nbsp;&nbsp;strcpy
</UL>
<BR>[Called By]<UL><LI><a href="#[24f9f38]">&gt;&gt;</a>&nbsp;&nbsp;&nbsp;modem_initialization
</UL>

<P><STRONG><a name="[24f9fb0]"></a>MODEMGetIMEI</STRONG> (Thumb, 152 bytes, Stack size 16 bytes, gprs.o(.text), UNUSED)
<BR><BR>[Calls]<UL><LI><a href="#[24f9650]">&gt;&gt;</a>&nbsp;&nbsp;&nbsp;LCD_Printf
<LI><a href="#[24f968c]">&gt;&gt;</a>&nbsp;&nbsp;&nbsp;LCD_GoToLine
<LI><a href="#[24f96c8]">&gt;&gt;</a>&nbsp;&nbsp;&nbsp;LCD_Clear
<LI><a href="#[24fa2f8]">&gt;&gt;</a>&nbsp;&nbsp;&nbsp;SendATandExpectResponse
<LI><a href="#[24fdfac]">&gt;&gt;</a>&nbsp;&nbsp;&nbsp;DELAY_ms
<LI><a href="#[25a8650]">&gt;&gt;</a>&nbsp;&nbsp;&nbsp;strncpy
<LI><a href="#[25a8998]">&gt;&gt;</a>&nbsp;&nbsp;&nbsp;__aeabi_memclr
<LI><a href="#[25a8dd0]">&gt;&gt;</a>&nbsp;&nbsp;&nbsp;strlen
</UL>
<BR>[Called By]<UL><LI><a href="#[24f9f74]">&gt;&gt;</a>&nbsp;&nbsp;&nbsp;MODEM_CheckAttention
</UL>

<P><STRONG><a name="[24f9f74]"></a>MODEM_CheckAttention</STRONG> (Thumb, 186 bytes, Stack size 16 bytes, gprs.o(.text), UNUSED)
<BR><BR>[Calls]<UL><LI><a href="#[24f92cc]">&gt;&gt;</a>&nbsp;&nbsp;&nbsp;WDT_Feed
<LI><a href="#[24f9308]">&gt;&gt;</a>&nbsp;&nbsp;&nbsp;UART_TxString
<LI><a href="#[24f9650]">&gt;&gt;</a>&nbsp;&nbsp;&nbsp;LCD_Printf
<LI><a href="#[24f968c]">&gt;&gt;</a>&nbsp;&nbsp;&nbsp;LCD_GoToLine
<LI><a href="#[24f96c8]">&gt;&gt;</a>&nbsp;&nbsp;&nbsp;LCD_Clear
<LI><a href="#[24f9fb0]">&gt;&gt;</a>&nbsp;&nbsp;&nbsp;MODEMGetIMEI
<LI><a href="#[24fa2f8]">&gt;&gt;</a>&nbsp;&nbsp;&nbsp;SendATandExpectResponse
<LI><a href="#[24fa370]">&gt;&gt;</a>&nbsp;&nbsp;&nbsp;WaitForExpectedResponse
<LI><a href="#[24fdfac]">&gt;&gt;</a>&nbsp;&nbsp;&nbsp;DELAY_ms
</UL>
<BR>[Called By]<UL><LI><a href="#[24f9f38]">&gt;&gt;</a>&nbsp;&nbsp;&nbsp;modem_initialization
</UL>

<P><STRONG><a name="[24f9f38]"></a>modem_initialization</STRONG> (Thumb, 164 bytes, Stack size 8 bytes, gprs.o(.text), UNUSED)
<BR><BR>[Calls]<UL><LI><a href="#[24f9308]">&gt;&gt;</a>&nbsp;&nbsp;&nbsp;UART_TxString
<LI><a href="#[24f9f74]">&gt;&gt;</a>&nbsp;&nbsp;&nbsp;MODEM_CheckAttention
<LI><a href="#[24f9fec]">&gt;&gt;</a>&nbsp;&nbsp;&nbsp;Query_Sim_Insert
<LI><a href="#[24fa028]">&gt;&gt;</a>&nbsp;&nbsp;&nbsp;Wait_Till_SimModule_Communication
<LI><a href="#[24fa190]">&gt;&gt;</a>&nbsp;&nbsp;&nbsp;GNSS_Connect
<LI><a href="#[24fa370]">&gt;&gt;</a>&nbsp;&nbsp;&nbsp;WaitForExpectedResponse
<LI><a href="#[25a8fb0]">&gt;&gt;</a>&nbsp;&nbsp;&nbsp;strcpy
</UL>
<BR>[Called By]<UL><LI><a href="#[24f9efc]">&gt;&gt;</a>&nbsp;&nbsp;&nbsp;Module_Initializing
</UL>

<P><STRONG><a name="[24f9efc]"></a>Module_Initializing</STRONG> (Thumb, 212 bytes, Stack size 16 bytes, gprs.o(.text), UNUSED)
<BR><BR>[Calls]<UL><LI><a href="#[24f92cc]">&gt;&gt;</a>&nbsp;&nbsp;&nbsp;WDT_Feed
<LI><a href="#[24f9308]">&gt;&gt;</a>&nbsp;&nbsp;&nbsp;UART_TxString
<LI><a href="#[24f9380]">&gt;&gt;</a>&nbsp;&nbsp;&nbsp;UART1_EnableBuffer_Interrupt
<LI><a href="#[24f9650]">&gt;&gt;</a>&nbsp;&nbsp;&nbsp;LCD_Printf
<LI><a href="#[24f968c]">&gt;&gt;</a>&nbsp;&nbsp;&nbsp;LCD_GoToLine
<LI><a href="#[24f96c8]">&gt;&gt;</a>&nbsp;&nbsp;&nbsp;LCD_Clear
<LI><a href="#[24f9f38]">&gt;&gt;</a>&nbsp;&nbsp;&nbsp;modem_initialization
<LI><a href="#[24fa064]">&gt;&gt;</a>&nbsp;&nbsp;&nbsp;modemCheck_initialization
<LI><a href="#[24fa154]">&gt;&gt;</a>&nbsp;&nbsp;&nbsp;Module_deactivateBearerProfile
<LI><a href="#[24fa190]">&gt;&gt;</a>&nbsp;&nbsp;&nbsp;GNSS_Connect
<LI><a href="#[24fa1cc]">&gt;&gt;</a>&nbsp;&nbsp;&nbsp;ReadNavigation
<LI><a href="#[24fa208]">&gt;&gt;</a>&nbsp;&nbsp;&nbsp;GNSS_PowerOff
<LI><a href="#[24fa244]">&gt;&gt;</a>&nbsp;&nbsp;&nbsp;Module_PDP_Activation
<LI><a href="#[24fdfac]">&gt;&gt;</a>&nbsp;&nbsp;&nbsp;DELAY_ms
</UL>
<BR>[Called By]<UL><LI><a href="#[24f9ca4]">&gt;&gt;</a>&nbsp;&nbsp;&nbsp;HTTP_Post
<LI><a href="#[24f9e48]">&gt;&gt;</a>&nbsp;&nbsp;&nbsp;Module_awakeup_mode
<LI><a href="#[25ad114]">&gt;&gt;</a>&nbsp;&nbsp;&nbsp;SendingLog
<LI><a href="#[25ad150]">&gt;&gt;</a>&nbsp;&nbsp;&nbsp;PacketLog
</UL>

<P><STRONG><a name="[24f9ec0]"></a>RestartModule</STRONG> (Thumb, 640 bytes, Stack size 8 bytes, gprs.o(.text))
<BR><BR>[Stack]<UL><LI>Max Depth = 20<LI>Call Chain = RestartModule &rArr; GPIO_PinWrite
</UL>
<BR>[Calls]<UL><LI><a href="#[24f9308]">&gt;&gt;</a>&nbsp;&nbsp;&nbsp;UART_TxString
<LI><a href="#[24fc6d4]">&gt;&gt;</a>&nbsp;&nbsp;&nbsp;GPIO_PinWrite
<LI><a href="#[24fdfac]">&gt;&gt;</a>&nbsp;&nbsp;&nbsp;DELAY_ms
</UL>
<BR>[Called By]<UL><LI><a href="#[24f9ca4]">&gt;&gt;</a>&nbsp;&nbsp;&nbsp;HTTP_Post
<LI><a href="#[24f9e48]">&gt;&gt;</a>&nbsp;&nbsp;&nbsp;Module_awakeup_mode
<LI><a href="#[25ac8e0]">&gt;&gt;</a>&nbsp;&nbsp;&nbsp;main
<LI><a href="#[25ad114]">&gt;&gt;</a>&nbsp;&nbsp;&nbsp;SendingLog
<LI><a href="#[25ad150]">&gt;&gt;</a>&nbsp;&nbsp;&nbsp;PacketLog
</UL>

<P><STRONG><a name="[24f9e84]"></a>ShutDownModule</STRONG> (Thumb, 32 bytes, Stack size 8 bytes, gprs.o(.text))
<BR><BR>[Stack]<UL><LI>Max Depth = 80<LI>Call Chain = ShutDownModule &rArr; Module_PowerOff &rArr; WaitForExpectedResponse &rArr; Start_Read_Response &rArr; Read_Response &rArr; strncmp
</UL>
<BR>[Calls]<UL><LI><a href="#[24f9308]">&gt;&gt;</a>&nbsp;&nbsp;&nbsp;UART_TxString
<LI><a href="#[24fa2bc]">&gt;&gt;</a>&nbsp;&nbsp;&nbsp;Module_PowerOff
<LI><a href="#[24fc6d4]">&gt;&gt;</a>&nbsp;&nbsp;&nbsp;GPIO_PinWrite
<LI><a href="#[24fdfac]">&gt;&gt;</a>&nbsp;&nbsp;&nbsp;DELAY_ms
</UL>
<BR>[Called By]<UL><LI><a href="#[24f9ca4]">&gt;&gt;</a>&nbsp;&nbsp;&nbsp;HTTP_Post
<LI><a href="#[24f9e48]">&gt;&gt;</a>&nbsp;&nbsp;&nbsp;Module_awakeup_mode
<LI><a href="#[25ac8e0]">&gt;&gt;</a>&nbsp;&nbsp;&nbsp;main
<LI><a href="#[25ad114]">&gt;&gt;</a>&nbsp;&nbsp;&nbsp;SendingLog
<LI><a href="#[25ad150]">&gt;&gt;</a>&nbsp;&nbsp;&nbsp;PacketLog
</UL>

<P><STRONG><a name="[24f9e48]"></a>Module_awakeup_mode</STRONG> (Thumb, 96 bytes, Stack size 16 bytes, gprs.o(.text), UNUSED)
<BR><BR>[Calls]<UL><LI><a href="#[24f9308]">&gt;&gt;</a>&nbsp;&nbsp;&nbsp;UART_TxString
<LI><a href="#[24f9e84]">&gt;&gt;</a>&nbsp;&nbsp;&nbsp;ShutDownModule
<LI><a href="#[24f9ec0]">&gt;&gt;</a>&nbsp;&nbsp;&nbsp;RestartModule
<LI><a href="#[24f9efc]">&gt;&gt;</a>&nbsp;&nbsp;&nbsp;Module_Initializing
<LI><a href="#[24fa370]">&gt;&gt;</a>&nbsp;&nbsp;&nbsp;WaitForExpectedResponse
<LI><a href="#[24fc6d4]">&gt;&gt;</a>&nbsp;&nbsp;&nbsp;GPIO_PinWrite
<LI><a href="#[24fdfac]">&gt;&gt;</a>&nbsp;&nbsp;&nbsp;DELAY_ms
</UL>
<BR>[Called By]<UL><LI><a href="#[24f99d4]">&gt;&gt;</a>&nbsp;&nbsp;&nbsp;sampleTestlog
<LI><a href="#[25ad114]">&gt;&gt;</a>&nbsp;&nbsp;&nbsp;SendingLog
<LI><a href="#[25ad150]">&gt;&gt;</a>&nbsp;&nbsp;&nbsp;PacketLog
</UL>

<P><STRONG><a name="[24f9e0c]"></a>MODEM_SetPhoneFunctionality</STRONG> (Thumb, 148 bytes, Stack size 8 bytes, gprs.o(.text), UNUSED)
<BR><BR>[Calls]<UL><LI><a href="#[24f92cc]">&gt;&gt;</a>&nbsp;&nbsp;&nbsp;WDT_Feed
<LI><a href="#[24f9308]">&gt;&gt;</a>&nbsp;&nbsp;&nbsp;UART_TxString
<LI><a href="#[24f9650]">&gt;&gt;</a>&nbsp;&nbsp;&nbsp;LCD_Printf
<LI><a href="#[24f968c]">&gt;&gt;</a>&nbsp;&nbsp;&nbsp;LCD_GoToLine
<LI><a href="#[24f96c8]">&gt;&gt;</a>&nbsp;&nbsp;&nbsp;LCD_Clear
<LI><a href="#[24fa2f8]">&gt;&gt;</a>&nbsp;&nbsp;&nbsp;SendATandExpectResponse
<LI><a href="#[24fdfac]">&gt;&gt;</a>&nbsp;&nbsp;&nbsp;DELAY_ms
</UL>
<BR>[Called By]<UL><LI><a href="#[24f9dd0]">&gt;&gt;</a>&nbsp;&nbsp;&nbsp;Query_Set_CLTS
</UL>

<P><STRONG><a name="[24f9dd0]"></a>Query_Set_CLTS</STRONG> (Thumb, 72 bytes, Stack size 8 bytes, gprs.o(.text), UNUSED)
<BR><BR>[Calls]<UL><LI><a href="#[24f92cc]">&gt;&gt;</a>&nbsp;&nbsp;&nbsp;WDT_Feed
<LI><a href="#[24f9308]">&gt;&gt;</a>&nbsp;&nbsp;&nbsp;UART_TxString
<LI><a href="#[24f9e0c]">&gt;&gt;</a>&nbsp;&nbsp;&nbsp;MODEM_SetPhoneFunctionality
<LI><a href="#[24fa370]">&gt;&gt;</a>&nbsp;&nbsp;&nbsp;WaitForExpectedResponse
</UL>
<BR>[Called By]<UL><LI><a href="#[25ad114]">&gt;&gt;</a>&nbsp;&nbsp;&nbsp;SendingLog
<LI><a href="#[25ad150]">&gt;&gt;</a>&nbsp;&nbsp;&nbsp;PacketLog
</UL>

<P><STRONG><a name="[24f9d94]"></a>Update_RTC</STRONG> (Thumb, 302 bytes, Stack size 88 bytes, gprs.o(.text), UNUSED)
<BR><BR>[Calls]<UL><LI><a href="#[24f9308]">&gt;&gt;</a>&nbsp;&nbsp;&nbsp;UART_TxString
<LI><a href="#[24f94e8]">&gt;&gt;</a>&nbsp;&nbsp;&nbsp;RTC_SetDateTime
<LI><a href="#[24fd82c]">&gt;&gt;</a>&nbsp;&nbsp;&nbsp;ascii_integer
<LI><a href="#[24fdef8]">&gt;&gt;</a>&nbsp;&nbsp;&nbsp;UART_Printf
<LI><a href="#[25a8fb0]">&gt;&gt;</a>&nbsp;&nbsp;&nbsp;strcpy
</UL>
<BR>[Called By]<UL><LI><a href="#[24f9d58]">&gt;&gt;</a>&nbsp;&nbsp;&nbsp;MODEM_GetNetworkTime
</UL>

<P><STRONG><a name="[24f9d58]"></a>MODEM_GetNetworkTime</STRONG> (Thumb, 48 bytes, Stack size 8 bytes, gprs.o(.text), UNUSED)
<BR><BR>[Calls]<UL><LI><a href="#[24f9308]">&gt;&gt;</a>&nbsp;&nbsp;&nbsp;UART_TxString
<LI><a href="#[24f9d94]">&gt;&gt;</a>&nbsp;&nbsp;&nbsp;Update_RTC
<LI><a href="#[24fa370]">&gt;&gt;</a>&nbsp;&nbsp;&nbsp;WaitForExpectedResponse
</UL>
<BR>[Called By]<UL><LI><a href="#[25ad114]">&gt;&gt;</a>&nbsp;&nbsp;&nbsp;SendingLog
<LI><a href="#[25ad150]">&gt;&gt;</a>&nbsp;&nbsp;&nbsp;PacketLog
</UL>

<P><STRONG><a name="[24f9d1c]"></a>GNSS_PowerON</STRONG> (Thumb, 40 bytes, Stack size 8 bytes, gprs.o(.text), UNUSED)
<BR><BR>[Calls]<UL><LI><a href="#[24f9308]">&gt;&gt;</a>&nbsp;&nbsp;&nbsp;UART_TxString
<LI><a href="#[24fa370]">&gt;&gt;</a>&nbsp;&nbsp;&nbsp;WaitForExpectedResponse
</UL>

<P><STRONG><a name="[24f9ce0]"></a>Query_GPRSRegistrationStatus</STRONG> (Thumb, 154 bytes, Stack size 8 bytes, gprs.o(.text), UNUSED)
<BR><BR>[Calls]<UL><LI><a href="#[24f92cc]">&gt;&gt;</a>&nbsp;&nbsp;&nbsp;WDT_Feed
<LI><a href="#[24f9308]">&gt;&gt;</a>&nbsp;&nbsp;&nbsp;UART_TxString
<LI><a href="#[24f9650]">&gt;&gt;</a>&nbsp;&nbsp;&nbsp;LCD_Printf
<LI><a href="#[24f968c]">&gt;&gt;</a>&nbsp;&nbsp;&nbsp;LCD_GoToLine
<LI><a href="#[24f96c8]">&gt;&gt;</a>&nbsp;&nbsp;&nbsp;LCD_Clear
<LI><a href="#[24fa2f8]">&gt;&gt;</a>&nbsp;&nbsp;&nbsp;SendATandExpectResponse
<LI><a href="#[24fdfac]">&gt;&gt;</a>&nbsp;&nbsp;&nbsp;DELAY_ms
</UL>

<P><STRONG><a name="[24f9ca4]"></a>HTTP_Post</STRONG> (Thumb, 1612 bytes, Stack size 80 bytes, gprs.o(.text), UNUSED)
<BR><BR>[Calls]<UL><LI><a href="#[24f92cc]">&gt;&gt;</a>&nbsp;&nbsp;&nbsp;WDT_Feed
<LI><a href="#[24f9308]">&gt;&gt;</a>&nbsp;&nbsp;&nbsp;UART_TxString
<LI><a href="#[24f959c]">&gt;&gt;</a>&nbsp;&nbsp;&nbsp;RTC_GetDateTime
<LI><a href="#[24f9650]">&gt;&gt;</a>&nbsp;&nbsp;&nbsp;LCD_Printf
<LI><a href="#[24f968c]">&gt;&gt;</a>&nbsp;&nbsp;&nbsp;LCD_GoToLine
<LI><a href="#[24f96c8]">&gt;&gt;</a>&nbsp;&nbsp;&nbsp;LCD_Clear
<LI><a href="#[24f97b8]">&gt;&gt;</a>&nbsp;&nbsp;&nbsp;Createlog
<LI><a href="#[24f9bf0]">&gt;&gt;</a>&nbsp;&nbsp;&nbsp;PackOffLog
<LI><a href="#[24f9e84]">&gt;&gt;</a>&nbsp;&nbsp;&nbsp;ShutDownModule
<LI><a href="#[24f9ec0]">&gt;&gt;</a>&nbsp;&nbsp;&nbsp;RestartModule
<LI><a href="#[24f9efc]">&gt;&gt;</a>&nbsp;&nbsp;&nbsp;Module_Initializing
<LI><a href="#[24fa2f8]">&gt;&gt;</a>&nbsp;&nbsp;&nbsp;SendATandExpectResponse
<LI><a href="#[24fa334]">&gt;&gt;</a>&nbsp;&nbsp;&nbsp;WaitForStatus200_302
<LI><a href="#[24fa370]">&gt;&gt;</a>&nbsp;&nbsp;&nbsp;WaitForExpectedResponse
<LI><a href="#[24fdfac]">&gt;&gt;</a>&nbsp;&nbsp;&nbsp;DELAY_ms
<LI><a href="#[25a8998]">&gt;&gt;</a>&nbsp;&nbsp;&nbsp;__aeabi_memclr
<LI><a href="#[25a8dd0]">&gt;&gt;</a>&nbsp;&nbsp;&nbsp;strlen
<LI><a href="#[25a90a0]">&gt;&gt;</a>&nbsp;&nbsp;&nbsp;strstr
<LI><a href="#[25aa84c]">&gt;&gt;</a>&nbsp;&nbsp;&nbsp;__2sprintf
</UL>
<BR>[Called By]<UL><LI><a href="#[24f9bf0]">&gt;&gt;</a>&nbsp;&nbsp;&nbsp;PackOffLog
</UL>

<P><STRONG><a name="[24f9c68]"></a>HTTP_SetURL</STRONG> (Thumb, 720 bytes, Stack size 40 bytes, gprs.o(.text), UNUSED)
<BR><BR>[Calls]<UL><LI><a href="#[24f92cc]">&gt;&gt;</a>&nbsp;&nbsp;&nbsp;WDT_Feed
<LI><a href="#[24f9308]">&gt;&gt;</a>&nbsp;&nbsp;&nbsp;UART_TxString
<LI><a href="#[24fa2f8]">&gt;&gt;</a>&nbsp;&nbsp;&nbsp;SendATandExpectResponse
<LI><a href="#[24fa370]">&gt;&gt;</a>&nbsp;&nbsp;&nbsp;WaitForExpectedResponse
<LI><a href="#[25a8dd0]">&gt;&gt;</a>&nbsp;&nbsp;&nbsp;strlen
<LI><a href="#[25aa84c]">&gt;&gt;</a>&nbsp;&nbsp;&nbsp;__2sprintf
</UL>
<BR>[Called By]<UL><LI><a href="#[24f9bf0]">&gt;&gt;</a>&nbsp;&nbsp;&nbsp;PackOffLog
</UL>

<P><STRONG><a name="[24f9c2c]"></a>Check_LocalIP</STRONG> (Thumb, 44 bytes, Stack size 8 bytes, gprs.o(.text), UNUSED)
<BR><BR>[Calls]<UL><LI><a href="#[24f92cc]">&gt;&gt;</a>&nbsp;&nbsp;&nbsp;WDT_Feed
<LI><a href="#[24f9308]">&gt;&gt;</a>&nbsp;&nbsp;&nbsp;UART_TxString
<LI><a href="#[24fa370]">&gt;&gt;</a>&nbsp;&nbsp;&nbsp;WaitForExpectedResponse
</UL>
<BR>[Called By]<UL><LI><a href="#[24f9bf0]">&gt;&gt;</a>&nbsp;&nbsp;&nbsp;PackOffLog
<LI><a href="#[25ad114]">&gt;&gt;</a>&nbsp;&nbsp;&nbsp;SendingLog
<LI><a href="#[25ad150]">&gt;&gt;</a>&nbsp;&nbsp;&nbsp;PacketLog
</UL>

<P><STRONG><a name="[24f9bf0]"></a>PackOffLog</STRONG> (Thumb, 96 bytes, Stack size 16 bytes, gprs.o(.text), UNUSED)
<BR><BR>[Calls]<UL><LI><a href="#[24f9650]">&gt;&gt;</a>&nbsp;&nbsp;&nbsp;LCD_Printf
<LI><a href="#[24f96c8]">&gt;&gt;</a>&nbsp;&nbsp;&nbsp;LCD_Clear
<LI><a href="#[24f9c2c]">&gt;&gt;</a>&nbsp;&nbsp;&nbsp;Check_LocalIP
<LI><a href="#[24f9c68]">&gt;&gt;</a>&nbsp;&nbsp;&nbsp;HTTP_SetURL
<LI><a href="#[24f9ca4]">&gt;&gt;</a>&nbsp;&nbsp;&nbsp;HTTP_Post
<LI><a href="#[24fa064]">&gt;&gt;</a>&nbsp;&nbsp;&nbsp;modemCheck_initialization
<LI><a href="#[24fdfac]">&gt;&gt;</a>&nbsp;&nbsp;&nbsp;DELAY_ms
</UL>
<BR>[Called By]<UL><LI><a href="#[24f99d4]">&gt;&gt;</a>&nbsp;&nbsp;&nbsp;sampleTestlog
<LI><a href="#[24f9ca4]">&gt;&gt;</a>&nbsp;&nbsp;&nbsp;HTTP_Post
<LI><a href="#[25ad150]">&gt;&gt;</a>&nbsp;&nbsp;&nbsp;PacketLog
<LI><a href="#[25adc18]">&gt;&gt;</a>&nbsp;&nbsp;&nbsp;retrylog
</UL>

<P><STRONG><a name="[24f9bb4]"></a>Check_QIState</STRONG> (Thumb, 42 bytes, Stack size 8 bytes, gprs.o(.text), UNUSED)
<BR><BR>[Calls]<UL><LI><a href="#[24f9308]">&gt;&gt;</a>&nbsp;&nbsp;&nbsp;UART_TxString
<LI><a href="#[24fa370]">&gt;&gt;</a>&nbsp;&nbsp;&nbsp;WaitForExpectedResponse
</UL>
<BR>[Called By]<UL><LI><a href="#[24f99d4]">&gt;&gt;</a>&nbsp;&nbsp;&nbsp;sampleTestlog
<LI><a href="#[25ad150]">&gt;&gt;</a>&nbsp;&nbsp;&nbsp;PacketLog
</UL>

<P><STRONG><a name="[24f9b78]"></a>myExtIntrIsr_1</STRONG> (Thumb, 34 bytes, Stack size 0 bytes, gprs.o(.text))
<BR>[Address Reference Count : 1]<UL><LI> gprs.o(.text)
</UL>
<P><STRONG><a name="[24f9b3c]"></a>GSM_Delete_All_Msg</STRONG> (Thumb, 32 bytes, Stack size 8 bytes, gprs.o(.text), UNUSED)
<BR><BR>[Calls]<UL><LI><a href="#[24f9308]">&gt;&gt;</a>&nbsp;&nbsp;&nbsp;UART_TxString
<LI><a href="#[24fa370]">&gt;&gt;</a>&nbsp;&nbsp;&nbsp;WaitForExpectedResponse
</UL>
<BR>[Called By]<UL><LI><a href="#[24f9a4c]">&gt;&gt;</a>&nbsp;&nbsp;&nbsp;readSMS
</UL>

<P><STRONG><a name="[24f9b00]"></a>GSM_Msg_Delete</STRONG> (Thumb, 54 bytes, Stack size 32 bytes, gprs.o(.text), UNUSED)
<BR><BR>[Calls]<UL><LI><a href="#[24f9308]">&gt;&gt;</a>&nbsp;&nbsp;&nbsp;UART_TxString
<LI><a href="#[24fa370]">&gt;&gt;</a>&nbsp;&nbsp;&nbsp;WaitForExpectedResponse
<LI><a href="#[25aa84c]">&gt;&gt;</a>&nbsp;&nbsp;&nbsp;__2sprintf
</UL>
<BR>[Called By]<UL><LI><a href="#[24f9a4c]">&gt;&gt;</a>&nbsp;&nbsp;&nbsp;readSMS
</UL>

<P><STRONG><a name="[24f9ac4]"></a>GSM_Msg_Display</STRONG> (Thumb, 400 bytes, Stack size 16 bytes, gprs.o(.text), UNUSED)
<BR><BR>[Calls]<UL><LI><a href="#[24f92cc]">&gt;&gt;</a>&nbsp;&nbsp;&nbsp;WDT_Feed
<LI><a href="#[24f9308]">&gt;&gt;</a>&nbsp;&nbsp;&nbsp;UART_TxString
<LI><a href="#[24f97b8]">&gt;&gt;</a>&nbsp;&nbsp;&nbsp;Createlog
<LI><a href="#[24fdfac]">&gt;&gt;</a>&nbsp;&nbsp;&nbsp;DELAY_ms
<LI><a href="#[25a8998]">&gt;&gt;</a>&nbsp;&nbsp;&nbsp;__aeabi_memclr
<LI><a href="#[25a90a0]">&gt;&gt;</a>&nbsp;&nbsp;&nbsp;strstr
<LI><a href="#[25aa84c]">&gt;&gt;</a>&nbsp;&nbsp;&nbsp;__2sprintf
</UL>
<BR>[Called By]<UL><LI><a href="#[24f9a88]">&gt;&gt;</a>&nbsp;&nbsp;&nbsp;GSM_Msg_Read
</UL>

<P><STRONG><a name="[24f9a88]"></a>GSM_Msg_Read</STRONG> (Thumb, 58 bytes, Stack size 24 bytes, gprs.o(.text), UNUSED)
<BR><BR>[Calls]<UL><LI><a href="#[24f9308]">&gt;&gt;</a>&nbsp;&nbsp;&nbsp;UART_TxString
<LI><a href="#[24f9ac4]">&gt;&gt;</a>&nbsp;&nbsp;&nbsp;GSM_Msg_Display
<LI><a href="#[24fa370]">&gt;&gt;</a>&nbsp;&nbsp;&nbsp;WaitForExpectedResponse
<LI><a href="#[24fa3ac]">&gt;&gt;</a>&nbsp;&nbsp;&nbsp;Buffer_Flush
<LI><a href="#[25aa84c]">&gt;&gt;</a>&nbsp;&nbsp;&nbsp;__2sprintf
</UL>
<BR>[Called By]<UL><LI><a href="#[24f9a4c]">&gt;&gt;</a>&nbsp;&nbsp;&nbsp;readSMS
</UL>

<P><STRONG><a name="[24f9a4c]"></a>readSMS</STRONG> (Thumb, 1576 bytes, Stack size 72 bytes, gprs.o(.text), UNUSED)
<BR><BR>[Calls]<UL><LI><a href="#[24f8de0]">&gt;&gt;</a>&nbsp;&nbsp;&nbsp;smsUpdateConfig
<LI><a href="#[24f8e58]">&gt;&gt;</a>&nbsp;&nbsp;&nbsp;readconfigfile
<LI><a href="#[24f92cc]">&gt;&gt;</a>&nbsp;&nbsp;&nbsp;WDT_Feed
<LI><a href="#[24f9308]">&gt;&gt;</a>&nbsp;&nbsp;&nbsp;UART_TxString
<LI><a href="#[24f9650]">&gt;&gt;</a>&nbsp;&nbsp;&nbsp;LCD_Printf
<LI><a href="#[24f968c]">&gt;&gt;</a>&nbsp;&nbsp;&nbsp;LCD_GoToLine
<LI><a href="#[24f96c8]">&gt;&gt;</a>&nbsp;&nbsp;&nbsp;LCD_Clear
<LI><a href="#[24f9a88]">&gt;&gt;</a>&nbsp;&nbsp;&nbsp;GSM_Msg_Read
<LI><a href="#[24f9b00]">&gt;&gt;</a>&nbsp;&nbsp;&nbsp;GSM_Msg_Delete
<LI><a href="#[24f9b3c]">&gt;&gt;</a>&nbsp;&nbsp;&nbsp;GSM_Delete_All_Msg
<LI><a href="#[24fa370]">&gt;&gt;</a>&nbsp;&nbsp;&nbsp;WaitForExpectedResponse
<LI><a href="#[24fd82c]">&gt;&gt;</a>&nbsp;&nbsp;&nbsp;ascii_integer
<LI><a href="#[24fdef8]">&gt;&gt;</a>&nbsp;&nbsp;&nbsp;UART_Printf
<LI><a href="#[24fdfac]">&gt;&gt;</a>&nbsp;&nbsp;&nbsp;DELAY_ms
<LI><a href="#[25a8998]">&gt;&gt;</a>&nbsp;&nbsp;&nbsp;__aeabi_memclr
<LI><a href="#[25a8fb0]">&gt;&gt;</a>&nbsp;&nbsp;&nbsp;strcpy
<LI><a href="#[25a90a0]">&gt;&gt;</a>&nbsp;&nbsp;&nbsp;strstr
<LI><a href="#[25a9190]">&gt;&gt;</a>&nbsp;&nbsp;&nbsp;strchr
<LI><a href="#[25a92bc]">&gt;&gt;</a>&nbsp;&nbsp;&nbsp;strtok
<LI><a href="#[25aa84c]">&gt;&gt;</a>&nbsp;&nbsp;&nbsp;__2sprintf
</UL>
<BR>[Called By]<UL><LI><a href="#[24f99d4]">&gt;&gt;</a>&nbsp;&nbsp;&nbsp;sampleTestlog
<LI><a href="#[25ad114]">&gt;&gt;</a>&nbsp;&nbsp;&nbsp;SendingLog
<LI><a href="#[25ad150]">&gt;&gt;</a>&nbsp;&nbsp;&nbsp;PacketLog
</UL>

<P><STRONG><a name="[24f9a10]"></a>SMS_READ_Setting</STRONG> (Thumb, 166 bytes, Stack size 8 bytes, gprs.o(.text), UNUSED)
<BR><BR>[Calls]<UL><LI><a href="#[24f92cc]">&gt;&gt;</a>&nbsp;&nbsp;&nbsp;WDT_Feed
<LI><a href="#[24f9308]">&gt;&gt;</a>&nbsp;&nbsp;&nbsp;UART_TxString
<LI><a href="#[24fa370]">&gt;&gt;</a>&nbsp;&nbsp;&nbsp;WaitForExpectedResponse
<LI><a href="#[24fdfac]">&gt;&gt;</a>&nbsp;&nbsp;&nbsp;DELAY_ms
</UL>
<BR>[Called By]<UL><LI><a href="#[24f99d4]">&gt;&gt;</a>&nbsp;&nbsp;&nbsp;sampleTestlog
<LI><a href="#[25ad114]">&gt;&gt;</a>&nbsp;&nbsp;&nbsp;SendingLog
<LI><a href="#[25ad150]">&gt;&gt;</a>&nbsp;&nbsp;&nbsp;PacketLog
</UL>

<P><STRONG><a name="[24f99d4]"></a>sampleTestlog</STRONG> (Thumb, 900 bytes, Stack size 176 bytes, gprs.o(.text), UNUSED)
<BR><BR>[Calls]<UL><LI><a href="#[24f8e94]">&gt;&gt;</a>&nbsp;&nbsp;&nbsp;readATRH
<LI><a href="#[24f92cc]">&gt;&gt;</a>&nbsp;&nbsp;&nbsp;WDT_Feed
<LI><a href="#[24f9380]">&gt;&gt;</a>&nbsp;&nbsp;&nbsp;UART1_EnableBuffer_Interrupt
<LI><a href="#[24f93bc]">&gt;&gt;</a>&nbsp;&nbsp;&nbsp;UART1_DisableBuffer_Interrupt
<LI><a href="#[24f9470]">&gt;&gt;</a>&nbsp;&nbsp;&nbsp;Read_WindSensor
<LI><a href="#[24f959c]">&gt;&gt;</a>&nbsp;&nbsp;&nbsp;RTC_GetDateTime
[...]
</UL>
<BR>[Calls]<UL><LI><a href="#[25abf80]">&gt;&gt;</a>&nbsp;&nbsp;&nbsp;clst2sect
<LI><a href="#[25ac034]">&gt;&gt;</a>&nbsp;&nbsp;&nbsp;sync_window
<LI><a href="#[25ac1d8]">&gt;&gt;</a>&nbsp;&nbsp;&nbsp;mem_set
<LI><a href="#[25ae104]">&gt;&gt;</a>&nbsp;&nbsp;&nbsp;disk_write
</UL>
<BR>[Called By]<UL><LI><a href="#[25abddc]">&gt;&gt;</a>&nbsp;&nbsp;&nbsp;dir_next
<LI><a href="#[25ad8d0]">&gt;&gt;</a>&nbsp;&nbsp;&nbsp;f_mkdir
</UL>

<P><STRONG><a name="[25abe18]"></a>dir_sdi</STRONG> (Thumb, 190 bytes, Stack size 24 bytes, ff.o(.text))
<BR><BR>[Stack]<UL><LI>Max Depth = 64<LI>Call Chain = dir_sdi &rArr; get_fat &rArr;  move_window (Cycle)
</UL>
<BR>[Calls]<UL><LI><a href="#[25abf44]">&gt;&gt;</a>&nbsp;&nbsp;&nbsp;get_fat
<LI><a href="#[25abf80]">&gt;&gt;</a>&nbsp;&nbsp;&nbsp;clst2sect
</UL>
<BR>[Called By]<UL><LI><a href="#[25ab5a8]">&gt;&gt;</a>&nbsp;&nbsp;&nbsp;f_setlabel
<LI><a href="#[25ab698]">&gt;&gt;</a>&nbsp;&nbsp;&nbsp;f_getcwd
<LI><a href="#[25aba58]">&gt;&gt;</a>&nbsp;&nbsp;&nbsp;follow_path
<LI><a href="#[25abb0c]">&gt;&gt;</a>&nbsp;&nbsp;&nbsp;dir_remove
<LI><a href="#[25abb48]">&gt;&gt;</a>&nbsp;&nbsp;&nbsp;dir_register
<LI><a href="#[25abb84]">&gt;&gt;</a>&nbsp;&nbsp;&nbsp;dir_find
<LI><a href="#[25abda0]">&gt;&gt;</a>&nbsp;&nbsp;&nbsp;dir_alloc
<LI><a href="#[25ad63c]">&gt;&gt;</a>&nbsp;&nbsp;&nbsp;f_unlink
<LI><a href="#[25ad72c]">&gt;&gt;</a>&nbsp;&nbsp;&nbsp;f_readdir
<LI><a href="#[25ad7e0]">&gt;&gt;</a>&nbsp;&nbsp;&nbsp;f_opendir
<LI><a href="#[25ad984]">&gt;&gt;</a>&nbsp;&nbsp;&nbsp;f_getlabel
</UL>

<P><STRONG><a name="[25abddc]"></a>dir_next</STRONG> (Thumb, 234 bytes, Stack size 24 bytes, ff.o(.text))
<BR><BR>[Stack]<UL><LI>Max Depth = 144<LI>Call Chain = dir_next &rArr; dir_clear &rArr; sync_window &rArr; disk_write &rArr; send_cmd &rArr;  send_cmd (Cycle)
</UL>
<BR>[Calls]<UL><LI><a href="#[25abe54]">&gt;&gt;</a>&nbsp;&nbsp;&nbsp;dir_clear
<LI><a href="#[25abe90]">&gt;&gt;</a>&nbsp;&nbsp;&nbsp;create_chain
<LI><a href="#[25abf44]">&gt;&gt;</a>&nbsp;&nbsp;&nbsp;get_fat
<LI><a href="#[25abf80]">&gt;&gt;</a>&nbsp;&nbsp;&nbsp;clst2sect
</UL>
<BR>[Called By]<UL><LI><a href="#[25ab698]">&gt;&gt;</a>&nbsp;&nbsp;&nbsp;f_getcwd
<LI><a href="#[25abb0c]">&gt;&gt;</a>&nbsp;&nbsp;&nbsp;dir_remove
<LI><a href="#[25abb48]">&gt;&gt;</a>&nbsp;&nbsp;&nbsp;dir_register
<LI><a href="#[25abb84]">&gt;&gt;</a>&nbsp;&nbsp;&nbsp;dir_find
<LI><a href="#[25abbc0]">&gt;&gt;</a>&nbsp;&nbsp;&nbsp;dir_read
<LI><a href="#[25abda0]">&gt;&gt;</a>&nbsp;&nbsp;&nbsp;dir_alloc
<LI><a href="#[25ad72c]">&gt;&gt;</a>&nbsp;&nbsp;&nbsp;f_readdir
</UL>

<P><STRONG><a name="[25abda0]"></a>dir_alloc</STRONG> (Thumb, 96 bytes, Stack size 24 bytes, ff.o(.text))
<BR><BR>[Stack]<UL><LI>Max Depth = 232<LI>Call Chain = dir_alloc &rArr; move_window &rArr; disk_read &rArr; vd_read &rArr; f_read &rArr;  disk_read (Cycle)
</UL>
<BR>[Calls]<UL><LI><a href="#[25abddc]">&gt;&gt;</a>&nbsp;&nbsp;&nbsp;dir_next
<LI><a href="#[25abe18]">&gt;&gt;</a>&nbsp;&nbsp;&nbsp;dir_sdi
<LI><a href="#[25abff8]">&gt;&gt;</a>&nbsp;&nbsp;&nbsp;move_window
</UL>
<BR>[Called By]<UL><LI><a href="#[25ab5a8]">&gt;&gt;</a>&nbsp;&nbsp;&nbsp;f_setlabel
<LI><a href="#[25abb48]">&gt;&gt;</a>&nbsp;&nbsp;&nbsp;dir_register
</UL>

<P><STRONG><a name="[25abd64]"></a>ld_clust</STRONG> (Thumb, 38 bytes, Stack size 16 bytes, ff.o(.text))
<BR><BR>[Stack]<UL><LI>Max Depth = 16<LI>Call Chain = ld_clust
</UL>
<BR>[Calls]<UL><LI><a href="#[25ac304]">&gt;&gt;</a>&nbsp;&nbsp;&nbsp;ld_word
</UL>
<BR>[Called By]<UL><LI><a href="#[25ab698]">&gt;&gt;</a>&nbsp;&nbsp;&nbsp;f_getcwd
<LI><a href="#[25aba58]">&gt;&gt;</a>&nbsp;&nbsp;&nbsp;follow_path
<LI><a href="#[25ad63c]">&gt;&gt;</a>&nbsp;&nbsp;&nbsp;f_unlink
<LI><a href="#[25ad6f0]">&gt;&gt;</a>&nbsp;&nbsp;&nbsp;f_rename
<LI><a href="#[25ad7e0]">&gt;&gt;</a>&nbsp;&nbsp;&nbsp;f_opendir
<LI><a href="#[25ad81c]">&gt;&gt;</a>&nbsp;&nbsp;&nbsp;f_open
<LI><a href="#[25ada74]">&gt;&gt;</a>&nbsp;&nbsp;&nbsp;f_chdir
</UL>

<P><STRONG><a name="[25abd28]"></a>st_clust</STRONG> (Thumb, 36 bytes, Stack size 16 bytes, ff.o(.text))
<BR><BR>[Stack]<UL><LI>Max Depth = 16<LI>Call Chain = st_clust
</UL>
<BR>[Calls]<UL><LI><a href="#[25ac28c]">&gt;&gt;</a>&nbsp;&nbsp;&nbsp;st_word
</UL>
<BR>[Called By]<UL><LI><a href="#[25ad678]">&gt;&gt;</a>&nbsp;&nbsp;&nbsp;f_sync
<LI><a href="#[25ad6f0]">&gt;&gt;</a>&nbsp;&nbsp;&nbsp;f_rename
<LI><a href="#[25ad81c]">&gt;&gt;</a>&nbsp;&nbsp;&nbsp;f_open
<LI><a href="#[25ad8d0]">&gt;&gt;</a>&nbsp;&nbsp;&nbsp;f_mkdir
</UL>

<P><STRONG><a name="[25abcec]"></a>cmp_lfn</STRONG> (Thumb, 148 bytes, Stack size 32 bytes, ff.o(.text))
<BR><BR>[Stack]<UL><LI>Max Depth = 48<LI>Call Chain = cmp_lfn &rArr; ff_wtoupper
</UL>
<BR>[Calls]<UL><LI><a href="#[25ab440]">&gt;&gt;</a>&nbsp;&nbsp;&nbsp;ff_wtoupper
<LI><a href="#[25ac304]">&gt;&gt;</a>&nbsp;&nbsp;&nbsp;ld_word
</UL>
<BR>[Called By]<UL><LI><a href="#[25abb84]">&gt;&gt;</a>&nbsp;&nbsp;&nbsp;dir_find
</UL>

<P><STRONG><a name="[25abcb0]"></a>pick_lfn</STRONG> (Thumb, 136 bytes, Stack size 32 bytes, ff.o(.text), UNUSED)
<BR><BR>[Calls]<UL><LI><a href="#[25ac304]">&gt;&gt;</a>&nbsp;&nbsp;&nbsp;ld_word
</UL>
<BR>[Called By]<UL><LI><a href="#[25abbc0]">&gt;&gt;</a>&nbsp;&nbsp;&nbsp;dir_read
</UL>

<P><STRONG><a name="[25abc74]"></a>put_lfn</STRONG> (Thumb, 126 bytes, Stack size 32 bytes, ff.o(.text))
<BR><BR>[Stack]<UL><LI>Max Depth = 32<LI>Call Chain = put_lfn
</UL>
<BR>[Calls]<UL><LI><a href="#[25ac28c]">&gt;&gt;</a>&nbsp;&nbsp;&nbsp;st_word
</UL>
<BR>[Called By]<UL><LI><a href="#[25abb48]">&gt;&gt;</a>&nbsp;&nbsp;&nbsp;dir_register
</UL>

<P><STRONG><a name="[25abc38]"></a>gen_numname</STRONG> (Thumb, 218 bytes, Stack size 64 bytes, ff.o(.text))
<BR><BR>[Stack]<UL><LI>Max Depth = 76<LI>Call Chain = gen_numname &rArr; mem_cpy
</UL>
<BR>[Calls]<UL><LI><a href="#[25ac124]">&gt;&gt;</a>&nbsp;&nbsp;&nbsp;dbc_1st
<LI><a href="#[25ac214]">&gt;&gt;</a>&nbsp;&nbsp;&nbsp;mem_cpy
</UL>
<BR>[Called By]<UL><LI><a href="#[25abb48]">&gt;&gt;</a>&nbsp;&nbsp;&nbsp;dir_register
</UL>

<P><STRONG><a name="[25abbfc]"></a>sum_sfn</STRONG> (Thumb, 32 bytes, Stack size 12 bytes, ff.o(.text))
<BR><BR>[Stack]<UL><LI>Max Depth = 12<LI>Call Chain = sum_sfn
</UL>
<BR>[Called By]<UL><LI><a href="#[25abb48]">&gt;&gt;</a>&nbsp;&nbsp;&nbsp;dir_register
<LI><a href="#[25abb84]">&gt;&gt;</a>&nbsp;&nbsp;&nbsp;dir_find
<LI><a href="#[25abbc0]">&gt;&gt;</a>&nbsp;&nbsp;&nbsp;dir_read
</UL>

<P><STRONG><a name="[25abbc0]"></a>dir_read</STRONG> (Thumb, 220 bytes, Stack size 40 bytes, ff.o(.text), UNUSED)
<BR><BR>[Calls]<UL><LI><a href="#[25abbfc]">&gt;&gt;</a>&nbsp;&nbsp;&nbsp;sum_sfn
<LI><a href="#[25abcb0]">&gt;&gt;</a>&nbsp;&nbsp;&nbsp;pick_lfn
<LI><a href="#[25abddc]">&gt;&gt;</a>&nbsp;&nbsp;&nbsp;dir_next
<LI><a href="#[25abff8]">&gt;&gt;</a>&nbsp;&nbsp;&nbsp;move_window
</UL>
<BR>[Called By]<UL><LI><a href="#[25ab5a8]">&gt;&gt;</a>&nbsp;&nbsp;&nbsp;f_setlabel
<LI><a href="#[25ab698]">&gt;&gt;</a>&nbsp;&nbsp;&nbsp;f_getcwd
<LI><a href="#[25ad63c]">&gt;&gt;</a>&nbsp;&nbsp;&nbsp;f_unlink
<LI><a href="#[25ad72c]">&gt;&gt;</a>&nbsp;&nbsp;&nbsp;f_readdir
<LI><a href="#[25ad984]">&gt;&gt;</a>&nbsp;&nbsp;&nbsp;f_getlabel
</UL>

<P><STRONG><a name="[25abb84]"></a>dir_find</STRONG> (Thumb, 262 bytes, Stack size 32 bytes, ff.o(.text))
<BR><BR>[Stack]<UL><LI>Max Depth = 240<LI>Call Chain = dir_find &rArr; move_window &rArr; disk_read &rArr; vd_read &rArr; f_read &rArr;  disk_read (Cycle)
</UL>
<BR>[Calls]<UL><LI><a href="#[25abbfc]">&gt;&gt;</a>&nbsp;&nbsp;&nbsp;sum_sfn
<LI><a href="#[25abcec]">&gt;&gt;</a>&nbsp;&nbsp;&nbsp;cmp_lfn
<LI><a href="#[25abddc]">&gt;&gt;</a>&nbsp;&nbsp;&nbsp;dir_next
<LI><a href="#[25abe18]">&gt;&gt;</a>&nbsp;&nbsp;&nbsp;dir_sdi
<LI><a href="#[25abff8]">&gt;&gt;</a>&nbsp;&nbsp;&nbsp;move_window
<LI><a href="#[25ac19c]">&gt;&gt;</a>&nbsp;&nbsp;&nbsp;mem_cmp
</UL>
<BR>[Called By]<UL><LI><a href="#[25aba58]">&gt;&gt;</a>&nbsp;&nbsp;&nbsp;follow_path
<LI><a href="#[25abb48]">&gt;&gt;</a>&nbsp;&nbsp;&nbsp;dir_register
</UL>

<P><STRONG><a name="[25abb48]"></a>dir_register</STRONG> (Thumb, 326 bytes, Stack size 48 bytes, ff.o(.text))
<BR><BR>[Stack]<UL><LI>Max Depth = 288<LI>Call Chain = dir_register &rArr; dir_find &rArr; move_window &rArr; disk_read &rArr; vd_read &rArr; f_read &rArr;  disk_read (Cycle)
</UL>
<BR>[Calls]<UL><LI><a href="#[25abb84]">&gt;&gt;</a>&nbsp;&nbsp;&nbsp;dir_find
<LI><a href="#[25abbfc]">&gt;&gt;</a>&nbsp;&nbsp;&nbsp;sum_sfn
<LI><a href="#[25abc38]">&gt;&gt;</a>&nbsp;&nbsp;&nbsp;gen_numname
<LI><a href="#[25abc74]">&gt;&gt;</a>&nbsp;&nbsp;&nbsp;put_lfn
<LI><a href="#[25abda0]">&gt;&gt;</a>&nbsp;&nbsp;&nbsp;dir_alloc
<LI><a href="#[25abddc]">&gt;&gt;</a>&nbsp;&nbsp;&nbsp;dir_next
<LI><a href="#[25abe18]">&gt;&gt;</a>&nbsp;&nbsp;&nbsp;dir_sdi
<LI><a href="#[25abff8]">&gt;&gt;</a>&nbsp;&nbsp;&nbsp;move_window
<LI><a href="#[25ac1d8]">&gt;&gt;</a>&nbsp;&nbsp;&nbsp;mem_set
<LI><a href="#[25ac214]">&gt;&gt;</a>&nbsp;&nbsp;&nbsp;mem_cpy
</UL>
<BR>[Called By]<UL><LI><a href="#[25ad6f0]">&gt;&gt;</a>&nbsp;&nbsp;&nbsp;f_rename
<LI><a href="#[25ad81c]">&gt;&gt;</a>&nbsp;&nbsp;&nbsp;f_open
<LI><a href="#[25ad8d0]">&gt;&gt;</a>&nbsp;&nbsp;&nbsp;f_mkdir
</UL>

<P><STRONG><a name="[25abb0c]"></a>dir_remove</STRONG> (Thumb, 94 bytes, Stack size 24 bytes, ff.o(.text), UNUSED)
<BR><BR>[Calls]<UL><LI><a href="#[25abddc]">&gt;&gt;</a>&nbsp;&nbsp;&nbsp;dir_next
<LI><a href="#[25abe18]">&gt;&gt;</a>&nbsp;&nbsp;&nbsp;dir_sdi
<LI><a href="#[25abff8]">&gt;&gt;</a>&nbsp;&nbsp;&nbsp;move_window
</UL>
<BR>[Called By]<UL><LI><a href="#[25ad63c]">&gt;&gt;</a>&nbsp;&nbsp;&nbsp;f_unlink
<LI><a href="#[25ad6f0]">&gt;&gt;</a>&nbsp;&nbsp;&nbsp;f_rename
</UL>

<P><STRONG><a name="[25abad0]"></a>get_fileinfo</STRONG> (Thumb, 388 bytes, Stack size 40 bytes, ff.o(.text), UNUSED)
<BR><BR>[Calls]<UL><LI><a href="#[25ac070]">&gt;&gt;</a>&nbsp;&nbsp;&nbsp;put_utf
<LI><a href="#[25ac2c8]">&gt;&gt;</a>&nbsp;&nbsp;&nbsp;ld_dword
<LI><a href="#[25ac304]">&gt;&gt;</a>&nbsp;&nbsp;&nbsp;ld_word
</UL>
<BR>[Called By]<UL><LI><a href="#[25ab698]">&gt;&gt;</a>&nbsp;&nbsp;&nbsp;f_getcwd
<LI><a href="#[25ad6b4]">&gt;&gt;</a>&nbsp;&nbsp;&nbsp;f_stat
<LI><a href="#[25ad72c]">&gt;&gt;</a>&nbsp;&nbsp;&nbsp;f_readdir
</UL>

<P><STRONG><a name="[25aba94]"></a>create_name</STRONG> (Thumb, 766 bytes, Stack size 56 bytes, ff.o(.text))
<BR><BR>[Stack]<UL><LI>Max Depth = 100<LI>Call Chain = create_name &rArr; tchar2uni &rArr; ff_oem2uni
</UL>
<BR>[Calls]<UL><LI><a href="#[25ab440]">&gt;&gt;</a>&nbsp;&nbsp;&nbsp;ff_wtoupper
<LI><a href="#[25ab47c]">&gt;&gt;</a>&nbsp;&nbsp;&nbsp;ff_uni2oem
<LI><a href="#[25ac0ac]">&gt;&gt;</a>&nbsp;&nbsp;&nbsp;tchar2uni
<LI><a href="#[25ac160]">&gt;&gt;</a>&nbsp;&nbsp;&nbsp;chk_chr
<LI><a href="#[25ac1d8]">&gt;&gt;</a>&nbsp;&nbsp;&nbsp;mem_set
</UL>
<BR>[Called By]<UL><LI><a href="#[25aba58]">&gt;&gt;</a>&nbsp;&nbsp;&nbsp;follow_path
</UL>

<P><STRONG><a name="[25aba58]"></a>follow_path</STRONG> (Thumb, 214 bytes, Stack size 32 bytes, ff.o(.text))
<BR><BR>[Stack]<UL><LI>Max Depth = 272<LI>Call Chain = follow_path &rArr; dir_find &rArr; move_window &rArr; disk_read &rArr; vd_read &rArr; f_read &rArr;  disk_read (Cycle)
</UL>
<BR>[Calls]<UL><LI><a href="#[25aba94]">&gt;&gt;</a>&nbsp;&nbsp;&nbsp;create_name
<LI><a href="#[25abb84]">&gt;&gt;</a>&nbsp;&nbsp;&nbsp;dir_find
<LI><a href="#[25abd64]">&gt;&gt;</a>&nbsp;&nbsp;&nbsp;ld_clust
<LI><a href="#[25abe18]">&gt;&gt;</a>&nbsp;&nbsp;&nbsp;dir_sdi
</UL>
<BR>[Called By]<UL><LI><a href="#[25ab5e4]">&gt;&gt;</a>&nbsp;&nbsp;&nbsp;f_utime
<LI><a href="#[25ab620]">&gt;&gt;</a>&nbsp;&nbsp;&nbsp;f_chmod
<LI><a href="#[25ad63c]">&gt;&gt;</a>&nbsp;&nbsp;&nbsp;f_unlink
<LI><a href="#[25ad6b4]">&gt;&gt;</a>&nbsp;&nbsp;&nbsp;f_stat
<LI><a href="#[25ad6f0]">&gt;&gt;</a>&nbsp;&nbsp;&nbsp;f_rename
<LI><a href="#[25ad7e0]">&gt;&gt;</a>&nbsp;&nbsp;&nbsp;f_opendir
<LI><a href="#[25ad81c]">&gt;&gt;</a>&nbsp;&nbsp;&nbsp;f_open
<LI><a href="#[25ad8d0]">&gt;&gt;</a>&nbsp;&nbsp;&nbsp;f_mkdir
<LI><a href="#[25ada74]">&gt;&gt;</a>&nbsp;&nbsp;&nbsp;f_chdir
</UL>

<P><STRONG><a name="[25aba1c]"></a>get_ldnumber</STRONG> (Thumb, 78 bytes, Stack size 16 bytes, ff.o(.text))
<BR><BR>[Stack]<UL><LI>Max Depth = 16<LI>Call Chain = get_ldnumber
</UL>
<BR>[Called By]<UL><LI><a href="#[25ab6d4]">&gt;&gt;</a>&nbsp;&nbsp;&nbsp;f_chdrive
<LI><a href="#[25ab968]">&gt;&gt;</a>&nbsp;&nbsp;&nbsp;mount_volume
<LI><a href="#[25ad6f0]">&gt;&gt;</a>&nbsp;&nbsp;&nbsp;f_rename
<LI><a href="#[25ad858]">&gt;&gt;</a>&nbsp;&nbsp;&nbsp;f_mount
<LI><a href="#[25ad894]">&gt;&gt;</a>&nbsp;&nbsp;&nbsp;f_mkfs
</UL>

<P><STRONG><a name="[25ab9e0]"></a>check_fs</STRONG> (Thumb, 222 bytes, Stack size 24 bytes, ff.o(.text))
<BR><BR>[Stack]<UL><LI>Max Depth = 232<LI>Call Chain = check_fs &rArr; move_window &rArr; disk_read &rArr; vd_read &rArr; f_read &rArr;  disk_read (Cycle)
</UL>
<BR>[Calls]<UL><LI><a href="#[25abff8]">&gt;&gt;</a>&nbsp;&nbsp;&nbsp;move_window
<LI><a href="#[25ac19c]">&gt;&gt;</a>&nbsp;&nbsp;&nbsp;mem_cmp
<LI><a href="#[25ac304]">&gt;&gt;</a>&nbsp;&nbsp;&nbsp;ld_word
</UL>
<BR>[Called By]<UL><LI><a href="#[25ab9a4]">&gt;&gt;</a>&nbsp;&nbsp;&nbsp;find_volume
</UL>

<P><STRONG><a name="[25ab9a4]"></a>find_volume</STRONG> (Thumb, 120 bytes, Stack size 40 bytes, ff.o(.text))
<BR><BR>[Stack]<UL><LI>Max Depth = 272<LI>Call Chain = find_volume &rArr; check_fs &rArr; move_window &rArr; disk_read &rArr; vd_read &rArr; f_read &rArr;  disk_read (Cycle)
</UL>
<BR>[Calls]<UL><LI><a href="#[25ab9e0]">&gt;&gt;</a>&nbsp;&nbsp;&nbsp;check_fs
<LI><a href="#[25ac2c8]">&gt;&gt;</a>&nbsp;&nbsp;&nbsp;ld_dword
</UL>
<BR>[Called By]<UL><LI><a href="#[25ab968]">&gt;&gt;</a>&nbsp;&nbsp;&nbsp;mount_volume
</UL>

<P><STRONG><a name="[25ab968]"></a>mount_volume</STRONG> (Thumb, 910 bytes, Stack size 72 bytes, ff.o(.text))
<BR><BR>[Stack]<UL><LI>Max Depth = 344<LI>Call Chain = mount_volume &rArr; find_volume &rArr; check_fs &rArr; move_window &rArr; disk_read &rArr; vd_read &rArr; f_read &rArr;  disk_read (Cycle)
</UL>
<BR>[Calls]<UL><LI><a href="#[25ab9a4]">&gt;&gt;</a>&nbsp;&nbsp;&nbsp;find_volume
<LI><a href="#[25aba1c]">&gt;&gt;</a>&nbsp;&nbsp;&nbsp;get_ldnumber
<LI><a href="#[25abff8]">&gt;&gt;</a>&nbsp;&nbsp;&nbsp;move_window
<LI><a href="#[25ac2c8]">&gt;&gt;</a>&nbsp;&nbsp;&nbsp;ld_dword
<LI><a href="#[25ac304]">&gt;&gt;</a>&nbsp;&nbsp;&nbsp;ld_word
<LI><a href="#[25ae0c8]">&gt;&gt;</a>&nbsp;&nbsp;&nbsp;disk_ioctl
<LI><a href="#[25ae17c]">&gt;&gt;</a>&nbsp;&nbsp;&nbsp;disk_status
<LI><a href="#[25ae1b8]">&gt;&gt;</a>&nbsp;&nbsp;&nbsp;disk_initialize
</UL>
<BR>[Called By]<UL><LI><a href="#[25ab5a8]">&gt;&gt;</a>&nbsp;&nbsp;&nbsp;f_setlabel
<LI><a href="#[25ab5e4]">&gt;&gt;</a>&nbsp;&nbsp;&nbsp;f_utime
<LI><a href="#[25ab620]">&gt;&gt;</a>&nbsp;&nbsp;&nbsp;f_chmod
<LI><a href="#[25ab698]">&gt;&gt;</a>&nbsp;&nbsp;&nbsp;f_getcwd
<LI><a href="#[25ad63c]">&gt;&gt;</a>&nbsp;&nbsp;&nbsp;f_unlink
<LI><a href="#[25ad6b4]">&gt;&gt;</a>&nbsp;&nbsp;&nbsp;f_stat
<LI><a href="#[25ad6f0]">&gt;&gt;</a>&nbsp;&nbsp;&nbsp;f_rename
<LI><a href="#[25ad7e0]">&gt;&gt;</a>&nbsp;&nbsp;&nbsp;f_opendir
<LI><a href="#[25ad81c]">&gt;&gt;</a>&nbsp;&nbsp;&nbsp;f_open
<LI><a href="#[25ad858]">&gt;&gt;</a>&nbsp;&nbsp;&nbsp;f_mount
<LI><a href="#[25ad8d0]">&gt;&gt;</a>&nbsp;&nbsp;&nbsp;f_mkdir
<LI><a href="#[25ad984]">&gt;&gt;</a>&nbsp;&nbsp;&nbsp;f_getlabel
<LI><a href="#[25ad9c0]">&gt;&gt;</a>&nbsp;&nbsp;&nbsp;f_getfree
<LI><a href="#[25ada74]">&gt;&gt;</a>&nbsp;&nbsp;&nbsp;f_chdir
</UL>

<P><STRONG><a name="[25ab92c]"></a>validate</STRONG> (Thumb, 60 bytes, Stack size 16 bytes, ff.o(.text))
<BR><BR>[Stack]<UL><LI>Max Depth = 24<LI>Call Chain = validate &rArr; disk_status
</UL>
<BR>[Calls]<UL><LI><a href="#[25ae17c]">&gt;&gt;</a>&nbsp;&nbsp;&nbsp;disk_status
</UL>
<BR>[Called By]<UL><LI><a href="#[25ab56c]">&gt;&gt;</a>&nbsp;&nbsp;&nbsp;f_expand
<LI><a href="#[25ab65c]">&gt;&gt;</a>&nbsp;&nbsp;&nbsp;f_truncate
<LI><a href="#[25ab710]">&gt;&gt;</a>&nbsp;&nbsp;&nbsp;f_write
<LI><a href="#[25ad678]">&gt;&gt;</a>&nbsp;&nbsp;&nbsp;f_sync
<LI><a href="#[25ad72c]">&gt;&gt;</a>&nbsp;&nbsp;&nbsp;f_readdir
<LI><a href="#[25ad768]">&gt;&gt;</a>&nbsp;&nbsp;&nbsp;f_read
<LI><a href="#[25ad90c]">&gt;&gt;</a>&nbsp;&nbsp;&nbsp;f_lseek
<LI><a href="#[25ad9fc]">&gt;&gt;</a>&nbsp;&nbsp;&nbsp;f_closedir
<LI><a href="#[25ada38]">&gt;&gt;</a>&nbsp;&nbsp;&nbsp;f_close
</UL>

<P><STRONG><a name="[25ab8f0]"></a>create_partition</STRONG> (Thumb, 418 bytes, Stack size 72 bytes, ff.o(.text), UNUSED)
<BR><BR>[Calls]<UL><LI><a href="#[25ac1d8]">&gt;&gt;</a>&nbsp;&nbsp;&nbsp;mem_set
<LI><a href="#[25ac250]">&gt;&gt;</a>&nbsp;&nbsp;&nbsp;st_dword
<LI><a href="#[25ac28c]">&gt;&gt;</a>&nbsp;&nbsp;&nbsp;st_word
<LI><a href="#[25ae0c8]">&gt;&gt;</a>&nbsp;&nbsp;&nbsp;disk_ioctl
<LI><a href="#[25ae104]">&gt;&gt;</a>&nbsp;&nbsp;&nbsp;disk_write
</UL>
<BR>[Called By]<UL><LI><a href="#[25ad894]">&gt;&gt;</a>&nbsp;&nbsp;&nbsp;f_mkfs
</UL>

<P><STRONG><a name="[25ab8b4]"></a>putc_bfd</STRONG> (Thumb, 78 bytes, Stack size 24 bytes, ff.o(.text))
<BR><BR>[Stack]<UL><LI>Max Depth = 272 + In Cycle
<LI>Call Chain = putc_bfd &rArr;  putc_bfd (Cycle)
</UL>
<BR>[Calls]<UL><LI><a href="#[25ab710]">&gt;&gt;</a>&nbsp;&nbsp;&nbsp;f_write
<LI><a href="#[25ab8b4]">&gt;&gt;</a>&nbsp;&nbsp;&nbsp;putc_bfd
</UL>
<BR>[Called By]<UL><LI><a href="#[25ab4f4]">&gt;&gt;</a>&nbsp;&nbsp;&nbsp;f_printf
<LI><a href="#[25ab530]">&gt;&gt;</a>&nbsp;&nbsp;&nbsp;f_putc
<LI><a href="#[25ab8b4]">&gt;&gt;</a>&nbsp;&nbsp;&nbsp;putc_bfd
<LI><a href="#[25ad7a4]">&gt;&gt;</a>&nbsp;&nbsp;&nbsp;f_puts
</UL>

<P><STRONG><a name="[25ab878]"></a>putc_flush</STRONG> (Thumb, 44 bytes, Stack size 16 bytes, ff.o(.text))
<BR><BR>[Stack]<UL><LI>Max Depth = 264<LI>Call Chain = putc_flush &rArr; f_write &rArr; disk_read &rArr; vd_read &rArr; f_read &rArr;  disk_read (Cycle)
</UL>
<BR>[Calls]<UL><LI><a href="#[25ab710]">&gt;&gt;</a>&nbsp;&nbsp;&nbsp;f_write
</UL>
<BR>[Called By]<UL><LI><a href="#[25ab4f4]">&gt;&gt;</a>&nbsp;&nbsp;&nbsp;f_printf
<LI><a href="#[25ab530]">&gt;&gt;</a>&nbsp;&nbsp;&nbsp;f_putc
<LI><a href="#[25ad7a4]">&gt;&gt;</a>&nbsp;&nbsp;&nbsp;f_puts
</UL>

<P><STRONG><a name="[25ab83c]"></a>putc_init</STRONG> (Thumb, 20 bytes, Stack size 16 bytes, ff.o(.text))
<BR><BR>[Stack]<UL><LI>Max Depth = 24<LI>Call Chain = putc_init &rArr; mem_set
</UL>
<BR>[Calls]<UL><LI><a href="#[25ac1d8]">&gt;&gt;</a>&nbsp;&nbsp;&nbsp;mem_set
</UL>
<BR>[Called By]<UL><LI><a href="#[25ab4f4]">&gt;&gt;</a>&nbsp;&nbsp;&nbsp;f_printf
<LI><a href="#[25ab530]">&gt;&gt;</a>&nbsp;&nbsp;&nbsp;f_putc
<LI><a href="#[25ad7a4]">&gt;&gt;</a>&nbsp;&nbsp;&nbsp;f_puts
</UL>

<P><STRONG><a name="[25a7e1c]"></a>_dadd1</STRONG> (Thumb, 0 bytes, Stack size unknown bytes, daddsub_clz.o(x$fpl$dadd), UNUSED)
<BR><BR>[Called By]<UL><LI><a href="#[25a7c3c]">&gt;&gt;</a>&nbsp;&nbsp;&nbsp;_dsub
<LI><a href="#[25a7cb4]">&gt;&gt;</a>&nbsp;&nbsp;&nbsp;_drsb
</UL>

<P><STRONG><a name="[25a7de0]"></a>_dsub1</STRONG> (Thumb, 0 bytes, Stack size unknown bytes, daddsub_clz.o(x$fpl$dsub), UNUSED)
<BR><BR>[Called By]<UL><LI><a href="#[25a7cb4]">&gt;&gt;</a>&nbsp;&nbsp;&nbsp;_drsb
<LI><a href="#[25a7d68]">&gt;&gt;</a>&nbsp;&nbsp;&nbsp;_dadd
</UL>

<P><STRONG><a name="[25a6b20]"></a>_fadd1</STRONG> (Thumb, 0 bytes, Stack size unknown bytes, faddsub_clz.o(x$fpl$fadd), UNUSED)
<BR><BR>[Called By]<UL><LI><a href="#[25a6940]">&gt;&gt;</a>&nbsp;&nbsp;&nbsp;_fsub
<LI><a href="#[25a69b8]">&gt;&gt;</a>&nbsp;&nbsp;&nbsp;_frsb
</UL>

<P><STRONG><a name="[25a6ae4]"></a>_fsub1</STRONG> (Thumb, 0 bytes, Stack size unknown bytes, faddsub_clz.o(x$fpl$fsub), UNUSED)
<BR><BR>[Called By]<UL><LI><a href="#[25a69b8]">&gt;&gt;</a>&nbsp;&nbsp;&nbsp;_frsb
<LI><a href="#[25a6a6c]">&gt;&gt;</a>&nbsp;&nbsp;&nbsp;_fadd
</UL>

<P><STRONG><a name="[25a4564]"></a>_printf_input_char</STRONG> (Thumb, 10 bytes, Stack size 0 bytes, _printf_char_common.o(.text))
<BR>[Address Reference Count : 1]<UL><LI> _printf_char_common.o(.text)
</UL><P>
<H3>
Undefined Global Symbols
</H3><HR></body></html>
