<html>
<body>
<pre>
<h1>µVision Build Log</h1>
<h2>Project:</h2>
H:\IMD\ARUN_ZRT_1\2022-010-AWS4G-MAHAVEDH-FRT-CUMULATIVE_RAIN-main\2022-010-AWS4G-MAHAVEDH-FRT-CUMULATIVE_RAIN-main\KEIL WORKSPACE\frt123.uvproj
Project File Date:  01/31/2023

<h2>Output:</h2>
Build target 'LPC17xx FLASH'
assembling startup_LPC17xx.s...
compiling system_LPC17xx.c...
compiling core_cm3.c...
compiling adc.c...
compiling convert.c...
compiling delay.c...
compiling extintr.c...
compiling gpio.c...
compiling gprs.c...
..\DRIVERS\source\gprs.c(161): warning:  #177-D: variable "pFullTime" was declared but never referenced
..\DRIVERS\source\gprs.c(1499): warning:  #940-D: missing return statement at end of non-void function "HTTP_Post"
..\DRIVERS\source\gprs.c(1843): warning:  #177-D: variable "returnStatus" was declared but never referenced
compiling lcd.c...
compiling lpc17xx_clkpwr.c...
compiling lpc17xx_wdt.c...
compiling rtc.c...
compiling spi.c...
compiling uart.c...
compiling WSWD.c...
compiling i2c0.c...
compiling ATRH.c...
compiling lpc17xx_libcfg_default.c...
compiling anomometer.c...
compiling systick.c...
compiling bod.c...
compiling mmc_176x_ssp.c...
..\DRIVERS\source\mmc_176x_ssp.c(846): warning:  #940-D: missing return statement at end of non-void function "create_file"
..\DRIVERS\source\mmc_176x_ssp.c(902): warning:  #940-D: missing return statement at end of non-void function "create_folder"
..\DRIVERS\source\mmc_176x_ssp.c(1404): warning:  #188-D: enumerated type mixed with another type
..\DRIVERS\source\mmc_176x_ssp.c(1747): warning:  #188-D: enumerated type mixed with another type
..\DRIVERS\source\mmc_176x_ssp.c(1755): warning:  #188-D: enumerated type mixed with another type
..\DRIVERS\source\mmc_176x_ssp.c(1758): warning:  #188-D: enumerated type mixed with another type
..\DRIVERS\source\mmc_176x_ssp.c(1739): warning:  #550-D: variable "packetcounter" was set but never used
compiling Log.c...
compiling main.c...
main.c(430): warning:  #128-D: loop is not reachable from preceding code
main.c(145): warning:  #177-D: variable "response" was declared but never referenced
main.c(145): warning:  #177-D: variable "retry" was declared but never referenced
main.c(145): warning:  #177-D: variable "responseStatus" was declared but never referenced
main.c(146): warning:  #177-D: variable "i" was declared but never referenced
compiling ff.c...
compiling ccsbcs.c...
compiling syscall.c...
compiling unicode.c...
linking...
Program Size: Code=76050 RO-data=62590 RW-data=1560 ZI-data=30804  
FromELF: creating hex file...
User command #1: fromelf --bin HEX\SKYSENSE-4G_MAHAVEDH.axf --output FIRMWARE.bin
Error: Q0108E: Could not create output file 'FIRMWARE.bin': Permission denied
Finished: 0 information, 0 warning and 1 error messages.
".\HEX\SKYSENSE-4G_MAHAVEDH.axf" - 0 Error(s), 15 Warning(s).
Build target 'LPC17xx FLASH'
assembling startup_LPC17xx.s...
compiling system_LPC17xx.c...
compiling core_cm3.c...
compiling adc.c...
compiling convert.c...
compiling delay.c...
compiling extintr.c...
compiling gpio.c...
compiling gprs.c...
..\DRIVERS\source\gprs.c(161): warning:  #177-D: variable "pFullTime" was declared but never referenced
..\DRIVERS\source\gprs.c(1499): warning:  #940-D: missing return statement at end of non-void function "HTTP_Post"
..\DRIVERS\source\gprs.c(1843): warning:  #177-D: variable "returnStatus" was declared but never referenced
compiling lcd.c...
compiling lpc17xx_clkpwr.c...
compiling lpc17xx_wdt.c...
compiling rtc.c...
compiling spi.c...
compiling uart.c...
compiling WSWD.c...
compiling i2c0.c...
compiling ATRH.c...
compiling lpc17xx_libcfg_default.c...
compiling anomometer.c...
compiling systick.c...
compiling bod.c...
compiling mmc_176x_ssp.c...
..\DRIVERS\source\mmc_176x_ssp.c(846): warning:  #940-D: missing return statement at end of non-void function "create_file"
..\DRIVERS\source\mmc_176x_ssp.c(902): warning:  #940-D: missing return statement at end of non-void function "create_folder"
..\DRIVERS\source\mmc_176x_ssp.c(1404): warning:  #188-D: enumerated type mixed with another type
..\DRIVERS\source\mmc_176x_ssp.c(1747): warning:  #188-D: enumerated type mixed with another type
..\DRIVERS\source\mmc_176x_ssp.c(1755): warning:  #188-D: enumerated type mixed with another type
..\DRIVERS\source\mmc_176x_ssp.c(1758): warning:  #188-D: enumerated type mixed with another type
..\DRIVERS\source\mmc_176x_ssp.c(1739): warning:  #550-D: variable "packetcounter" was set but never used
compiling Log.c...
compiling main.c...
main.c(430): warning:  #128-D: loop is not reachable from preceding code
main.c(145): warning:  #177-D: variable "response" was declared but never referenced
main.c(145): warning:  #177-D: variable "retry" was declared but never referenced
main.c(145): warning:  #177-D: variable "responseStatus" was declared but never referenced
main.c(146): warning:  #177-D: variable "i" was declared but never referenced
compiling ff.c...
compiling ccsbcs.c...
compiling syscall.c...
compiling unicode.c...
linking...
Program Size: Code=76050 RO-data=62586 RW-data=1560 ZI-data=30804  
FromELF: creating hex file...
User command #1: fromelf --bin HEX\SKYSENSE-4G_MAHAVEDH.axf --output FIRMWARE.bin
".\HEX\SKYSENSE-4G_MAHAVEDH.axf" - 0 Error(s), 15 Warning(s).
Build target 'LPC17xx FLASH'
assembling startup_LPC17xx.s...
compiling system_LPC17xx.c...
compiling core_cm3.c...
compiling adc.c...
compiling convert.c...
compiling delay.c...
compiling extintr.c...
compiling gpio.c...
compiling gprs.c...
..\DRIVERS\source\gprs.c(161): warning:  #177-D: variable "pFullTime" was declared but never referenced
..\DRIVERS\source\gprs.c(1499): warning:  #940-D: missing return statement at end of non-void function "HTTP_Post"
..\DRIVERS\source\gprs.c(1843): warning:  #177-D: variable "returnStatus" was declared but never referenced
compiling lcd.c...
compiling lpc17xx_clkpwr.c...
compiling lpc17xx_wdt.c...
compiling rtc.c...
compiling spi.c...
compiling uart.c...
compiling WSWD.c...
compiling i2c0.c...
compiling ATRH.c...
compiling lpc17xx_libcfg_default.c...
compiling anomometer.c...
compiling systick.c...
compiling bod.c...
compiling mmc_176x_ssp.c...
..\DRIVERS\source\mmc_176x_ssp.c(846): warning:  #940-D: missing return statement at end of non-void function "create_file"
..\DRIVERS\source\mmc_176x_ssp.c(902): warning:  #940-D: missing return statement at end of non-void function "create_folder"
..\DRIVERS\source\mmc_176x_ssp.c(1404): warning:  #188-D: enumerated type mixed with another type
..\DRIVERS\source\mmc_176x_ssp.c(1747): warning:  #188-D: enumerated type mixed with another type
..\DRIVERS\source\mmc_176x_ssp.c(1755): warning:  #188-D: enumerated type mixed with another type
..\DRIVERS\source\mmc_176x_ssp.c(1758): warning:  #188-D: enumerated type mixed with another type
..\DRIVERS\source\mmc_176x_ssp.c(1739): warning:  #550-D: variable "packetcounter" was set but never used
compiling Log.c...
compiling main.c...
main.c(430): warning:  #128-D: loop is not reachable from preceding code
main.c(145): warning:  #177-D: variable "response" was declared but never referenced
main.c(145): warning:  #177-D: variable "retry" was declared but never referenced
main.c(145): warning:  #177-D: variable "responseStatus" was declared but never referenced
main.c(146): warning:  #177-D: variable "i" was declared but never referenced
compiling ff.c...
compiling ccsbcs.c...
compiling syscall.c...
compiling unicode.c...
linking...
Program Size: Code=76050 RO-data=62586 RW-data=1560 ZI-data=30804  
FromELF: creating hex file...
User command #1: fromelf --bin HEX\SKYSENSE-4G_MAHAVEDH.axf --output FIRMWARE.bin
".\HEX\SKYSENSE-4G_MAHAVEDH.axf" - 0 Error(s), 15 Warning(s).
Build target 'LPC17xx FLASH'
assembling startup_LPC17xx.s...
compiling system_LPC17xx.c...
compiling core_cm3.c...
compiling adc.c...
compiling convert.c...
compiling delay.c...
compiling extintr.c...
compiling gpio.c...
compiling gprs.c...
..\DRIVERS\source\gprs.c(161): warning:  #177-D: variable "pFullTime" was declared but never referenced
..\DRIVERS\source\gprs.c(1499): warning:  #940-D: missing return statement at end of non-void function "HTTP_Post"
..\DRIVERS\source\gprs.c(1843): warning:  #177-D: variable "returnStatus" was declared but never referenced
compiling lcd.c...
compiling lpc17xx_clkpwr.c...
compiling lpc17xx_wdt.c...
compiling rtc.c...
compiling spi.c...
compiling uart.c...
compiling WSWD.c...
compiling i2c0.c...
compiling ATRH.c...
compiling lpc17xx_libcfg_default.c...
compiling anomometer.c...
compiling systick.c...
compiling bod.c...
compiling mmc_176x_ssp.c...
..\DRIVERS\source\mmc_176x_ssp.c(846): warning:  #940-D: missing return statement at end of non-void function "create_file"
..\DRIVERS\source\mmc_176x_ssp.c(902): warning:  #940-D: missing return statement at end of non-void function "create_folder"
..\DRIVERS\source\mmc_176x_ssp.c(1404): warning:  #188-D: enumerated type mixed with another type
..\DRIVERS\source\mmc_176x_ssp.c(1747): warning:  #188-D: enumerated type mixed with another type
..\DRIVERS\source\mmc_176x_ssp.c(1755): warning:  #188-D: enumerated type mixed with another type
..\DRIVERS\source\mmc_176x_ssp.c(1758): warning:  #188-D: enumerated type mixed with another type
..\DRIVERS\source\mmc_176x_ssp.c(1739): warning:  #550-D: variable "packetcounter" was set but never used
compiling Log.c...
compiling main.c...
main.c(430): warning:  #128-D: loop is not reachable from preceding code
main.c(145): warning:  #177-D: variable "response" was declared but never referenced
main.c(145): warning:  #177-D: variable "retry" was declared but never referenced
main.c(145): warning:  #177-D: variable "responseStatus" was declared but never referenced
main.c(146): warning:  #177-D: variable "i" was declared but never referenced
compiling ff.c...
compiling ccsbcs.c...
compiling syscall.c...
compiling unicode.c...
linking...
Program Size: Code=76014 RO-data=62590 RW-data=1560 ZI-data=30804  
FromELF: creating hex file...
User command #1: fromelf --bin HEX\SKYSENSE-4G_MAHAVEDH.axf --output FIRMWARE.bin
".\HEX\SKYSENSE-4G_MAHAVEDH.axf" - 0 Error(s), 15 Warning(s).
