ARM Linker, RVCT4.0 [Build 524] for uVision [Standard]

==============================================================================

Section Cross References

    startup_lpc17xx.o(STACK) refers (Special) to heapauxi.o(.text) for __use_two_region_memory
    startup_lpc17xx.o(HEAP) refers (Special) to heapauxi.o(.text) for __use_two_region_memory
    startup_lpc17xx.o(RESET) refers (Special) to heapauxi.o(.text) for __use_two_region_memory
    startup_lpc17xx.o(RESET) refers to startup_lpc17xx.o(STACK) for __initial_sp
    startup_lpc17xx.o(RESET) refers to startup_lpc17xx.o(.text) for Reset_Handler
    startup_lpc17xx.o(RESET) refers to systick.o(.text) for SysTick_Handler
    startup_lpc17xx.o(RESET) refers to uart.o(.text) for UART0_IRQHandler
    startup_lpc17xx.o(RESET) refers to rtc.o(.text) for RTC_IRQHandler
    startup_lpc17xx.o(RESET) refers to extintr.o(.text) for EINT0_IRQHandler
    startup_lpc17xx.o(RESET) refers to bod.o(.text) for BOD_IRQHandler
    startup_lpc17xx.o(.ARM.__at_0x02FC) refers (Special) to heapauxi.o(.text) for __use_two_region_memory
    startup_lpc17xx.o(.text) refers (Special) to heapauxi.o(.text) for __use_two_region_memory
    startup_lpc17xx.o(.text) refers to __main.o(!!!main) for __main
    startup_lpc17xx.o(.text) refers to startup_lpc17xx.o(HEAP) for Heap_Mem
    startup_lpc17xx.o(.text) refers to startup_lpc17xx.o(STACK) for Stack_Mem
    system_lpc17xx.o(.text) refers to system_lpc17xx.o(.data) for SystemCoreClock
    adc.o(.text) refers to gpio.o(.text) for GPIO_PinFunction
    adc.o(.text) refers to delay.o(.text) for DELAY_us
    adc.o(.text) refers to dflt_clz.o(x$fpl$dflt) for __aeabi_i2d
    adc.o(.text) refers to dmul.o(x$fpl$dmul) for __aeabi_dmul
    adc.o(.text) refers to ddiv.o(x$fpl$ddiv) for __aeabi_ddiv
    adc.o(.text) refers to d2f.o(x$fpl$d2f) for __aeabi_d2f
    adc.o(.text) refers to f2d.o(x$fpl$f2d) for __aeabi_f2d
    adc.o(.text) refers to convert.o(.text) for ftoa_signed
    adc.o(.text) refers to uart.o(.text) for UART_Printf
    adc.o(.text) refers to system_lpc17xx.o(.data) for SystemCoreClock
    adc.o(.text) refers to adc.o(.constdata) for AdcConfig
    adc.o(.text) refers to adc.o(.data) for adcValue0
    convert.o(.text) refers to ffix.o(x$fpl$ffix) for __aeabi_f2iz
    convert.o(.text) refers to fflt_clz.o(x$fpl$fflt) for __aeabi_i2f
    convert.o(.text) refers to faddsub_clz.o(x$fpl$frsb) for __aeabi_frsub
    convert.o(.text) refers to dflt_clz.o(x$fpl$dflt) for __aeabi_i2d
    convert.o(.text) refers to pow.o(i.pow) for pow
    convert.o(.text) refers to f2d.o(x$fpl$f2d) for __aeabi_f2d
    convert.o(.text) refers to dmul.o(x$fpl$dmul) for __aeabi_dmul
    convert.o(.text) refers to daddsub_clz.o(x$fpl$dadd) for __aeabi_dadd
    convert.o(.text) refers to d2f.o(x$fpl$d2f) for __aeabi_d2f
    convert.o(.text) refers to fdiv.o(x$fpl$fdiv) for __aeabi_fdiv
    convert.o(.text) refers to fmul.o(x$fpl$fmul) for __aeabi_fmul
    convert.o(.text) refers to faddsub_clz.o(x$fpl$fadd) for __aeabi_fadd
    convert.o(.text) refers to fleqf.o(x$fpl$fleqf) for __aeabi_cfcmple
    convert.o(.text) refers to feqf.o(x$fpl$feqf) for __aeabi_cfcmpeq
    extintr.o(.text) refers to gpio.o(.text) for GPIO_PinFunction
    extintr.o(.text) refers to extintr.o(.data) for EintConfigTable
    gprs.o(.text) refers (Special) to _printf_d.o(.ARM.Collect$$_printf_percent$$00000009) for _printf_d
    gprs.o(.text) refers (Special) to _printf_dec.o(.text) for _printf_int_dec
    gprs.o(.text) refers (Special) to _printf_percent.o(.ARM.Collect$$_printf_percent$$00000000) for _printf_percent
    gprs.o(.text) refers (Special) to _printf_pad.o(.text) for _printf_pre_padding
    gprs.o(.text) refers (Special) to _printf_s.o(.ARM.Collect$$_printf_percent$$00000014) for _printf_s
    gprs.o(.text) refers (Special) to _printf_str.o(.text) for _printf_str
    gprs.o(.text) refers to uart.o(.text) for UART_Printf
    gprs.o(.text) refers to rtc.o(.text) for RTC_ReadGPREG
    gprs.o(.text) refers to f2d.o(x$fpl$f2d) for __aeabi_f2d
    gprs.o(.text) refers to daddsub_clz.o(x$fpl$dadd) for __aeabi_dadd
    gprs.o(.text) refers to d2f.o(x$fpl$d2f) for __aeabi_d2f
    gprs.o(.text) refers to convert.o(.text) for ftoa
    gprs.o(.text) refers to dflt_clz.o(x$fpl$dfltu) for __aeabi_ui2d
    gprs.o(.text) refers to dmul.o(x$fpl$dmul) for __aeabi_dmul
    gprs.o(.text) refers to feqf.o(x$fpl$feqf) for __aeabi_cfcmpeq
    gprs.o(.text) refers to strlen.o(.text) for strlen
    gprs.o(.text) refers to delay.o(.text) for DELAY_ms
    gprs.o(.text) refers to rt_memmove_v6.o(.text) for __aeabi_memmove
    gprs.o(.text) refers to strncmp.o(.text) for strncmp
    gprs.o(.text) refers to rt_memclr.o(.text) for __aeabi_memclr
    gprs.o(.text) refers to strstr.o(.text) for strstr
    gprs.o(.text) refers to gprs.o(.data) for numTipsRain
    gprs.o(.text) refers to uart.o(.bss) for UART1Buffer
    gprs.o(.text) refers to uart.o(.data) for UART1Count
[...]
    __rt_lib_shutdown_signal_1               0x000001bb   Thumb Code     0  libshutdown2.o(.ARM.Collect$$libshutdown$$00000009)
    __rt_lib_shutdown_stdio_1                0x000001bb   Thumb Code     0  libshutdown2.o(.ARM.Collect$$libshutdown$$00000003)
    __rt_lib_shutdown_user_alloc_1           0x000001bb   Thumb Code     0  libshutdown2.o(.ARM.Collect$$libshutdown$$0000000B)
    __rt_entry                               0x000001bd   Thumb Code     0  rtentry.o(.ARM.Collect$$rtentry$$00000000)
    __rt_entry_presh_1                       0x000001bd   Thumb Code     0  rtentry2.o(.ARM.Collect$$rtentry$$00000002)
    __rt_entry_sh                            0x000001bd   Thumb Code     0  rtentry4.o(.ARM.Collect$$rtentry$$00000004)
    __rt_entry_li                            0x000001c3   Thumb Code     0  rtentry2.o(.ARM.Collect$$rtentry$$0000000A)
    __rt_entry_postsh_1                      0x000001c3   Thumb Code     0  rtentry2.o(.ARM.Collect$$rtentry$$00000009)
    __rt_entry_main                          0x000001c7   Thumb Code     0  rtentry2.o(.ARM.Collect$$rtentry$$0000000D)
    __rt_entry_postli_1                      0x000001c7   Thumb Code     0  rtentry2.o(.ARM.Collect$$rtentry$$0000000C)
    __rt_exit                                0x000001cf   Thumb Code     0  rtexit.o(.ARM.Collect$$rtexit$$00000000)
    __rt_exit_ls                             0x000001cf   Thumb Code     0  rtexit2.o(.ARM.Collect$$rtexit$$00000003)
    __rt_exit_prels_1                        0x000001cf   Thumb Code     0  rtexit2.o(.ARM.Collect$$rtexit$$00000002)
    __rt_exit_exit                           0x000001d3   Thumb Code     0  rtexit2.o(.ARM.Collect$$rtexit$$00000004)
    Reset_Handler                            0x000001d9   Thumb Code     4  startup_lpc17xx.o(.text)
    NMI_Handler                              0x000001dd   Thumb Code     2  startup_lpc17xx.o(.text)
    HardFault_Handler                        0x000001df   Thumb Code     2  startup_lpc17xx.o(.text)
    MemManage_Handler                        0x000001e1   Thumb Code     2  startup_lpc17xx.o(.text)
    BusFault_Handler                         0x000001e3   Thumb Code     2  startup_lpc17xx.o(.text)
    UsageFault_Handler                       0x000001e5   Thumb Code     2  startup_lpc17xx.o(.text)
    SVC_Handler                              0x000001e7   Thumb Code     2  startup_lpc17xx.o(.text)
    DebugMon_Handler                         0x000001e9   Thumb Code     2  startup_lpc17xx.o(.text)
    PendSV_Handler                           0x000001eb   Thumb Code     2  startup_lpc17xx.o(.text)
    ADC_IRQHandler                           0x000001ef   Thumb Code     0  startup_lpc17xx.o(.text)
    CANActivity_IRQHandler                   0x000001ef   Thumb Code     0  startup_lpc17xx.o(.text)
    CAN_IRQHandler                           0x000001ef   Thumb Code     0  startup_lpc17xx.o(.text)
    DMA_IRQHandler                           0x000001ef   Thumb Code     0  startup_lpc17xx.o(.text)
    ENET_IRQHandler                          0x000001ef   Thumb Code     0  startup_lpc17xx.o(.text)
    I2C0_IRQHandler                          0x000001ef   Thumb Code     0  startup_lpc17xx.o(.text)
    I2C1_IRQHandler                          0x000001ef   Thumb Code     0  startup_lpc17xx.o(.text)
    I2C2_IRQHandler                          0x000001ef   Thumb Code     0  startup_lpc17xx.o(.text)
    I2S_IRQHandler                           0x000001ef   Thumb Code     0  startup_lpc17xx.o(.text)
    MCPWM_IRQHandler                         0x000001ef   Thumb Code     0  startup_lpc17xx.o(.text)
    PLL0_IRQHandler                          0x000001ef   Thumb Code     0  startup_lpc17xx.o(.text)
    PLL1_IRQHandler                          0x000001ef   Thumb Code     0  startup_lpc17xx.o(.text)
    PWM1_IRQHandler                          0x000001ef   Thumb Code     0  startup_lpc17xx.o(.text)
    QEI_IRQHandler                           0x000001ef   Thumb Code     0  startup_lpc17xx.o(.text)
    RIT_IRQHandler                           0x000001ef   Thumb Code     0  startup_lpc17xx.o(.text)
    SPI_IRQHandler                           0x000001ef   Thumb Code     0  startup_lpc17xx.o(.text)
    SSP0_IRQHandler                          0x000001ef   Thumb Code     0  startup_lpc17xx.o(.text)
    SSP1_IRQHandler                          0x000001ef   Thumb Code     0  startup_lpc17xx.o(.text)
    TIMER0_IRQHandler                        0x000001ef   Thumb Code     0  startup_lpc17xx.o(.text)
    TIMER1_IRQHandler                        0x000001ef   Thumb Code     0  startup_lpc17xx.o(.text)
    TIMER2_IRQHandler                        0x000001ef   Thumb Code     0  startup_lpc17xx.o(.text)
    TIMER3_IRQHandler                        0x000001ef   Thumb Code     0  startup_lpc17xx.o(.text)
    UART2_IRQHandler                         0x000001ef   Thumb Code     0  startup_lpc17xx.o(.text)
    USBActivity_IRQHandler                   0x000001ef   Thumb Code     0  startup_lpc17xx.o(.text)
    USB_IRQHandler                           0x000001ef   Thumb Code     0  startup_lpc17xx.o(.text)
    WDT_IRQHandler                           0x000001ef   Thumb Code     0  startup_lpc17xx.o(.text)
    __user_initial_stackheap                 0x000001f1   Thumb Code     0  startup_lpc17xx.o(.text)
    DELAY_us                                 0x0000020d   Thumb Code    26  delay.o(.text)
    DELAY_ms                                 0x00000227   Thumb Code    24  delay.o(.text)
    DELAY_sec                                0x0000023f   Thumb Code    24  delay.o(.text)
    SysTick_Init                             0x00000259   Thumb Code    10  systick.o(.text)
    SysTick_Start                            0x00000263   Thumb Code    10  systick.o(.text)
    SysTick_Stop                             0x0000026d   Thumb Code    10  systick.o(.text)
    SysTick_AttachInterrupt                  0x00000277   Thumb Code     6  systick.o(.text)
    SysTick_GetMsTime                        0x0000027d   Thumb Code     6  systick.o(.text)
    SysTick_GetUsTime                        0x00000283   Thumb Code    36  systick.o(.text)
    SysTick_Handler                          0x000002a7   Thumb Code    30  systick.o(.text)
    __2sprintf                               0x000002d1   Thumb Code    38  __2sprintf.o(.text)
    SystemCoreClockUpdate                    0x00000301   Thumb Code   306  system_lpc17xx.o(.text)
    SystemInit                               0x00000433   Thumb Code   172  system_lpc17xx.o(.text)
    ADC_Init                                 0x00000537   Thumb Code    44  adc.o(.text)
    ADC_GetAdcValue                          0x00000563   Thumb Code    88  adc.o(.text)
    Read_ADCchannels                         0x000005bb   Thumb Code   294  adc.o(.text)
    reverse                                  0x00000755   Thumb Code    26  convert.o(.text)
    intToStr                                 0x0000076f   Thumb Code    72  convert.o(.text)
    ftoa                                     0x000007b7   Thumb Code   154  convert.o(.text)
    ascii_integer                            0x00000851   Thumb Code    50  convert.o(.text)
    stof                                     0x00000883   Thumb Code   112  convert.o(.text)
    ftoa_signed                              0x000008f3   Thumb Code   470  convert.o(.text)
    EINT_AttachInterrupt                     0x00000ae1   Thumb Code   230  extintr.o(.text)
    EINT_DetachInterrupt                     0x00000bc7   Thumb Code    32  extintr.o(.text)
    EINT0_IRQHandler                         0x00000be7   Thumb Code    32  extintr.o(.text)
    EINT1_IRQHandler                         0x00000c07   Thumb Code    32  extintr.o(.text)
    EINT2_IRQHandler                         0x00000c27   Thumb Code    32  extintr.o(.text)
    EINT3_IRQHandler                         0x00000c47   Thumb Code    32  extintr.o(.text)
    GPIO_PinFunction                         0x00000c75   Thumb Code    64  gpio.o(.text)
    GPIO_PinDirection                        0x00000cb5   Thumb Code    44  gpio.o(.text)
    GPIO_PinWrite                            0x00000ce1   Thumb Code    44  gpio.o(.text)
    GPIO_PinToggle                           0x00000d0d   Thumb Code    30  gpio.o(.text)
    GPIO_PinRead                             0x00000d2b   Thumb Code    42  gpio.o(.text)
    set_ResistorMode                         0x00000d55   Thumb Code    58  gpio.o(.text)
    set_OpenDrainMode                        0x00000d8f   Thumb Code    42  gpio.o(.text)
    myExtIntrIsr_3                           0x00000dc1   Thumb Code    22  gprs.o(.text)
    _24hr_RainFall                           0x00000dd7   Thumb Code   148  gprs.o(.text)
    calcRainFall                             0x00000e6b   Thumb Code   116  gprs.o(.text)
    Yearly_Rain                              0x00000edf   Thumb Code   120  gprs.o(.text)
    rtc_1call                                0x00000f57   Thumb Code    52  gprs.o(.text)
    rtc_2call                                0x00000f8b   Thumb Code   132  gprs.o(.text)
    Read_Response                            0x0000100f   Thumb Code   216  gprs.o(.text)
    Start_Read_Response                      0x000010e7   Thumb Code    28  gprs.o(.text)
    Buffer_Flush                             0x00001103   Thumb Code    18  gprs.o(.text)
    WaitForExpectedResponse                  0x00001115   Thumb Code    48  gprs.o(.text)
    WaitForStatus200_302                     0x00001145   Thumb Code    60  gprs.o(.text)
    SendATandExpectResponse                  0x00001181   Thumb Code   492  gprs.o(.text)
    Module_PowerOff                          0x0000136d   Thumb Code    44  gprs.o(.text)
    Module_sleep_mode                        0x00001399   Thumb Code    74  gprs.o(.text)
    Module_PDP_Activation                    0x000013e3   Thumb Code    40  gprs.o(.text)
    GNSS_PowerOff                            0x0000140b   Thumb Code    38  gprs.o(.text)
    ReadNavigation                           0x00001661   Thumb Code   164  gprs.o(.text)
    GNSS_Connect                             0x00001705   Thumb Code   524  gprs.o(.text)
    Module_deactivateBearerProfile           0x00001911   Thumb Code    46  gprs.o(.text)
    MODEMGetAPN                              0x0000193f   Thumb Code   470  gprs.o(.text)
    MODEMGetSignalStrength                   0x00001b15   Thumb Code  1570  gprs.o(.text)
    Query_NetworkRegistration                0x00002137   Thumb Code   154  gprs.o(.text)
    modemCheck_initialization                0x000021d1   Thumb Code   360  gprs.o(.text)
    Wait_Till_SimModule_Communication        0x00002339   Thumb Code   766  gprs.o(.text)
    Query_Sim_Insert                         0x00002637   Thumb Code   220  gprs.o(.text)
    MODEMGetIMEI                             0x00002713   Thumb Code   152  gprs.o(.text)
    MODEM_CheckAttention                     0x000027ab   Thumb Code   186  gprs.o(.text)
    modem_initialization                     0x00002865   Thumb Code   164  gprs.o(.text)
    Module_Initializing                      0x00002909   Thumb Code   212  gprs.o(.text)
    RestartModule                            0x000029dd   Thumb Code   640  gprs.o(.text)
    ShutDownModule                           0x00002c5d   Thumb Code    32  gprs.o(.text)
    Module_awakeup_mode                      0x00002c7d   Thumb Code    96  gprs.o(.text)
    MODEM_SetPhoneFunctionality              0x00002cdd   Thumb Code   148  gprs.o(.text)
    Query_Set_CLTS                           0x00002d71   Thumb Code    72  gprs.o(.text)
    Update_RTC                               0x00002db9   Thumb Code   302  gprs.o(.text)
    MODEM_GetNetworkTime                     0x00002ee7   Thumb Code    48  gprs.o(.text)
    GNSS_PowerON                             0x00002f17   Thumb Code    40  gprs.o(.text)
    Query_GPRSRegistrationStatus             0x00002f3f   Thumb Code   154  gprs.o(.text)
    HTTP_Post                                0x00002fd9   Thumb Code  1612  gprs.o(.text)
    HTTP_SetURL                              0x00003625   Thumb Code   720  gprs.o(.text)
    Check_LocalIP                            0x000038f5   Thumb Code    44  gprs.o(.text)
    PackOffLog                               0x00003921   Thumb Code    96  gprs.o(.text)
    Check_QIState                            0x00003981   Thumb Code    42  gprs.o(.text)
    myExtIntrIsr_1                           0x000039ab   Thumb Code    34  gprs.o(.text)
    GSM_Delete_All_Msg                       0x000039cd   Thumb Code    32  gprs.o(.text)
    GSM_Msg_Delete                           0x000039ed   Thumb Code    54  gprs.o(.text)
    GSM_Msg_Display                          0x00003a23   Thumb Code   400  gprs.o(.text)
    GSM_Msg_Read                             0x00003bb3   Thumb Code    58  gprs.o(.text)
    readSMS                                  0x00003bed   Thumb Code  1576  gprs.o(.text)
    SMS_READ_Setting                         0x00004215   Thumb Code   166  gprs.o(.text)
    sampleTestlog                            0x000042bb   Thumb Code   900  gprs.o(.text)
    LCD_ScrollDisplay                        0x0000463f   Thumb Code  1360  gprs.o(.text)
    SMSDefaultSetting                        0x00004b8f   Thumb Code   122  gprs.o(.text)
    GSM_Wait_for_Msg                         0x00004c09   Thumb Code   170  gprs.o(.text)
    GSM_Send_Msg                             0x00004cb3   Thumb Code   182  gprs.o(.text)
    GSM_Calling                              0x00004d69   Thumb Code    28  gprs.o(.text)
    GSM_HangCall                             0x00004d85   Thumb Code    12  gprs.o(.text)
    GSM_Response_Display                     0x00004d91   Thumb Code    82  gprs.o(.text)
    Get_SMSC_Number                          0x00004de3   Thumb Code   104  gprs.o(.text)
    LCD_SetUp                                0x00004fe9   Thumb Code   188  lcd.o(.text)
    LCD_CmdWrite                             0x000051d5   Thumb Code    50  lcd.o(.text)
    LCD_GoToLine                             0x00005207   Thumb Code    32  lcd.o(.text)
    LCD_Clear                                0x00005227   Thumb Code    16  lcd.o(.text)
    LCD_Init                                 0x0000527b   Thumb Code    86  lcd.o(.text)
    LCD_GoToNextLine                         0x000052d1   Thumb Code    50  lcd.o(.text)
    LCD_SetCursor                            0x00005303   Thumb Code    44  lcd.o(.text)
    LCD_DisplayChar                          0x00005393   Thumb Code    46  lcd.o(.text)
    LCD_DisplayString                        0x000053c1   Thumb Code    22  lcd.o(.text)
    LCD_ScrollMessage                        0x000053d7   Thumb Code   130  lcd.o(.text)
    LCD_DisplayNumber                        0x00005459   Thumb Code   178  lcd.o(.text)
    LCD_DisplayFloatNumber                   0x0000550b   Thumb Code    72  lcd.o(.text)
    LCD_Printf                               0x00005553   Thumb Code   532  lcd.o(.text)
    lcd16x2_create_custom_char               0x00005767   Thumb Code    38  lcd.o(.text)
    lcd16x2_put_custom_char                  0x0000578d   Thumb Code    24  lcd.o(.text)
    CLKPWR_SetPCLKDiv                        0x000057ad   Thumb Code    92  lpc17xx_clkpwr.o(.text)
    CLKPWR_GetPCLKSEL                        0x00005809   Thumb Code    34  lpc17xx_clkpwr.o(.text)
    CLKPWR_GetPCLK                           0x0000582b   Thumb Code    58  lpc17xx_clkpwr.o(.text)
    CLKPWR_ConfigPPWR                        0x00005865   Thumb Code    46  lpc17xx_clkpwr.o(.text)
    CLKPWR_Sleep                             0x00005893   Thumb Code    12  lpc17xx_clkpwr.o(.text)
    CLKPWR_DeepSleep                         0x0000589f   Thumb Code    18  lpc17xx_clkpwr.o(.text)
    CLKPWR_PowerDown                         0x000058b1   Thumb Code    18  lpc17xx_clkpwr.o(.text)
    CLKPWR_DeepPowerDown                     0x000058c3   Thumb Code    18  lpc17xx_clkpwr.o(.text)
    WDT_Init                                 0x000059c7   Thumb Code    54  lpc17xx_wdt.o(.text)
    WDT_Feed                                 0x000059fd   Thumb Code    16  lpc17xx_wdt.o(.text)
    WDT_Start                                0x00005a0d   Thumb Code    44  lpc17xx_wdt.o(.text)
    WDT_ReadTimeOutFlag                      0x00005a39   Thumb Code    12  lpc17xx_wdt.o(.text)
    WDT_ClrTimeOutFlag                       0x00005a45   Thumb Code    18  lpc17xx_wdt.o(.text)
    WDT_UpdateTimeOut                        0x00005a57   Thumb Code    28  lpc17xx_wdt.o(.text)
    WDT_GetCurrentCount                      0x00005a73   Thumb Code     8  lpc17xx_wdt.o(.text)
    RTC_ClearIntPending                      0x00005a89   Thumb Code    12  rtc.o(.text)
    RTC_GetIntPending                        0x00005a95   Thumb Code    20  rtc.o(.text)
    RTC_IRQHandler                           0x00005aa9   Thumb Code    24  rtc.o(.text)
    RTC_Init                                 0x00005ac1   Thumb Code    70  rtc.o(.text)
    RTCStart                                 0x00005b07   Thumb Code    12  rtc.o(.text)
    RTC_IntDisable                           0x00005b13   Thumb Code    18  rtc.o(.text)
    RTCStop                                  0x00005b25   Thumb Code    14  rtc.o(.text)
    RTC_DeInit                               0x00005b33   Thumb Code    20  rtc.o(.text)
    RTC_ResetClockTickCounter                0x00005b47   Thumb Code    24  rtc.o(.text)
    RTC_Cmd                                  0x00005b5f   Thumb Code    32  rtc.o(.text)
    RTC_CntIncrIntConfig                     0x00005b7f   Thumb Code   266  rtc.o(.text)
    RTC_AlarmIntConfig                       0x00005c89   Thumb Code   266  rtc.o(.text)
    RTC_SetTime                              0x00005d93   Thumb Code   154  rtc.o(.text)
    RTC_GetTime                              0x00005e2d   Thumb Code   126  rtc.o(.text)
    RTC_SetFullTime                          0x00005eab   Thumb Code    90  rtc.o(.text)
    RTC_GetFullTime                          0x00005f05   Thumb Code    96  rtc.o(.text)
    RTC_SetAlarmTime                         0x00005f65   Thumb Code   158  rtc.o(.text)
    RTC_GetAlarmTime                         0x00006003   Thumb Code   118  rtc.o(.text)
    RTC_SetFullAlarmTime                     0x00006079   Thumb Code    92  rtc.o(.text)
    RTC_GetFullAlarmTime                     0x000060d5   Thumb Code    98  rtc.o(.text)
    RTC_CalibCounterCmd                      0x00006137   Thumb Code    40  rtc.o(.text)
    RTC_CalibConfig                          0x0000615f   Thumb Code    32  rtc.o(.text)
    RTC_WriteGPREG                           0x0000617f   Thumb Code    12  rtc.o(.text)
    RTC_ReadGPREG                            0x0000618b   Thumb Code    14  rtc.o(.text)
    RTC_SetDateTime                          0x00006199   Thumb Code    52  rtc.o(.text)
    RTC_GetDateTime                          0x000061cd   Thumb Code    70  rtc.o(.text)
    RTCSetAlarmMask                          0x00006213   Thumb Code     8  rtc.o(.text)
    UART_SetBaudRate                         0x00006483   Thumb Code   186  uart.o(.text)
    UART_Init                                0x0000653d   Thumb Code   108  uart.o(.text)
    UART_RxChar                              0x000065a9   Thumb Code    38  uart.o(.text)
    UART_RxChar3                             0x000065cf   Thumb Code    60  uart.o(.text)
    UART_TxChar                              0x0000660b   Thumb Code    34  uart.o(.text)
    UART_TxString                            0x0000662d   Thumb Code   112  uart.o(.text)
    UART_RxString                            0x0000669d   Thumb Code    68  uart.o(.text)
    UART_TxNumber                            0x000066e1   Thumb Code   168  uart.o(.text)
    UART_TxFloatNumber                       0x00006789   Thumb Code    84  uart.o(.text)
    UART_Printf                              0x000067dd   Thumb Code   614  uart.o(.text)
    UART1_IRQHandler                         0x00006a43   Thumb Code   170  uart.o(.text)
    UART0_IRQHandler                         0x00006aed   Thumb Code   170  uart.o(.text)
    UART3_IRQHandler                         0x00006b97   Thumb Code   224  uart.o(.text)
    UART3_EnableBuffer                       0x00006c77   Thumb Code     8  uart.o(.text)
    UART3_DisableBuffer                      0x00006c7f   Thumb Code     8  uart.o(.text)
    UART1_EnableBuffer_Interrupt             0x00006c87   Thumb Code    10  uart.o(.text)
    UART1_DisableBuffer_Interrupt            0x00006c91   Thumb Code    12  uart.o(.text)
    UART0_EnableBuffer_Interrupt             0x00006c9d   Thumb Code    10  uart.o(.text)
    UART0_DisableBuffer_Interrupt            0x00006ca7   Thumb Code    12  uart.o(.text)
    Buffer_Flush_UART0                       0x00006cd1   Thumb Code    18  wswd.o(.text)
    Configure_WindSensor                     0x00006ce3   Thumb Code    52  wswd.o(.text)
    SetDefault_WindSensor                    0x00006d17   Thumb Code    64  wswd.o(.text)
    CheckCommunication_WindSensor            0x00006d57   Thumb Code    72  wswd.o(.text)
    Trignometric_Conversion                  0x00006d9f   Thumb Code   104  wswd.o(.text)
    Read_WindSensor                          0x00006e07   Thumb Code  1272  wswd.o(.text)
    Read_WindSensor_InterruptBuffer          0x000072ff   Thumb Code   418  wswd.o(.text)
    average_windDirection                    0x000074a1   Thumb Code   664  wswd.o(.text)
    Average_WindSamples                      0x00007739   Thumb Code   200  wswd.o(.text)
    i2c0_init                                0x00007835   Thumb Code    82  i2c0.o(.text)
    i2c0_enable                              0x00007887   Thumb Code     8  i2c0.o(.text)
    i2c0_start                               0x0000788f   Thumb Code    32  i2c0.o(.text)
    i2c0_stop                                0x000078af   Thumb Code    30  i2c0.o(.text)
    i2c0_Address                             0x000078cd   Thumb Code    36  i2c0.o(.text)
    i2c0_Write                               0x000078f1   Thumb Code    32  i2c0.o(.text)
    i2c0_Read                                0x00007911   Thumb Code    52  i2c0.o(.text)
    Init_ATRH                                0x00007951   Thumb Code    16  atrh.o(.text)
    start_ATRH                               0x00007961   Thumb Code    84  atrh.o(.text)
    readATRH                                 0x000079b5   Thumb Code   676  atrh.o(.text)
    Average_ATRHSamples                      0x00007c59   Thumb Code   156  atrh.o(.text)
    BOD_IRQHandler                           0x00007e61   Thumb Code     2  bod.o(.text)
    BOD_Init                                 0x00007e63   Thumb Code    42  bod.o(.text)
    disk_initialize                          0x00008311   Thumb Code   366  mmc_176x_ssp.o(.text)
    disk_status                              0x0000847f   Thumb Code    28  mmc_176x_ssp.o(.text)
    disk_read                                0x0000849b   Thumb Code   154  mmc_176x_ssp.o(.text)
    disk_write                               0x00008535   Thumb Code   184  mmc_176x_ssp.o(.text)
    disk_ioctl                               0x000085ed   Thumb Code   750  mmc_176x_ssp.o(.text)
    disk_timerproc                           0x000088db   Thumb Code    84  mmc_176x_ssp.o(.text)
    f_CreateFolder                           0x0000892f   Thumb Code    68  mmc_176x_ssp.o(.text)
    sd_append_file                           0x00008973   Thumb Code   104  mmc_176x_ssp.o(.text)
    create_file                              0x000089db   Thumb Code   198  mmc_176x_ssp.o(.text)
    create_folder                            0x00008aa1   Thumb Code   550  mmc_176x_ssp.o(.text)
    get_name                                 0x00008cc7   Thumb Code    68  mmc_176x_ssp.o(.text)
    get_foldername                           0x00008d0b   Thumb Code    68  mmc_176x_ssp.o(.text)
    write_data                               0x00008d4f   Thumb Code    68  mmc_176x_ssp.o(.text)
    getdetails                               0x00008d93   Thumb Code   250  mmc_176x_ssp.o(.text)
    set_date_time                            0x00008e8d   Thumb Code   276  mmc_176x_ssp.o(.text)
    sd_filesize                              0x00008fa1   Thumb Code    68  mmc_176x_ssp.o(.text)
    sd_create_file                           0x00008fe5   Thumb Code   650  mmc_176x_ssp.o(.text)
    sd_file_remove                           0x0000926f   Thumb Code    44  mmc_176x_ssp.o(.text)
    sd_create_dir                            0x0000929b   Thumb Code    80  mmc_176x_ssp.o(.text)
    sd_time_date                             0x000092eb   Thumb Code   426  mmc_176x_ssp.o(.text)
    sd_format                                0x00009495   Thumb Code    62  mmc_176x_ssp.o(.text)
    xatoi                                    0x000094d3   Thumb Code   194  mmc_176x_ssp.o(.text)
    show_volume_stat                         0x00009787   Thumb Code   386  mmc_176x_ssp.o(.text)
    dir_list                                 0x00009909   Thumb Code   356  mmc_176x_ssp.o(.text)
    Writelog                                 0x00009a6d   Thumb Code    28  mmc_176x_ssp.o(.text)
    Createlog                                0x00009a89   Thumb Code   166  mmc_176x_ssp.o(.text)
    retrylog                                 0x00009b2f   Thumb Code   946  mmc_176x_ssp.o(.text)
    log_SMS                                  0x00009ee1   Thumb Code   186  mmc_176x_ssp.o(.text)
    readconfigfile                           0x00009f9b   Thumb Code   144  mmc_176x_ssp.o(.text)
    smsUpdateConfig                          0x0000a02b   Thumb Code   174  mmc_176x_ssp.o(.text)
    Slog                                     0x0000a2fd   Thumb Code   216  log.o(.text)
    PacketLog                                0x0000a3d5   Thumb Code  1508  log.o(.text)
    SendingLog                               0x0000a9b9   Thumb Code   456  log.o(.text)
    get_fattime                              0x0000ab81   Thumb Code    60  log.o(.text)
    NVIC_SetPriorities                       0x0000ac95   Thumb Code    58  main.o(.text)
    Configure_GPIO_Peripherals               0x0000accf   Thumb Code   112  main.o(.text)
    Initialize_ALL_Peripherals               0x0000ad3f   Thumb Code    96  main.o(.text)
    main                                     0x0000ad9f   Thumb Code  2094  main.o(.text)
    f_mount                                  0x0000d2dd   Thumb Code    84  ff.o(.text)
    f_open                                   0x0000d331   Thumb Code   516  ff.o(.text)
    f_read                                   0x0000d535   Thumb Code   506  ff.o(.text)
    f_write                                  0x0000d72f   Thumb Code   568  ff.o(.text)
    f_sync                                   0x0000d967   Thumb Code   158  ff.o(.text)
    f_close                                  0x0000da05   Thumb Code    34  ff.o(.text)
    f_chdrive                                0x0000da27   Thumb Code    26  ff.o(.text)
    f_chdir                                  0x0000da41   Thumb Code    90  ff.o(.text)
    f_getcwd                                 0x0000da9b   Thumb Code   328  ff.o(.text)
    f_lseek                                  0x0000dbe3   Thumb Code   416  ff.o(.text)
    f_opendir                                0x0000dd83   Thumb Code   108  ff.o(.text)
    f_closedir                               0x0000ddef   Thumb Code    24  ff.o(.text)
    f_readdir                                0x0000de07   Thumb Code    84  ff.o(.text)
    f_stat                                   0x0000de5b   Thumb Code    62  ff.o(.text)
    f_getfree                                0x0000de99   Thumb Code   272  ff.o(.text)
    f_truncate                               0x0000dfa9   Thumb Code   178  ff.o(.text)
    f_unlink                                 0x0000e05b   Thumb Code   196  ff.o(.text)
    f_mkdir                                  0x0000e11f   Thumb Code   280  ff.o(.text)
    f_rename                                 0x0000e237   Thumb Code   282  ff.o(.text)
    f_chmod                                  0x0000e351   Thumb Code    98  ff.o(.text)
    f_utime                                  0x0000e3b3   Thumb Code    90  ff.o(.text)
    f_getlabel                               0x0000e40d   Thumb Code   202  ff.o(.text)
    f_setlabel                               0x0000e4d7   Thumb Code   306  ff.o(.text)
    f_expand                                 0x0000e609   Thumb Code   332  ff.o(.text)
    f_mkfs                                   0x0000e8f7   Thumb Code  1770  ff.o(.text)
    f_gets                                   0x0000efe1   Thumb Code    98  ff.o(.text)
    f_putc                                   0x0000f0d1   Thumb Code    34  ff.o(.text)
    f_puts                                   0x0000f0f3   Thumb Code    44  ff.o(.text)
    f_printf                                 0x0000f11f   Thumb Code   712  ff.o(.text)
    ff_uni2oem                               0x0000f3e9   Thumb Code   120  syscall.o(.text)
    ff_oem2uni                               0x0000f461   Thumb Code    98  syscall.o(.text)
    ff_wtoupper                              0x0000f4c3   Thumb Code   166  syscall.o(.text)
    _printf_pre_padding                      0x0000f579   Thumb Code    42  _printf_pad.o(.text)
    _printf_post_padding                     0x0000f5a3   Thumb Code    34  _printf_pad.o(.text)
    _printf_str                              0x0000f5c5   Thumb Code    82  _printf_str.o(.text)
    _printf_int_dec                          0x0000f619   Thumb Code    96  _printf_dec.o(.text)
    __printf                                 0x0000f689   Thumb Code   324  __printf_flags_wp.o(.text)
    atoi                                     0x0000f7d1   Thumb Code    26  atoi.o(.text)
    strtok                                   0x0000f7ed   Thumb Code     6  strtok.o(.text)
    strchr                                   0x0000f7f9   Thumb Code    20  strchr.o(.text)
    strstr                                   0x0000f80d   Thumb Code    36  strstr.o(.text)
    strcpy                                   0x0000f831   Thumb Code    74  strcpy.o(.text)
    strncmp                                  0x0000f87b   Thumb Code   140  strncmp.o(.text)
    strlen                                   0x0000f907   Thumb Code    62  strlen.o(.text)
    __aeabi_memcpy                           0x0000f945   Thumb Code     0  rt_memcpy_v6.o(.text)
    __rt_memcpy                              0x0000f945   Thumb Code   140  rt_memcpy_v6.o(.text)
    _memcpy_lastbytes                        0x0000f9ad   Thumb Code     0  rt_memcpy_v6.o(.text)
    __aeabi_memmove                          0x0000f9d1   Thumb Code     0  rt_memmove_v6.o(.text)
    __rt_memmove                             0x0000f9d1   Thumb Code   122  rt_memmove_v6.o(.text)
    __memmove_lastfew                        0x0000fa27   Thumb Code     0  rt_memmove_v6.o(.text)
    __aeabi_memclr                           0x0000fa4b   Thumb Code     0  rt_memclr.o(.text)
    __rt_memclr                              0x0000fa4b   Thumb Code    68  rt_memclr.o(.text)
    _memset                                  0x0000fa4f   Thumb Code     0  rt_memclr.o(.text)
    __aeabi_memclr4                          0x0000fa8f   Thumb Code     0  rt_memclr_w.o(.text)
    __aeabi_memclr8                          0x0000fa8f   Thumb Code     0  rt_memclr_w.o(.text)
    __rt_memclr_w                            0x0000fa8f   Thumb Code    78  rt_memclr_w.o(.text)
    _memset_w                                0x0000fa93   Thumb Code     0  rt_memclr_w.o(.text)
    strncpy                                  0x0000fadd   Thumb Code    86  strncpy.o(.text)
    __use_two_region_memory                  0x0000fb33   Thumb Code     2  heapauxi.o(.text)
    __rt_heap_escrow$2region                 0x0000fb35   Thumb Code     2  heapauxi.o(.text)
    __rt_heap_expand$2region                 0x0000fb37   Thumb Code     2  heapauxi.o(.text)
    __aeabi_errno_addr                       0x0000fb39   Thumb Code    12  rt_errno_addr_intlibspace.o(.text)
    __errno$intlibspace                      0x0000fb39   Thumb Code     0  rt_errno_addr_intlibspace.o(.text)
    __rt_errno_addr$intlibspace              0x0000fb39   Thumb Code     0  rt_errno_addr_intlibspace.o(.text)
    __read_errno                             0x0000fb45   Thumb Code    10  _rserrno.o(.text)
    __set_errno                              0x0000fb4f   Thumb Code    12  _rserrno.o(.text)
    _printf_int_common                       0x0000fb5b   Thumb Code   174  _printf_intcommon.o(.text)
    _printf_char_common                      0x0000fc13   Thumb Code    34  _printf_char_common.o(.text)
    _sputc                                   0x0000fc39   Thumb Code    10  _sputc.o(.text)
    _printf_cs_common                        0x0000fc43   Thumb Code    20  _printf_char.o(.text)
    _printf_char                             0x0000fc57   Thumb Code    16  _printf_char.o(.text)
    _printf_string                           0x0000fc67   Thumb Code     8  _printf_char.o(.text)
    strtol                                   0x0000fc6f   Thumb Code   112  strtol.o(.text)
    __strtok_internal                        0x0000fce1   Thumb Code    68  strtok_int.o(.text)
    __aeabi_memcpy4                          0x0000fd29   Thumb Code     0  rt_memcpy_w.o(.text)
    __aeabi_memcpy8                          0x0000fd29   Thumb Code     0  rt_memcpy_w.o(.text)
    __rt_memcpy_w                            0x0000fd29   Thumb Code   100  rt_memcpy_w.o(.text)
    _memcpy_lastbytes_aligned                0x0000fd71   Thumb Code     0  rt_memcpy_w.o(.text)
    __aeabi_memmove4                         0x0000fd8d   Thumb Code     0  rt_memmove_w.o(.text)
    __aeabi_memmove8                         0x0000fd8d   Thumb Code     0  rt_memmove_w.o(.text)
    __rt_memmove_w                           0x0000fd8d   Thumb Code   122  rt_memmove_w.o(.text)
    __memmove_aligned                        0x0000fdb3   Thumb Code     0  rt_memmove_w.o(.text)
    __memmove_lastfew_aligned                0x0000fdeb   Thumb Code     0  rt_memmove_w.o(.text)
    __rt_udiv10                              0x0000fe07   Thumb Code    16  rtudiv10.o(.text)
    __user_libspace                          0x0000fe19   Thumb Code     8  libspace.o(.text)
    __user_perproc_libspace                  0x0000fe19   Thumb Code     0  libspace.o(.text)
    __user_perthread_libspace                0x0000fe19   Thumb Code     0  libspace.o(.text)
    __rt_ctype_table                         0x0000fe21   Thumb Code    16  rt_ctype_table.o(.text)
    _strtoul                                 0x0000fe31   Thumb Code   152  _strtoul.o(.text)
    strcspn                                  0x0000fec9   Thumb Code    32  strcspn.o(.text)
    strspn                                   0x0000fee9   Thumb Code    28  strspn.o(.text)
    __user_setup_stackheap                   0x0000ff05   Thumb Code    74  sys_stackheap_outer.o(.text)
    __rt_locale                              0x0000ff51   Thumb Code    12  rt_locale_intlibspace.o(.text)
    _chval                                   0x0000ff5d   Thumb Code    32  _chval.o(.text)
    exit                                     0x0000ff7d   Thumb Code    12  exit.o(.text)
    strcmp                                   0x0000ff89   Thumb Code   128  strcmpv7m.o(.text)
    _sys_exit                                0x00010009   Thumb Code    16  sys_exit.o(.text)
    __I$use$semihosting                      0x0001001d   Thumb Code     0  use_no_semi.o(.text)
    __use_no_semihosting_swi                 0x0001001d   Thumb Code     2  use_no_semi.o(.text)
    __ieee754_rem_pio2                       0x00010021   Thumb Code   642  rred.o(i.__ieee754_rem_pio2)
    __kernel_cos                             0x00010305   Thumb Code   222  cos_i.o(i.__kernel_cos)
    __kernel_poly                            0x00010401   Thumb Code   162  poly.o(i.__kernel_poly)
    __kernel_sin                             0x000104a5   Thumb Code   222  sin_i.o(i.__kernel_sin)
    atan                                     0x00010591   Thumb Code   474  atan.o(i.atan)
    copysign                                 0x000107b9   Thumb Code    10  pow.o(i.copysign)
    cos                                      0x000107c5   Thumb Code   130  cos.o(i.cos)
    pow                                      0x00010861   Thumb Code  2244  pow.o(i.pow)
    sin                                      0x0001119d   Thumb Code   136  sin.o(i.sin)
    sqrt                                     0x0001123d   Thumb Code    62  sqrt.o(i.sqrt)
    _get_lc_ctype                            0x00011291   Thumb Code    44  lc_ctype_c.o(locale$$code)
    __aeabi_d2f                              0x000112bd   Thumb Code     0  d2f.o(x$fpl$d2f)
    _d2f                                     0x000112bd   Thumb Code   142  d2f.o(x$fpl$d2f)
    __fpl_inf_d2f                            0x00011345   Thumb Code     0  d2f.o(x$fpl$d2f)
    __aeabi_dadd                             0x00011351   Thumb Code     0  daddsub_clz.o(x$fpl$dadd)
    _dadd                                    0x00011351   Thumb Code   424  daddsub_clz.o(x$fpl$dadd)
    __fpl_inf_dadd                           0x000114c3   Thumb Code     0  daddsub_clz.o(x$fpl$dadd)
    __fpl_dcheck_NaN2                        0x00011509   Thumb Code    10  dcheck.o(x$fpl$dcheck)
    __fpl_dcheck_NaN1                        0x00011519   Thumb Code    10  dcheck1.o(x$fpl$dcheck1)
    __fpl_dcmp_InfNaN                        0x00011529   Thumb Code   120  dcmpin.o(x$fpl$dcmpinfnan)
    __fpl_inf_dcmp                           0x0001154b   Thumb Code     0  dcmpin.o(x$fpl$dcmpinfnan)
    __fpl_fcmp_InfNaN                        0x000115a1   Thumb Code    88  fcmpin.o(x$fpl$dcmpinfnan)
    __fpl_inf_fcmp                           0x000115b5   Thumb Code     0  fcmpin.o(x$fpl$dcmpinfnan)
    __aeabi_ddiv                             0x000115f9   Thumb Code     0  ddiv.o(x$fpl$ddiv)
    _ddiv                                    0x000115f9   Thumb Code   428  ddiv.o(x$fpl$ddiv)
    __fpl_inf_ddiv                           0x0001176d   Thumb Code     0  ddiv.o(x$fpl$ddiv)
    _ddiv_mantissas                          0x000117a5   Thumb Code   324  ddiv.o(x$fpl$ddiv)
    __aeabi_cdcmpeq                          0x000119f9   Thumb Code     0  deqf.o(x$fpl$deqf)
    _dcmpeq                                  0x000119f9   Thumb Code   106  deqf.o(x$fpl$deqf)
    __aeabi_d2iz                             0x00011a69   Thumb Code     0  dfix.o(x$fpl$dfix)
    _dfix                                    0x00011a69   Thumb Code   150  dfix.o(x$fpl$dfix)
    __fpl_inf_dfix                           0x00011af5   Thumb Code     0  dfix.o(x$fpl$dfix)
    __aeabi_i2d                              0x00011b05   Thumb Code     0  dflt_clz.o(x$fpl$dflt)
    _dflt                                    0x00011b05   Thumb Code    44  dflt_clz.o(x$fpl$dflt)
    __dflt_normalise                         0x00011b13   Thumb Code     0  dflt_clz.o(x$fpl$dflt)
    __aeabi_ui2d                             0x00011b31   Thumb Code     0  dflt_clz.o(x$fpl$dfltu)
    _dfltu                                   0x00011b31   Thumb Code    10  dflt_clz.o(x$fpl$dfltu)
    __aeabi_cdcmple                          0x00011b3d   Thumb Code     0  dleqf.o(x$fpl$dleqf)
    _dcmple                                  0x00011b3d   Thumb Code   106  dleqf.o(x$fpl$dleqf)
    __aeabi_dmul                             0x00011bad   Thumb Code     0  dmul.o(x$fpl$dmul)
    _dmul                                    0x00011bad   Thumb Code   440  dmul.o(x$fpl$dmul)
    __fpl_inf_dmul                           0x00011d37   Thumb Code     0  dmul.o(x$fpl$dmul)
    _drem                                    0x00011d75   Thumb Code   396  drem_clz.o(x$fpl$drem)
    __fpl_inf_drem                           0x00011ed1   Thumb Code     0  drem_clz.o(x$fpl$drem)
    __aeabi_cdrcmple                         0x00011f0d   Thumb Code     0  drleqf.o(x$fpl$drleqf)
    _drcmple                                 0x00011f0d   Thumb Code   130  drleqf.o(x$fpl$drleqf)
    __aeabi_drsub                            0x00011f95   Thumb Code     0  daddsub_clz.o(x$fpl$drsb)
    _drsb                                    0x00011f95   Thumb Code    22  daddsub_clz.o(x$fpl$drsb)
    _dsqrt                                   0x00011fad   Thumb Code   316  dsqrt.o(x$fpl$dsqrt)
    __fpl_inf_dsqrt                          0x000120d5   Thumb Code     0  dsqrt.o(x$fpl$dsqrt)
    __aeabi_dsub                             0x000120f1   Thumb Code     0  daddsub_clz.o(x$fpl$dsub)
    _dsub                                    0x000120f1   Thumb Code   572  daddsub_clz.o(x$fpl$dsub)
    __fpl_inf_dsub                           0x000122f5   Thumb Code     0  daddsub_clz.o(x$fpl$dsub)
    __dunder                                 0x00012339   Thumb Code   234  dunder.o(x$fpl$dunder)
    __dunder_d                               0x00012423   Thumb Code     2  dunder.o(x$fpl$dunder)
    __aeabi_f2d                              0x00012425   Thumb Code     0  f2d.o(x$fpl$f2d)
    _f2d                                     0x00012425   Thumb Code    76  f2d.o(x$fpl$f2d)
    __fpl_inf_f2d                            0x00012469   Thumb Code     0  f2d.o(x$fpl$f2d)
    __aeabi_fadd                             0x00012475   Thumb Code     0  faddsub_clz.o(x$fpl$fadd)
    _fadd                                    0x00012475   Thumb Code   248  faddsub_clz.o(x$fpl$fadd)
    __fpl_inf_fadd                           0x0001254f   Thumb Code     0  faddsub_clz.o(x$fpl$fadd)
    __fpl_fcheck_NaN2                        0x00012575   Thumb Code     6  fcheck.o(x$fpl$fcheck)
    __fpl_fcheck_NaN1                        0x00012581   Thumb Code     6  fcheck1.o(x$fpl$fcheck1)
    __aeabi_fdiv                             0x0001258d   Thumb Code     0  fdiv.o(x$fpl$fdiv)
    _fdiv                                    0x0001258d   Thumb Code   476  fdiv.o(x$fpl$fdiv)
    __fpl_inf_fdiv                           0x00012731   Thumb Code     0  fdiv.o(x$fpl$fdiv)
    __aeabi_cfcmpeq                          0x00012771   Thumb Code     0  feqf.o(x$fpl$feqf)
    _fcmpeq                                  0x00012771   Thumb Code    90  feqf.o(x$fpl$feqf)
    __aeabi_f2iz                             0x000127d1   Thumb Code     0  ffix.o(x$fpl$ffix)
    _ffix                                    0x000127d1   Thumb Code   108  ffix.o(x$fpl$ffix)
    __fpl_inf_ffix                           0x00012833   Thumb Code     0  ffix.o(x$fpl$ffix)
    __aeabi_f2uiz                            0x00012841   Thumb Code     0  ffixu.o(x$fpl$ffixu)
    _ffixu                                   0x00012841   Thumb Code    82  ffixu.o(x$fpl$ffixu)
    __fpl_inf_ffixu                          0x0001288d   Thumb Code     0  ffixu.o(x$fpl$ffixu)
    __aeabi_i2f                              0x00012899   Thumb Code     0  fflt_clz.o(x$fpl$fflt)
    _fflt                                    0x00012899   Thumb Code    50  fflt_clz.o(x$fpl$fflt)
    __fflt_normalise                         0x000128a5   Thumb Code     0  fflt_clz.o(x$fpl$fflt)
    __aeabi_ui2f                             0x000128cb   Thumb Code     0  fflt_clz.o(x$fpl$ffltu)
    _ffltu                                   0x000128cb   Thumb Code     8  fflt_clz.o(x$fpl$ffltu)
    __aeabi_cfcmple                          0x000128d5   Thumb Code     0  fleqf.o(x$fpl$fleqf)
    _fcmple                                  0x000128d5   Thumb Code    90  fleqf.o(x$fpl$fleqf)
    __aeabi_fmul                             0x00012935   Thumb Code     0  fmul.o(x$fpl$fmul)
    _fmul                                    0x00012935   Thumb Code   258  fmul.o(x$fpl$fmul)
    __fpl_inf_fmul                           0x00012a21   Thumb Code     0  fmul.o(x$fpl$fmul)
    __fpl_normalise2                         0x00012a3d   Thumb Code    74  fnorm2_clz.o(x$fpl$fnorm2)
    __aeabi_cfrcmple                         0x00012a89   Thumb Code     0  frleqf.o(x$fpl$frleqf)
    _frcmple                                 0x00012a89   Thumb Code   102  frleqf.o(x$fpl$frleqf)
    __aeabi_frsub                            0x00012af5   Thumb Code     0  faddsub_clz.o(x$fpl$frsb)
    _frsb                                    0x00012af5   Thumb Code    20  faddsub_clz.o(x$fpl$frsb)
    __aeabi_fsub                             0x00012b09   Thumb Code     0  faddsub_clz.o(x$fpl$fsub)
    _fsub                                    0x00012b09   Thumb Code   282  faddsub_clz.o(x$fpl$fsub)
    __fpl_inf_fsub                           0x00012c03   Thumb Code     0  faddsub_clz.o(x$fpl$fsub)
    __funder                                 0x00012c2d   Thumb Code   132  funder.o(x$fpl$funder)
    __funder_d                               0x00012cb1   Thumb Code     2  funder.o(x$fpl$funder)
    __fpl_return_NaN                         0x00012cb3   Thumb Code   100  retnan.o(x$fpl$retnan)
    __ARM_scalbn                             0x00012d17   Thumb Code     0  scalbn.o(x$fpl$scalbn)
    scalbn                                   0x00012d17   Thumb Code    96  scalbn.o(x$fpl$scalbn)
    __fpl_inf_scalbn                         0x00012d75   Thumb Code     0  scalbn.o(x$fpl$scalbn)
    __fpl_cmpreturn                          0x00012d77   Thumb Code    48  trapv.o(x$fpl$trapveneer)
    AdcConfig                                0x00012da6   Data          16  adc.o(.constdata)
    __I$use$fp                               0x00012da7   Thumb Code     0  usenofp.o(x$fpl$usenofp)
    UartConfig                               0x00012fbc   Data          32  uart.o(.constdata)
    __mathlib_zero                           0x00021f10   Data           8  qnan.o(.constdata)
    Region$$Table$$Base                      0x00022018   Number         0  anon$$obj.o(Region$$Table)
    Region$$Table$$Limit                     0x00022048   Number         0  anon$$obj.o(Region$$Table)
    __ctype                                  0x00022055   Data           0  lc_ctype_c.o(locale$$data)
    fileName                                 0x10000000   Data          30  mmc_176x_ssp.o(.bss)
    fileNme                                  0x1000001e   Data          13  mmc_176x_ssp.o(.bss)
    foldername                               0x1000002b   Data          20  mmc_176x_ssp.o(.bss)
    Finfo                                    0x10001664   Data         280  mmc_176x_ssp.o(.bss)
    FatFs                                    0x1000177c   Data        2168  mmc_176x_ssp.o(.bss)
    line_buffer                              0x10001ff4   Data         512  mmc_176x_ssp.o(.bss)
    Buff                                     0x100021f4   Data       16384  mmc_176x_ssp.o(.bss)
    SystemCoreClock                          0x2007c000   Data           4  system_lpc17xx.o(.data)
    adcValue0                                0x2007c004   Data           4  adc.o(.data)
    adcValue1                                0x2007c008   Data           4  adc.o(.data)
    volt0                                    0x2007c00c   Data           4  adc.o(.data)
    volt1                                    0x2007c010   Data           4  adc.o(.data)
    ActualVoltage0                           0x2007c014   Data           4  adc.o(.data)
    ActualVoltage1                           0x2007c018   Data           4  adc.o(.data)
    _BVolt                                   0x2007c01c   Data           6  adc.o(.data)
    _PVolt                                   0x2007c022   Data           6  adc.o(.data)
    EintConfigTable                          0x2007c028   Data          32  extintr.o(.data)
    position                                 0x2007c048   Data           4  gprs.o(.data)
    status_flag                              0x2007c04c   Data           1  gprs.o(.data)
    _index                                   0x2007c050   Data           4  gprs.o(.data)
    master_Mobile_no                         0x2007c054   Data          14  gprs.o(.data)
    altitude_buffer                          0x2007c062   Data           8  gprs.o(.data)
    Satellites_In_View                       0x2007c06a   Data           3  gprs.o(.data)
    _Rain                                    0x2007c06d   Data           8  gprs.o(.data)
    _LCDRain                                 0x2007c075   Data           8  gprs.o(.data)
    _xyz11                                   0x2007c07d   Data           8  gprs.o(.data)
    _sQuality                                0x2007c085   Data           5  gprs.o(.data)
    dbm                                      0x2007c08c   Data           4  gprs.o(.data)
    CRLF_COUNT                               0x2007c090   Data           1  gprs.o(.data)
    responseStatus                           0x2007c091   Data           1  gprs.o(.data)
    Counter                                  0x2007c092   Data           2  gprs.o(.data)
    TimeOut                                  0x2007c094   Data           4  gprs.o(.data)
    PDP                                      0x2007c098   Data           4  gprs.o(.data)
    ERROR_CODE                               0x2007c09c   Data           4  gprs.o(.data)
    KeyInterrupt                             0x2007c0a0   Data           4  gprs.o(.data)
    scrollScreen                             0x2007c0a4   Data           4  gprs.o(.data)
    APN_Case                                 0x2007c0a8   Data           4  gprs.o(.data)
    rain                                     0x2007c0b0   Data           8  gprs.o(.data)
    LCDrain                                  0x2007c0b8   Data           8  gprs.o(.data)
    total_DailyRain                          0x2007c0c0   Data           8  gprs.o(.data)
    temp_rain                                0x2007c0c8   Data           8  gprs.o(.data)
    yearly_rain                              0x2007c0d0   Data           8  gprs.o(.data)
    numTipsRain                              0x2007c0d8   Data           4  gprs.o(.data)
    LCDnumTipsRain                           0x2007c0dc   Data           4  gprs.o(.data)
    logInterval                              0x2007c0e0   Data           1  gprs.o(.data)
    PacketlogInterval                        0x2007c0e1   Data           1  gprs.o(.data)
    PacketsendInterval                       0x2007c0e2   Data           1  gprs.o(.data)
    _logInterval                             0x2007c0e3   Data           4  gprs.o(.data)
    _PacketlogInterval                       0x2007c0e7   Data           4  gprs.o(.data)
    _PacketsendInterval                      0x2007c0eb   Data           4  gprs.o(.data)
    _LCDCurrentWindDirection                 0x2007c0ef   Data           4  gprs.o(.data)
    _LCDCurrentSpeed                         0x2007c0f3   Data           6  gprs.o(.data)
    buffer_pointer                           0x2007c0fc   Data           4  gprs.o(.data)
    SignalQuality                            0x2007c100   Data           4  gprs.o(.data)
    APN                                      0x2007c104   Data           4  gprs.o(.data)
    FixQuality                               0x2007c108   Data           4  gprs.o(.data)
    Response_Status                          0x2007c10c   Data           1  gprs.o(.data)
    ARR_LcdLineNumAddress_U8                 0x2007c10d   Data           4  lcd.o(.data)
    v_LcdTrackLineNum_U8                     0x2007c111   Data           1  lcd.o(.data)
    v_LcdTrackCursorPos_U8                   0x2007c112   Data           1  lcd.o(.data)
    alarm_on                                 0x2007c114   Data           4  rtc.o(.data)
    UART0TxEmpty                             0x2007c118   Data           1  uart.o(.data)
    UART1TxEmpty                             0x2007c119   Data           1  uart.o(.data)
    UART3TxEmpty                             0x2007c11a   Data           1  uart.o(.data)
    UART0Count                               0x2007c11c   Data           4  uart.o(.data)
    UART1Count                               0x2007c120   Data           4  uart.o(.data)
    UART3Count                               0x2007c124   Data           4  uart.o(.data)
    FRList                                   0x2007c128   Data         288  uart.o(.data)
    DIVADDVALList                            0x2007c248   Data         288  uart.o(.data)
    MULVALList                               0x2007c368   Data         288  uart.o(.data)
    UART0Status                              0x2007c488   Data           4  uart.o(.data)
    UART1Status                              0x2007c48c   Data           4  uart.o(.data)
    UART3Status                              0x2007c490   Data           4  uart.o(.data)
    FirstRead_WindSensor                     0x2007c498   Data           1  wswd.o(.data)
    Minute_WINDSENSOR_COUNTS                 0x2007c499   Data           1  wswd.o(.data)
    CurrentWindDirection                     0x2007c49a   Data           4  wswd.o(.data)
    CurrentSpeed                             0x2007c49e   Data           6  wswd.o(.data)
    DN                                       0x2007c4a4   Data           4  wswd.o(.data)
    DM                                       0x2007c4a8   Data           4  wswd.o(.data)
    DX                                       0x2007c4ac   Data           4  wswd.o(.data)
    SN                                       0x2007c4b0   Data           6  wswd.o(.data)
    SM                                       0x2007c4b6   Data           6  wswd.o(.data)
    SX                                       0x2007c4bc   Data           6  wswd.o(.data)
    Gust                                     0x2007c4c2   Data           6  wswd.o(.data)
    WINDSENSOR_COUNTS                        0x2007c4c8   Data           1  wswd.o(.data)
    MinSpeed                                 0x2007c4c9   Data           6  wswd.o(.data)
    Tan_Inverse_WindDirection                0x2007c4cf   Data           6  wswd.o(.data)
    f_DM                                     0x2007c4d8   Data           8  wswd.o(.data)
    f_DN                                     0x2007c4e0   Data           8  wswd.o(.data)
    f_DX                                     0x2007c4e8   Data           8  wswd.o(.data)
    Sum_of_f_DM                              0x2007c4f0   Data           8  wswd.o(.data)
    Sum_of_f_DX                              0x2007c4f8   Data           8  wswd.o(.data)
    f_SM                                     0x2007c500   Data           8  wswd.o(.data)
    f_SN                                     0x2007c508   Data           8  wswd.o(.data)
    f_SX                                     0x2007c510   Data           8  wswd.o(.data)
    Sum_of_f_SM                              0x2007c518   Data           8  wswd.o(.data)
    Sum_of_f_SX                              0x2007c520   Data           8  wswd.o(.data)
    fmax_DX                                  0x2007c528   Data           8  wswd.o(.data)
    fmin_DN                                  0x2007c530   Data           8  wswd.o(.data)
    favg_DM                                  0x2007c538   Data           8  wswd.o(.data)
    fmax_SX                                  0x2007c540   Data           8  wswd.o(.data)
    fmin_SN                                  0x2007c548   Data           8  wswd.o(.data)
    favg_SM                                  0x2007c550   Data           8  wswd.o(.data)
    sumof_sin_value_direction                0x2007c558   Data           8  wswd.o(.data)
    sumof_cosine_value_direction             0x2007c560   Data           8  wswd.o(.data)
    temperature                              0x2007c568   Data           4  atrh.o(.data)
    humidity                                 0x2007c56c   Data           4  atrh.o(.data)
    Sum_of_temperature                       0x2007c570   Data           4  atrh.o(.data)
    Sum_of_humidity                          0x2007c574   Data           4  atrh.o(.data)
    fMinTemp                                 0x2007c578   Data           4  atrh.o(.data)
    fMaxTemp                                 0x2007c57c   Data           4  atrh.o(.data)
    fMinHumid                                0x2007c580   Data           4  atrh.o(.data)
    fMaxHumid                                0x2007c584   Data           4  atrh.o(.data)
    ATRH_COUNTS                              0x2007c588   Data           1  atrh.o(.data)
    Minute_ATRH_COUNTS                       0x2007c589   Data           1  atrh.o(.data)
    FirstRead_ATRH                           0x2007c58a   Data           1  atrh.o(.data)
    V_SysTickMiliSecCount_U32                0x2007c58c   Data           4  systick.o(.data)
    sysTickCallBack                          0x2007c590   Data           4  systick.o(.data)
    size                                     0x2007c598   Data           4  mmc_176x_ssp.o(.data)
    foldername1                              0x2007c59c   Data          20  mmc_176x_ssp.o(.data)
    eof                                      0x2007c5b0   Data           4  mmc_176x_ssp.o(.data)
    fault                                    0x2007c5b4   Data           1  mmc_176x_ssp.o(.data)
    first_flag                               0x2007c5b5   Data           1  mmc_176x_ssp.o(.data)
    FailedFirstPendinglog                    0x2007c5b6   Data           1  mmc_176x_ssp.o(.data)
    bytes_written                            0x2007c5d8   Data           4  mmc_176x_ssp.o(.data)
    n                                        0x2007c5dc   Data           4  mmc_176x_ssp.o(.data)
    ff_result                                0x2007c5e0   Data           1  mmc_176x_ssp.o(.data)
    PlogCreate                               0x2007c5e8   Data           4  log.o(.data)
    FirmwareRevision                         0x2007c5ec   Data          12  log.o(.data)
    returnStatus                             0x2007c5f8   Data           1  main.o(.data)
    GPSCheck                                 0x2007c5f9   Data           1  main.o(.data)
    Card_Failed                              0x2007c5fc   Data           4  main.o(.data)
    rtc                                      0x2007c600   Data           8  main.o(.data)
    _SMS_Buffer                              0x2007c618   Data         512  gprs.o(.bss)
    latitude_buffer                          0x2007c818   Data          16  gprs.o(.bss)
    longitude_buffer                         0x2007c828   Data          16  gprs.o(.bss)
    imei                                     0x2007c838   Data          16  gprs.o(.bss)
    CCID                                     0x2007c848   Data          25  gprs.o(.bss)
    SignalQualityIndication                  0x2007c861   Data          15  gprs.o(.bss)
    URLbuffer                                0x2007c870   Data         100  gprs.o(.bss)
    Testlogbuffer                            0x2007c8d4   Data         512  gprs.o(.bss)
    _ErrorLogBuffer                          0x2007cad4   Data         512  gprs.o(.bss)
    _LCDTemperature                          0x2007ccd4   Data          10  gprs.o(.bss)
    _LCDHumidity                             0x2007ccde   Data          10  gprs.o(.bss)
    Mobile_no                                0x2007cd4c   Data          14  gprs.o(.bss)
    message_received                         0x2007cd5a   Data          60  gprs.o(.bss)
    SIM_Mobile_no                            0x2007cd96   Data          14  gprs.o(.bss)
    Date_Time                                0x2007cda4   Data          17  gprs.o(.bss)
    _apnBuffer                               0x2007cdb5   Data          15  gprs.o(.bss)
    LCDConfig                                0x2007cdc4   Data          14  lcd.o(.bss)
    UART0Buffer                              0x2007cdd2   Data         160  uart.o(.bss)
    UART1Buffer                              0x2007ce72   Data         160  uart.o(.bss)
    UART3Buffer                              0x2007cf12   Data         160  uart.o(.bss)
    _Temperature                             0x2007cfb2   Data          10  atrh.o(.bss)
    _Humidity                                0x2007cfbc   Data          10  atrh.o(.bss)
    _MinTemp                                 0x2007cfc6   Data          10  atrh.o(.bss)
    _MaxTemp                                 0x2007cfd0   Data          10  atrh.o(.bss)
    _MinHumid                                0x2007cfda   Data          10  atrh.o(.bss)
    _MaxHumid                                0x2007cfe4   Data          10  atrh.o(.bss)
    _buffer                                  0x2007cfee   Data         512  main.o(.bss)
    iniContent                               0x2007d1ee   Data         512  main.o(.bss)
    __libspace_start                         0x2007d5f0   Data          96  libspace.o(.bss)
    __temporary_stack_top$libspace           0x2007d650   Data           0  libspace.o(.bss)



==============================================================================

Memory Map of the image

  Image Entry point : 0x000000cd

  Load Region LR_IROM1 (Base: 0x00000000, Size: 0x00022770, Max: 0x00080000, ABSOLUTE, COMPRESSED[0x000223a0])

    Execution Region ER_IROM1 (Base: 0x00000000, Size: 0x00022158, Max: 0x00080000, ABSOLUTE)

    Base Addr    Size         Type   Attr      Idx    E Section Name        Object

    0x00000000   0x000000cc   Data   RO            3    RESET               startup_lpc17xx.o
    0x000000cc   0x00000008   Code   RO          632  * !!!main             __main.o(c_w.l)
    0x000000d4   0x00000034   Code   RO          970    !!!scatter          __scatter.o(c_w.l)
    0x00000108   0x00000064   Code   RO          968    !!dclz77c           __dclz77c.o(c_w.l)
    0x0000016c   0x0000001c   Code   RO          972    !!handler_zi        __scatter_zi.o(c_w.l)
    0x00000188   0x00000000   Code   RO          604    .ARM.Collect$$_printf_percent$$00000000  _printf_percent.o(c_w.l)
    0x00000188   0x00000006   Code   RO          603    .ARM.Collect$$_printf_percent$$00000009  _printf_d.o(c_w.l)
    0x0000018e   0x00000006   Code   RO          601    .ARM.Collect$$_printf_percent$$00000013  _printf_c.o(c_w.l)
    0x00000194   0x00000006   Code   RO          602    .ARM.Collect$$_printf_percent$$00000014  _printf_s.o(c_w.l)
    0x0000019a   0x00000004   Code   RO          731    .ARM.Collect$$_printf_percent$$00000017  _printf_percent_end.o(c_w.l)
    0x0000019e   0x00000006   Code   RO          844    .ARM.Collect$$libinit$$00000000  libinit.o(c_w.l)
    0x000001a4   0x00000000   Code   RO          851    .ARM.Collect$$libinit$$00000006  libinit2.o(c_w.l)
    0x000001a4   0x00000000   Code   RO          853    .ARM.Collect$$libinit$$00000008  libinit2.o(c_w.l)
    0x000001a4   0x00000000   Code   RO          855    .ARM.Collect$$libinit$$0000000A  libinit2.o(c_w.l)
    0x000001a4   0x00000006   Code   RO          856    .ARM.Collect$$libinit$$0000000B  libinit2.o(c_w.l)
    0x000001aa   0x00000000   Code   RO          858    .ARM.Collect$$libinit$$0000000D  libinit2.o(c_w.l)
    0x000001aa   0x0000000c   Code   RO          859    .ARM.Collect$$libinit$$0000000E  libinit2.o(c_w.l)
    0x000001b6   0x00000000   Code   RO          860    .ARM.Collect$$libinit$$0000000F  libinit2.o(c_w.l)
    0x000001b6   0x00000000   Code   RO          862    .ARM.Collect$$libinit$$00000011  libinit2.o(c_w.l)
    0x000001b6   0x00000000   Code   RO          864    .ARM.Collect$$libinit$$00000013  libinit2.o(c_w.l)
    0x000001b6   0x00000000   Code   RO          866    .ARM.Collect$$libinit$$00000015  libinit2.o(c_w.l)
    0x000001b6   0x00000000   Code   RO          868    .ARM.Collect$$libinit$$00000017  libinit2.o(c_w.l)
    0x000001b6   0x00000000   Code   RO          870    .ARM.Collect$$libinit$$00000019  libinit2.o(c_w.l)
    0x000001b6   0x00000000   Code   RO          872    .ARM.Collect$$libinit$$0000001B  libinit2.o(c_w.l)
    0x000001b6   0x00000000   Code   RO          874    .ARM.Collect$$libinit$$0000001D  libinit2.o(c_w.l)
    0x000001b6   0x00000000   Code   RO          876    .ARM.Collect$$libinit$$0000001F  libinit2.o(c_w.l)
    0x000001b6   0x00000000   Code   RO          878    .ARM.Collect$$libinit$$00000021  libinit2.o(c_w.l)
    0x000001b6   0x00000000   Code   RO          882    .ARM.Collect$$libinit$$00000028  libinit2.o(c_w.l)
    0x000001b6   0x00000000   Code   RO          884    .ARM.Collect$$libinit$$0000002A  libinit2.o(c_w.l)
    0x000001b6   0x00000000   Code   RO          886    .ARM.Collect$$libinit$$0000002C  libinit2.o(c_w.l)
    0x000001b6   0x00000000   Code   RO          888    .ARM.Collect$$libinit$$0000002E  libinit2.o(c_w.l)
    0x000001b6   0x00000002   Code   RO          889    .ARM.Collect$$libinit$$0000002F  libinit2.o(c_w.l)
    0x000001b8   0x00000002   Code   RO          910    .ARM.Collect$$libshutdown$$00000000  libshutdown.o(c_w.l)
    0x000001ba   0x00000000   Code   RO          923    .ARM.Collect$$libshutdown$$00000003  libshutdown2.o(c_w.l)
    0x000001ba   0x00000000   Code   RO          926    .ARM.Collect$$libshutdown$$00000006  libshutdown2.o(c_w.l)
    0x000001ba   0x00000000   Code   RO          929    .ARM.Collect$$libshutdown$$00000009  libshutdown2.o(c_w.l)
    0x000001ba   0x00000000   Code   RO          931    .ARM.Collect$$libshutdown$$0000000B  libshutdown2.o(c_w.l)
    0x000001ba   0x00000000   Code   RO          934    .ARM.Collect$$libshutdown$$0000000E  libshutdown2.o(c_w.l)
    0x000001ba   0x00000002   Code   RO          935    .ARM.Collect$$libshutdown$$0000000F  libshutdown2.o(c_w.l)
    0x000001bc   0x00000000   Code   RO          714    .ARM.Collect$$rtentry$$00000000  rtentry.o(c_w.l)
    0x000001bc   0x00000000   Code   RO          789    .ARM.Collect$$rtentry$$00000002  rtentry2.o(c_w.l)
    0x000001bc   0x00000006   Code   RO          804    .ARM.Collect$$rtentry$$00000004  rtentry4.o(c_w.l)
    0x000001c2   0x00000000   Code   RO          791    .ARM.Collect$$rtentry$$00000009  rtentry2.o(c_w.l)
    0x000001c2   0x00000004   Code   RO          792    .ARM.Collect$$rtentry$$0000000A  rtentry2.o(c_w.l)
    0x000001c6   0x00000000   Code   RO          794    .ARM.Collect$$rtentry$$0000000C  rtentry2.o(c_w.l)
    0x000001c6   0x00000008   Code   RO          795    .ARM.Collect$$rtentry$$0000000D  rtentry2.o(c_w.l)
    0x000001ce   0x00000000   Code   RO          845    .ARM.Collect$$rtexit$$00000000  rtexit.o(c_w.l)
    0x000001ce   0x00000000   Code   RO          893    .ARM.Collect$$rtexit$$00000002  rtexit2.o(c_w.l)
    0x000001ce   0x00000004   Code   RO          894    .ARM.Collect$$rtexit$$00000003  rtexit2.o(c_w.l)
    0x000001d2   0x00000004   Code   RO          895    .ARM.Collect$$rtexit$$00000004  rtexit2.o(c_w.l)
    0x000001d6   0x00000002   PAD
    0x000001d8   0x00000034   Code   RO            5    .text               startup_lpc17xx.o
    0x0000020c   0x0000004a   Code   RO          106    .text               delay.o
    0x00000256   0x00000002   PAD
    0x00000258   0x00000078   Code   RO          415    .text               systick.o
    0x000002d0   0x0000002c   Code   RO          571    .text               __2sprintf.o(c_w.l)
    0x000002fc   0x00000004   Code   RO            4    .ARM.__at_0x02FC    startup_lpc17xx.o
    0x00000300   0x000001fc   Code   RO           13    .text               system_lpc17xx.o
    0x000004fc   0x00000258   Code   RO           52    .text               adc.o
    0x00000754   0x0000038c   Code   RO           90    .text               convert.o
    0x00000ae0   0x00000194   Code   RO          118    .text               extintr.o
    0x00000c74   0x0000014c   Code   RO          139    .text               gpio.o
    0x00000dc0   0x00004228   Code   RO          151    .text               gprs.o
    0x00004fe8   0x000007c4   Code   RO          212    .text               lcd.o
    0x000057ac   0x0000013c   Code   RO          231    .text               lpc17xx_clkpwr.o
    0x000058e8   0x000001a0   Code   RO          246    .text               lpc17xx_wdt.o
    0x00005a88   0x00000798   Code   RO          264    .text               rtc.o
    0x00006220   0x00000ab0   Code   RO          304    .text               uart.o
    0x00006cd0   0x00000b64   Code   RO          321    .text               wswd.o
    0x00007834   0x0000011c   Code   RO          345    .text               i2c0.o
    0x00007950   0x00000510   Code   RO          360    .text               atrh.o
    0x00007e60   0x00000030   Code   RO          430    .text               bod.o
    0x00007e90   0x0000246c   Code   RO          451    .text               mmc_176x_ssp.o
    0x0000a2fc   0x00000978   Code   RO          486    .text               log.o
    0x0000ac74   0x00000b30   Code   RO          503    .text               main.o
    0x0000b7a4   0x00003c42   Code   RO          524    .text               ff.o
    0x0000f3e6   0x00000002   PAD
    0x0000f3e8   0x00000190   Code   RO          543    .text               syscall.o
    0x0000f578   0x0000004c   Code   RO          577    .text               _printf_pad.o(c_w.l)
    0x0000f5c4   0x00000052   Code   RO          579    .text               _printf_str.o(c_w.l)
    0x0000f616   0x00000002   PAD
    0x0000f618   0x00000070   Code   RO          581    .text               _printf_dec.o(c_w.l)
    0x0000f688   0x00000148   Code   RO          593    .text               __printf_flags_wp.o(c_w.l)
    0x0000f7d0   0x0000001a   Code   RO          605    .text               atoi.o(c_w.l)
    0x0000f7ea   0x00000002   PAD
    0x0000f7ec   0x0000000c   Code   RO          607    .text               strtok.o(c_w.l)
    0x0000f7f8   0x00000014   Code   RO          610    .text               strchr.o(c_w.l)
    0x0000f80c   0x00000024   Code   RO          612    .text               strstr.o(c_w.l)
    0x0000f830   0x0000004a   Code   RO          614    .text               strcpy.o(c_w.l)
    0x0000f87a   0x0000008c   Code   RO          616    .text               strncmp.o(c_w.l)
    0x0000f906   0x0000003e   Code   RO          618    .text               strlen.o(c_w.l)
    0x0000f944   0x0000008c   Code   RO          620    .text               rt_memcpy_v6.o(c_w.l)
    0x0000f9d0   0x0000007a   Code   RO          622    .text               rt_memmove_v6.o(c_w.l)
    0x0000fa4a   0x00000044   Code   RO          624    .text               rt_memclr.o(c_w.l)
    0x0000fa8e   0x0000004e   Code   RO          626    .text               rt_memclr_w.o(c_w.l)
    0x0000fadc   0x00000056   Code   RO          628    .text               strncpy.o(c_w.l)
    0x0000fb32   0x00000006   Code   RO          630    .text               heapauxi.o(c_w.l)
    0x0000fb38   0x0000000c   Code   RO          719    .text               rt_errno_addr_intlibspace.o(c_w.l)
    0x0000fb44   0x00000016   Code   RO          721    .text               _rserrno.o(c_w.l)
    0x0000fb5a   0x000000ae   Code   RO          723    .text               _printf_intcommon.o(c_w.l)
    0x0000fc08   0x00000030   Code   RO          725    .text               _printf_char_common.o(c_w.l)
    0x0000fc38   0x0000000a   Code   RO          727    .text               _sputc.o(c_w.l)
    0x0000fc42   0x0000002c   Code   RO          729    .text               _printf_char.o(c_w.l)
    0x0000fc6e   0x00000070   Code   RO          732    .text               strtol.o(c_w.l)
    0x0000fcde   0x00000002   PAD
    0x0000fce0   0x00000048   Code   RO          734    .text               strtok_int.o(c_w.l)
    0x0000fd28   0x00000064   Code   RO          736    .text               rt_memcpy_w.o(c_w.l)
    0x0000fd8c   0x0000007a   Code   RO          738    .text               rt_memmove_w.o(c_w.l)
    0x0000fe06   0x00000010   Code   RO          740    .text               rtudiv10.o(c_w.l)
    0x0000fe16   0x00000002   PAD
    0x0000fe18   0x00000008   Code   RO          785    .text               libspace.o(c_w.l)
    0x0000fe20   0x00000010   Code   RO          806    .text               rt_ctype_table.o(c_w.l)
    0x0000fe30   0x00000098   Code   RO          810    .text               _strtoul.o(c_w.l)
    0x0000fec8   0x00000020   Code   RO          812    .text               strcspn.o(c_w.l)
    0x0000fee8   0x0000001c   Code   RO          814    .text               strspn.o(c_w.l)
    0x0000ff04   0x0000004a   Code   RO          824    .text               sys_stackheap_outer.o(c_w.l)
    0x0000ff4e   0x00000002   PAD
    0x0000ff50   0x0000000c   Code   RO          829    .text               rt_locale_intlibspace.o(c_w.l)
    0x0000ff5c   0x00000020   Code   RO          831    .text               _chval.o(c_w.l)
    0x0000ff7c   0x0000000c   Code   RO          836    .text               exit.o(c_w.l)
    0x0000ff88   0x00000080   Code   RO          847    .text               strcmpv7m.o(c_w.l)
    0x00010008   0x00000014   Code   RO          902    .text               sys_exit.o(c_w.l)
    0x0001001c   0x00000002   Code   RO          913    .text               use_no_semi.o(c_w.l)
    0x0001001e   0x00000002   PAD
    0x00010020   0x000002e4   Code   RO          775    i.__ieee754_rem_pio2  rred.o(m_ws.l)
    0x00010304   0x000000fc   Code   RO          769    i.__kernel_cos      cos_i.o(m_ws.l)
    0x00010400   0x000000a2   Code   RO          772    i.__kernel_poly     poly.o(m_ws.l)
    0x000104a2   0x00000002   PAD
    0x000104a4   0x000000ec   Code   RO          778    i.__kernel_sin      sin_i.o(m_ws.l)
    0x00010590   0x00000228   Code   RO          695    i.atan              atan.o(m_ws.l)
    0x000107b8   0x0000000a   Code   RO          708    i.copysign          pow.o(m_ws.l)
    0x000107c2   0x00000002   PAD
    0x000107c4   0x0000009c   Code   RO          700    i.cos               cos.o(m_ws.l)
    0x00010860   0x0000093c   Code   RO          704    i.pow               pow.o(m_ws.l)
    0x0001119c   0x000000a0   Code   RO          711    i.sin               sin.o(m_ws.l)
    0x0001123c   0x00000054   Code   RO          782    i.sqrt              sqrt.o(m_ws.l)
    0x00011290   0x0000002c   Code   RO          834    locale$$code        lc_ctype_c.o(c_w.l)
    0x000112bc   0x00000094   Code   RO          634    x$fpl$d2f           d2f.o(fz_ws.l)
    0x00011350   0x000001b8   Code   RO          636    x$fpl$dadd          daddsub_clz.o(fz_ws.l)
    0x00011508   0x00000010   Code   RO          742    x$fpl$dcheck        dcheck.o(fz_ws.l)
    0x00011518   0x00000010   Code   RO          744    x$fpl$dcheck1       dcheck1.o(fz_ws.l)
    0x00011528   0x00000078   Code   RO          746    x$fpl$dcmpinfnan    dcmpin.o(fz_ws.l)
    0x000115a0   0x00000058   Code   RO          754    x$fpl$dcmpinfnan    fcmpin.o(fz_ws.l)
    0x000115f8   0x00000400   Code   RO          643    x$fpl$ddiv          ddiv.o(fz_ws.l)
    0x000119f8   0x00000070   Code   RO          646    x$fpl$deqf          deqf.o(fz_ws.l)
    0x00011a68   0x0000009c   Code   RO          648    x$fpl$dfix          dfix.o(fz_ws.l)
    0x00011b04   0x0000002c   Code   RO          653    x$fpl$dflt          dflt_clz.o(fz_ws.l)
    0x00011b30   0x0000000a   Code   RO          652    x$fpl$dfltu         dflt_clz.o(fz_ws.l)
    0x00011b3a   0x00000002   PAD
    0x00011b3c   0x00000070   Code   RO          656    x$fpl$dleqf         dleqf.o(fz_ws.l)
    0x00011bac   0x000001c8   Code   RO          658    x$fpl$dmul          dmul.o(fz_ws.l)
    0x00011d74   0x00000198   Code   RO          816    x$fpl$drem          drem_clz.o(fz_ws.l)
    0x00011f0c   0x00000088   Code   RO          660    x$fpl$drleqf        drleqf.o(fz_ws.l)
    0x00011f94   0x00000016   Code   RO          637    x$fpl$drsb          daddsub_clz.o(fz_ws.l)
    0x00011faa   0x00000002   PAD
    0x00011fac   0x00000144   Code   RO          818    x$fpl$dsqrt         dsqrt.o(fz_ws.l)
    0x000120f0   0x00000248   Code   RO          638    x$fpl$dsub          daddsub_clz.o(fz_ws.l)
    0x00012338   0x000000ec   Code   RO          748    x$fpl$dunder        dunder.o(fz_ws.l)
    0x00012424   0x00000050   Code   RO          662    x$fpl$f2d           f2d.o(fz_ws.l)
    0x00012474   0x00000100   Code   RO          664    x$fpl$fadd          faddsub_clz.o(fz_ws.l)
    0x00012574   0x0000000c   Code   RO          750    x$fpl$fcheck        fcheck.o(fz_ws.l)
    0x00012580   0x0000000c   Code   RO          752    x$fpl$fcheck1       fcheck1.o(fz_ws.l)
    0x0001258c   0x000001e4   Code   RO          671    x$fpl$fdiv          fdiv.o(fz_ws.l)
    0x00012770   0x00000060   Code   RO          674    x$fpl$feqf          feqf.o(fz_ws.l)
    0x000127d0   0x00000070   Code   RO          676    x$fpl$ffix          ffix.o(fz_ws.l)
    0x00012840   0x00000058   Code   RO          680    x$fpl$ffixu         ffixu.o(fz_ws.l)
    0x00012898   0x00000032   Code   RO          685    x$fpl$fflt          fflt_clz.o(fz_ws.l)
    0x000128ca   0x00000008   Code   RO          684    x$fpl$ffltu         fflt_clz.o(fz_ws.l)
    0x000128d2   0x00000002   PAD
    0x000128d4   0x00000060   Code   RO          688    x$fpl$fleqf         fleqf.o(fz_ws.l)
    0x00012934   0x00000108   Code   RO          690    x$fpl$fmul          fmul.o(fz_ws.l)
    0x00012a3c   0x0000004a   Code   RO          756    x$fpl$fnorm2        fnorm2_clz.o(fz_ws.l)
    0x00012a86   0x00000002   PAD
    0x00012a88   0x0000006c   Code   RO          692    x$fpl$frleqf        frleqf.o(fz_ws.l)
    0x00012af4   0x00000014   Code   RO          665    x$fpl$frsb          faddsub_clz.o(fz_ws.l)
    0x00012b08   0x00000124   Code   RO          666    x$fpl$fsub          faddsub_clz.o(fz_ws.l)
    0x00012c2c   0x00000086   Code   RO          758    x$fpl$funder        funder.o(fz_ws.l)
    0x00012cb2   0x00000064   Code   RO          820    x$fpl$retnan        retnan.o(fz_ws.l)
    0x00012d16   0x00000060   Code   RO          763    x$fpl$scalbn        scalbn.o(fz_ws.l)
    0x00012d76   0x00000030   Code   RO          822    x$fpl$trapveneer    trapv.o(fz_ws.l)
    0x00012da6   0x00000000   Code   RO          768    x$fpl$usenofp       usenofp.o(fz_ws.l)
    0x00012da6   0x00000010   Data   RO           53    .constdata          adc.o
    0x00012db6   0x00000002   PAD
    0x00012db8   0x00000203   Data   RO          153    .constdata          gprs.o
    0x00012fbb   0x00000001   PAD
    0x00012fbc   0x00000020   Data   RO          306    .constdata          uart.o
    0x00012fdc   0x00000042   Data   RO          323    .constdata          wswd.o
    0x0001301e   0x00000002   PAD
    0x00013020   0x000001c4   Data   RO          453    .constdata          mmc_176x_ssp.o
    0x000131e4   0x00000175   Data   RO          487    .constdata          log.o
    0x00013359   0x00000003   PAD
    0x0001335c   0x00000058   Data   RO          505    .constdata          main.o
    0x000133b4   0x00000058   Data   RO          526    .constdata          ff.o
    0x0001340c   0x0000e99e   Data   RO          544    .constdata          syscall.o
    0x00021daa   0x00000011   Data   RO          594    .constdata          __printf_flags_wp.o(c_w.l)
    0x00021dbb   0x00000005   PAD
    0x00021dc0   0x00000098   Data   RO          696    .constdata          atan.o(m_ws.l)
    0x00021e58   0x00000088   Data   RO          705    .constdata          pow.o(m_ws.l)
    0x00021ee0   0x00000030   Data   RO          770    .constdata          cos_i.o(m_ws.l)
    0x00021f10   0x00000008   Data   RO          774    .constdata          qnan.o(m_ws.l)
    0x00021f18   0x000000c0   Data   RO          776    .constdata          rred.o(m_ws.l)
    0x00021fd8   0x00000028   Data   RO          779    .constdata          sin_i.o(m_ws.l)
    0x00022000   0x00000018   Data   RO          454    .conststring        mmc_176x_ssp.o
    0x00022018   0x00000030   Data   RO          966    Region$$Table       anon$$obj.o
    0x00022048   0x00000110   Data   RO          833    locale$$data        lc_ctype_c.o(c_w.l)


    Execution Region RW_IRAM1 (Base: 0x10000000, Size: 0x0000661c, Max: 0x00008000, ABSOLUTE)

    Base Addr    Size         Type   Attr      Idx    E Section Name        Object

    0x10000000   0x0000661c   Zero   RW          452    .bss                mmc_176x_ssp.o


    Execution Region RW_IRAM2 (Base: 0x2007c000, Size: 0x00001850, Max: 0x00008000, ABSOLUTE, COMPRESSED[0x00000248])

    Base Addr    Size         Type   Attr      Idx    E Section Name        Object

    0x2007c000   0x00000004   Data   RW           14    .data               system_lpc17xx.o
    0x2007c004   0x00000024   Data   RW           54    .data               adc.o
    0x2007c028   0x00000020   Data   RW          119    .data               extintr.o
    0x2007c048   0x000000c5   Data   RW          154    .data               gprs.o
    0x2007c10d   0x00000006   Data   RW          214    .data               lcd.o
    0x2007c113   0x00000001   PAD
    0x2007c114   0x00000004   Data   RW          265    .data               rtc.o
    0x2007c118   0x0000037c   Data   RW          307    .data               uart.o
    0x2007c494   0x00000004   PAD
    0x2007c498   0x000000d0   Data   RW          324    .data               wswd.o
    0x2007c568   0x00000023   Data   RW          362    .data               atrh.o
    0x2007c58b   0x00000001   PAD
    0x2007c58c   0x00000008   Data   RW          416    .data               systick.o
    0x2007c594   0x00000054   Data   RW          455    .data               mmc_176x_ssp.o
    0x2007c5e8   0x00000010   Data   RW          488    .data               log.o
    0x2007c5f8   0x00000010   Data   RW          506    .data               main.o
    0x2007c608   0x0000000b   Data   RW          527    .data               ff.o
    0x2007c613   0x00000001   PAD
    0x2007c614   0x00000004   Data   RW          608    .data               strtok.o(c_w.l)
    0x2007c618   0x000007ac   Zero   RW          152    .bss                gprs.o
    0x2007cdc4   0x0000000e   Zero   RW          213    .bss                lcd.o
    0x2007cdd2   0x000001e0   Zero   RW          305    .bss                uart.o
    0x2007cfb2   0x0000003c   Zero   RW          361    .bss                atrh.o
    0x2007cfee   0x00000400   Zero   RW          504    .bss                main.o
    0x2007d3ee   0x00000200   Zero   RW          525    .bss                ff.o
    0x2007d5ee   0x00000002   PAD
    0x2007d5f0   0x00000060   Zero   RW          786    .bss                libspace.o(c_w.l)
    0x2007d650   0x00000000   Zero   RW            2    HEAP                startup_lpc17xx.o
    0x2007d650   0x00000200   Zero   RW            1    STACK               startup_lpc17xx.o


==============================================================================

Image component sizes


      Code (inc. data)   RO Data    RW Data    ZI Data      Debug   Object Name

       600        116         16         36          0      13926   adc.o
         0          0          0          0          0        700   anomometer.o
      1296        364          0         35         60       3454   atrh.o
        48          4          0          0          0       5510   bod.o
       908         24          0          0          0       2627   convert.o
        74          0          0          0          0        946   delay.o
       404         14          0         32          0       7734   extintr.o
     15426        170         88         11        512      50527   ff.o
       332          8          0          0          0       2986   gpio.o
     16936       5768        515        197       1964      32756   gprs.o
       284         12          0          0          0       1615   i2c0.o
      1988         26          0          6         14       7744   lcd.o
      2424        764        373         16          0       3657   log.o
       316         20          0          0          0       1859   lpc17xx_clkpwr.o
       416         14          0          0          0      19111   lpc17xx_wdt.o
      2864       1208         88         16       1024       9069   main.o
      9324       2206        476         84      26140      21113   mmc_176x_ssp.o
      1944         80          0          4          0       6077   rtc.o
        56         22        204          0        512        928   startup_lpc17xx.o
       400         26      59806          0          0       4992   syscall.o
       508         30          0          4          0      22345   system_lpc17xx.o
       120         12          0          8          0       1726   systick.o
      2736        168         32        892        480       8792   uart.o
      2916        764         66        208          0       5470   wswd.o

    ----------------------------------------------------------------------
     62324      11820      61720       1556      30708     235664   Object Totals
         0          0         48          0          0          0   (incl. Generated)
         4          0          8          7          2          2   (incl. Padding)

    ----------------------------------------------------------------------

      Code (inc. data)   RO Data    RW Data    ZI Data      Debug   Library Member Name

        44          6          0          0          0         80   __2sprintf.o
       100          0          0          0          0          0   __dclz77c.o
         8          0          0          0          0         68   __main.o
       328          4         17          0          0         88   __printf_flags_wp.o
        52          8          0          0          0          0   __scatter.o
        28          0          0          0          0          0   __scatter_zi.o
        32          0          0          0          0         68   _chval.o
         6          0          0          0          0          0   _printf_c.o
        44          0          0          0          0        108   _printf_char.o
        48          4          0          0          0         96   _printf_char_common.o
         6          0          0          0          0          0   _printf_d.o
       112         16          0          0          0         92   _printf_dec.o
       174          0          0          0          0         88   _printf_intcommon.o
        76          0          0          0          0        104   _printf_pad.o
         0          0          0          0          0          0   _printf_percent.o
         4          0          0          0          0          0   _printf_percent_end.o
         6          0          0          0          0          0   _printf_s.o
        82          0          0          0          0         80   _printf_str.o
        22          0          0          0          0         96   _rserrno.o
        10          0          0          0          0         68   _sputc.o
       152          0          0          0          0         88   _strtoul.o
       552         78        152          0          0        176   atan.o
        26          0          0          0          0         80   atoi.o
       156         26          0          0          0        100   cos.o
       252         30         48          0          0        112   cos_i.o
       148          6          0          0          0         68   d2f.o
      1046         28          0          0          0        320   daddsub_clz.o
        16          6          0          0          0         68   dcheck.o
        16          6          0          0          0         68   dcheck1.o
       120          0          0          0          0         84   dcmpin.o
      1024        272          0          0          0        160   ddiv.o
       112          6          0          0          0         68   deqf.o
       156          6          0          0          0         76   dfix.o
        54          0          0          0          0        136   dflt_clz.o
       112          6          0          0          0         68   dleqf.o
       456         16          0          0          0        100   dmul.o
       408         12          0          0          0        100   drem_clz.o
       136          6          0          0          0         68   drleqf.o
       324          8          0          0          0        100   dsqrt.o
       236          0          0          0          0         92   dunder.o
        12          0          0          0          0         68   exit.o
        80          4          0          0          0         68   f2d.o
       568         18          0          0          0        204   faddsub_clz.o
        12          6          0          0          0         68   fcheck.o
        12          6          0          0          0         68   fcheck1.o
        88          0          0          0          0         68   fcmpin.o
       484         76          0          0          0         76   fdiv.o
        96          6          0          0          0         68   feqf.o
       112          4          0          0          0         68   ffix.o
        88          6          0          0          0         68   ffixu.o
        58          0          0          0          0        136   fflt_clz.o
        96          6          0          0          0         68   fleqf.o
       264          6          0          0          0         68   fmul.o
        74          0          0          0          0         84   fnorm2_clz.o
       108          6          0          0          0         68   frleqf.o
       134          0          0          0          0         84   funder.o
         6          0          0          0          0        148   heapauxi.o
        44         10        272          0          0         76   lc_ctype_c.o
         6          0          0          0          0          0   libinit.o
        20          0          0          0          0          0   libinit2.o
         2          0          0          0          0          0   libshutdown.o
         2          0          0          0          0          0   libshutdown2.o
         8          4          0          0         96         68   libspace.o
       162          0          0          0          0         96   poly.o
      2374        256        136          0          0        276   pow.o
         0          0          8          0          0          0   qnan.o
       100          0          0          0          0         68   retnan.o
       740         98        192          0          0         96   rred.o
        16          6          0          0          0         76   rt_ctype_table.o
        12          6          0          0          0         68   rt_errno_addr_intlibspace.o
        12          6          0          0          0         68   rt_locale_intlibspace.o
        68          0          0          0          0         68   rt_memclr.o
        78          0          0          0          0         76   rt_memclr_w.o
       140          0          0          0          0         68   rt_memcpy_v6.o
       100          0          0          0          0         80   rt_memcpy_w.o
       122          0          0          0          0         68   rt_memmove_v6.o
       122          0          0          0          0         80   rt_memmove_w.o
         0          0          0          0          0          0   rtentry.o
        12          0          0          0          0          0   rtentry2.o
         6          0          0          0          0          0   rtentry4.o
         0          0          0          0          0          0   rtexit.o
         8          0          0          0          0          0   rtexit2.o
        16          0          0          0          0         68   rtudiv10.o
        96          0          0          0          0         68   scalbn.o
       160         24          0          0          0        100   sin.o
       236         14         40          0          0        128   sin_i.o
        84         22          0          0          0         84   sqrt.o
        20          0          0          0          0         68   strchr.o
       128          2          0          0          0         68   strcmpv7m.o
        74          0          0          0          0         76   strcpy.o
        32          0          0          0          0         76   strcspn.o
        62          0          0          0          0         76   strlen.o
       140          0          0          0          0         80   strncmp.o
        86          0          0          0          0         76   strncpy.o
        28          0          0          0          0         76   strspn.o
        36          0          0          0          0         76   strstr.o
        12          6          0          4          0         68   strtok.o
        72          4          0          0          0         84   strtok_int.o
       112          0          0          0          0         88   strtol.o
        20         10          0          0          0         68   sys_exit.o
        74          0          0          0          0         80   sys_stackheap_outer.o
        48          0          0          0          0         68   trapv.o
         2          0          0          0          0         68   use_no_semi.o
         0          0          0          0          0          0   usenofp.o

    ----------------------------------------------------------------------
     14694       1162        870          4         96       7624   Library Totals
        26          0          5          0          0          0   (incl. Padding)

    ----------------------------------------------------------------------

      Code (inc. data)   RO Data    RW Data    ZI Data      Debug   Library Name

      3070         92        289          4         96       3412   c_w.l
      6882        522          0          0          0       3044   fz_ws.l
      4716        548        576          0          0       1168   m_ws.l

    ----------------------------------------------------------------------
     14694       1162        870          4         96       7624   Library Totals

    ----------------------------------------------------------------------

==============================================================================


      Code (inc. data)   RO Data    RW Data    ZI Data      Debug   

     77018      12982      62590       1560      30804     237140   Grand Totals
     77018      12982      62590        584      30804     237140   ELF Image Totals (compressed)
     77018      12982      62590        584          0          0   ROM Totals

==============================================================================

    Total RO  Size (Code + RO Data)               139608 ( 136.34kB)
    Total RW  Size (RW Data + ZI Data)             32364 (  31.61kB)
    Total ROM Size (Code + RO Data + RW Data)     140192 ( 136.91kB)

==============================================================================

