<html>
<body>
<pre>
<h1>µVision Build Log</h1>
<h2>Project:</h2>
H:\IMD\ARUN_HDC1080_1\2022-010-AWS4G-ATRH\2022-010-AWS4G-MAHAVEDH-FRT-CUMULATIVE_RAIN-main\KEIL WORKSPACE\frt123.uvproj
Project File Date:  01/31/2023

<h2>Output:</h2>
Load "H:\\IMD\\ARUN_HDC1080_1\\2022-010-AWS4G-ATRH\\2022-010-AWS4G-MAHAVEDH-FRT-CUMULATIVE_RAIN-main\\KEIL WORKSPACE\\HEX\\SKYSENSE-4G_MAHAVEDH.AXF" 
Set JLink Project File to "H:\IMD\ARUN_HDC1080_1\2022-010-AWS4G-ATRH\2022-010-AWS4G-MAHAVEDH-FRT-CUMULATIVE_RAIN-main\KEIL WORKSPACE\JLinkSettings.ini"
* JLink Info: Device "LPC1768" selected.
 
JLink info:
------------
DLL: V7.56a, compiled Oct 11 2021 16:27:21
Firmware: J-Link V11 compiled Sep 21 2020 17:00:29
Hardware: V11.00
S/N : 261009615 
OEM : SEGGER-EDU 
Feature(s) : FlashBP, GDB 
 
* JLink Info: TotalIRLen = 4, IRPrint = 0x01
* JLink Info: JTAG chain detection found 1 devices:
* JLink Info:  #0 Id: 0x4BA00477, IRLen: 04, CoreSight JTAG-DP
* JLink Info: DPv0 detected
* JLink Info: Scanning AP map to find all available APs
* JLink Info: AP[1]: Stopped AP scan as end of AP map has been reached
* JLink Info: AP[0]: AHB-AP (IDR: 0x24770011)
* JLink Info: Iterating through AP map to find AHB-AP to use
* JLink Info: AP[0]: Core found
* JLink Info: AP[0]: AHB-AP ROM base: 0xE00FF000
* JLink Info: CPUID register: 0x412FC230. Implementer code: 0x41 (ARM)
* JLink Info: Found Cortex-M3 r2p0, Little endian.
* JLink Info: FPUnit: 6 code (BP) slots and 2 literal slots
* JLink Info: CoreSight components:
* JLink Info: ROMTbl[0] @ E00FF000
* JLink Info: [0][0]: E000E000 CID B105E00D PID 002BB000 SCS
* JLink Info: [0][1]: E0001000 CID B105E00D PID 002BB002 DWT
* JLink Info: [0][2]: E0002000 CID B105E00D PID 002BB003 FPB
* JLink Info: [0][3]: E0000000 CID B105E00D PID 002BB001 ITM
* JLink Info: [0][4]: E0040000 CID B105900D PID 002BB923 TPIU-Lite
* JLink Info: [0][5]: E0041000 CID B105900D PID 002BB924 ETM-M3
ROMTableAddr = 0xE00FF000
* JLink Info: Reset: Halt core after reset via DEMCR.VC_CORERESET.
* JLink Info: Reset: Reset device via AIRCR.SYSRESETREQ.
 
Target info:
------------
Device: LPC1768
VTarget = 3.327V
State of Pins: 
TCK: 1, TDI: 0, TDO: 1, TMS: 0, TRES: 1, TRST: 1
Hardware-Breakpoints: 6
Software-Breakpoints: 8192
Watchpoints:          4
JTAG speed: 5000 kHz
 
Erase Done.
Programming Done.
Verify OK.
Build target 'LPC17xx FLASH'
assembling startup_LPC17xx.s...
compiling system_LPC17xx.c...
compiling core_cm3.c...
compiling adc.c...
compiling convert.c...
compiling delay.c...
compiling extintr.c...
compiling gpio.c...
compiling gprs.c...
..\DRIVERS\source\gprs.c(161): warning:  #177-D: variable "pFullTime" was declared but never referenced
..\DRIVERS\source\gprs.c(1499): warning:  #940-D: missing return statement at end of non-void function "HTTP_Post"
..\DRIVERS\source\gprs.c(1843): warning:  #177-D: variable "returnStatus" was declared but never referenced
compiling lcd.c...
compiling lpc17xx_clkpwr.c...
compiling lpc17xx_wdt.c...
compiling rtc.c...
compiling spi.c...
compiling uart.c...
compiling WSWD.c...
compiling i2c0.c...
compiling ATRH.c...
compiling lpc17xx_libcfg_default.c...
compiling anomometer.c...
compiling systick.c...
compiling bod.c...
compiling mmc_176x_ssp.c...
..\DRIVERS\source\mmc_176x_ssp.c(846): warning:  #940-D: missing return statement at end of non-void function "create_file"
..\DRIVERS\source\mmc_176x_ssp.c(902): warning:  #940-D: missing return statement at end of non-void function "create_folder"
..\DRIVERS\source\mmc_176x_ssp.c(1404): warning:  #188-D: enumerated type mixed with another type
..\DRIVERS\source\mmc_176x_ssp.c(1747): warning:  #188-D: enumerated type mixed with another type
..\DRIVERS\source\mmc_176x_ssp.c(1755): warning:  #188-D: enumerated type mixed with another type
..\DRIVERS\source\mmc_176x_ssp.c(1758): warning:  #188-D: enumerated type mixed with another type
..\DRIVERS\source\mmc_176x_ssp.c(1739): warning:  #550-D: variable "packetcounter" was set but never used
compiling Log.c...
compiling main.c...
main.c(415): error:  #20: identifier "_LCDTemperature" is undefined
main.c(416): error:  #20: identifier "_LCDHumidity" is undefined
main.c(421): error:  #20: identifier "_LCDTemperature" is undefined
main.c(422): error:  #20: identifier "_LCDHumidity" is undefined
main.c(434): warning:  #128-D: loop is not reachable from preceding code
main.c(145): warning:  #177-D: variable "responseStatus" was declared but never referenced
main.c(146): warning:  #177-D: variable "i" was declared but never referenced
compiling ff.c...
compiling ccsbcs.c...
compiling syscall.c...
compiling unicode.c...
Target not created
Build target 'LPC17xx FLASH'
assembling startup_LPC17xx.s...
compiling system_LPC17xx.c...
compiling core_cm3.c...
compiling adc.c...
compiling convert.c...
compiling delay.c...
compiling extintr.c...
compiling gpio.c...
compiling gprs.c...
..\DRIVERS\source\gprs.c(161): warning:  #177-D: variable "pFullTime" was declared but never referenced
..\DRIVERS\source\gprs.c(1499): warning:  #940-D: missing return statement at end of non-void function "HTTP_Post"
..\DRIVERS\source\gprs.c(1843): warning:  #177-D: variable "returnStatus" was declared but never referenced
compiling lcd.c...
compiling lpc17xx_clkpwr.c...
compiling lpc17xx_wdt.c...
compiling rtc.c...
compiling spi.c...
compiling uart.c...
compiling WSWD.c...
compiling i2c0.c...
compiling ATRH.c...
compiling lpc17xx_libcfg_default.c...
compiling anomometer.c...
compiling systick.c...
compiling bod.c...
compiling mmc_176x_ssp.c...
..\DRIVERS\source\mmc_176x_ssp.c(846): warning:  #940-D: missing return statement at end of non-void function "create_file"
..\DRIVERS\source\mmc_176x_ssp.c(902): warning:  #940-D: missing return statement at end of non-void function "create_folder"
..\DRIVERS\source\mmc_176x_ssp.c(1404): warning:  #188-D: enumerated type mixed with another type
..\DRIVERS\source\mmc_176x_ssp.c(1747): warning:  #188-D: enumerated type mixed with another type
..\DRIVERS\source\mmc_176x_ssp.c(1755): warning:  #188-D: enumerated type mixed with another type
..\DRIVERS\source\mmc_176x_ssp.c(1758): warning:  #188-D: enumerated type mixed with another type
..\DRIVERS\source\mmc_176x_ssp.c(1739): warning:  #550-D: variable "packetcounter" was set but never used
compiling Log.c...
compiling main.c...
main.c(434): warning:  #128-D: loop is not reachable from preceding code
main.c(145): warning:  #177-D: variable "responseStatus" was declared but never referenced
main.c(146): warning:  #177-D: variable "i" was declared but never referenced
compiling ff.c...
compiling ccsbcs.c...
compiling syscall.c...
compiling unicode.c...
linking...
Program Size: Code=76154 RO-data=62590 RW-data=1560 ZI-data=30804  
FromELF: creating hex file...
User command #1: fromelf --bin HEX\SKYSENSE-4G_MAHAVEDH.axf --output FIRMWARE.bin
Error: Q0108E: Could not create output file 'FIRMWARE.bin': Permission denied
Finished: 0 information, 0 warning and 1 error messages.
".\HEX\SKYSENSE-4G_MAHAVEDH.axf" - 0 Error(s), 13 Warning(s).
Load "H:\\IMD\\ARUN_HDC1080_1\\2022-010-AWS4G-ATRH\\2022-010-AWS4G-MAHAVEDH-FRT-CUMULATIVE_RAIN-main\\KEIL WORKSPACE\\HEX\\SKYSENSE-4G_MAHAVEDH.AXF" 
Set JLink Project File to "H:\IMD\ARUN_HDC1080_1\2022-010-AWS4G-ATRH\2022-010-AWS4G-MAHAVEDH-FRT-CUMULATIVE_RAIN-main\KEIL WORKSPACE\JLinkSettings.ini"
* JLink Info: Device "LPC1768" selected.
 
JLink info:
------------
DLL: V7.56a, compiled Oct 11 2021 16:27:21
Firmware: J-Link V11 compiled Sep 21 2020 17:00:29
Hardware: V11.00
S/N : 261009615 
OEM : SEGGER-EDU 
Feature(s) : FlashBP, GDB 
 
* JLink Info: TotalIRLen = 4, IRPrint = 0x01
* JLink Info: JTAG chain detection found 1 devices:
* JLink Info:  #0 Id: 0x4BA00477, IRLen: 04, CoreSight JTAG-DP
* JLink Info: DPv0 detected
* JLink Info: Scanning AP map to find all available APs
* JLink Info: AP[1]: Stopped AP scan as end of AP map has been reached
* JLink Info: AP[0]: AHB-AP (IDR: 0x24770011)
* JLink Info: Iterating through AP map to find AHB-AP to use
* JLink Info: AP[0]: Core found
* JLink Info: AP[0]: AHB-AP ROM base: 0xE00FF000
* JLink Info: CPUID register: 0x412FC230. Implementer code: 0x41 (ARM)
* JLink Info: Found Cortex-M3 r2p0, Little endian.
* JLink Info: FPUnit: 6 code (BP) slots and 2 literal slots
* JLink Info: CoreSight components:
* JLink Info: ROMTbl[0] @ E00FF000
* JLink Info: [0][0]: E000E000 CID B105E00D PID 002BB000 SCS
* JLink Info: [0][1]: E0001000 CID B105E00D PID 002BB002 DWT
* JLink Info: [0][2]: E0002000 CID B105E00D PID 002BB003 FPB
* JLink Info: [0][3]: E0000000 CID B105E00D PID 002BB001 ITM
* JLink Info: [0][4]: E0040000 CID B105900D PID 002BB923 TPIU-Lite
* JLink Info: [0][5]: E0041000 CID B105900D PID 002BB924 ETM-M3
ROMTableAddr = 0xE00FF000
* JLink Info: Reset: Halt core after reset via DEMCR.VC_CORERESET.
* JLink Info: Reset: Reset device via AIRCR.SYSRESETREQ.
 
Target info:
------------
Device: LPC1768
VTarget = 3.328V
State of Pins: 
TCK: 1, TDI: 0, TDO: 1, TMS: 0, TRES: 1, TRST: 1
Hardware-Breakpoints: 6
Software-Breakpoints: 8192
Watchpoints:          4
JTAG speed: 5000 kHz
 
Erase Done.
Programming Done.
Verify OK.
Build target 'LPC17xx FLASH'
assembling startup_LPC17xx.s...
compiling system_LPC17xx.c...
compiling core_cm3.c...
compiling adc.c...
compiling convert.c...
compiling delay.c...
compiling extintr.c...
compiling gpio.c...
compiling gprs.c...
..\DRIVERS\source\gprs.c(161): warning:  #177-D: variable "pFullTime" was declared but never referenced
..\DRIVERS\source\gprs.c(1499): warning:  #940-D: missing return statement at end of non-void function "HTTP_Post"
..\DRIVERS\source\gprs.c(1843): warning:  #177-D: variable "returnStatus" was declared but never referenced
compiling lcd.c...
compiling lpc17xx_clkpwr.c...
compiling lpc17xx_wdt.c...
compiling rtc.c...
compiling spi.c...
compiling uart.c...
compiling WSWD.c...
compiling i2c0.c...
compiling ATRH.c...
compiling lpc17xx_libcfg_default.c...
compiling anomometer.c...
compiling systick.c...
compiling bod.c...
compiling mmc_176x_ssp.c...
..\DRIVERS\source\mmc_176x_ssp.c(846): warning:  #940-D: missing return statement at end of non-void function "create_file"
..\DRIVERS\source\mmc_176x_ssp.c(902): warning:  #940-D: missing return statement at end of non-void function "create_folder"
..\DRIVERS\source\mmc_176x_ssp.c(1404): warning:  #188-D: enumerated type mixed with another type
..\DRIVERS\source\mmc_176x_ssp.c(1747): warning:  #188-D: enumerated type mixed with another type
..\DRIVERS\source\mmc_176x_ssp.c(1755): warning:  #188-D: enumerated type mixed with another type
..\DRIVERS\source\mmc_176x_ssp.c(1758): warning:  #188-D: enumerated type mixed with another type
..\DRIVERS\source\mmc_176x_ssp.c(1739): warning:  #550-D: variable "packetcounter" was set but never used
compiling Log.c...
compiling main.c...
main.c(434): warning:  #128-D: loop is not reachable from preceding code
main.c(145): warning:  #177-D: variable "responseStatus" was declared but never referenced
main.c(146): warning:  #177-D: variable "i" was declared but never referenced
compiling ff.c...
compiling ccsbcs.c...
compiling syscall.c...
compiling unicode.c...
linking...
Program Size: Code=76154 RO-data=62590 RW-data=1560 ZI-data=30804  
FromELF: creating hex file...
User command #1: fromelf --bin HEX\SKYSENSE-4G_MAHAVEDH.axf --output FIRMWARE.bin
Error: Q0108E: Could not create output file 'FIRMWARE.bin': Permission denied
Finished: 0 information, 0 warning and 1 error messages.
".\HEX\SKYSENSE-4G_MAHAVEDH.axf" - 0 Error(s), 13 Warning(s).
Load "H:\\IMD\\ARUN_HDC1080_1\\2022-010-AWS4G-ATRH\\2022-010-AWS4G-MAHAVEDH-FRT-CUMULATIVE_RAIN-main\\KEIL WORKSPACE\\HEX\\SKYSENSE-4G_MAHAVEDH.AXF" 
Set JLink Project File to "H:\IMD\ARUN_HDC1080_1\2022-010-AWS4G-ATRH\2022-010-AWS4G-MAHAVEDH-FRT-CUMULATIVE_RAIN-main\KEIL WORKSPACE\JLinkSettings.ini"
* JLink Info: Device "LPC1768" selected.
 
JLink info:
------------
DLL: V7.56a, compiled Oct 11 2021 16:27:21
Firmware: J-Link V11 compiled Sep 21 2020 17:00:29
Hardware: V11.00
S/N : 261009615 
OEM : SEGGER-EDU 
Feature(s) : FlashBP, GDB 
 
* JLink Info: TotalIRLen = 4, IRPrint = 0x01
* JLink Info: JTAG chain detection found 1 devices:
* JLink Info:  #0 Id: 0x4BA00477, IRLen: 04, CoreSight JTAG-DP
* JLink Info: DPv0 detected
* JLink Info: Scanning AP map to find all available APs
* JLink Info: AP[1]: Stopped AP scan as end of AP map has been reached
* JLink Info: AP[0]: AHB-AP (IDR: 0x24770011)
* JLink Info: Iterating through AP map to find AHB-AP to use
* JLink Info: AP[0]: Core found
* JLink Info: AP[0]: AHB-AP ROM base: 0xE00FF000
* JLink Info: CPUID register: 0x412FC230. Implementer code: 0x41 (ARM)
* JLink Info: Found Cortex-M3 r2p0, Little endian.
* JLink Info: FPUnit: 6 code (BP) slots and 2 literal slots
* JLink Info: CoreSight components:
* JLink Info: ROMTbl[0] @ E00FF000
* JLink Info: [0][0]: E000E000 CID B105E00D PID 002BB000 SCS
* JLink Info: [0][1]: E0001000 CID B105E00D PID 002BB002 DWT
* JLink Info: [0][2]: E0002000 CID B105E00D PID 002BB003 FPB
* JLink Info: [0][3]: E0000000 CID B105E00D PID 002BB001 ITM
* JLink Info: [0][4]: E0040000 CID B105900D PID 002BB923 TPIU-Lite
* JLink Info: [0][5]: E0041000 CID B105900D PID 002BB924 ETM-M3
ROMTableAddr = 0xE00FF000
* JLink Info: Reset: Halt core after reset via DEMCR.VC_CORERESET.
* JLink Info: Reset: Reset device via AIRCR.SYSRESETREQ.
 
Target info:
------------
Device: LPC1768
VTarget = 3.328V
State of Pins: 
TCK: 1, TDI: 0, TDO: 1, TMS: 0, TRES: 1, TRST: 1
Hardware-Breakpoints: 6
Software-Breakpoints: 8192
Watchpoints:          4
JTAG speed: 5000 kHz
 
Erase Done.
Programming Done.
Verify OK.
Build target 'LPC17xx FLASH'
assembling startup_LPC17xx.s...
compiling system_LPC17xx.c...
compiling core_cm3.c...
compiling adc.c...
compiling convert.c...
compiling delay.c...
compiling extintr.c...
compiling gpio.c...
compiling gprs.c...
..\DRIVERS\source\gprs.c(161): warning:  #177-D: variable "pFullTime" was declared but never referenced
..\DRIVERS\source\gprs.c(1499): warning:  #940-D: missing return statement at end of non-void function "HTTP_Post"
..\DRIVERS\source\gprs.c(1843): warning:  #177-D: variable "returnStatus" was declared but never referenced
compiling lcd.c...
compiling lpc17xx_clkpwr.c...
compiling lpc17xx_wdt.c...
compiling rtc.c...
compiling spi.c...
compiling uart.c...
compiling WSWD.c...
compiling i2c0.c...
compiling ATRH.c...
compiling lpc17xx_libcfg_default.c...
compiling anomometer.c...
compiling systick.c...
compiling bod.c...
compiling mmc_176x_ssp.c...
..\DRIVERS\source\mmc_176x_ssp.c(846): warning:  #940-D: missing return statement at end of non-void function "create_file"
..\DRIVERS\source\mmc_176x_ssp.c(902): warning:  #940-D: missing return statement at end of non-void function "create_folder"
..\DRIVERS\source\mmc_176x_ssp.c(1404): warning:  #188-D: enumerated type mixed with another type
..\DRIVERS\source\mmc_176x_ssp.c(1747): warning:  #188-D: enumerated type mixed with another type
..\DRIVERS\source\mmc_176x_ssp.c(1755): warning:  #188-D: enumerated type mixed with another type
..\DRIVERS\source\mmc_176x_ssp.c(1758): warning:  #188-D: enumerated type mixed with another type
..\DRIVERS\source\mmc_176x_ssp.c(1739): warning:  #550-D: variable "packetcounter" was set but never used
compiling Log.c...
compiling main.c...
main.c(416): warning:  #111-D: statement is unreachable
main.c(441): warning:  #128-D: loop is not reachable from preceding code
main.c(145): warning:  #177-D: variable "responseStatus" was declared but never referenced
main.c(146): warning:  #177-D: variable "i" was declared but never referenced
compiling ff.c...
compiling ccsbcs.c...
compiling syscall.c...
compiling unicode.c...
linking...
Program Size: Code=76094 RO-data=62586 RW-data=1560 ZI-data=30804  
FromELF: creating hex file...
User command #1: fromelf --bin HEX\SKYSENSE-4G_MAHAVEDH.axf --output FIRMWARE.bin
Error: Q0108E: Could not create output file 'FIRMWARE.bin': Permission denied
Finished: 0 information, 0 warning and 1 error messages.
".\HEX\SKYSENSE-4G_MAHAVEDH.axf" - 0 Error(s), 14 Warning(s).
Load "H:\\IMD\\ARUN_HDC1080_1\\2022-010-AWS4G-ATRH\\2022-010-AWS4G-MAHAVEDH-FRT-CUMULATIVE_RAIN-main\\KEIL WORKSPACE\\HEX\\SKYSENSE-4G_MAHAVEDH.AXF" 
Set JLink Project File to "H:\IMD\ARUN_HDC1080_1\2022-010-AWS4G-ATRH\2022-010-AWS4G-MAHAVEDH-FRT-CUMULATIVE_RAIN-main\KEIL WORKSPACE\JLinkSettings.ini"
* JLink Info: Device "LPC1768" selected.
 
JLink info:
------------
DLL: V7.56a, compiled Oct 11 2021 16:27:21
Firmware: J-Link V11 compiled Sep 21 2020 17:00:29
Hardware: V11.00
S/N : 261009615 
OEM : SEGGER-EDU 
Feature(s) : FlashBP, GDB 
 
* JLink Info: TotalIRLen = 4, IRPrint = 0x01
* JLink Info: JTAG chain detection found 1 devices:
* JLink Info:  #0 Id: 0x4BA00477, IRLen: 04, CoreSight JTAG-DP
* JLink Info: DPv0 detected
* JLink Info: Scanning AP map to find all available APs
* JLink Info: AP[1]: Stopped AP scan as end of AP map has been reached
* JLink Info: AP[0]: AHB-AP (IDR: 0x24770011)
* JLink Info: Iterating through AP map to find AHB-AP to use
* JLink Info: AP[0]: Core found
* JLink Info: AP[0]: AHB-AP ROM base: 0xE00FF000
* JLink Info: CPUID register: 0x412FC230. Implementer code: 0x41 (ARM)
* JLink Info: Found Cortex-M3 r2p0, Little endian.
* JLink Info: FPUnit: 6 code (BP) slots and 2 literal slots
* JLink Info: CoreSight components:
* JLink Info: ROMTbl[0] @ E00FF000
* JLink Info: [0][0]: E000E000 CID B105E00D PID 002BB000 SCS
* JLink Info: [0][1]: E0001000 CID B105E00D PID 002BB002 DWT
* JLink Info: [0][2]: E0002000 CID B105E00D PID 002BB003 FPB
* JLink Info: [0][3]: E0000000 CID B105E00D PID 002BB001 ITM
* JLink Info: [0][4]: E0040000 CID B105900D PID 002BB923 TPIU-Lite
* JLink Info: [0][5]: E0041000 CID B105900D PID 002BB924 ETM-M3
ROMTableAddr = 0xE00FF000
* JLink Info: Reset: Halt core after reset via DEMCR.VC_CORERESET.
* JLink Info: Reset: Reset device via AIRCR.SYSRESETREQ.
 
Target info:
------------
Device: LPC1768
VTarget = 3.328V
State of Pins: 
TCK: 1, TDI: 0, TDO: 1, TMS: 0, TRES: 1, TRST: 1
Hardware-Breakpoints: 6
Software-Breakpoints: 8192
Watchpoints:          4
JTAG speed: 5000 kHz
 
Erase Done.
Programming Done.
Verify OK.
Build target 'LPC17xx FLASH'
assembling startup_LPC17xx.s...
compiling system_LPC17xx.c...
compiling core_cm3.c...
compiling adc.c...
compiling convert.c...
compiling delay.c...
compiling extintr.c...
compiling gpio.c...
compiling gprs.c...
..\DRIVERS\source\gprs.c(161): warning:  #177-D: variable "pFullTime" was declared but never referenced
..\DRIVERS\source\gprs.c(1499): warning:  #940-D: missing return statement at end of non-void function "HTTP_Post"
..\DRIVERS\source\gprs.c(1843): warning:  #177-D: variable "returnStatus" was declared but never referenced
compiling lcd.c...
compiling lpc17xx_clkpwr.c...
compiling lpc17xx_wdt.c...
compiling rtc.c...
compiling spi.c...
compiling uart.c...
compiling WSWD.c...
compiling i2c0.c...
compiling ATRH.c...
compiling lpc17xx_libcfg_default.c...
compiling anomometer.c...
compiling systick.c...
compiling bod.c...
compiling mmc_176x_ssp.c...
..\DRIVERS\source\mmc_176x_ssp.c(846): warning:  #940-D: missing return statement at end of non-void function "create_file"
..\DRIVERS\source\mmc_176x_ssp.c(902): warning:  #940-D: missing return statement at end of non-void function "create_folder"
..\DRIVERS\source\mmc_176x_ssp.c(1404): warning:  #188-D: enumerated type mixed with another type
..\DRIVERS\source\mmc_176x_ssp.c(1747): warning:  #188-D: enumerated type mixed with another type
..\DRIVERS\source\mmc_176x_ssp.c(1755): warning:  #188-D: enumerated type mixed with another type
..\DRIVERS\source\mmc_176x_ssp.c(1758): warning:  #188-D: enumerated type mixed with another type
..\DRIVERS\source\mmc_176x_ssp.c(1739): warning:  #550-D: variable "packetcounter" was set but never used
compiling Log.c...
compiling main.c...
main.c(417): warning:  #111-D: statement is unreachable
main.c(442): warning:  #128-D: loop is not reachable from preceding code
main.c(145): warning:  #177-D: variable "responseStatus" was declared but never referenced
main.c(146): warning:  #177-D: variable "i" was declared but never referenced
compiling ff.c...
compiling ccsbcs.c...
compiling syscall.c...
compiling unicode.c...
linking...
Program Size: Code=76098 RO-data=62590 RW-data=1560 ZI-data=30804  
FromELF: creating hex file...
User command #1: fromelf --bin HEX\SKYSENSE-4G_MAHAVEDH.axf --output FIRMWARE.bin
Error: Q0108E: Could not create output file 'FIRMWARE.bin': Permission denied
Finished: 0 information, 0 warning and 1 error messages.
".\HEX\SKYSENSE-4G_MAHAVEDH.axf" - 0 Error(s), 14 Warning(s).
Load "H:\\IMD\\ARUN_HDC1080_1\\2022-010-AWS4G-ATRH\\2022-010-AWS4G-MAHAVEDH-FRT-CUMULATIVE_RAIN-main\\KEIL WORKSPACE\\HEX\\SKYSENSE-4G_MAHAVEDH.AXF" 
Set JLink Project File to "H:\IMD\ARUN_HDC1080_1\2022-010-AWS4G-ATRH\2022-010-AWS4G-MAHAVEDH-FRT-CUMULATIVE_RAIN-main\KEIL WORKSPACE\JLinkSettings.ini"
* JLink Info: Device "LPC1768" selected.
 
JLink info:
------------
DLL: V7.56a, compiled Oct 11 2021 16:27:21
Firmware: J-Link V11 compiled Sep 21 2020 17:00:29
Hardware: V11.00
S/N : 261009615 
OEM : SEGGER-EDU 
Feature(s) : FlashBP, GDB 
 
* JLink Info: TotalIRLen = 4, IRPrint = 0x01
* JLink Info: JTAG chain detection found 1 devices:
* JLink Info:  #0 Id: 0x4BA00477, IRLen: 04, CoreSight JTAG-DP
* JLink Info: DPv0 detected
* JLink Info: Scanning AP map to find all available APs
* JLink Info: AP[1]: Stopped AP scan as end of AP map has been reached
* JLink Info: AP[0]: AHB-AP (IDR: 0x24770011)
* JLink Info: Iterating through AP map to find AHB-AP to use
* JLink Info: AP[0]: Core found
* JLink Info: AP[0]: AHB-AP ROM base: 0xE00FF000
* JLink Info: CPUID register: 0x412FC230. Implementer code: 0x41 (ARM)
* JLink Info: Found Cortex-M3 r2p0, Little endian.
* JLink Info: FPUnit: 6 code (BP) slots and 2 literal slots
* JLink Info: CoreSight components:
* JLink Info: ROMTbl[0] @ E00FF000
* JLink Info: [0][0]: E000E000 CID B105E00D PID 002BB000 SCS
* JLink Info: [0][1]: E0001000 CID B105E00D PID 002BB002 DWT
* JLink Info: [0][2]: E0002000 CID B105E00D PID 002BB003 FPB
* JLink Info: [0][3]: E0000000 CID B105E00D PID 002BB001 ITM
* JLink Info: [0][4]: E0040000 CID B105900D PID 002BB923 TPIU-Lite
* JLink Info: [0][5]: E0041000 CID B105900D PID 002BB924 ETM-M3
ROMTableAddr = 0xE00FF000
* JLink Info: Reset: Halt core after reset via DEMCR.VC_CORERESET.
* JLink Info: Reset: Reset device via AIRCR.SYSRESETREQ.
 
Target info:
------------
Device: LPC1768
VTarget = 3.328V
State of Pins: 
TCK: 1, TDI: 0, TDO: 1, TMS: 0, TRES: 1, TRST: 1
Hardware-Breakpoints: 6
Software-Breakpoints: 8192
Watchpoints:          4
JTAG speed: 5000 kHz
 
Erase Done.
Programming Done.
Verify OK.
Build target 'LPC17xx FLASH'
assembling startup_LPC17xx.s...
compiling system_LPC17xx.c...
compiling core_cm3.c...
compiling adc.c...
compiling convert.c...
compiling delay.c...
compiling extintr.c...
compiling gpio.c...
compiling gprs.c...
..\DRIVERS\source\gprs.c(161): warning:  #177-D: variable "pFullTime" was declared but never referenced
..\DRIVERS\source\gprs.c(1499): warning:  #940-D: missing return statement at end of non-void function "HTTP_Post"
..\DRIVERS\source\gprs.c(1843): warning:  #177-D: variable "returnStatus" was declared but never referenced
compiling lcd.c...
compiling lpc17xx_clkpwr.c...
compiling lpc17xx_wdt.c...
compiling rtc.c...
compiling spi.c...
compiling uart.c...
compiling WSWD.c...
compiling i2c0.c...
compiling ATRH.c...
compiling lpc17xx_libcfg_default.c...
compiling anomometer.c...
compiling systick.c...
compiling bod.c...
compiling mmc_176x_ssp.c...
..\DRIVERS\source\mmc_176x_ssp.c(846): warning:  #940-D: missing return statement at end of non-void function "create_file"
..\DRIVERS\source\mmc_176x_ssp.c(902): warning:  #940-D: missing return statement at end of non-void function "create_folder"
..\DRIVERS\source\mmc_176x_ssp.c(1404): warning:  #188-D: enumerated type mixed with another type
..\DRIVERS\source\mmc_176x_ssp.c(1747): warning:  #188-D: enumerated type mixed with another type
..\DRIVERS\source\mmc_176x_ssp.c(1755): warning:  #188-D: enumerated type mixed with another type
..\DRIVERS\source\mmc_176x_ssp.c(1758): warning:  #188-D: enumerated type mixed with another type
..\DRIVERS\source\mmc_176x_ssp.c(1739): warning:  #550-D: variable "packetcounter" was set but never used
compiling Log.c...
compiling main.c...
main.c(417): warning:  #111-D: statement is unreachable
main.c(442): warning:  #128-D: loop is not reachable from preceding code
main.c(145): warning:  #177-D: variable "responseStatus" was declared but never referenced
main.c(146): warning:  #177-D: variable "i" was declared but never referenced
compiling ff.c...
compiling ccsbcs.c...
compiling syscall.c...
compiling unicode.c...
linking...
Program Size: Code=76090 RO-data=62590 RW-data=1560 ZI-data=30804  
FromELF: creating hex file...
User command #1: fromelf --bin HEX\SKYSENSE-4G_MAHAVEDH.axf --output FIRMWARE.bin
Error: Q0108E: Could not create output file 'FIRMWARE.bin': Permission denied
Finished: 0 information, 0 warning and 1 error messages.
".\HEX\SKYSENSE-4G_MAHAVEDH.axf" - 0 Error(s), 14 Warning(s).
Build target 'LPC17xx FLASH'
assembling startup_LPC17xx.s...
compiling system_LPC17xx.c...
compiling core_cm3.c...
compiling adc.c...
compiling convert.c...
compiling delay.c...
compiling extintr.c...
compiling gpio.c...
compiling gprs.c...
..\DRIVERS\source\gprs.c(161): warning:  #177-D: variable "pFullTime" was declared but never referenced
..\DRIVERS\source\gprs.c(1499): warning:  #940-D: missing return statement at end of non-void function "HTTP_Post"
..\DRIVERS\source\gprs.c(1843): warning:  #177-D: variable "returnStatus" was declared but never referenced
compiling lcd.c...
compiling lpc17xx_clkpwr.c...
compiling lpc17xx_wdt.c...
compiling rtc.c...
compiling spi.c...
compiling uart.c...
compiling WSWD.c...
compiling i2c0.c...
compiling ATRH.c...
compiling lpc17xx_libcfg_default.c...
compiling anomometer.c...
compiling systick.c...
compiling bod.c...
compiling mmc_176x_ssp.c...
..\DRIVERS\source\mmc_176x_ssp.c(846): warning:  #940-D: missing return statement at end of non-void function "create_file"
..\DRIVERS\source\mmc_176x_ssp.c(902): warning:  #940-D: missing return statement at end of non-void function "create_folder"
..\DRIVERS\source\mmc_176x_ssp.c(1404): warning:  #188-D: enumerated type mixed with another type
..\DRIVERS\source\mmc_176x_ssp.c(1747): warning:  #188-D: enumerated type mixed with another type
..\DRIVERS\source\mmc_176x_ssp.c(1755): warning:  #188-D: enumerated type mixed with another type
..\DRIVERS\source\mmc_176x_ssp.c(1758): warning:  #188-D: enumerated type mixed with another type
..\DRIVERS\source\mmc_176x_ssp.c(1739): warning:  #550-D: variable "packetcounter" was set but never used
compiling Log.c...
compiling main.c...
main.c(417): warning:  #111-D: statement is unreachable
main.c(442): warning:  #128-D: loop is not reachable from preceding code
main.c(145): warning:  #177-D: variable "responseStatus" was declared but never referenced
main.c(146): warning:  #177-D: variable "i" was declared but never referenced
compiling ff.c...
compiling ccsbcs.c...
compiling syscall.c...
compiling unicode.c...
linking...
Program Size: Code=76090 RO-data=62590 RW-data=1560 ZI-data=30804  
FromELF: creating hex file...
User command #1: fromelf --bin HEX\SKYSENSE-4G_MAHAVEDH.axf --output FIRMWARE.bin
Error: Q0108E: Could not create output file 'FIRMWARE.bin': Permission denied
Finished: 0 information, 0 warning and 1 error messages.
".\HEX\SKYSENSE-4G_MAHAVEDH.axf" - 0 Error(s), 14 Warning(s).
Load "H:\\IMD\\ARUN_HDC1080_1\\2022-010-AWS4G-ATRH\\2022-010-AWS4G-MAHAVEDH-FRT-CUMULATIVE_RAIN-main\\KEIL WORKSPACE\\HEX\\SKYSENSE-4G_MAHAVEDH.AXF" 
Set JLink Project File to "H:\IMD\ARUN_HDC1080_1\2022-010-AWS4G-ATRH\2022-010-AWS4G-MAHAVEDH-FRT-CUMULATIVE_RAIN-main\KEIL WORKSPACE\JLinkSettings.ini"
* JLink Info: Device "LPC1768" selected.
 
JLink info:
------------
DLL: V7.56a, compiled Oct 11 2021 16:27:21
Firmware: J-Link V11 compiled Sep 21 2020 17:00:29
Hardware: V11.00
S/N : 261009615 
OEM : SEGGER-EDU 
Feature(s) : FlashBP, GDB 
 
* JLink Info: TotalIRLen = 4, IRPrint = 0x01
* JLink Info: JTAG chain detection found 1 devices:
* JLink Info:  #0 Id: 0x4BA00477, IRLen: 04, CoreSight JTAG-DP
* JLink Info: DPv0 detected
* JLink Info: Scanning AP map to find all available APs
* JLink Info: AP[1]: Stopped AP scan as end of AP map has been reached
* JLink Info: AP[0]: AHB-AP (IDR: 0x24770011)
* JLink Info: Iterating through AP map to find AHB-AP to use
* JLink Info: AP[0]: Core found
* JLink Info: AP[0]: AHB-AP ROM base: 0xE00FF000
* JLink Info: CPUID register: 0x412FC230. Implementer code: 0x41 (ARM)
* JLink Info: Found Cortex-M3 r2p0, Little endian.
* JLink Info: FPUnit: 6 code (BP) slots and 2 literal slots
* JLink Info: CoreSight components:
* JLink Info: ROMTbl[0] @ E00FF000
* JLink Info: [0][0]: E000E000 CID B105E00D PID 002BB000 SCS
* JLink Info: [0][1]: E0001000 CID B105E00D PID 002BB002 DWT
* JLink Info: [0][2]: E0002000 CID B105E00D PID 002BB003 FPB
* JLink Info: [0][3]: E0000000 CID B105E00D PID 002BB001 ITM
* JLink Info: [0][4]: E0040000 CID B105900D PID 002BB923 TPIU-Lite
* JLink Info: [0][5]: E0041000 CID B105900D PID 002BB924 ETM-M3
ROMTableAddr = 0xE00FF000
* JLink Info: Reset: Halt core after reset via DEMCR.VC_CORERESET.
* JLink Info: Reset: Reset device via AIRCR.SYSRESETREQ.
 
Target info:
------------
Device: LPC1768
VTarget = 3.328V
State of Pins: 
TCK: 1, TDI: 0, TDO: 1, TMS: 0, TRES: 1, TRST: 1
Hardware-Breakpoints: 6
Software-Breakpoints: 8192
Watchpoints:          4
JTAG speed: 5000 kHz
 
Erase Done.
Programming Done.
Verify OK.
Build target 'LPC17xx FLASH'
assembling startup_LPC17xx.s...
compiling system_LPC17xx.c...
compiling core_cm3.c...
compiling adc.c...
compiling convert.c...
compiling delay.c...
compiling extintr.c...
compiling gpio.c...
compiling gprs.c...
..\DRIVERS\source\gprs.c(161): warning:  #177-D: variable "pFullTime" was declared but never referenced
..\DRIVERS\source\gprs.c(1499): warning:  #940-D: missing return statement at end of non-void function "HTTP_Post"
..\DRIVERS\source\gprs.c(1843): warning:  #177-D: variable "returnStatus" was declared but never referenced
compiling lcd.c...
compiling lpc17xx_clkpwr.c...
compiling lpc17xx_wdt.c...
compiling rtc.c...
compiling spi.c...
compiling uart.c...
compiling WSWD.c...
compiling i2c0.c...
compiling ATRH.c...
compiling lpc17xx_libcfg_default.c...
compiling anomometer.c...
compiling systick.c...
compiling bod.c...
compiling mmc_176x_ssp.c...
..\DRIVERS\source\mmc_176x_ssp.c(846): warning:  #940-D: missing return statement at end of non-void function "create_file"
..\DRIVERS\source\mmc_176x_ssp.c(902): warning:  #940-D: missing return statement at end of non-void function "create_folder"
..\DRIVERS\source\mmc_176x_ssp.c(1404): warning:  #188-D: enumerated type mixed with another type
..\DRIVERS\source\mmc_176x_ssp.c(1747): warning:  #188-D: enumerated type mixed with another type
..\DRIVERS\source\mmc_176x_ssp.c(1755): warning:  #188-D: enumerated type mixed with another type
..\DRIVERS\source\mmc_176x_ssp.c(1758): warning:  #188-D: enumerated type mixed with another type
..\DRIVERS\source\mmc_176x_ssp.c(1739): warning:  #550-D: variable "packetcounter" was set but never used
compiling Log.c...
compiling main.c...
main.c(417): warning:  #111-D: statement is unreachable
main.c(442): warning:  #128-D: loop is not reachable from preceding code
compiling ff.c...
compiling ccsbcs.c...
compiling syscall.c...
compiling unicode.c...
linking...
Program Size: Code=76870 RO-data=62586 RW-data=1560 ZI-data=30804  
FromELF: creating hex file...
User command #1: fromelf --bin HEX\SKYSENSE-4G_MAHAVEDH.axf --output FIRMWARE.bin
Error: Q0108E: Could not create output file 'FIRMWARE.bin': Permission denied
Finished: 0 information, 0 warning and 1 error messages.
".\HEX\SKYSENSE-4G_MAHAVEDH.axf" - 0 Error(s), 12 Warning(s).
Build target 'LPC17xx FLASH'
assembling startup_LPC17xx.s...
compiling system_LPC17xx.c...
compiling core_cm3.c...
compiling adc.c...
compiling convert.c...
compiling delay.c...
compiling extintr.c...
compiling gpio.c...
compiling gprs.c...
..\DRIVERS\source\gprs.c(161): warning:  #177-D: variable "pFullTime" was declared but never referenced
..\DRIVERS\source\gprs.c(1499): warning:  #940-D: missing return statement at end of non-void function "HTTP_Post"
..\DRIVERS\source\gprs.c(1843): warning:  #177-D: variable "returnStatus" was declared but never referenced
compiling lcd.c...
compiling lpc17xx_clkpwr.c...
compiling lpc17xx_wdt.c...
compiling rtc.c...
compiling spi.c...
compiling uart.c...
compiling WSWD.c...
compiling i2c0.c...
compiling ATRH.c...
compiling lpc17xx_libcfg_default.c...
compiling anomometer.c...
compiling systick.c...
compiling bod.c...
compiling mmc_176x_ssp.c...
..\DRIVERS\source\mmc_176x_ssp.c(846): warning:  #940-D: missing return statement at end of non-void function "create_file"
..\DRIVERS\source\mmc_176x_ssp.c(902): warning:  #940-D: missing return statement at end of non-void function "create_folder"
..\DRIVERS\source\mmc_176x_ssp.c(1404): warning:  #188-D: enumerated type mixed with another type
..\DRIVERS\source\mmc_176x_ssp.c(1747): warning:  #188-D: enumerated type mixed with another type
..\DRIVERS\source\mmc_176x_ssp.c(1755): warning:  #188-D: enumerated type mixed with another type
..\DRIVERS\source\mmc_176x_ssp.c(1758): warning:  #188-D: enumerated type mixed with another type
..\DRIVERS\source\mmc_176x_ssp.c(1739): warning:  #550-D: variable "packetcounter" was set but never used
compiling Log.c...
compiling main.c...
main.c(418): warning:  #111-D: statement is unreachable
main.c(443): warning:  #128-D: loop is not reachable from preceding code
compiling ff.c...
compiling ccsbcs.c...
compiling syscall.c...
compiling unicode.c...
linking...
Program Size: Code=76874 RO-data=62590 RW-data=1560 ZI-data=30804  
FromELF: creating hex file...
User command #1: fromelf --bin HEX\SKYSENSE-4G_MAHAVEDH.axf --output FIRMWARE.bin
Error: Q0108E: Could not create output file 'FIRMWARE.bin': Permission denied
Finished: 0 information, 0 warning and 1 error messages.
".\HEX\SKYSENSE-4G_MAHAVEDH.axf" - 0 Error(s), 12 Warning(s).
Load "H:\\IMD\\ARUN_HDC1080_1\\2022-010-AWS4G-ATRH\\2022-010-AWS4G-MAHAVEDH-FRT-CUMULATIVE_RAIN-main\\KEIL WORKSPACE\\HEX\\SKYSENSE-4G_MAHAVEDH.AXF" 
Set JLink Project File to "H:\IMD\ARUN_HDC1080_1\2022-010-AWS4G-ATRH\2022-010-AWS4G-MAHAVEDH-FRT-CUMULATIVE_RAIN-main\KEIL WORKSPACE\JLinkSettings.ini"
* JLink Info: Device "LPC1768" selected.
 
JLink info:
------------
DLL: V7.56a, compiled Oct 11 2021 16:27:21
Firmware: J-Link V11 compiled Sep 21 2020 17:00:29
Hardware: V11.00
S/N : 261009615 
OEM : SEGGER-EDU 
Feature(s) : FlashBP, GDB 
 
* JLink Info: TotalIRLen = 4, IRPrint = 0x01
* JLink Info: JTAG chain detection found 1 devices:
* JLink Info:  #0 Id: 0x4BA00477, IRLen: 04, CoreSight JTAG-DP
* JLink Info: DPv0 detected
* JLink Info: Scanning AP map to find all available APs
* JLink Info: AP[1]: Stopped AP scan as end of AP map has been reached
* JLink Info: AP[0]: AHB-AP (IDR: 0x24770011)
* JLink Info: Iterating through AP map to find AHB-AP to use
* JLink Info: AP[0]: Core found
* JLink Info: AP[0]: AHB-AP ROM base: 0xE00FF000
* JLink Info: CPUID register: 0x412FC230. Implementer code: 0x41 (ARM)
* JLink Info: Found Cortex-M3 r2p0, Little endian.
* JLink Info: FPUnit: 6 code (BP) slots and 2 literal slots
* JLink Info: CoreSight components:
* JLink Info: ROMTbl[0] @ E00FF000
* JLink Info: [0][0]: E000E000 CID B105E00D PID 002BB000 SCS
* JLink Info: [0][1]: E0001000 CID B105E00D PID 002BB002 DWT
* JLink Info: [0][2]: E0002000 CID B105E00D PID 002BB003 FPB
* JLink Info: [0][3]: E0000000 CID B105E00D PID 002BB001 ITM
* JLink Info: [0][4]: E0040000 CID B105900D PID 002BB923 TPIU-Lite
* JLink Info: [0][5]: E0041000 CID B105900D PID 002BB924 ETM-M3
ROMTableAddr = 0xE00FF000
* JLink Info: Reset: Halt core after reset via DEMCR.VC_CORERESET.
* JLink Info: Reset: Reset device via AIRCR.SYSRESETREQ.
 
Target info:
------------
Device: LPC1768
VTarget = 3.328V
State of Pins: 
TCK: 1, TDI: 0, TDO: 1, TMS: 0, TRES: 1, TRST: 1
Hardware-Breakpoints: 6
Software-Breakpoints: 8192
Watchpoints:          4
JTAG speed: 5000 kHz
 
Erase Done.
Programming Done.
Verify OK.
Build target 'LPC17xx FLASH'
assembling startup_LPC17xx.s...
compiling system_LPC17xx.c...
compiling core_cm3.c...
compiling adc.c...
compiling convert.c...
compiling delay.c...
compiling extintr.c...
compiling gpio.c...
compiling gprs.c...
..\DRIVERS\source\gprs.c(161): warning:  #177-D: variable "pFullTime" was declared but never referenced
..\DRIVERS\source\gprs.c(1499): warning:  #940-D: missing return statement at end of non-void function "HTTP_Post"
..\DRIVERS\source\gprs.c(1843): warning:  #177-D: variable "returnStatus" was declared but never referenced
compiling lcd.c...
compiling lpc17xx_clkpwr.c...
compiling lpc17xx_wdt.c...
compiling rtc.c...
compiling spi.c...
compiling uart.c...
compiling WSWD.c...
compiling i2c0.c...
compiling ATRH.c...
compiling lpc17xx_libcfg_default.c...
compiling anomometer.c...
compiling systick.c...
compiling bod.c...
compiling mmc_176x_ssp.c...
..\DRIVERS\source\mmc_176x_ssp.c(846): warning:  #940-D: missing return statement at end of non-void function "create_file"
..\DRIVERS\source\mmc_176x_ssp.c(902): warning:  #940-D: missing return statement at end of non-void function "create_folder"
..\DRIVERS\source\mmc_176x_ssp.c(1404): warning:  #188-D: enumerated type mixed with another type
..\DRIVERS\source\mmc_176x_ssp.c(1747): warning:  #188-D: enumerated type mixed with another type
..\DRIVERS\source\mmc_176x_ssp.c(1755): warning:  #188-D: enumerated type mixed with another type
..\DRIVERS\source\mmc_176x_ssp.c(1758): warning:  #188-D: enumerated type mixed with another type
..\DRIVERS\source\mmc_176x_ssp.c(1739): warning:  #550-D: variable "packetcounter" was set but never used
compiling Log.c...
compiling main.c...
main.c(420): warning:  #111-D: statement is unreachable
main.c(445): warning:  #128-D: loop is not reachable from preceding code
compiling ff.c...
compiling ccsbcs.c...
compiling syscall.c...
compiling unicode.c...
linking...
Program Size: Code=76886 RO-data=62586 RW-data=1560 ZI-data=30804  
FromELF: creating hex file...
User command #1: fromelf --bin HEX\SKYSENSE-4G_MAHAVEDH.axf --output FIRMWARE.bin
Error: Q0108E: Could not create output file 'FIRMWARE.bin': Permission denied
Finished: 0 information, 0 warning and 1 error messages.
".\HEX\SKYSENSE-4G_MAHAVEDH.axf" - 0 Error(s), 12 Warning(s).
Load "H:\\IMD\\ARUN_HDC1080_1\\2022-010-AWS4G-ATRH\\2022-010-AWS4G-MAHAVEDH-FRT-CUMULATIVE_RAIN-main\\KEIL WORKSPACE\\HEX\\SKYSENSE-4G_MAHAVEDH.AXF" 
Set JLink Project File to "H:\IMD\ARUN_HDC1080_1\2022-010-AWS4G-ATRH\2022-010-AWS4G-MAHAVEDH-FRT-CUMULATIVE_RAIN-main\KEIL WORKSPACE\JLinkSettings.ini"
* JLink Info: Device "LPC1768" selected.
 
JLink info:
------------
DLL: V7.56a, compiled Oct 11 2021 16:27:21
Firmware: J-Link V11 compiled Sep 21 2020 17:00:29
Hardware: V11.00
S/N : 261009615 
OEM : SEGGER-EDU 
Feature(s) : FlashBP, GDB 
 
* JLink Info: TotalIRLen = 4, IRPrint = 0x01
* JLink Info: JTAG chain detection found 1 devices:
* JLink Info:  #0 Id: 0x4BA00477, IRLen: 04, CoreSight JTAG-DP
* JLink Info: DPv0 detected
* JLink Info: Scanning AP map to find all available APs
* JLink Info: AP[1]: Stopped AP scan as end of AP map has been reached
* JLink Info: AP[0]: AHB-AP (IDR: 0x24770011)
* JLink Info: Iterating through AP map to find AHB-AP to use
* JLink Info: AP[0]: Core found
* JLink Info: AP[0]: AHB-AP ROM base: 0xE00FF000
* JLink Info: CPUID register: 0x412FC230. Implementer code: 0x41 (ARM)
* JLink Info: Found Cortex-M3 r2p0, Little endian.
* JLink Info: FPUnit: 6 code (BP) slots and 2 literal slots
* JLink Info: CoreSight components:
* JLink Info: ROMTbl[0] @ E00FF000
* JLink Info: [0][0]: E000E000 CID B105E00D PID 002BB000 SCS
* JLink Info: [0][1]: E0001000 CID B105E00D PID 002BB002 DWT
* JLink Info: [0][2]: E0002000 CID B105E00D PID 002BB003 FPB
* JLink Info: [0][3]: E0000000 CID B105E00D PID 002BB001 ITM
* JLink Info: [0][4]: E0040000 CID B105900D PID 002BB923 TPIU-Lite
* JLink Info: [0][5]: E0041000 CID B105900D PID 002BB924 ETM-M3
ROMTableAddr = 0xE00FF000
* JLink Info: Reset: Halt core after reset via DEMCR.VC_CORERESET.
* JLink Info: Reset: Reset device via AIRCR.SYSRESETREQ.
 
Target info:
------------
Device: LPC1768
VTarget = 3.328V
State of Pins: 
TCK: 1, TDI: 0, TDO: 1, TMS: 0, TRES: 1, TRST: 1
Hardware-Breakpoints: 6
Software-Breakpoints: 8192
Watchpoints:          4
JTAG speed: 5000 kHz
 
Erase Done.
Programming Done.
Verify OK.
Build target 'LPC17xx FLASH'
assembling startup_LPC17xx.s...
compiling system_LPC17xx.c...
compiling core_cm3.c...
compiling adc.c...
compiling convert.c...
compiling delay.c...
compiling extintr.c...
compiling gpio.c...
compiling gprs.c...
..\DRIVERS\source\gprs.c(161): warning:  #177-D: variable "pFullTime" was declared but never referenced
..\DRIVERS\source\gprs.c(1499): warning:  #940-D: missing return statement at end of non-void function "HTTP_Post"
..\DRIVERS\source\gprs.c(1843): warning:  #177-D: variable "returnStatus" was declared but never referenced
compiling lcd.c...
compiling lpc17xx_clkpwr.c...
compiling lpc17xx_wdt.c...
compiling rtc.c...
compiling spi.c...
compiling uart.c...
compiling WSWD.c...
compiling i2c0.c...
compiling ATRH.c...
compiling lpc17xx_libcfg_default.c...
compiling anomometer.c...
compiling systick.c...
compiling bod.c...
compiling mmc_176x_ssp.c...
..\DRIVERS\source\mmc_176x_ssp.c(846): warning:  #940-D: missing return statement at end of non-void function "create_file"
..\DRIVERS\source\mmc_176x_ssp.c(902): warning:  #940-D: missing return statement at end of non-void function "create_folder"
..\DRIVERS\source\mmc_176x_ssp.c(1404): warning:  #188-D: enumerated type mixed with another type
..\DRIVERS\source\mmc_176x_ssp.c(1747): warning:  #188-D: enumerated type mixed with another type
..\DRIVERS\source\mmc_176x_ssp.c(1755): warning:  #188-D: enumerated type mixed with another type
..\DRIVERS\source\mmc_176x_ssp.c(1758): warning:  #188-D: enumerated type mixed with another type
..\DRIVERS\source\mmc_176x_ssp.c(1739): warning:  #550-D: variable "packetcounter" was set but never used
compiling Log.c...
compiling main.c...
main.c(421): warning:  #111-D: statement is unreachable
main.c(446): warning:  #128-D: loop is not reachable from preceding code
compiling ff.c...
compiling ccsbcs.c...
compiling syscall.c...
compiling unicode.c...
linking...
Program Size: Code=76894 RO-data=62586 RW-data=1560 ZI-data=30804  
FromELF: creating hex file...
User command #1: fromelf --bin HEX\SKYSENSE-4G_MAHAVEDH.axf --output FIRMWARE.bin
Error: Q0108E: Could not create output file 'FIRMWARE.bin': Permission denied
Finished: 0 information, 0 warning and 1 error messages.
".\HEX\SKYSENSE-4G_MAHAVEDH.axf" - 0 Error(s), 12 Warning(s).
Load "H:\\IMD\\ARUN_HDC1080_1\\2022-010-AWS4G-ATRH\\2022-010-AWS4G-MAHAVEDH-FRT-CUMULATIVE_RAIN-main\\KEIL WORKSPACE\\HEX\\SKYSENSE-4G_MAHAVEDH.AXF" 
Set JLink Project File to "H:\IMD\ARUN_HDC1080_1\2022-010-AWS4G-ATRH\2022-010-AWS4G-MAHAVEDH-FRT-CUMULATIVE_RAIN-main\KEIL WORKSPACE\JLinkSettings.ini"
* JLink Info: Device "LPC1768" selected.
 
JLink info:
------------
DLL: V7.56a, compiled Oct 11 2021 16:27:21
Firmware: J-Link V11 compiled Sep 21 2020 17:00:29
Hardware: V11.00
S/N : 261009615 
OEM : SEGGER-EDU 
Feature(s) : FlashBP, GDB 
 
* JLink Info: TotalIRLen = 4, IRPrint = 0x01
* JLink Info: JTAG chain detection found 1 devices:
* JLink Info:  #0 Id: 0x4BA00477, IRLen: 04, CoreSight JTAG-DP
* JLink Info: DPv0 detected
* JLink Info: Scanning AP map to find all available APs
* JLink Info: AP[1]: Stopped AP scan as end of AP map has been reached
* JLink Info: AP[0]: AHB-AP (IDR: 0x24770011)
* JLink Info: Iterating through AP map to find AHB-AP to use
* JLink Info: AP[0]: Core found
* JLink Info: AP[0]: AHB-AP ROM base: 0xE00FF000
* JLink Info: CPUID register: 0x412FC230. Implementer code: 0x41 (ARM)
* JLink Info: Found Cortex-M3 r2p0, Little endian.
* JLink Info: FPUnit: 6 code (BP) slots and 2 literal slots
* JLink Info: CoreSight components:
* JLink Info: ROMTbl[0] @ E00FF000
* JLink Info: [0][0]: E000E000 CID B105E00D PID 002BB000 SCS
* JLink Info: [0][1]: E0001000 CID B105E00D PID 002BB002 DWT
* JLink Info: [0][2]: E0002000 CID B105E00D PID 002BB003 FPB
* JLink Info: [0][3]: E0000000 CID B105E00D PID 002BB001 ITM
* JLink Info: [0][4]: E0040000 CID B105900D PID 002BB923 TPIU-Lite
* JLink Info: [0][5]: E0041000 CID B105900D PID 002BB924 ETM-M3
ROMTableAddr = 0xE00FF000
* JLink Info: Reset: Halt core after reset via DEMCR.VC_CORERESET.
* JLink Info: Reset: Reset device via AIRCR.SYSRESETREQ.
 
Target info:
------------
Device: LPC1768
VTarget = 3.328V
State of Pins: 
TCK: 1, TDI: 0, TDO: 1, TMS: 0, TRES: 1, TRST: 1
Hardware-Breakpoints: 6
Software-Breakpoints: 8192
Watchpoints:          4
JTAG speed: 5000 kHz
 
Erase Done.
Programming Done.
Verify OK.
Build target 'LPC17xx FLASH'
assembling startup_LPC17xx.s...
compiling system_LPC17xx.c...
compiling core_cm3.c...
compiling adc.c...
compiling convert.c...
compiling delay.c...
compiling extintr.c...
compiling gpio.c...
compiling gprs.c...
..\DRIVERS\source\gprs.c(161): warning:  #177-D: variable "pFullTime" was declared but never referenced
..\DRIVERS\source\gprs.c(1499): warning:  #940-D: missing return statement at end of non-void function "HTTP_Post"
..\DRIVERS\source\gprs.c(1843): warning:  #177-D: variable "returnStatus" was declared but never referenced
compiling lcd.c...
compiling lpc17xx_clkpwr.c...
compiling lpc17xx_wdt.c...
compiling rtc.c...
compiling spi.c...
compiling uart.c...
compiling WSWD.c...
compiling i2c0.c...
compiling ATRH.c...
compiling lpc17xx_libcfg_default.c...
compiling anomometer.c...
compiling systick.c...
compiling bod.c...
compiling mmc_176x_ssp.c...
..\DRIVERS\source\mmc_176x_ssp.c(846): warning:  #940-D: missing return statement at end of non-void function "create_file"
..\DRIVERS\source\mmc_176x_ssp.c(902): warning:  #940-D: missing return statement at end of non-void function "create_folder"
..\DRIVERS\source\mmc_176x_ssp.c(1404): warning:  #188-D: enumerated type mixed with another type
..\DRIVERS\source\mmc_176x_ssp.c(1747): warning:  #188-D: enumerated type mixed with another type
..\DRIVERS\source\mmc_176x_ssp.c(1755): warning:  #188-D: enumerated type mixed with another type
..\DRIVERS\source\mmc_176x_ssp.c(1758): warning:  #188-D: enumerated type mixed with another type
..\DRIVERS\source\mmc_176x_ssp.c(1739): warning:  #550-D: variable "packetcounter" was set but never used
compiling Log.c...
compiling main.c...
main.c(450): warning:  #128-D: loop is not reachable from preceding code
compiling ff.c...
compiling ccsbcs.c...
compiling syscall.c...
compiling unicode.c...
linking...
Program Size: Code=77062 RO-data=62586 RW-data=1560 ZI-data=30804  
FromELF: creating hex file...
User command #1: fromelf --bin HEX\SKYSENSE-4G_MAHAVEDH.axf --output FIRMWARE.bin
Error: Q0108E: Could not create output file 'FIRMWARE.bin': Permission denied
Finished: 0 information, 0 warning and 1 error messages.
".\HEX\SKYSENSE-4G_MAHAVEDH.axf" - 0 Error(s), 11 Warning(s).
Build target 'LPC17xx FLASH'
assembling startup_LPC17xx.s...
compiling system_LPC17xx.c...
compiling core_cm3.c...
compiling adc.c...
compiling convert.c...
compiling delay.c...
compiling extintr.c...
compiling gpio.c...
compiling gprs.c...
..\DRIVERS\source\gprs.c(161): warning:  #177-D: variable "pFullTime" was declared but never referenced
..\DRIVERS\source\gprs.c(1499): warning:  #940-D: missing return statement at end of non-void function "HTTP_Post"
..\DRIVERS\source\gprs.c(1843): warning:  #177-D: variable "returnStatus" was declared but never referenced
compiling lcd.c...
compiling lpc17xx_clkpwr.c...
compiling lpc17xx_wdt.c...
compiling rtc.c...
compiling spi.c...
compiling uart.c...
compiling WSWD.c...
compiling i2c0.c...
compiling ATRH.c...
compiling lpc17xx_libcfg_default.c...
compiling anomometer.c...
compiling systick.c...
compiling bod.c...
compiling mmc_176x_ssp.c...
..\DRIVERS\source\mmc_176x_ssp.c(846): warning:  #940-D: missing return statement at end of non-void function "create_file"
..\DRIVERS\source\mmc_176x_ssp.c(902): warning:  #940-D: missing return statement at end of non-void function "create_folder"
..\DRIVERS\source\mmc_176x_ssp.c(1404): warning:  #188-D: enumerated type mixed with another type
..\DRIVERS\source\mmc_176x_ssp.c(1747): warning:  #188-D: enumerated type mixed with another type
..\DRIVERS\source\mmc_176x_ssp.c(1755): warning:  #188-D: enumerated type mixed with another type
..\DRIVERS\source\mmc_176x_ssp.c(1758): warning:  #188-D: enumerated type mixed with another type
..\DRIVERS\source\mmc_176x_ssp.c(1739): warning:  #550-D: variable "packetcounter" was set but never used
compiling Log.c...
compiling main.c...
main.c(450): warning:  #128-D: loop is not reachable from preceding code
compiling ff.c...
compiling ccsbcs.c...
compiling syscall.c...
compiling unicode.c...
linking...
Program Size: Code=77090 RO-data=62590 RW-data=1560 ZI-data=30804  
FromELF: creating hex file...
User command #1: fromelf --bin HEX\SKYSENSE-4G_MAHAVEDH.axf --output FIRMWARE.bin
Error: Q0108E: Could not create output file 'FIRMWARE.bin': Permission denied
Finished: 0 information, 0 warning and 1 error messages.
".\HEX\SKYSENSE-4G_MAHAVEDH.axf" - 0 Error(s), 11 Warning(s).
Load "H:\\IMD\\ARUN_HDC1080_1\\2022-010-AWS4G-ATRH\\2022-010-AWS4G-MAHAVEDH-FRT-CUMULATIVE_RAIN-main\\KEIL WORKSPACE\\HEX\\SKYSENSE-4G_MAHAVEDH.AXF" 
Set JLink Project File to "H:\IMD\ARUN_HDC1080_1\2022-010-AWS4G-ATRH\2022-010-AWS4G-MAHAVEDH-FRT-CUMULATIVE_RAIN-main\KEIL WORKSPACE\JLinkSettings.ini"
* JLink Info: Device "LPC1768" selected.
 
JLink info:
------------
DLL: V7.56a, compiled Oct 11 2021 16:27:21
Firmware: J-Link V11 compiled Sep 21 2020 17:00:29
Hardware: V11.00
S/N : 261009615 
OEM : SEGGER-EDU 
Feature(s) : FlashBP, GDB 
 
* JLink Info: TotalIRLen = 4, IRPrint = 0x01
* JLink Info: JTAG chain detection found 1 devices:
* JLink Info:  #0 Id: 0x4BA00477, IRLen: 04, CoreSight JTAG-DP
* JLink Info: DPv0 detected
* JLink Info: Scanning AP map to find all available APs
* JLink Info: AP[1]: Stopped AP scan as end of AP map has been reached
* JLink Info: AP[0]: AHB-AP (IDR: 0x24770011)
* JLink Info: Iterating through AP map to find AHB-AP to use
* JLink Info: AP[0]: Core found
* JLink Info: AP[0]: AHB-AP ROM base: 0xE00FF000
* JLink Info: CPUID register: 0x412FC230. Implementer code: 0x41 (ARM)
* JLink Info: Found Cortex-M3 r2p0, Little endian.
* JLink Info: FPUnit: 6 code (BP) slots and 2 literal slots
* JLink Info: CoreSight components:
* JLink Info: ROMTbl[0] @ E00FF000
* JLink Info: [0][0]: E000E000 CID B105E00D PID 002BB000 SCS
* JLink Info: [0][1]: E0001000 CID B105E00D PID 002BB002 DWT
* JLink Info: [0][2]: E0002000 CID B105E00D PID 002BB003 FPB
* JLink Info: [0][3]: E0000000 CID B105E00D PID 002BB001 ITM
* JLink Info: [0][4]: E0040000 CID B105900D PID 002BB923 TPIU-Lite
* JLink Info: [0][5]: E0041000 CID B105900D PID 002BB924 ETM-M3
ROMTableAddr = 0xE00FF000
* JLink Info: Reset: Halt core after reset via DEMCR.VC_CORERESET.
* JLink Info: Reset: Reset device via AIRCR.SYSRESETREQ.
 
Target info:
------------
Device: LPC1768
VTarget = 3.328V
State of Pins: 
TCK: 1, TDI: 0, TDO: 1, TMS: 0, TRES: 1, TRST: 1
Hardware-Breakpoints: 6
Software-Breakpoints: 8192
Watchpoints:          4
JTAG speed: 5000 kHz
 
Erase Done.
Programming Done.
Verify OK.
Load "H:\\IMD\\ARUN_HDC1080_1\\2022-010-AWS4G-ATRH\\2022-010-AWS4G-MAHAVEDH-FRT-CUMULATIVE_RAIN-main\\KEIL WORKSPACE\\HEX\\SKYSENSE-4G_MAHAVEDH.AXF" 
Set JLink Project File to "H:\IMD\ARUN_HDC1080_1\2022-010-AWS4G-ATRH\2022-010-AWS4G-MAHAVEDH-FRT-CUMULATIVE_RAIN-main\KEIL WORKSPACE\JLinkSettings.ini"
* JLink Info: Device "LPC1768" selected.
 
JLink info:
------------
DLL: V7.56a, compiled Oct 11 2021 16:27:21
Firmware: J-Link V11 compiled Sep 21 2020 17:00:29
Hardware: V11.00
S/N : 261009615 
OEM : SEGGER-EDU 
Feature(s) : FlashBP, GDB 
 
* JLink Info: TotalIRLen = 4, IRPrint = 0x01
* JLink Info: JTAG chain detection found 1 devices:
* JLink Info:  #0 Id: 0x4BA00477, IRLen: 04, CoreSight JTAG-DP
* JLink Info: DPv0 detected
* JLink Info: Scanning AP map to find all available APs
* JLink Info: AP[1]: Stopped AP scan as end of AP map has been reached
* JLink Info: AP[0]: AHB-AP (IDR: 0x24770011)
* JLink Info: Iterating through AP map to find AHB-AP to use
* JLink Info: AP[0]: Core found
* JLink Info: AP[0]: AHB-AP ROM base: 0xE00FF000
* JLink Info: CPUID register: 0x412FC230. Implementer code: 0x41 (ARM)
* JLink Info: Found Cortex-M3 r2p0, Little endian.
* JLink Info: FPUnit: 6 code (BP) slots and 2 literal slots
* JLink Info: CoreSight components:
* JLink Info: ROMTbl[0] @ E00FF000
* JLink Info: [0][0]: E000E000 CID B105E00D PID 002BB000 SCS
* JLink Info: [0][1]: E0001000 CID B105E00D PID 002BB002 DWT
* JLink Info: [0][2]: E0002000 CID B105E00D PID 002BB003 FPB
* JLink Info: [0][3]: E0000000 CID B105E00D PID 002BB001 ITM
* JLink Info: [0][4]: E0040000 CID B105900D PID 002BB923 TPIU-Lite
* JLink Info: [0][5]: E0041000 CID B105900D PID 002BB924 ETM-M3
ROMTableAddr = 0xE00FF000
* JLink Info: Reset: Halt core after reset via DEMCR.VC_CORERESET.
* JLink Info: Reset: Reset device via AIRCR.SYSRESETREQ.
 
Target info:
------------
Device: LPC1768
VTarget = 3.328V
State of Pins: 
TCK: 1, TDI: 0, TDO: 1, TMS: 0, TRES: 1, TRST: 1
Hardware-Breakpoints: 6
Software-Breakpoints: 8192
Watchpoints:          4
JTAG speed: 5000 kHz
 
Erase Done.
Programming Done.
Verify OK.
Build target 'LPC17xx FLASH'
assembling startup_LPC17xx.s...
compiling system_LPC17xx.c...
compiling core_cm3.c...
compiling adc.c...
compiling convert.c...
compiling delay.c...
compiling extintr.c...
compiling gpio.c...
compiling gprs.c...
..\DRIVERS\source\gprs.c(161): warning:  #177-D: variable "pFullTime" was declared but never referenced
..\DRIVERS\source\gprs.c(1499): warning:  #940-D: missing return statement at end of non-void function "HTTP_Post"
..\DRIVERS\source\gprs.c(1843): warning:  #177-D: variable "returnStatus" was declared but never referenced
compiling lcd.c...
compiling lpc17xx_clkpwr.c...
compiling lpc17xx_wdt.c...
compiling rtc.c...
compiling spi.c...
compiling uart.c...
compiling WSWD.c...
compiling i2c0.c...
compiling ATRH.c...
compiling lpc17xx_libcfg_default.c...
compiling anomometer.c...
compiling systick.c...
compiling bod.c...
compiling mmc_176x_ssp.c...
..\DRIVERS\source\mmc_176x_ssp.c(846): warning:  #940-D: missing return statement at end of non-void function "create_file"
..\DRIVERS\source\mmc_176x_ssp.c(902): warning:  #940-D: missing return statement at end of non-void function "create_folder"
..\DRIVERS\source\mmc_176x_ssp.c(1404): warning:  #188-D: enumerated type mixed with another type
..\DRIVERS\source\mmc_176x_ssp.c(1747): warning:  #188-D: enumerated type mixed with another type
..\DRIVERS\source\mmc_176x_ssp.c(1755): warning:  #188-D: enumerated type mixed with another type
..\DRIVERS\source\mmc_176x_ssp.c(1758): warning:  #188-D: enumerated type mixed with another type
..\DRIVERS\source\mmc_176x_ssp.c(1739): warning:  #550-D: variable "packetcounter" was set but never used
compiling Log.c...
compiling main.c...
main.c(450): warning:  #128-D: loop is not reachable from preceding code
compiling ff.c...
compiling ccsbcs.c...
compiling syscall.c...
compiling unicode.c...
linking...
Program Size: Code=77098 RO-data=62590 RW-data=1560 ZI-data=30804  
FromELF: creating hex file...
User command #1: fromelf --bin HEX\SKYSENSE-4G_MAHAVEDH.axf --output FIRMWARE.bin
Error: Q0108E: Could not create output file 'FIRMWARE.bin': Permission denied
Finished: 0 information, 0 warning and 1 error messages.
".\HEX\SKYSENSE-4G_MAHAVEDH.axf" - 0 Error(s), 11 Warning(s).
Load "H:\\IMD\\ARUN_HDC1080_1\\2022-010-AWS4G-ATRH\\2022-010-AWS4G-MAHAVEDH-FRT-CUMULATIVE_RAIN-main\\KEIL WORKSPACE\\HEX\\SKYSENSE-4G_MAHAVEDH.AXF" 
Set JLink Project File to "H:\IMD\ARUN_HDC1080_1\2022-010-AWS4G-ATRH\2022-010-AWS4G-MAHAVEDH-FRT-CUMULATIVE_RAIN-main\KEIL WORKSPACE\JLinkSettings.ini"
* JLink Info: Device "LPC1768" selected.
 
JLink info:
------------
DLL: V7.56a, compiled Oct 11 2021 16:27:21
Firmware: J-Link V11 compiled Sep 21 2020 17:00:29
Hardware: V11.00
S/N : 261009615 
OEM : SEGGER-EDU 
Feature(s) : FlashBP, GDB 
 
* JLink Info: TotalIRLen = 4, IRPrint = 0x01
* JLink Info: JTAG chain detection found 1 devices:
* JLink Info:  #0 Id: 0x4BA00477, IRLen: 04, CoreSight JTAG-DP
* JLink Info: DPv0 detected
* JLink Info: Scanning AP map to find all available APs
* JLink Info: AP[1]: Stopped AP scan as end of AP map has been reached
* JLink Info: AP[0]: AHB-AP (IDR: 0x24770011)
* JLink Info: Iterating through AP map to find AHB-AP to use
* JLink Info: AP[0]: Core found
* JLink Info: AP[0]: AHB-AP ROM base: 0xE00FF000
* JLink Info: CPUID register: 0x412FC230. Implementer code: 0x41 (ARM)
* JLink Info: Found Cortex-M3 r2p0, Little endian.
* JLink Info: FPUnit: 6 code (BP) slots and 2 literal slots
* JLink Info: CoreSight components:
* JLink Info: ROMTbl[0] @ E00FF000
* JLink Info: [0][0]: E000E000 CID B105E00D PID 002BB000 SCS
* JLink Info: [0][1]: E0001000 CID B105E00D PID 002BB002 DWT
* JLink Info: [0][2]: E0002000 CID B105E00D PID 002BB003 FPB
* JLink Info: [0][3]: E0000000 CID B105E00D PID 002BB001 ITM
* JLink Info: [0][4]: E0040000 CID B105900D PID 002BB923 TPIU-Lite
* JLink Info: [0][5]: E0041000 CID B105900D PID 002BB924 ETM-M3
ROMTableAddr = 0xE00FF000
* JLink Info: Reset: Halt core after reset via DEMCR.VC_CORERESET.
* JLink Info: Reset: Reset device via AIRCR.SYSRESETREQ.
 
Target info:
------------
Device: LPC1768
VTarget = 3.328V
State of Pins: 
TCK: 1, TDI: 0, TDO: 1, TMS: 0, TRES: 1, TRST: 1
Hardware-Breakpoints: 6
Software-Breakpoints: 8192
Watchpoints:          4
JTAG speed: 5000 kHz
 
Erase Done.
Programming Done.
Verify OK.
Load "H:\\IMD\\ARUN_HDC1080_1\\2022-010-AWS4G-ATRH\\2022-010-AWS4G-MAHAVEDH-FRT-CUMULATIVE_RAIN-main\\KEIL WORKSPACE\\HEX\\SKYSENSE-4G_MAHAVEDH.AXF" 
Set JLink Project File to "H:\IMD\ARUN_HDC1080_1\2022-010-AWS4G-ATRH\2022-010-AWS4G-MAHAVEDH-FRT-CUMULATIVE_RAIN-main\KEIL WORKSPACE\JLinkSettings.ini"
* JLink Info: Device "LPC1768" selected.
 
JLink info:
------------
DLL: V7.56a, compiled Oct 11 2021 16:27:21
Firmware: J-Link V11 compiled Sep 21 2020 17:00:29
Hardware: V11.00
S/N : 261009615 
OEM : SEGGER-EDU 
Feature(s) : FlashBP, GDB 
 
* JLink Info: TotalIRLen = 4, IRPrint = 0x01
* JLink Info: JTAG chain detection found 1 devices:
* JLink Info:  #0 Id: 0x4BA00477, IRLen: 04, CoreSight JTAG-DP
* JLink Info: DPv0 detected
* JLink Info: Scanning AP map to find all available APs
* JLink Info: AP[1]: Stopped AP scan as end of AP map has been reached
* JLink Info: AP[0]: AHB-AP (IDR: 0x24770011)
* JLink Info: Iterating through AP map to find AHB-AP to use
* JLink Info: AP[0]: Core found
* JLink Info: AP[0]: AHB-AP ROM base: 0xE00FF000
* JLink Info: CPUID register: 0x412FC230. Implementer code: 0x41 (ARM)
* JLink Info: Found Cortex-M3 r2p0, Little endian.
* JLink Info: FPUnit: 6 code (BP) slots and 2 literal slots
* JLink Info: CoreSight components:
* JLink Info: ROMTbl[0] @ E00FF000
* JLink Info: [0][0]: E000E000 CID B105E00D PID 002BB000 SCS
* JLink Info: [0][1]: E0001000 CID B105E00D PID 002BB002 DWT
* JLink Info: [0][2]: E0002000 CID B105E00D PID 002BB003 FPB
* JLink Info: [0][3]: E0000000 CID B105E00D PID 002BB001 ITM
* JLink Info: [0][4]: E0040000 CID B105900D PID 002BB923 TPIU-Lite
* JLink Info: [0][5]: E0041000 CID B105900D PID 002BB924 ETM-M3
ROMTableAddr = 0xE00FF000
* JLink Info: Reset: Halt core after reset via DEMCR.VC_CORERESET.
* JLink Info: Reset: Reset device via AIRCR.SYSRESETREQ.
 
Target info:
------------
Device: LPC1768
VTarget = 3.328V
State of Pins: 
TCK: 1, TDI: 0, TDO: 1, TMS: 0, TRES: 1, TRST: 1
Hardware-Breakpoints: 6
Software-Breakpoints: 8192
Watchpoints:          4
JTAG speed: 5000 kHz
 
Erase Done.
Programming Done.
Verify OK.
Build target 'LPC17xx FLASH'
assembling startup_LPC17xx.s...
compiling system_LPC17xx.c...
compiling core_cm3.c...
compiling adc.c...
compiling convert.c...
compiling delay.c...
compiling extintr.c...
compiling gpio.c...
compiling gprs.c...
..\DRIVERS\source\gprs.c(161): warning:  #177-D: variable "pFullTime" was declared but never referenced
..\DRIVERS\source\gprs.c(1499): warning:  #940-D: missing return statement at end of non-void function "HTTP_Post"
..\DRIVERS\source\gprs.c(1843): warning:  #177-D: variable "returnStatus" was declared but never referenced
compiling lcd.c...
compiling lpc17xx_clkpwr.c...
compiling lpc17xx_wdt.c...
compiling rtc.c...
compiling spi.c...
compiling uart.c...
compiling WSWD.c...
compiling i2c0.c...
compiling ATRH.c...
compiling lpc17xx_libcfg_default.c...
compiling anomometer.c...
compiling systick.c...
compiling bod.c...
compiling mmc_176x_ssp.c...
..\DRIVERS\source\mmc_176x_ssp.c(846): warning:  #940-D: missing return statement at end of non-void function "create_file"
..\DRIVERS\source\mmc_176x_ssp.c(902): warning:  #940-D: missing return statement at end of non-void function "create_folder"
..\DRIVERS\source\mmc_176x_ssp.c(1404): warning:  #188-D: enumerated type mixed with another type
..\DRIVERS\source\mmc_176x_ssp.c(1747): warning:  #188-D: enumerated type mixed with another type
..\DRIVERS\source\mmc_176x_ssp.c(1755): warning:  #188-D: enumerated type mixed with another type
..\DRIVERS\source\mmc_176x_ssp.c(1758): warning:  #188-D: enumerated type mixed with another type
..\DRIVERS\source\mmc_176x_ssp.c(1739): warning:  #550-D: variable "packetcounter" was set but never used
compiling Log.c...
compiling main.c...
main.c(451): warning:  #128-D: loop is not reachable from preceding code
compiling ff.c...
compiling ccsbcs.c...
compiling syscall.c...
compiling unicode.c...
linking...
Program Size: Code=77106 RO-data=62590 RW-data=1560 ZI-data=30804  
FromELF: creating hex file...
User command #1: fromelf --bin HEX\SKYSENSE-4G_MAHAVEDH.axf --output FIRMWARE.bin
Error: Q0108E: Could not create output file 'FIRMWARE.bin': Permission denied
Finished: 0 information, 0 warning and 1 error messages.
".\HEX\SKYSENSE-4G_MAHAVEDH.axf" - 0 Error(s), 11 Warning(s).
Build target 'LPC17xx FLASH'
assembling startup_LPC17xx.s...
compiling system_LPC17xx.c...
compiling core_cm3.c...
compiling adc.c...
compiling convert.c...
compiling delay.c...
compiling extintr.c...
compiling gpio.c...
compiling gprs.c...
..\DRIVERS\source\gprs.c(161): warning:  #177-D: variable "pFullTime" was declared but never referenced
..\DRIVERS\source\gprs.c(1499): warning:  #940-D: missing return statement at end of non-void function "HTTP_Post"
..\DRIVERS\source\gprs.c(1843): warning:  #177-D: variable "returnStatus" was declared but never referenced
compiling lcd.c...
compiling lpc17xx_clkpwr.c...
compiling lpc17xx_wdt.c...
compiling rtc.c...
compiling spi.c...
compiling uart.c...
compiling WSWD.c...
compiling i2c0.c...
compiling ATRH.c...
compiling lpc17xx_libcfg_default.c...
compiling anomometer.c...
compiling systick.c...
compiling bod.c...
compiling mmc_176x_ssp.c...
..\DRIVERS\source\mmc_176x_ssp.c(846): warning:  #940-D: missing return statement at end of non-void function "create_file"
..\DRIVERS\source\mmc_176x_ssp.c(902): warning:  #940-D: missing return statement at end of non-void function "create_folder"
..\DRIVERS\source\mmc_176x_ssp.c(1404): warning:  #188-D: enumerated type mixed with another type
..\DRIVERS\source\mmc_176x_ssp.c(1747): warning:  #188-D: enumerated type mixed with another type
..\DRIVERS\source\mmc_176x_ssp.c(1755): warning:  #188-D: enumerated type mixed with another type
..\DRIVERS\source\mmc_176x_ssp.c(1758): warning:  #188-D: enumerated type mixed with another type
..\DRIVERS\source\mmc_176x_ssp.c(1739): warning:  #550-D: variable "packetcounter" was set but never used
compiling Log.c...
compiling main.c...
main.c(451): warning:  #128-D: loop is not reachable from preceding code
compiling ff.c...
compiling ccsbcs.c...
compiling syscall.c...
compiling unicode.c...
linking...
Program Size: Code=77106 RO-data=62590 RW-data=1560 ZI-data=30804  
FromELF: creating hex file...
User command #1: fromelf --bin HEX\SKYSENSE-4G_MAHAVEDH.axf --output FIRMWARE.bin
Error: Q0108E: Could not create output file 'FIRMWARE.bin': Permission denied
Finished: 0 information, 0 warning and 1 error messages.
".\HEX\SKYSENSE-4G_MAHAVEDH.axf" - 0 Error(s), 11 Warning(s).
Load "H:\\IMD\\ARUN_HDC1080_1\\2022-010-AWS4G-ATRH\\2022-010-AWS4G-MAHAVEDH-FRT-CUMULATIVE_RAIN-main\\KEIL WORKSPACE\\HEX\\SKYSENSE-4G_MAHAVEDH.AXF" 
Set JLink Project File to "H:\IMD\ARUN_HDC1080_1\2022-010-AWS4G-ATRH\2022-010-AWS4G-MAHAVEDH-FRT-CUMULATIVE_RAIN-main\KEIL WORKSPACE\JLinkSettings.ini"
* JLink Info: Device "LPC1768" selected.
 
JLink info:
------------
DLL: V7.56a, compiled Oct 11 2021 16:27:21
Firmware: J-Link V11 compiled Sep 21 2020 17:00:29
Hardware: V11.00
S/N : 261009615 
OEM : SEGGER-EDU 
Feature(s) : FlashBP, GDB 
 
* JLink Info: TotalIRLen = 4, IRPrint = 0x01
* JLink Info: JTAG chain detection found 1 devices:
* JLink Info:  #0 Id: 0x4BA00477, IRLen: 04, CoreSight JTAG-DP
* JLink Info: DPv0 detected
* JLink Info: Scanning AP map to find all available APs
* JLink Info: AP[1]: Stopped AP scan as end of AP map has been reached
* JLink Info: AP[0]: AHB-AP (IDR: 0x24770011)
* JLink Info: Iterating through AP map to find AHB-AP to use
* JLink Info: AP[0]: Core found
* JLink Info: AP[0]: AHB-AP ROM base: 0xE00FF000
* JLink Info: CPUID register: 0x412FC230. Implementer code: 0x41 (ARM)
* JLink Info: Found Cortex-M3 r2p0, Little endian.
* JLink Info: FPUnit: 6 code (BP) slots and 2 literal slots
* JLink Info: CoreSight components:
* JLink Info: ROMTbl[0] @ E00FF000
* JLink Info: [0][0]: E000E000 CID B105E00D PID 002BB000 SCS
* JLink Info: [0][1]: E0001000 CID B105E00D PID 002BB002 DWT
* JLink Info: [0][2]: E0002000 CID B105E00D PID 002BB003 FPB
* JLink Info: [0][3]: E0000000 CID B105E00D PID 002BB001 ITM
* JLink Info: [0][4]: E0040000 CID B105900D PID 002BB923 TPIU-Lite
* JLink Info: [0][5]: E0041000 CID B105900D PID 002BB924 ETM-M3
ROMTableAddr = 0xE00FF000
* JLink Info: Reset: Halt core after reset via DEMCR.VC_CORERESET.
* JLink Info: Reset: Reset device via AIRCR.SYSRESETREQ.
 
Target info:
------------
Device: LPC1768
VTarget = 3.328V
State of Pins: 
TCK: 1, TDI: 0, TDO: 1, TMS: 0, TRES: 1, TRST: 1
Hardware-Breakpoints: 6
Software-Breakpoints: 8192
Watchpoints:          4
JTAG speed: 5000 kHz
 
Erase Done.
Programming Done.
Verify OK.
Build target 'LPC17xx FLASH'
assembling startup_LPC17xx.s...
compiling system_LPC17xx.c...
compiling core_cm3.c...
compiling adc.c...
compiling convert.c...
compiling delay.c...
compiling extintr.c...
compiling gpio.c...
compiling gprs.c...
..\DRIVERS\source\gprs.c(161): warning:  #177-D: variable "pFullTime" was declared but never referenced
..\DRIVERS\source\gprs.c(1499): warning:  #940-D: missing return statement at end of non-void function "HTTP_Post"
..\DRIVERS\source\gprs.c(1843): warning:  #177-D: variable "returnStatus" was declared but never referenced
compiling lcd.c...
compiling lpc17xx_clkpwr.c...
compiling lpc17xx_wdt.c...
compiling rtc.c...
compiling spi.c...
compiling uart.c...
compiling WSWD.c...
compiling i2c0.c...
compiling ATRH.c...
compiling lpc17xx_libcfg_default.c...
compiling anomometer.c...
compiling systick.c...
compiling bod.c...
compiling mmc_176x_ssp.c...
..\DRIVERS\source\mmc_176x_ssp.c(846): warning:  #940-D: missing return statement at end of non-void function "create_file"
..\DRIVERS\source\mmc_176x_ssp.c(902): warning:  #940-D: missing return statement at end of non-void function "create_folder"
..\DRIVERS\source\mmc_176x_ssp.c(1404): warning:  #188-D: enumerated type mixed with another type
..\DRIVERS\source\mmc_176x_ssp.c(1747): warning:  #188-D: enumerated type mixed with another type
..\DRIVERS\source\mmc_176x_ssp.c(1755): warning:  #188-D: enumerated type mixed with another type
..\DRIVERS\source\mmc_176x_ssp.c(1758): warning:  #188-D: enumerated type mixed with another type
..\DRIVERS\source\mmc_176x_ssp.c(1739): warning:  #550-D: variable "packetcounter" was set but never used
compiling Log.c...
compiling main.c...
main.c(451): warning:  #128-D: loop is not reachable from preceding code
compiling ff.c...
compiling ccsbcs.c...
compiling syscall.c...
compiling unicode.c...
linking...
Program Size: Code=77106 RO-data=62586 RW-data=1560 ZI-data=30804  
FromELF: creating hex file...
User command #1: fromelf --bin HEX\SKYSENSE-4G_MAHAVEDH.axf --output FIRMWARE.bin
".\HEX\SKYSENSE-4G_MAHAVEDH.axf" - 0 Error(s), 11 Warning(s).
Build target 'LPC17xx FLASH'
assembling startup_LPC17xx.s...
compiling system_LPC17xx.c...
compiling core_cm3.c...
compiling adc.c...
compiling convert.c...
compiling delay.c...
compiling extintr.c...
compiling gpio.c...
compiling gprs.c...
..\DRIVERS\source\gprs.c(161): warning:  #177-D: variable "pFullTime" was declared but never referenced
..\DRIVERS\source\gprs.c(1499): warning:  #940-D: missing return statement at end of non-void function "HTTP_Post"
..\DRIVERS\source\gprs.c(1843): warning:  #177-D: variable "returnStatus" was declared but never referenced
compiling lcd.c...
compiling lpc17xx_clkpwr.c...
compiling lpc17xx_wdt.c...
compiling rtc.c...
compiling spi.c...
compiling uart.c...
compiling WSWD.c...
compiling i2c0.c...
compiling ATRH.c...
compiling lpc17xx_libcfg_default.c...
compiling anomometer.c...
compiling systick.c...
compiling bod.c...
compiling mmc_176x_ssp.c...
..\DRIVERS\source\mmc_176x_ssp.c(846): warning:  #940-D: missing return statement at end of non-void function "create_file"
..\DRIVERS\source\mmc_176x_ssp.c(902): warning:  #940-D: missing return statement at end of non-void function "create_folder"
..\DRIVERS\source\mmc_176x_ssp.c(1404): warning:  #188-D: enumerated type mixed with another type
..\DRIVERS\source\mmc_176x_ssp.c(1747): warning:  #188-D: enumerated type mixed with another type
..\DRIVERS\source\mmc_176x_ssp.c(1755): warning:  #188-D: enumerated type mixed with another type
..\DRIVERS\source\mmc_176x_ssp.c(1758): warning:  #188-D: enumerated type mixed with another type
..\DRIVERS\source\mmc_176x_ssp.c(1739): warning:  #550-D: variable "packetcounter" was set but never used
compiling Log.c...
compiling main.c...
main.c(451): warning:  #128-D: loop is not reachable from preceding code
compiling ff.c...
compiling ccsbcs.c...
compiling syscall.c...
compiling unicode.c...
linking...
Program Size: Code=77114 RO-data=62586 RW-data=1560 ZI-data=30804  
FromELF: creating hex file...
User command #1: fromelf --bin HEX\SKYSENSE-4G_MAHAVEDH.axf --output FIRMWARE.bin
".\HEX\SKYSENSE-4G_MAHAVEDH.axf" - 0 Error(s), 11 Warning(s).
Build target 'LPC17xx FLASH'
assembling startup_LPC17xx.s...
compiling system_LPC17xx.c...
compiling core_cm3.c...
compiling adc.c...
compiling convert.c...
compiling delay.c...
compiling extintr.c...
compiling gpio.c...
compiling gprs.c...
..\DRIVERS\source\gprs.c(161): warning:  #177-D: variable "pFullTime" was declared but never referenced
..\DRIVERS\source\gprs.c(1499): warning:  #940-D: missing return statement at end of non-void function "HTTP_Post"
..\DRIVERS\source\gprs.c(1843): warning:  #177-D: variable "returnStatus" was declared but never referenced
compiling lcd.c...
compiling lpc17xx_clkpwr.c...
compiling lpc17xx_wdt.c...
compiling rtc.c...
compiling spi.c...
compiling uart.c...
compiling WSWD.c...
compiling i2c0.c...
compiling ATRH.c...
compiling lpc17xx_libcfg_default.c...
compiling anomometer.c...
compiling systick.c...
compiling bod.c...
compiling mmc_176x_ssp.c...
..\DRIVERS\source\mmc_176x_ssp.c(846): warning:  #940-D: missing return statement at end of non-void function "create_file"
..\DRIVERS\source\mmc_176x_ssp.c(902): warning:  #940-D: missing return statement at end of non-void function "create_folder"
..\DRIVERS\source\mmc_176x_ssp.c(1404): warning:  #188-D: enumerated type mixed with another type
..\DRIVERS\source\mmc_176x_ssp.c(1747): warning:  #188-D: enumerated type mixed with another type
..\DRIVERS\source\mmc_176x_ssp.c(1755): warning:  #188-D: enumerated type mixed with another type
..\DRIVERS\source\mmc_176x_ssp.c(1758): warning:  #188-D: enumerated type mixed with another type
..\DRIVERS\source\mmc_176x_ssp.c(1739): warning:  #550-D: variable "packetcounter" was set but never used
compiling Log.c...
compiling main.c...
main.c(451): warning:  #128-D: loop is not reachable from preceding code
compiling ff.c...
compiling ccsbcs.c...
compiling syscall.c...
compiling unicode.c...
linking...
Program Size: Code=77122 RO-data=62586 RW-data=1560 ZI-data=30804  
FromELF: creating hex file...
User command #1: fromelf --bin HEX\SKYSENSE-4G_MAHAVEDH.axf --output FIRMWARE.bin
".\HEX\SKYSENSE-4G_MAHAVEDH.axf" - 0 Error(s), 11 Warning(s).
Build target 'LPC17xx FLASH'
assembling startup_LPC17xx.s...
compiling system_LPC17xx.c...
compiling core_cm3.c...
compiling adc.c...
compiling convert.c...
compiling delay.c...
compiling extintr.c...
compiling gpio.c...
compiling gprs.c...
..\DRIVERS\source\gprs.c(161): warning:  #177-D: variable "pFullTime" was declared but never referenced
..\DRIVERS\source\gprs.c(1499): warning:  #940-D: missing return statement at end of non-void function "HTTP_Post"
..\DRIVERS\source\gprs.c(1843): warning:  #177-D: variable "returnStatus" was declared but never referenced
compiling lcd.c...
compiling lpc17xx_clkpwr.c...
compiling lpc17xx_wdt.c...
compiling rtc.c...
compiling spi.c...
compiling uart.c...
compiling WSWD.c...
compiling i2c0.c...
compiling ATRH.c...
compiling lpc17xx_libcfg_default.c...
compiling anomometer.c...
compiling systick.c...
compiling bod.c...
compiling mmc_176x_ssp.c...
..\DRIVERS\source\mmc_176x_ssp.c(846): warning:  #940-D: missing return statement at end of non-void function "create_file"
..\DRIVERS\source\mmc_176x_ssp.c(902): warning:  #940-D: missing return statement at end of non-void function "create_folder"
..\DRIVERS\source\mmc_176x_ssp.c(1404): warning:  #188-D: enumerated type mixed with another type
..\DRIVERS\source\mmc_176x_ssp.c(1747): warning:  #188-D: enumerated type mixed with another type
..\DRIVERS\source\mmc_176x_ssp.c(1755): warning:  #188-D: enumerated type mixed with another type
..\DRIVERS\source\mmc_176x_ssp.c(1758): warning:  #188-D: enumerated type mixed with another type
..\DRIVERS\source\mmc_176x_ssp.c(1739): warning:  #550-D: variable "packetcounter" was set but never used
compiling Log.c...
compiling main.c...
main.c(451): warning:  #128-D: loop is not reachable from preceding code
compiling ff.c...
compiling ccsbcs.c...
compiling syscall.c...
compiling unicode.c...
linking...
Program Size: Code=77122 RO-data=62586 RW-data=1560 ZI-data=30804  
FromELF: creating hex file...
User command #1: fromelf --bin HEX\SKYSENSE-4G_MAHAVEDH.axf --output FIRMWARE.bin
".\HEX\SKYSENSE-4G_MAHAVEDH.axf" - 0 Error(s), 11 Warning(s).
Load "H:\\IMD\\ARUN_HDC1080_1\\2022-010-AWS4G-ATRH\\2022-010-AWS4G-MAHAVEDH-FRT-CUMULATIVE_RAIN-main\\KEIL WORKSPACE\\HEX\\SKYSENSE-4G_MAHAVEDH.AXF" 
Build target 'LPC17xx FLASH'
assembling startup_LPC17xx.s...
compiling system_LPC17xx.c...
compiling core_cm3.c...
compiling adc.c...
compiling convert.c...
compiling delay.c...
compiling extintr.c...
compiling gpio.c...
compiling gprs.c...
..\DRIVERS\source\gprs.c(161): warning:  #177-D: variable "pFullTime" was declared but never referenced
..\DRIVERS\source\gprs.c(1499): warning:  #940-D: missing return statement at end of non-void function "HTTP_Post"
..\DRIVERS\source\gprs.c(1843): warning:  #177-D: variable "returnStatus" was declared but never referenced
compiling lcd.c...
compiling lpc17xx_clkpwr.c...
compiling lpc17xx_wdt.c...
compiling rtc.c...
compiling spi.c...
compiling uart.c...
compiling WSWD.c...
compiling i2c0.c...
compiling ATRH.c...
compiling lpc17xx_libcfg_default.c...
compiling anomometer.c...
compiling systick.c...
compiling bod.c...
compiling mmc_176x_ssp.c...
..\DRIVERS\source\mmc_176x_ssp.c(846): warning:  #940-D: missing return statement at end of non-void function "create_file"
..\DRIVERS\source\mmc_176x_ssp.c(902): warning:  #940-D: missing return statement at end of non-void function "create_folder"
..\DRIVERS\source\mmc_176x_ssp.c(1404): warning:  #188-D: enumerated type mixed with another type
..\DRIVERS\source\mmc_176x_ssp.c(1747): warning:  #188-D: enumerated type mixed with another type
..\DRIVERS\source\mmc_176x_ssp.c(1755): warning:  #188-D: enumerated type mixed with another type
..\DRIVERS\source\mmc_176x_ssp.c(1758): warning:  #188-D: enumerated type mixed with another type
..\DRIVERS\source\mmc_176x_ssp.c(1739): warning:  #550-D: variable "packetcounter" was set but never used
compiling Log.c...
compiling main.c...
main.c(451): warning:  #128-D: loop is not reachable from preceding code
compiling ff.c...
compiling ccsbcs.c...
compiling syscall.c...
compiling unicode.c...
linking...
Program Size: Code=77122 RO-data=62586 RW-data=1560 ZI-data=30804  
FromELF: creating hex file...
User command #1: fromelf --bin HEX\SKYSENSE-4G_MAHAVEDH.axf --output FIRMWARE.bin
".\HEX\SKYSENSE-4G_MAHAVEDH.axf" - 0 Error(s), 11 Warning(s).
Build target 'LPC17xx FLASH'
assembling startup_LPC17xx.s...
compiling system_LPC17xx.c...
compiling core_cm3.c...
compiling adc.c...
compiling convert.c...
compiling delay.c...
compiling extintr.c...
compiling gpio.c...
compiling gprs.c...
..\DRIVERS\source\gprs.c(161): warning:  #177-D: variable "pFullTime" was declared but never referenced
..\DRIVERS\source\gprs.c(1499): warning:  #940-D: missing return statement at end of non-void function "HTTP_Post"
..\DRIVERS\source\gprs.c(1843): warning:  #177-D: variable "returnStatus" was declared but never referenced
compiling lcd.c...
compiling lpc17xx_clkpwr.c...
compiling lpc17xx_wdt.c...
compiling rtc.c...
compiling spi.c...
compiling uart.c...
compiling WSWD.c...
compiling i2c0.c...
compiling ATRH.c...
compiling lpc17xx_libcfg_default.c...
compiling anomometer.c...
compiling systick.c...
compiling bod.c...
compiling mmc_176x_ssp.c...
..\DRIVERS\source\mmc_176x_ssp.c(846): warning:  #940-D: missing return statement at end of non-void function "create_file"
..\DRIVERS\source\mmc_176x_ssp.c(902): warning:  #940-D: missing return statement at end of non-void function "create_folder"
..\DRIVERS\source\mmc_176x_ssp.c(1404): warning:  #188-D: enumerated type mixed with another type
..\DRIVERS\source\mmc_176x_ssp.c(1747): warning:  #188-D: enumerated type mixed with another type
..\DRIVERS\source\mmc_176x_ssp.c(1755): warning:  #188-D: enumerated type mixed with another type
..\DRIVERS\source\mmc_176x_ssp.c(1758): warning:  #188-D: enumerated type mixed with another type
..\DRIVERS\source\mmc_176x_ssp.c(1739): warning:  #550-D: variable "packetcounter" was set but never used
compiling Log.c...
compiling main.c...
main.c(451): warning:  #128-D: loop is not reachable from preceding code
compiling ff.c...
compiling ccsbcs.c...
compiling syscall.c...
compiling unicode.c...
linking...
Program Size: Code=77146 RO-data=62586 RW-data=1560 ZI-data=30804  
FromELF: creating hex file...
User command #1: fromelf --bin HEX\SKYSENSE-4G_MAHAVEDH.axf --output FIRMWARE.bin
".\HEX\SKYSENSE-4G_MAHAVEDH.axf" - 0 Error(s), 11 Warning(s).
Build target 'LPC17xx FLASH'
assembling startup_LPC17xx.s...
compiling system_LPC17xx.c...
compiling core_cm3.c...
compiling adc.c...
compiling convert.c...
compiling delay.c...
compiling extintr.c...
compiling gpio.c...
compiling gprs.c...
..\DRIVERS\source\gprs.c(161): warning:  #177-D: variable "pFullTime" was declared but never referenced
..\DRIVERS\source\gprs.c(1499): warning:  #940-D: missing return statement at end of non-void function "HTTP_Post"
[...]
..\DRIVERS\source\mmc_176x_ssp.c(902): warning:  #940-D: missing return statement at end of non-void function "create_folder"
..\DRIVERS\source\mmc_176x_ssp.c(1404): warning:  #188-D: enumerated type mixed with another type
..\DRIVERS\source\mmc_176x_ssp.c(1747): warning:  #188-D: enumerated type mixed with another type
..\DRIVERS\source\mmc_176x_ssp.c(1755): warning:  #188-D: enumerated type mixed with another type
..\DRIVERS\source\mmc_176x_ssp.c(1758): warning:  #188-D: enumerated type mixed with another type
..\DRIVERS\source\mmc_176x_ssp.c(1739): warning:  #550-D: variable "packetcounter" was set but never used
compiling Log.c...
compiling main.c...
main.c(451): warning:  #128-D: loop is not reachable from preceding code
compiling ff.c...
compiling ccsbcs.c...
compiling syscall.c...
compiling unicode.c...
linking...
Program Size: Code=77146 RO-data=62586 RW-data=1560 ZI-data=30804  
FromELF: creating hex file...
User command #1: fromelf --bin HEX\SKYSENSE-4G_MAHAVEDH.axf --output FIRMWARE.bin
".\HEX\SKYSENSE-4G_MAHAVEDH.axf" - 0 Error(s), 11 Warning(s).
Build target 'LPC17xx FLASH'
assembling startup_LPC17xx.s...
compiling system_LPC17xx.c...
compiling core_cm3.c...
compiling adc.c...
compiling convert.c...
compiling delay.c...
compiling extintr.c...
compiling gpio.c...
compiling gprs.c...
..\DRIVERS\source\gprs.c(161): warning:  #177-D: variable "pFullTime" was declared but never referenced
..\DRIVERS\source\gprs.c(1499): warning:  #940-D: missing return statement at end of non-void function "HTTP_Post"
..\DRIVERS\source\gprs.c(1843): warning:  #177-D: variable "returnStatus" was declared but never referenced
compiling lcd.c...
compiling lpc17xx_clkpwr.c...
compiling lpc17xx_wdt.c...
compiling rtc.c...
compiling spi.c...
compiling uart.c...
compiling WSWD.c...
compiling i2c0.c...
compiling ATRH.c...
compiling lpc17xx_libcfg_default.c...
compiling anomometer.c...
compiling systick.c...
compiling bod.c...
compiling mmc_176x_ssp.c...
..\DRIVERS\source\mmc_176x_ssp.c(846): warning:  #940-D: missing return statement at end of non-void function "create_file"
..\DRIVERS\source\mmc_176x_ssp.c(902): warning:  #940-D: missing return statement at end of non-void function "create_folder"
..\DRIVERS\source\mmc_176x_ssp.c(1404): warning:  #188-D: enumerated type mixed with another type
..\DRIVERS\source\mmc_176x_ssp.c(1747): warning:  #188-D: enumerated type mixed with another type
..\DRIVERS\source\mmc_176x_ssp.c(1755): warning:  #188-D: enumerated type mixed with another type
..\DRIVERS\source\mmc_176x_ssp.c(1758): warning:  #188-D: enumerated type mixed with another type
..\DRIVERS\source\mmc_176x_ssp.c(1739): warning:  #550-D: variable "packetcounter" was set but never used
compiling Log.c...
compiling main.c...
main.c(451): warning:  #128-D: loop is not reachable from preceding code
compiling ff.c...
compiling ccsbcs.c...
compiling syscall.c...
compiling unicode.c...
linking...
Program Size: Code=77146 RO-data=62586 RW-data=1560 ZI-data=30804  
FromELF: creating hex file...
User command #1: fromelf --bin HEX\SKYSENSE-4G_MAHAVEDH.axf --output FIRMWARE.bin
".\HEX\SKYSENSE-4G_MAHAVEDH.axf" - 0 Error(s), 11 Warning(s).
Build target 'LPC17xx FLASH'
assembling startup_LPC17xx.s...
compiling system_LPC17xx.c...
compiling core_cm3.c...
compiling adc.c...
compiling convert.c...
compiling delay.c...
compiling extintr.c...
compiling gpio.c...
compiling gprs.c...
..\DRIVERS\source\gprs.c(161): warning:  #177-D: variable "pFullTime" was declared but never referenced
..\DRIVERS\source\gprs.c(1499): warning:  #940-D: missing return statement at end of non-void function "HTTP_Post"
..\DRIVERS\source\gprs.c(1843): warning:  #177-D: variable "returnStatus" was declared but never referenced
compiling lcd.c...
compiling lpc17xx_clkpwr.c...
compiling lpc17xx_wdt.c...
compiling rtc.c...
compiling spi.c...
compiling uart.c...
compiling WSWD.c...
compiling i2c0.c...
compiling ATRH.c...
compiling lpc17xx_libcfg_default.c...
compiling anomometer.c...
compiling systick.c...
compiling bod.c...
compiling mmc_176x_ssp.c...
..\DRIVERS\source\mmc_176x_ssp.c(846): warning:  #940-D: missing return statement at end of non-void function "create_file"
..\DRIVERS\source\mmc_176x_ssp.c(902): warning:  #940-D: missing return statement at end of non-void function "create_folder"
..\DRIVERS\source\mmc_176x_ssp.c(1404): warning:  #188-D: enumerated type mixed with another type
..\DRIVERS\source\mmc_176x_ssp.c(1747): warning:  #188-D: enumerated type mixed with another type
..\DRIVERS\source\mmc_176x_ssp.c(1755): warning:  #188-D: enumerated type mixed with another type
..\DRIVERS\source\mmc_176x_ssp.c(1758): warning:  #188-D: enumerated type mixed with another type
..\DRIVERS\source\mmc_176x_ssp.c(1739): warning:  #550-D: variable "packetcounter" was set but never used
compiling Log.c...
compiling main.c...
main.c(452): warning:  #128-D: loop is not reachable from preceding code
compiling ff.c...
compiling ccsbcs.c...
compiling syscall.c...
compiling unicode.c...
linking...
Program Size: Code=77150 RO-data=62590 RW-data=1560 ZI-data=30804  
FromELF: creating hex file...
User command #1: fromelf --bin HEX\SKYSENSE-4G_MAHAVEDH.axf --output FIRMWARE.bin
".\HEX\SKYSENSE-4G_MAHAVEDH.axf" - 0 Error(s), 11 Warning(s).
Build target 'LPC17xx FLASH'
assembling startup_LPC17xx.s...
compiling system_LPC17xx.c...
compiling core_cm3.c...
compiling adc.c...
compiling convert.c...
compiling delay.c...
compiling extintr.c...
compiling gpio.c...
compiling gprs.c...
..\DRIVERS\source\gprs.c(161): warning:  #177-D: variable "pFullTime" was declared but never referenced
..\DRIVERS\source\gprs.c(1499): warning:  #940-D: missing return statement at end of non-void function "HTTP_Post"
..\DRIVERS\source\gprs.c(1843): warning:  #177-D: variable "returnStatus" was declared but never referenced
compiling lcd.c...
compiling lpc17xx_clkpwr.c...
compiling lpc17xx_wdt.c...
compiling rtc.c...
compiling spi.c...
compiling uart.c...
compiling WSWD.c...
compiling i2c0.c...
compiling ATRH.c...
compiling lpc17xx_libcfg_default.c...
compiling anomometer.c...
compiling systick.c...
compiling bod.c...
compiling mmc_176x_ssp.c...
..\DRIVERS\source\mmc_176x_ssp.c(846): warning:  #940-D: missing return statement at end of non-void function "create_file"
..\DRIVERS\source\mmc_176x_ssp.c(902): warning:  #940-D: missing return statement at end of non-void function "create_folder"
..\DRIVERS\source\mmc_176x_ssp.c(1404): warning:  #188-D: enumerated type mixed with another type
..\DRIVERS\source\mmc_176x_ssp.c(1747): warning:  #188-D: enumerated type mixed with another type
..\DRIVERS\source\mmc_176x_ssp.c(1755): warning:  #188-D: enumerated type mixed with another type
..\DRIVERS\source\mmc_176x_ssp.c(1758): warning:  #188-D: enumerated type mixed with another type
..\DRIVERS\source\mmc_176x_ssp.c(1739): warning:  #550-D: variable "packetcounter" was set but never used
compiling Log.c...
compiling main.c...
main.c(452): warning:  #128-D: loop is not reachable from preceding code
compiling ff.c...
compiling ccsbcs.c...
compiling syscall.c...
compiling unicode.c...
linking...
Program Size: Code=77150 RO-data=62590 RW-data=1560 ZI-data=30804  
FromELF: creating hex file...
User command #1: fromelf --bin HEX\SKYSENSE-4G_MAHAVEDH.axf --output FIRMWARE.bin
".\HEX\SKYSENSE-4G_MAHAVEDH.axf" - 0 Error(s), 11 Warning(s).
Build target 'LPC17xx FLASH'
assembling startup_LPC17xx.s...
compiling system_LPC17xx.c...
compiling core_cm3.c...
compiling adc.c...
compiling convert.c...
compiling delay.c...
compiling extintr.c...
compiling gpio.c...
compiling gprs.c...
..\DRIVERS\source\gprs.c(161): warning:  #177-D: variable "pFullTime" was declared but never referenced
..\DRIVERS\source\gprs.c(1499): warning:  #940-D: missing return statement at end of non-void function "HTTP_Post"
..\DRIVERS\source\gprs.c(1843): warning:  #177-D: variable "returnStatus" was declared but never referenced
compiling lcd.c...
compiling lpc17xx_clkpwr.c...
compiling lpc17xx_wdt.c...
compiling rtc.c...
compiling spi.c...
compiling uart.c...
compiling WSWD.c...
compiling i2c0.c...
compiling ATRH.c...
compiling lpc17xx_libcfg_default.c...
compiling anomometer.c...
compiling systick.c...
compiling bod.c...
compiling mmc_176x_ssp.c...
..\DRIVERS\source\mmc_176x_ssp.c(846): warning:  #940-D: missing return statement at end of non-void function "create_file"
..\DRIVERS\source\mmc_176x_ssp.c(902): warning:  #940-D: missing return statement at end of non-void function "create_folder"
..\DRIVERS\source\mmc_176x_ssp.c(1404): warning:  #188-D: enumerated type mixed with another type
..\DRIVERS\source\mmc_176x_ssp.c(1747): warning:  #188-D: enumerated type mixed with another type
..\DRIVERS\source\mmc_176x_ssp.c(1755): warning:  #188-D: enumerated type mixed with another type
..\DRIVERS\source\mmc_176x_ssp.c(1758): warning:  #188-D: enumerated type mixed with another type
..\DRIVERS\source\mmc_176x_ssp.c(1739): warning:  #550-D: variable "packetcounter" was set but never used
compiling Log.c...
compiling main.c...
main.c(452): warning:  #128-D: loop is not reachable from preceding code
compiling ff.c...
compiling ccsbcs.c...
compiling syscall.c...
compiling unicode.c...
linking...
Program Size: Code=77150 RO-data=62590 RW-data=1560 ZI-data=30804  
FromELF: creating hex file...
User command #1: fromelf --bin HEX\SKYSENSE-4G_MAHAVEDH.axf --output FIRMWARE.bin
".\HEX\SKYSENSE-4G_MAHAVEDH.axf" - 0 Error(s), 11 Warning(s).
Build target 'LPC17xx FLASH'
assembling startup_LPC17xx.s...
compiling system_LPC17xx.c...
compiling core_cm3.c...
compiling adc.c...
compiling convert.c...
compiling delay.c...
compiling extintr.c...
compiling gpio.c...
compiling gprs.c...
..\DRIVERS\source\gprs.c(161): warning:  #177-D: variable "pFullTime" was declared but never referenced
..\DRIVERS\source\gprs.c(1499): warning:  #940-D: missing return statement at end of non-void function "HTTP_Post"
..\DRIVERS\source\gprs.c(1843): warning:  #177-D: variable "returnStatus" was declared but never referenced
compiling lcd.c...
compiling lpc17xx_clkpwr.c...
compiling lpc17xx_wdt.c...
compiling rtc.c...
compiling spi.c...
compiling uart.c...
compiling WSWD.c...
compiling i2c0.c...
compiling ATRH.c...
compiling lpc17xx_libcfg_default.c...
compiling anomometer.c...
compiling systick.c...
compiling bod.c...
compiling mmc_176x_ssp.c...
..\DRIVERS\source\mmc_176x_ssp.c(846): warning:  #940-D: missing return statement at end of non-void function "create_file"
..\DRIVERS\source\mmc_176x_ssp.c(902): warning:  #940-D: missing return statement at end of non-void function "create_folder"
..\DRIVERS\source\mmc_176x_ssp.c(1404): warning:  #188-D: enumerated type mixed with another type
..\DRIVERS\source\mmc_176x_ssp.c(1747): warning:  #188-D: enumerated type mixed with another type
..\DRIVERS\source\mmc_176x_ssp.c(1755): warning:  #188-D: enumerated type mixed with another type
..\DRIVERS\source\mmc_176x_ssp.c(1758): warning:  #188-D: enumerated type mixed with another type
..\DRIVERS\source\mmc_176x_ssp.c(1739): warning:  #550-D: variable "packetcounter" was set but never used
compiling Log.c...
compiling main.c...
main.c(452): warning:  #128-D: loop is not reachable from preceding code
compiling ff.c...
compiling ccsbcs.c...
compiling syscall.c...
compiling unicode.c...
linking...
Program Size: Code=77150 RO-data=62590 RW-data=1560 ZI-data=30804  
FromELF: creating hex file...
User command #1: fromelf --bin HEX\SKYSENSE-4G_MAHAVEDH.axf --output FIRMWARE.bin
".\HEX\SKYSENSE-4G_MAHAVEDH.axf" - 0 Error(s), 11 Warning(s).
Build target 'LPC17xx FLASH'
assembling startup_LPC17xx.s...
compiling system_LPC17xx.c...
compiling core_cm3.c...
compiling adc.c...
compiling convert.c...
compiling delay.c...
compiling extintr.c...
compiling gpio.c...
compiling gprs.c...
..\DRIVERS\source\gprs.c(161): warning:  #177-D: variable "pFullTime" was declared but never referenced
..\DRIVERS\source\gprs.c(1499): warning:  #940-D: missing return statement at end of non-void function "HTTP_Post"
..\DRIVERS\source\gprs.c(1843): warning:  #177-D: variable "returnStatus" was declared but never referenced
compiling lcd.c...
compiling lpc17xx_clkpwr.c...
compiling lpc17xx_wdt.c...
compiling rtc.c...
compiling spi.c...
compiling uart.c...
compiling WSWD.c...
compiling i2c0.c...
compiling ATRH.c...
compiling lpc17xx_libcfg_default.c...
compiling anomometer.c...
compiling systick.c...
compiling bod.c...
compiling mmc_176x_ssp.c...
..\DRIVERS\source\mmc_176x_ssp.c(846): warning:  #940-D: missing return statement at end of non-void function "create_file"
..\DRIVERS\source\mmc_176x_ssp.c(902): warning:  #940-D: missing return statement at end of non-void function "create_folder"
..\DRIVERS\source\mmc_176x_ssp.c(1404): warning:  #188-D: enumerated type mixed with another type
..\DRIVERS\source\mmc_176x_ssp.c(1747): warning:  #188-D: enumerated type mixed with another type
..\DRIVERS\source\mmc_176x_ssp.c(1755): warning:  #188-D: enumerated type mixed with another type
..\DRIVERS\source\mmc_176x_ssp.c(1758): warning:  #188-D: enumerated type mixed with another type
..\DRIVERS\source\mmc_176x_ssp.c(1739): warning:  #550-D: variable "packetcounter" was set but never used
compiling Log.c...
compiling main.c...
main.c(452): warning:  #128-D: loop is not reachable from preceding code
compiling ff.c...
compiling ccsbcs.c...
compiling syscall.c...
compiling unicode.c...
linking...
Program Size: Code=77150 RO-data=62590 RW-data=1560 ZI-data=30804  
FromELF: creating hex file...
User command #1: fromelf --bin HEX\SKYSENSE-4G_MAHAVEDH.axf --output FIRMWARE.bin
".\HEX\SKYSENSE-4G_MAHAVEDH.axf" - 0 Error(s), 11 Warning(s).
Build target 'LPC17xx FLASH'
assembling startup_LPC17xx.s...
compiling system_LPC17xx.c...
compiling core_cm3.c...
compiling adc.c...
compiling convert.c...
compiling delay.c...
compiling extintr.c...
compiling gpio.c...
compiling gprs.c...
..\DRIVERS\source\gprs.c(161): warning:  #177-D: variable "pFullTime" was declared but never referenced
..\DRIVERS\source\gprs.c(1499): warning:  #940-D: missing return statement at end of non-void function "HTTP_Post"
..\DRIVERS\source\gprs.c(1843): warning:  #177-D: variable "returnStatus" was declared but never referenced
compiling lcd.c...
compiling lpc17xx_clkpwr.c...
compiling lpc17xx_wdt.c...
compiling rtc.c...
compiling spi.c...
compiling uart.c...
compiling WSWD.c...
compiling i2c0.c...
compiling ATRH.c...
compiling lpc17xx_libcfg_default.c...
compiling anomometer.c...
compiling systick.c...
compiling bod.c...
compiling mmc_176x_ssp.c...
..\DRIVERS\source\mmc_176x_ssp.c(846): warning:  #940-D: missing return statement at end of non-void function "create_file"
..\DRIVERS\source\mmc_176x_ssp.c(902): warning:  #940-D: missing return statement at end of non-void function "create_folder"
..\DRIVERS\source\mmc_176x_ssp.c(1404): warning:  #188-D: enumerated type mixed with another type
..\DRIVERS\source\mmc_176x_ssp.c(1747): warning:  #188-D: enumerated type mixed with another type
..\DRIVERS\source\mmc_176x_ssp.c(1755): warning:  #188-D: enumerated type mixed with another type
..\DRIVERS\source\mmc_176x_ssp.c(1758): warning:  #188-D: enumerated type mixed with another type
..\DRIVERS\source\mmc_176x_ssp.c(1739): warning:  #550-D: variable "packetcounter" was set but never used
compiling Log.c...
compiling main.c...
main.c(453): warning:  #128-D: loop is not reachable from preceding code
compiling ff.c...
compiling ccsbcs.c...
compiling syscall.c...
compiling unicode.c...
linking...
Program Size: Code=77158 RO-data=62590 RW-data=1560 ZI-data=30804  
FromELF: creating hex file...
User command #1: fromelf --bin HEX\SKYSENSE-4G_MAHAVEDH.axf --output FIRMWARE.bin
".\HEX\SKYSENSE-4G_MAHAVEDH.axf" - 0 Error(s), 11 Warning(s).
Build target 'LPC17xx FLASH'
assembling startup_LPC17xx.s...
compiling system_LPC17xx.c...
compiling core_cm3.c...
compiling adc.c...
compiling convert.c...
compiling delay.c...
compiling extintr.c...
compiling gpio.c...
compiling gprs.c...
..\DRIVERS\source\gprs.c(161): warning:  #177-D: variable "pFullTime" was declared but never referenced
..\DRIVERS\source\gprs.c(1499): warning:  #940-D: missing return statement at end of non-void function "HTTP_Post"
..\DRIVERS\source\gprs.c(1843): warning:  #177-D: variable "returnStatus" was declared but never referenced
compiling lcd.c...
compiling lpc17xx_clkpwr.c...
compiling lpc17xx_wdt.c...
compiling rtc.c...
compiling spi.c...
compiling uart.c...
compiling WSWD.c...
compiling i2c0.c...
compiling ATRH.c...
compiling lpc17xx_libcfg_default.c...
compiling anomometer.c...
compiling systick.c...
compiling bod.c...
compiling mmc_176x_ssp.c...
..\DRIVERS\source\mmc_176x_ssp.c(846): warning:  #940-D: missing return statement at end of non-void function "create_file"
..\DRIVERS\source\mmc_176x_ssp.c(902): warning:  #940-D: missing return statement at end of non-void function "create_folder"
..\DRIVERS\source\mmc_176x_ssp.c(1404): warning:  #188-D: enumerated type mixed with another type
..\DRIVERS\source\mmc_176x_ssp.c(1747): warning:  #188-D: enumerated type mixed with another type
..\DRIVERS\source\mmc_176x_ssp.c(1755): warning:  #188-D: enumerated type mixed with another type
..\DRIVERS\source\mmc_176x_ssp.c(1758): warning:  #188-D: enumerated type mixed with another type
..\DRIVERS\source\mmc_176x_ssp.c(1739): warning:  #550-D: variable "packetcounter" was set but never used
compiling Log.c...
compiling main.c...
main.c(453): warning:  #128-D: loop is not reachable from preceding code
compiling ff.c...
compiling ccsbcs.c...
compiling syscall.c...
compiling unicode.c...
linking...
Program Size: Code=77158 RO-data=62590 RW-data=1560 ZI-data=30804  
FromELF: creating hex file...
User command #1: fromelf --bin HEX\SKYSENSE-4G_MAHAVEDH.axf --output FIRMWARE.bin
".\HEX\SKYSENSE-4G_MAHAVEDH.axf" - 0 Error(s), 11 Warning(s).
Build target 'LPC17xx FLASH'
assembling startup_LPC17xx.s...
compiling system_LPC17xx.c...
compiling core_cm3.c...
compiling adc.c...
compiling convert.c...
compiling delay.c...
compiling extintr.c...
compiling gpio.c...
compiling gprs.c...
..\DRIVERS\source\gprs.c(161): warning:  #177-D: variable "pFullTime" was declared but never referenced
..\DRIVERS\source\gprs.c(1499): warning:  #940-D: missing return statement at end of non-void function "HTTP_Post"
..\DRIVERS\source\gprs.c(1843): warning:  #177-D: variable "returnStatus" was declared but never referenced
compiling lcd.c...
compiling lpc17xx_clkpwr.c...
compiling lpc17xx_wdt.c...
compiling rtc.c...
compiling spi.c...
compiling uart.c...
compiling WSWD.c...
compiling i2c0.c...
compiling ATRH.c...
compiling lpc17xx_libcfg_default.c...
compiling anomometer.c...
compiling systick.c...
compiling bod.c...
compiling mmc_176x_ssp.c...
..\DRIVERS\source\mmc_176x_ssp.c(846): warning:  #940-D: missing return statement at end of non-void function "create_file"
..\DRIVERS\source\mmc_176x_ssp.c(902): warning:  #940-D: missing return statement at end of non-void function "create_folder"
..\DRIVERS\source\mmc_176x_ssp.c(1404): warning:  #188-D: enumerated type mixed with another type
..\DRIVERS\source\mmc_176x_ssp.c(1747): warning:  #188-D: enumerated type mixed with another type
..\DRIVERS\source\mmc_176x_ssp.c(1755): warning:  #188-D: enumerated type mixed with another type
..\DRIVERS\source\mmc_176x_ssp.c(1758): warning:  #188-D: enumerated type mixed with another type
..\DRIVERS\source\mmc_176x_ssp.c(1739): warning:  #550-D: variable "packetcounter" was set but never used
compiling Log.c...
compiling main.c...
main.c(453): warning:  #128-D: loop is not reachable from preceding code
compiling ff.c...
compiling ccsbcs.c...
compiling syscall.c...
compiling unicode.c...
linking...
Program Size: Code=77158 RO-data=62590 RW-data=1560 ZI-data=30804  
FromELF: creating hex file...
User command #1: fromelf --bin HEX\SKYSENSE-4G_MAHAVEDH.axf --output FIRMWARE.bin
".\HEX\SKYSENSE-4G_MAHAVEDH.axf" - 0 Error(s), 11 Warning(s).
