<!doctype html public "-//w3c//dtd html 4.0 transitional//en">
<html><head>
<title>Static Call Graph - [.\HEX\SKYSENSE-4G_MAHAVEDH.axf]</title></head>
<body><HR>
<H1>Static Call Graph for image .\HEX\SKYSENSE-4G_MAHAVEDH.axf</H1><HR>
<BR><P>#&#060CALLGRAPH&#062# ARM Linker, RVCT4.0 [Build 524]: Last Updated: Fri Jan 13 12:57:58 2023
<BR><P>
<H3>Maximum Stack Usage =        264 bytes + Unknown(Functions without stacksize, Cycles, Untraceable Function Pointers)</H3><H3>
Call chain for Maximum Stack Depth:</H3>
__rt_entry_main &rArr; main &rArr; Initialize_ALL_Peripherals &rArr; UART_Init &rArr; UART_SetBaudRate &rArr; getFractionValues &rArr; getFRValues &rArr; __aeabi_dsub
<P>
<H3>
Functions with no stack information
</H3><UL>
 <LI><a href="#[248b694]">__user_initial_stackheap</a>
</UL>
</UL>
<P>
<H3>
Mutually Recursive functions
</H3> <LI><a href="#[248b568]">NMI_Handler</a>&nbsp;&nbsp;&nbsp;&rArr;&nbsp;&nbsp;&nbsp;<a href="#[248b568]">NMI_Handler</a><BR>
 <LI><a href="#[248b52c]">HardFault_Handler</a>&nbsp;&nbsp;&nbsp;&rArr;&nbsp;&nbsp;&nbsp;<a href="#[248b52c]">HardFault_Handler</a><BR>
 <LI><a href="#[248b4f0]">MemManage_Handler</a>&nbsp;&nbsp;&nbsp;&rArr;&nbsp;&nbsp;&nbsp;<a href="#[248b4f0]">MemManage_Handler</a><BR>
 <LI><a href="#[248b4b4]">BusFault_Handler</a>&nbsp;&nbsp;&nbsp;&rArr;&nbsp;&nbsp;&nbsp;<a href="#[248b4b4]">BusFault_Handler</a><BR>
 <LI><a href="#[248b478]">UsageFault_Handler</a>&nbsp;&nbsp;&nbsp;&rArr;&nbsp;&nbsp;&nbsp;<a href="#[248b478]">UsageFault_Handler</a><BR>
 <LI><a href="#[248b43c]">SVC_Handler</a>&nbsp;&nbsp;&nbsp;&rArr;&nbsp;&nbsp;&nbsp;<a href="#[248b43c]">SVC_Handler</a><BR>
 <LI><a href="#[248b400]">DebugMon_Handler</a>&nbsp;&nbsp;&nbsp;&rArr;&nbsp;&nbsp;&nbsp;<a href="#[248b400]">DebugMon_Handler</a><BR>
 <LI><a href="#[248b3c4]">PendSV_Handler</a>&nbsp;&nbsp;&nbsp;&rArr;&nbsp;&nbsp;&nbsp;<a href="#[248b3c4]">PendSV_Handler</a><BR>
 <LI><a href="#[248b34c]">ADC_IRQHandler</a>&nbsp;&nbsp;&nbsp;&rArr;&nbsp;&nbsp;&nbsp;<a href="#[248b34c]">ADC_IRQHandler</a><BR>
</UL>
<P>
<H3>
Function Pointers
</H3><UL>
 <LI><a href="#[248b5a4]">Reset_Handler</a>
 <LI><a href="#[248b568]">NMI_Handler</a>
 <LI><a href="#[248b52c]">HardFault_Handler</a>
 <LI><a href="#[248b4f0]">MemManage_Handler</a>
 <LI><a href="#[248b4b4]">BusFault_Handler</a>
 <LI><a href="#[248b478]">UsageFault_Handler</a>
 <LI><a href="#[248b43c]">SVC_Handler</a>
 <LI><a href="#[248b400]">DebugMon_Handler</a>
 <LI><a href="#[248b3c4]">PendSV_Handler</a>
 <LI><a href="#[247d468]">SysTick_Handler</a>
 <LI><a href="#[248ab54]">WDT_IRQHandler</a>
 <LI><a href="#[248adac]">TIMER0_IRQHandler</a>
 <LI><a href="#[248ad70]">TIMER1_IRQHandler</a>
 <LI><a href="#[248ad34]">TIMER2_IRQHandler</a>
 <LI><a href="#[248acf8]">TIMER3_IRQHandler</a>
 <LI><a href="#[2480834]">UART0_IRQHandler</a>
 <LI><a href="#[2480870]">UART1_IRQHandler</a>
 <LI><a href="#[248ac44]">UART2_IRQHandler</a>
 <LI><a href="#[24807f8]">UART3_IRQHandler</a>
 <LI><a href="#[248af50]">PWM1_IRQHandler</a>
 <LI><a href="#[248b0f4]">I2C0_IRQHandler</a>
 <LI><a href="#[248b0b8]">I2C1_IRQHandler</a>
 <LI><a href="#[248b07c]">I2C2_IRQHandler</a>
 <LI><a href="#[248ae60]">SPI_IRQHandler</a>
 <LI><a href="#[248ae24]">SSP0_IRQHandler</a>
 <LI><a href="#[248ade8]">SSP1_IRQHandler</a>
 <LI><a href="#[248afc8]">PLL0_IRQHandler</a>
 <LI><a href="#[2481d88]">RTC_IRQHandler</a>
 <LI><a href="#[2487b84]">EINT0_IRQHandler</a>
 <LI><a href="#[2487b48]">EINT1_IRQHandler</a>
 <LI><a href="#[2487b0c]">EINT2_IRQHandler</a>
 <LI><a href="#[2487ad0]">EINT3_IRQHandler</a>
 <LI><a href="#[248b34c]">ADC_IRQHandler</a>
 <LI><a href="#[252e838]">BOD_IRQHandler</a>
 <LI><a href="#[248ab90]">USB_IRQHandler</a>
 <LI><a href="#[248b298]">CAN_IRQHandler</a>
 <LI><a href="#[248b25c]">DMA_IRQHandler</a>
 <LI><a href="#[248b040]">I2S_IRQHandler</a>
 <LI><a href="#[248b130]">ENET_IRQHandler</a>
 <LI><a href="#[248aed8]">RIT_IRQHandler</a>
 <LI><a href="#[248b004]">MCPWM_IRQHandler</a>
 <LI><a href="#[248af14]">QEI_IRQHandler</a>
 <LI><a href="#[248af8c]">PLL1_IRQHandler</a>
 <LI><a href="#[248abcc]">USBActivity_IRQHandler</a>
 <LI><a href="#[248b2d4]">CANActivity_IRQHandler</a>
 <LI><a href="#[2527524]">__main</a>
 <LI><a href="#[2523528]">_sputc</a>
 <LI><a href="#[2523690]">_printf_input_char</a>
 <LI><a href="#[318170c]">_get_lc_ctype</a>
 <LI><a href="#[317e3b8]">__I$use$semihosting</a>
</UL>
<P>
<H3>
Global Symbols
</H3>
<P><STRONG><a name="[2527524]"></a>__main</STRONG> (Thumb, 8 bytes, Stack size 0 bytes, __main.o(!!!main))
<BR><BR>[Calls]<UL><LI><a href="#[2523e88]">&gt;&gt;</a>&nbsp;&nbsp;&nbsp;__rt_entry
<LI><a href="#[317bd0c]">&gt;&gt;</a>&nbsp;&nbsp;&nbsp;__scatterload
</UL>

<P><STRONG><a name="[317bd0c]"></a>__scatterload</STRONG> (Thumb, 0 bytes, Stack size unknown bytes, __scatter.o(!!!scatter))
<BR><BR>[Called By]<UL><LI><a href="#[2527524]">&gt;&gt;</a>&nbsp;&nbsp;&nbsp;__main
</UL>

<P><STRONG><a name="[317bcd0]"></a>__scatterload_rt2</STRONG> (Thumb, 44 bytes, Stack size unknown bytes, __scatter.o(!!!scatter), UNUSED)
<BR><BR>[Calls]<UL><LI><a href="#[2523e88]">&gt;&gt;</a>&nbsp;&nbsp;&nbsp;__rt_entry
</UL>

<P><STRONG><a name="[317bc94]"></a>__scatterload_rt2_thumb_only</STRONG> (Thumb, 0 bytes, Stack size unknown bytes, __scatter.o(!!!scatter), UNUSED)

<P><STRONG><a name="[317bc58]"></a>__scatterload_null</STRONG> (Thumb, 0 bytes, Stack size unknown bytes, __scatter.o(!!!scatter), UNUSED)

<P><STRONG><a name="[317be38]"></a>__decompress</STRONG> (Thumb, 100 bytes, Stack size unknown bytes, __dclz77c.o(!!dclz77c), UNUSED)

<P><STRONG><a name="[317bdfc]"></a>__decompress2</STRONG> (Thumb, 0 bytes, Stack size unknown bytes, __dclz77c.o(!!dclz77c), UNUSED)

<P><STRONG><a name="[317bab4]"></a>__scatterload_zeroinit</STRONG> (Thumb, 28 bytes, Stack size unknown bytes, __scatter_zi.o(!!handler_zi), UNUSED)

<P><STRONG><a name="[25287a8]"></a>_printf_d</STRONG> (Thumb, 0 bytes, Stack size unknown bytes, _printf_d.o(.ARM.Collect$$_printf_percent$$00000009))
<BR><BR>[Stack]<UL><LI>Max Depth = 72 + Unknown Stack Size
<LI>Call Chain = _printf_d &rArr; _printf_int_dec &rArr; _printf_int_common &rArr; _printf_post_padding
</UL>
<BR>[Calls]<UL><LI><a href="#[252939c]">&gt;&gt;</a>&nbsp;&nbsp;&nbsp;_printf_int_dec
</UL>

<P><STRONG><a name="[25286f4]"></a>_printf_percent</STRONG> (Thumb, 0 bytes, Stack size unknown bytes, _printf_percent.o(.ARM.Collect$$_printf_percent$$00000000))
<BR><BR>[Called By]<UL><LI><a href="#[2528c94]">&gt;&gt;</a>&nbsp;&nbsp;&nbsp;__printf
</UL>

<P><STRONG><a name="[2528988]"></a>_printf_c</STRONG> (Thumb, 0 bytes, Stack size unknown bytes, _printf_c.o(.ARM.Collect$$_printf_percent$$00000013))
<BR><BR>[Stack]<UL><LI>Max Depth = 40 + Unknown Stack Size
<LI>Call Chain = _printf_c &rArr; _printf_char &rArr; _printf_cs_common &rArr; _printf_str &rArr; _printf_post_padding
</UL>
<BR>[Calls]<UL><LI><a href="#[25233fc]">&gt;&gt;</a>&nbsp;&nbsp;&nbsp;_printf_char
</UL>

<P><STRONG><a name="[2528898]"></a>_printf_s</STRONG> (Thumb, 0 bytes, Stack size unknown bytes, _printf_s.o(.ARM.Collect$$_printf_percent$$00000014))
<BR><BR>[Stack]<UL><LI>Max Depth = 40 + Unknown Stack Size
<LI>Call Chain = _printf_s &rArr; _printf_string &rArr; _printf_cs_common &rArr; _printf_str &rArr; _printf_post_padding
</UL>
<BR>[Calls]<UL><LI><a href="#[25233c0]">&gt;&gt;</a>&nbsp;&nbsp;&nbsp;_printf_string
</UL>

<P><STRONG><a name="[25232d0]"></a>_printf_percent_end</STRONG> (Thumb, 0 bytes, Stack size unknown bytes, _printf_percent_end.o(.ARM.Collect$$_printf_percent$$00000017))

<P><STRONG><a name="[318116c]"></a>__rt_lib_init</STRONG> (Thumb, 0 bytes, Stack size unknown bytes, libinit.o(.ARM.Collect$$libinit$$00000000))
<BR><BR>[Called By]<UL><LI><a href="#[2520fe4]">&gt;&gt;</a>&nbsp;&nbsp;&nbsp;__rt_entry_li
</UL>

<P><STRONG><a name="[317ff9c]"></a>__rt_lib_init_heap_1</STRONG> (Thumb, 0 bytes, Stack size unknown bytes, libinit2.o(.ARM.Collect$$libinit$$00000006))

<P><STRONG><a name="[317fe70]"></a>__rt_lib_init_lc_common</STRONG> (Thumb, 0 bytes, Stack size unknown bytes, libinit2.o(.ARM.Collect$$libinit$$0000000B))
<BR><BR>[Calls]<UL><LI><a href="#[31819dc]">&gt;&gt;</a>&nbsp;&nbsp;&nbsp;__rt_locale
</UL>

<P><STRONG><a name="[317feac]"></a>__rt_lib_init_rand_1</STRONG> (Thumb, 0 bytes, Stack size unknown bytes, libinit2.o(.ARM.Collect$$libinit$$0000000A))

<P><STRONG><a name="[317ff24]"></a>__rt_lib_init_user_alloc_1</STRONG> (Thumb, 0 bytes, Stack size unknown bytes, libinit2.o(.ARM.Collect$$libinit$$00000008))

<P><STRONG><a name="[317fdf8]"></a>__rt_lib_init_lc_collate_1</STRONG> (Thumb, 0 bytes, Stack size unknown bytes, libinit2.o(.ARM.Collect$$libinit$$0000000D))

<P><STRONG><a name="[317fdbc]"></a>__rt_lib_init_lc_ctype_2</STRONG> (Thumb, 0 bytes, Stack size unknown bytes, libinit2.o(.ARM.Collect$$libinit$$0000000E))
<BR><BR>[Stack]<UL><LI>Max Depth = 8 + Unknown Stack Size
<LI>Call Chain = __rt_lib_init_lc_ctype_2 &rArr; _get_lc_ctype
</UL>
<BR>[Calls]<UL><LI><a href="#[318170c]">&gt;&gt;</a>&nbsp;&nbsp;&nbsp;_get_lc_ctype
</UL>

<P><STRONG><a name="[317f768]"></a>__rt_lib_init_alloca_1</STRONG> (Thumb, 0 bytes, Stack size unknown bytes, libinit2.o(.ARM.Collect$$libinit$$0000002A))

<P><STRONG><a name="[317f7e0]"></a>__rt_lib_init_argv_1</STRONG> (Thumb, 0 bytes, Stack size unknown bytes, libinit2.o(.ARM.Collect$$libinit$$00000028))

<P><STRONG><a name="[317fba0]"></a>__rt_lib_init_atexit_1</STRONG> (Thumb, 0 bytes, Stack size unknown bytes, libinit2.o(.ARM.Collect$$libinit$$00000017))

<P><STRONG><a name="[317fa38]"></a>__rt_lib_init_clock_1</STRONG> (Thumb, 0 bytes, Stack size unknown bytes, libinit2.o(.ARM.Collect$$libinit$$0000001D))

<P><STRONG><a name="[317f678]"></a>__rt_lib_init_cpp_1</STRONG> (Thumb, 0 bytes, Stack size unknown bytes, libinit2.o(.ARM.Collect$$libinit$$0000002E))

<P><STRONG><a name="[317f6f0]"></a>__rt_lib_init_exceptions_1</STRONG> (Thumb, 0 bytes, Stack size unknown bytes, libinit2.o(.ARM.Collect$$libinit$$0000002C))

<P><STRONG><a name="[317fab0]"></a>__rt_lib_init_fp_trap_1</STRONG> (Thumb, 0 bytes, Stack size unknown bytes, libinit2.o(.ARM.Collect$$libinit$$0000001B))

<P><STRONG><a name="[317f9c0]"></a>__rt_lib_init_getenv_1</STRONG> (Thumb, 0 bytes, Stack size unknown bytes, libinit2.o(.ARM.Collect$$libinit$$0000001F))

<P><STRONG><a name="[317fd80]"></a>__rt_lib_init_lc_ctype_1</STRONG> (Thumb, 0 bytes, Stack size unknown bytes, libinit2.o(.ARM.Collect$$libinit$$0000000F))

<P><STRONG><a name="[317fd08]"></a>__rt_lib_init_lc_monetary_1</STRONG> (Thumb, 0 bytes, Stack size unknown bytes, libinit2.o(.ARM.Collect$$libinit$$00000011))

<P><STRONG><a name="[317fc90]"></a>__rt_lib_init_lc_numeric_1</STRONG> (Thumb, 0 bytes, Stack size unknown bytes, libinit2.o(.ARM.Collect$$libinit$$00000013))

<P><STRONG><a name="[317fc18]"></a>__rt_lib_init_lc_time_1</STRONG> (Thumb, 0 bytes, Stack size unknown bytes, libinit2.o(.ARM.Collect$$libinit$$00000015))

<P><STRONG><a name="[317f63c]"></a>__rt_lib_init_return</STRONG> (Thumb, 0 bytes, Stack size unknown bytes, libinit2.o(.ARM.Collect$$libinit$$0000002F))

<P><STRONG><a name="[317fb28]"></a>__rt_lib_init_signal_1</STRONG> (Thumb, 0 bytes, Stack size unknown bytes, libinit2.o(.ARM.Collect$$libinit$$00000019))

<P><STRONG><a name="[317f948]"></a>__rt_lib_init_stdio_1</STRONG> (Thumb, 0 bytes, Stack size unknown bytes, libinit2.o(.ARM.Collect$$libinit$$00000021))

<P><STRONG><a name="[317e700]"></a>__rt_lib_shutdown</STRONG> (Thumb, 0 bytes, Stack size unknown bytes, libshutdown.o(.ARM.Collect$$libshutdown$$00000000))
<BR><BR>[Called By]<UL><LI><a href="#[317ef34]">&gt;&gt;</a>&nbsp;&nbsp;&nbsp;__rt_exit_ls
</UL>

<P><STRONG><a name="[317da94]"></a>__rt_lib_shutdown_fp_trap_1</STRONG> (Thumb, 0 bytes, Stack size unknown bytes, libshutdown2.o(.ARM.Collect$$libshutdown$$00000006))

<P><STRONG><a name="[317d8b4]"></a>__rt_lib_shutdown_heap_1</STRONG> (Thumb, 0 bytes, Stack size unknown bytes, libshutdown2.o(.ARM.Collect$$libshutdown$$0000000E))

<P><STRONG><a name="[317d878]"></a>__rt_lib_shutdown_return</STRONG> (Thumb, 0 bytes, Stack size unknown bytes, libshutdown2.o(.ARM.Collect$$libshutdown$$0000000F))

<P><STRONG><a name="[317d9e0]"></a>__rt_lib_shutdown_signal_1</STRONG> (Thumb, 0 bytes, Stack size unknown bytes, libshutdown2.o(.ARM.Collect$$libshutdown$$00000009))

<P><STRONG><a name="[317db48]"></a>__rt_lib_shutdown_stdio_1</STRONG> (Thumb, 0 bytes, Stack size unknown bytes, libshutdown2.o(.ARM.Collect$$libshutdown$$00000003))

<P><STRONG><a name="[317d968]"></a>__rt_lib_shutdown_user_alloc_1</STRONG> (Thumb, 0 bytes, Stack size unknown bytes, libshutdown2.o(.ARM.Collect$$libshutdown$$0000000B))

<P><STRONG><a name="[2523e88]"></a>__rt_entry</STRONG> (Thumb, 0 bytes, Stack size unknown bytes, rtentry.o(.ARM.Collect$$rtentry$$00000000))
<BR><BR>[Called By]<UL><LI><a href="#[2527524]">&gt;&gt;</a>&nbsp;&nbsp;&nbsp;__main
<LI><a href="#[317bcd0]">&gt;&gt;</a>&nbsp;&nbsp;&nbsp;__scatterload_rt2
</UL>

<P><STRONG><a name="[2521098]"></a>__rt_entry_presh_1</STRONG> (Thumb, 0 bytes, Stack size unknown bytes, rtentry2.o(.ARM.Collect$$rtentry$$00000002))

<P><STRONG><a name="[2520d14]"></a>__rt_entry_sh</STRONG> (Thumb, 0 bytes, Stack size unknown bytes, rtentry4.o(.ARM.Collect$$rtentry$$00000004))
<BR><BR>[Stack]<UL><LI>Max Depth = 8 + Unknown Stack Size
<LI>Call Chain = __rt_entry_sh &rArr; __user_setup_stackheap
</UL>
<BR>[Calls]<UL><LI><a href="#[252024c]">&gt;&gt;</a>&nbsp;&nbsp;&nbsp;__user_setup_stackheap
</UL>

<P><STRONG><a name="[2520fe4]"></a>__rt_entry_li</STRONG> (Thumb, 0 bytes, Stack size unknown bytes, rtentry2.o(.ARM.Collect$$rtentry$$0000000A))
<BR><BR>[Calls]<UL><LI><a href="#[318116c]">&gt;&gt;</a>&nbsp;&nbsp;&nbsp;__rt_lib_init
</UL>

<P><STRONG><a name="[2521020]"></a>__rt_entry_postsh_1</STRONG> (Thumb, 0 bytes, Stack size unknown bytes, rtentry2.o(.ARM.Collect$$rtentry$$00000009))

<P><STRONG><a name="[2520f30]"></a>__rt_entry_main</STRONG> (Thumb, 0 bytes, Stack size unknown bytes, rtentry2.o(.ARM.Collect$$rtentry$$0000000D))
<BR><BR>[Stack]<UL><LI>Max Depth = 264 + Unknown Stack Size
<LI>Call Chain = __rt_entry_main &rArr; main &rArr; Initialize_ALL_Peripherals &rArr; UART_Init &rArr; UART_SetBaudRate &rArr; getFractionValues &rArr; getFRValues &rArr; __aeabi_dsub
</UL>
<BR>[Calls]<UL><LI><a href="#[252ba0c]">&gt;&gt;</a>&nbsp;&nbsp;&nbsp;main
<LI><a href="#[3181568]">&gt;&gt;</a>&nbsp;&nbsp;&nbsp;exit
</UL>

<P><STRONG><a name="[2520f6c]"></a>__rt_entry_postli_1</STRONG> (Thumb, 0 bytes, Stack size unknown bytes, rtentry2.o(.ARM.Collect$$rtentry$$0000000C))

<P><STRONG><a name="[3180c08]"></a>__rt_exit</STRONG> (Thumb, 0 bytes, Stack size unknown bytes, rtexit.o(.ARM.Collect$$rtexit$$00000000))
<BR><BR>[Called By]<UL><LI><a href="#[3181568]">&gt;&gt;</a>&nbsp;&nbsp;&nbsp;exit
</UL>

<P><STRONG><a name="[317ef34]"></a>__rt_exit_ls</STRONG> (Thumb, 0 bytes, Stack size unknown bytes, rtexit2.o(.ARM.Collect$$rtexit$$00000003))
<BR><BR>[Calls]<UL><LI><a href="#[317e700]">&gt;&gt;</a>&nbsp;&nbsp;&nbsp;__rt_lib_shutdown
</UL>

<P><STRONG><a name="[317ef70]"></a>__rt_exit_prels_1</STRONG> (Thumb, 0 bytes, Stack size unknown bytes, rtexit2.o(.ARM.Collect$$rtexit$$00000002))

<P><STRONG><a name="[317eef8]"></a>__rt_exit_exit</STRONG> (Thumb, 0 bytes, Stack size unknown bytes, rtexit2.o(.ARM.Collect$$rtexit$$00000004))
<BR><BR>[Calls]<UL><LI><a href="#[317ebec]">&gt;&gt;</a>&nbsp;&nbsp;&nbsp;_sys_exit
</UL>

<P><STRONG><a name="[248b5a4]"></a>Reset_Handler</STRONG> (Thumb, 4 bytes, Stack size 0 bytes, startup_lpc17xx.o(.text))
<BR>[Address Reference Count : 1]<UL><LI> startup_lpc17xx.o(RESET)
</UL>
<P><STRONG><a name="[248b568]"></a>NMI_Handler</STRONG> (Thumb, 2 bytes, Stack size 0 bytes, startup_lpc17xx.o(.text))
<BR><BR>[Calls]<UL><LI><a href="#[248b568]">&gt;&gt;</a>&nbsp;&nbsp;&nbsp;NMI_Handler
</UL>
<BR>[Called By]<UL><LI><a href="#[248b568]">&gt;&gt;</a>&nbsp;&nbsp;&nbsp;NMI_Handler
</UL>
<BR>[Address Reference Count : 1]<UL><LI> startup_lpc17xx.o(RESET)
</UL>
<P><STRONG><a name="[248b52c]"></a>HardFault_Handler</STRONG> (Thumb, 2 bytes, Stack size 0 bytes, startup_lpc17xx.o(.text))
<BR><BR>[Calls]<UL><LI><a href="#[248b52c]">&gt;&gt;</a>&nbsp;&nbsp;&nbsp;HardFault_Handler
</UL>
<BR>[Called By]<UL><LI><a href="#[248b52c]">&gt;&gt;</a>&nbsp;&nbsp;&nbsp;HardFault_Handler
</UL>
<BR>[Address Reference Count : 1]<UL><LI> startup_lpc17xx.o(RESET)
</UL>
<P><STRONG><a name="[248b4f0]"></a>MemManage_Handler</STRONG> (Thumb, 2 bytes, Stack size 0 bytes, startup_lpc17xx.o(.text))
<BR><BR>[Calls]<UL><LI><a href="#[248b4f0]">&gt;&gt;</a>&nbsp;&nbsp;&nbsp;MemManage_Handler
</UL>
<BR>[Called By]<UL><LI><a href="#[248b4f0]">&gt;&gt;</a>&nbsp;&nbsp;&nbsp;MemManage_Handler
</UL>
<BR>[Address Reference Count : 1]<UL><LI> startup_lpc17xx.o(RESET)
</UL>
<P><STRONG><a name="[248b4b4]"></a>BusFault_Handler</STRONG> (Thumb, 2 bytes, Stack size 0 bytes, startup_lpc17xx.o(.text))
<BR><BR>[Calls]<UL><LI><a href="#[248b4b4]">&gt;&gt;</a>&nbsp;&nbsp;&nbsp;BusFault_Handler
</UL>
<BR>[Called By]<UL><LI><a href="#[248b4b4]">&gt;&gt;</a>&nbsp;&nbsp;&nbsp;BusFault_Handler
</UL>
<BR>[Address Reference Count : 1]<UL><LI> startup_lpc17xx.o(RESET)
</UL>
<P><STRONG><a name="[248b478]"></a>UsageFault_Handler</STRONG> (Thumb, 2 bytes, Stack size 0 bytes, startup_lpc17xx.o(.text))
<BR><BR>[Calls]<UL><LI><a href="#[248b478]">&gt;&gt;</a>&nbsp;&nbsp;&nbsp;UsageFault_Handler
</UL>
<BR>[Called By]<UL><LI><a href="#[248b478]">&gt;&gt;</a>&nbsp;&nbsp;&nbsp;UsageFault_Handler
</UL>
<BR>[Address Reference Count : 1]<UL><LI> startup_lpc17xx.o(RESET)
</UL>
<P><STRONG><a name="[248b43c]"></a>SVC_Handler</STRONG> (Thumb, 2 bytes, Stack size 0 bytes, startup_lpc17xx.o(.text))
<BR><BR>[Calls]<UL><LI><a href="#[248b43c]">&gt;&gt;</a>&nbsp;&nbsp;&nbsp;SVC_Handler
</UL>
<BR>[Called By]<UL><LI><a href="#[248b43c]">&gt;&gt;</a>&nbsp;&nbsp;&nbsp;SVC_Handler
</UL>
<BR>[Address Reference Count : 1]<UL><LI> startup_lpc17xx.o(RESET)
</UL>
<P><STRONG><a name="[248b400]"></a>DebugMon_Handler</STRONG> (Thumb, 2 bytes, Stack size 0 bytes, startup_lpc17xx.o(.text))
<BR><BR>[Calls]<UL><LI><a href="#[248b400]">&gt;&gt;</a>&nbsp;&nbsp;&nbsp;DebugMon_Handler
</UL>
<BR>[Called By]<UL><LI><a href="#[248b400]">&gt;&gt;</a>&nbsp;&nbsp;&nbsp;DebugMon_Handler
</UL>
<BR>[Address Reference Count : 1]<UL><LI> startup_lpc17xx.o(RESET)
</UL>
<P><STRONG><a name="[248b3c4]"></a>PendSV_Handler</STRONG> (Thumb, 2 bytes, Stack size 0 bytes, startup_lpc17xx.o(.text))
<BR><BR>[Calls]<UL><LI><a href="#[248b3c4]">&gt;&gt;</a>&nbsp;&nbsp;&nbsp;PendSV_Handler
</UL>
<BR>[Called By]<UL><LI><a href="#[248b3c4]">&gt;&gt;</a>&nbsp;&nbsp;&nbsp;PendSV_Handler
</UL>
<BR>[Address Reference Count : 1]<UL><LI> startup_lpc17xx.o(RESET)
</UL>
<P><STRONG><a name="[248b34c]"></a>ADC_IRQHandler</STRONG> (Thumb, 0 bytes, Stack size 0 bytes, startup_lpc17xx.o(.text))
<BR><BR>[Calls]<UL><LI><a href="#[248b34c]">&gt;&gt;</a>&nbsp;&nbsp;&nbsp;ADC_IRQHandler
</UL>
<BR>[Called By]<UL><LI><a href="#[248b34c]">&gt;&gt;</a>&nbsp;&nbsp;&nbsp;ADC_IRQHandler
</UL>
<BR>[Address Reference Count : 1]<UL><LI> startup_lpc17xx.o(RESET)
</UL>
<P><STRONG><a name="[248b2d4]"></a>CANActivity_IRQHandler</STRONG> (Thumb, 0 bytes, Stack size 0 bytes, startup_lpc17xx.o(.text))
<BR>[Address Reference Count : 1]<UL><LI> startup_lpc17xx.o(RESET)
</UL>
<P><STRONG><a name="[248b298]"></a>CAN_IRQHandler</STRONG> (Thumb, 0 bytes, Stack size 0 bytes, startup_lpc17xx.o(.text))
<BR>[Address Reference Count : 1]<UL><LI> startup_lpc17xx.o(RESET)
</UL>
<P><STRONG><a name="[248b25c]"></a>DMA_IRQHandler</STRONG> (Thumb, 0 bytes, Stack size 0 bytes, startup_lpc17xx.o(.text))
<BR>[Address Reference Count : 1]<UL><LI> startup_lpc17xx.o(RESET)
</UL>
<P><STRONG><a name="[248b130]"></a>ENET_IRQHandler</STRONG> (Thumb, 0 bytes, Stack size 0 bytes, startup_lpc17xx.o(.text))
<BR>[Address Reference Count : 1]<UL><LI> startup_lpc17xx.o(RESET)
</UL>
<P><STRONG><a name="[248b0f4]"></a>I2C0_IRQHandler</STRONG> (Thumb, 0 bytes, Stack size 0 bytes, startup_lpc17xx.o(.text))
<BR>[Address Reference Count : 1]<UL><LI> startup_lpc17xx.o(RESET)
</UL>
<P><STRONG><a name="[248b0b8]"></a>I2C1_IRQHandler</STRONG> (Thumb, 0 bytes, Stack size 0 bytes, startup_lpc17xx.o(.text))
<BR>[Address Reference Count : 1]<UL><LI> startup_lpc17xx.o(RESET)
</UL>
<P><STRONG><a name="[248b07c]"></a>I2C2_IRQHandler</STRONG> (Thumb, 0 bytes, Stack size 0 bytes, startup_lpc17xx.o(.text))
<BR>[Address Reference Count : 1]<UL><LI> startup_lpc17xx.o(RESET)
</UL>
<P><STRONG><a name="[248b040]"></a>I2S_IRQHandler</STRONG> (Thumb, 0 bytes, Stack size 0 bytes, startup_lpc17xx.o(.text))
<BR>[Address Reference Count : 1]<UL><LI> startup_lpc17xx.o(RESET)
</UL>
<P><STRONG><a name="[248b004]"></a>MCPWM_IRQHandler</STRONG> (Thumb, 0 bytes, Stack size 0 bytes, startup_lpc17xx.o(.text))
<BR>[Address Reference Count : 1]<UL><LI> startup_lpc17xx.o(RESET)
</UL>
<P><STRONG><a name="[248afc8]"></a>PLL0_IRQHandler</STRONG> (Thumb, 0 bytes, Stack size 0 bytes, startup_lpc17xx.o(.text))
<BR>[Address Reference Count : 1]<UL><LI> startup_lpc17xx.o(RESET)
</UL>
<P><STRONG><a name="[248af8c]"></a>PLL1_IRQHandler</STRONG> (Thumb, 0 bytes, Stack size 0 bytes, startup_lpc17xx.o(.text))
<BR>[Address Reference Count : 1]<UL><LI> startup_lpc17xx.o(RESET)
</UL>
<P><STRONG><a name="[248af50]"></a>PWM1_IRQHandler</STRONG> (Thumb, 0 bytes, Stack size 0 bytes, startup_lpc17xx.o(.text))
<BR>[Address Reference Count : 1]<UL><LI> startup_lpc17xx.o(RESET)
</UL>
<P><STRONG><a name="[248af14]"></a>QEI_IRQHandler</STRONG> (Thumb, 0 bytes, Stack size 0 bytes, startup_lpc17xx.o(.text))
<BR>[Address Reference Count : 1]<UL><LI> startup_lpc17xx.o(RESET)
</UL>
<P><STRONG><a name="[248aed8]"></a>RIT_IRQHandler</STRONG> (Thumb, 0 bytes, Stack size 0 bytes, startup_lpc17xx.o(.text))
<BR>[Address Reference Count : 1]<UL><LI> startup_lpc17xx.o(RESET)
</UL>
<P><STRONG><a name="[248ae60]"></a>SPI_IRQHandler</STRONG> (Thumb, 0 bytes, Stack size 0 bytes, startup_lpc17xx.o(.text))
<BR>[Address Reference Count : 1]<UL><LI> startup_lpc17xx.o(RESET)
</UL>
<P><STRONG><a name="[248ae24]"></a>SSP0_IRQHandler</STRONG> (Thumb, 0 bytes, Stack size 0 bytes, startup_lpc17xx.o(.text))
<BR>[Address Reference Count : 1]<UL><LI> startup_lpc17xx.o(RESET)
</UL>
<P><STRONG><a name="[248ade8]"></a>SSP1_IRQHandler</STRONG> (Thumb, 0 bytes, Stack size 0 bytes, startup_lpc17xx.o(.text))
<BR>[Address Reference Count : 1]<UL><LI> startup_lpc17xx.o(RESET)
</UL>
<P><STRONG><a name="[248adac]"></a>TIMER0_IRQHandler</STRONG> (Thumb, 0 bytes, Stack size 0 bytes, startup_lpc17xx.o(.text))
<BR>[Address Reference Count : 1]<UL><LI> startup_lpc17xx.o(RESET)
</UL>
<P><STRONG><a name="[248ad70]"></a>TIMER1_IRQHandler</STRONG> (Thumb, 0 bytes, Stack size 0 bytes, startup_lpc17xx.o(.text))
<BR>[Address Reference Count : 1]<UL><LI> startup_lpc17xx.o(RESET)
</UL>
<P><STRONG><a name="[248ad34]"></a>TIMER2_IRQHandler</STRONG> (Thumb, 0 bytes, Stack size 0 bytes, startup_lpc17xx.o(.text))
<BR>[Address Reference Count : 1]<UL><LI> startup_lpc17xx.o(RESET)
</UL>
<P><STRONG><a name="[248acf8]"></a>TIMER3_IRQHandler</STRONG> (Thumb, 0 bytes, Stack size 0 bytes, startup_lpc17xx.o(.text))
<BR>[Address Reference Count : 1]<UL><LI> startup_lpc17xx.o(RESET)
</UL>
<P><STRONG><a name="[248ac44]"></a>UART2_IRQHandler</STRONG> (Thumb, 0 bytes, Stack size 0 bytes, startup_lpc17xx.o(.text))
<BR>[Address Reference Count : 1]<UL><LI> startup_lpc17xx.o(RESET)
</UL>
<P><STRONG><a name="[248abcc]"></a>USBActivity_IRQHandler</STRONG> (Thumb, 0 bytes, Stack size 0 bytes, startup_lpc17xx.o(.text))
<BR>[Address Reference Count : 1]<UL><LI> startup_lpc17xx.o(RESET)
</UL>
<P><STRONG><a name="[248ab90]"></a>USB_IRQHandler</STRONG> (Thumb, 0 bytes, Stack size 0 bytes, startup_lpc17xx.o(.text))
<BR>[Address Reference Count : 1]<UL><LI> startup_lpc17xx.o(RESET)
</UL>
<P><STRONG><a name="[248ab54]"></a>WDT_IRQHandler</STRONG> (Thumb, 0 bytes, Stack size 0 bytes, startup_lpc17xx.o(.text))
<BR>[Address Reference Count : 1]<UL><LI> startup_lpc17xx.o(RESET)
</UL>
<P><STRONG><a name="[248b694]"></a>__user_initial_stackheap</STRONG> (Thumb, 0 bytes, Stack size unknown bytes, startup_lpc17xx.o(.text))
<BR><BR>[Called By]<UL><LI><a href="#[252024c]">&gt;&gt;</a>&nbsp;&nbsp;&nbsp;__user_setup_stackheap
</UL>

<P><STRONG><a name="[248a2a8]"></a>SystemCoreClockUpdate</STRONG> (Thumb, 306 bytes, Stack size 0 bytes, system_lpc17xx.o(.text), UNUSED)

<P><STRONG><a name="[248a26c]"></a>SystemInit</STRONG> (Thumb, 172 bytes, Stack size 0 bytes, system_lpc17xx.o(.text))
<BR><BR>[Called By]<UL><LI><a href="#[252ba0c]">&gt;&gt;</a>&nbsp;&nbsp;&nbsp;main
</UL>

<P><STRONG><a name="[2489060]"></a>ADC_Init</STRONG> (Thumb, 44 bytes, Stack size 8 bytes, adc.o(.text))
<BR><BR>[Stack]<UL><LI>Max Depth = 8<LI>Call Chain = ADC_Init
</UL>
<BR>[Calls]<UL><LI><a href="#[2489a74]">&gt;&gt;</a>&nbsp;&nbsp;&nbsp;adc_GetPclk
</UL>
<BR>[Called By]<UL><LI><a href="#[252ba48]">&gt;&gt;</a>&nbsp;&nbsp;&nbsp;Initialize_ALL_Peripherals
</UL>

<P><STRONG><a name="[2489024]"></a>ADC_GetAdcValue</STRONG> (Thumb, 88 bytes, Stack size 16 bytes, adc.o(.text), UNUSED)
<BR><BR>[Calls]<UL><LI><a href="#[2488f34]">&gt;&gt;</a>&nbsp;&nbsp;&nbsp;GPIO_PinFunction
<LI><a href="#[2488f70]">&gt;&gt;</a>&nbsp;&nbsp;&nbsp;DELAY_us
</UL>
<BR>[Called By]<UL><LI><a href="#[24849d4]">&gt;&gt;</a>&nbsp;&nbsp;&nbsp;LCD_ScrollDisplay
<LI><a href="#[2488fe8]">&gt;&gt;</a>&nbsp;&nbsp;&nbsp;Read_ADCchannels
</UL>

<P><STRONG><a name="[2488fe8]"></a>Read_ADCchannels</STRONG> (Thumb, 250 bytes, Stack size 32 bytes, adc.o(.text), UNUSED)
<BR><BR>[Calls]<UL><LI><a href="#[2488dcc]">&gt;&gt;</a>&nbsp;&nbsp;&nbsp;ftoa_signed
<LI><a href="#[2488fac]">&gt;&gt;</a>&nbsp;&nbsp;&nbsp;DELAY_ms
<LI><a href="#[2489024]">&gt;&gt;</a>&nbsp;&nbsp;&nbsp;ADC_GetAdcValue
<LI><a href="#[2525f1c]">&gt;&gt;</a>&nbsp;&nbsp;&nbsp;__aeabi_f2d
<LI><a href="#[25261b0]">&gt;&gt;</a>&nbsp;&nbsp;&nbsp;__aeabi_dmul
<LI><a href="#[25264bc]">&gt;&gt;</a>&nbsp;&nbsp;&nbsp;__aeabi_i2d
<LI><a href="#[2526ad4]">&gt;&gt;</a>&nbsp;&nbsp;&nbsp;__aeabi_ddiv
<LI><a href="#[2527290]">&gt;&gt;</a>&nbsp;&nbsp;&nbsp;__aeabi_d2f
</UL>
<BR>[Called By]<UL><LI><a href="#[2484a10]">&gt;&gt;</a>&nbsp;&nbsp;&nbsp;sampleTestlog
<LI><a href="#[252c204]">&gt;&gt;</a>&nbsp;&nbsp;&nbsp;PacketLog
<LI><a href="#[252c240]">&gt;&gt;</a>&nbsp;&nbsp;&nbsp;Slog
</UL>

<P><STRONG><a name="[248891c]"></a>reverse</STRONG> (Thumb, 26 bytes, Stack size 12 bytes, convert.o(.text), UNUSED)
<BR><BR>[Called By]<UL><LI><a href="#[24888e0]">&gt;&gt;</a>&nbsp;&nbsp;&nbsp;intToStr
</UL>

<P><STRONG><a name="[24888e0]"></a>intToStr</STRONG> (Thumb, 72 bytes, Stack size 20 bytes, convert.o(.text), UNUSED)
<BR><BR>[Calls]<UL><LI><a href="#[248891c]">&gt;&gt;</a>&nbsp;&nbsp;&nbsp;reverse
</UL>
<BR>[Called By]<UL><LI><a href="#[24888a4]">&gt;&gt;</a>&nbsp;&nbsp;&nbsp;ftoa
</UL>

<P><STRONG><a name="[24888a4]"></a>ftoa</STRONG> (Thumb, 154 bytes, Stack size 72 bytes, convert.o(.text), UNUSED)
<BR><BR>[Calls]<UL><LI><a href="#[24888e0]">&gt;&gt;</a>&nbsp;&nbsp;&nbsp;intToStr
<LI><a href="#[2524158]">&gt;&gt;</a>&nbsp;&nbsp;&nbsp;pow
<LI><a href="#[2524fa4]">&gt;&gt;</a>&nbsp;&nbsp;&nbsp;__aeabi_i2f
<LI><a href="#[2525454]">&gt;&gt;</a>&nbsp;&nbsp;&nbsp;__aeabi_f2iz
<LI><a href="#[2525b20]">&gt;&gt;</a>&nbsp;&nbsp;&nbsp;__aeabi_frsub
<LI><a href="#[2525f1c]">&gt;&gt;</a>&nbsp;&nbsp;&nbsp;__aeabi_f2d
<LI><a href="#[25261b0]">&gt;&gt;</a>&nbsp;&nbsp;&nbsp;__aeabi_dmul
<LI><a href="#[25264bc]">&gt;&gt;</a>&nbsp;&nbsp;&nbsp;__aeabi_i2d
<LI><a href="#[2526ed0]">&gt;&gt;</a>&nbsp;&nbsp;&nbsp;__aeabi_dadd
<LI><a href="#[2527290]">&gt;&gt;</a>&nbsp;&nbsp;&nbsp;__aeabi_d2f
</UL>
<BR>[Called By]<UL><LI><a href="#[2485550]">&gt;&gt;</a>&nbsp;&nbsp;&nbsp;calcRainFall
<LI><a href="#[248558c]">&gt;&gt;</a>&nbsp;&nbsp;&nbsp;_24hr_RainFall
</UL>

<P><STRONG><a name="[2488868]"></a>ascii_integer</STRONG> (Thumb, 50 bytes, Stack size 0 bytes, convert.o(.text), UNUSED)
<BR><BR>[Called By]<UL><LI><a href="#[2484a88]">&gt;&gt;</a>&nbsp;&nbsp;&nbsp;readSMS
<LI><a href="#[2484dd0]">&gt;&gt;</a>&nbsp;&nbsp;&nbsp;Update_RTC
<LI><a href="#[2487170]">&gt;&gt;</a>&nbsp;&nbsp;&nbsp;store_gps
<LI><a href="#[252ce34]">&gt;&gt;</a>&nbsp;&nbsp;&nbsp;sd_time_date
<LI><a href="#[252cf60]">&gt;&gt;</a>&nbsp;&nbsp;&nbsp;set_date_time
</UL>

<P><STRONG><a name="[248882c]"></a>stof</STRONG> (Thumb, 112 bytes, Stack size 32 bytes, convert.o(.text))
<BR><BR>[Stack]<UL><LI>Max Depth = 36<LI>Call Chain = stof &rArr; __aeabi_fdiv
</UL>
<BR>[Calls]<UL><LI><a href="#[2524c98]">&gt;&gt;</a>&nbsp;&nbsp;&nbsp;__aeabi_fmul
<LI><a href="#[2524fa4]">&gt;&gt;</a>&nbsp;&nbsp;&nbsp;__aeabi_i2f
<LI><a href="#[2525814]">&gt;&gt;</a>&nbsp;&nbsp;&nbsp;__aeabi_fdiv
<LI><a href="#[2525bd4]">&gt;&gt;</a>&nbsp;&nbsp;&nbsp;__aeabi_fadd
</UL>
<BR>[Called By]<UL><LI><a href="#[24844ac]">&gt;&gt;</a>&nbsp;&nbsp;&nbsp;Read_WindSensor
</UL>

<P><STRONG><a name="[2488dcc]"></a>ftoa_signed</STRONG> (Thumb, 470 bytes, Stack size 64 bytes, convert.o(.text), UNUSED)
<BR><BR>[Calls]<UL><LI><a href="#[2524c98]">&gt;&gt;</a>&nbsp;&nbsp;&nbsp;__aeabi_fmul
<LI><a href="#[2524dc4]">&gt;&gt;</a>&nbsp;&nbsp;&nbsp;__aeabi_cfcmple
<LI><a href="#[2524fa4]">&gt;&gt;</a>&nbsp;&nbsp;&nbsp;__aeabi_i2f
<LI><a href="#[2525454]">&gt;&gt;</a>&nbsp;&nbsp;&nbsp;__aeabi_f2iz
<LI><a href="#[2525634]">&gt;&gt;</a>&nbsp;&nbsp;&nbsp;__aeabi_cfcmpeq
<LI><a href="#[2525814]">&gt;&gt;</a>&nbsp;&nbsp;&nbsp;__aeabi_fdiv
<LI><a href="#[2525b20]">&gt;&gt;</a>&nbsp;&nbsp;&nbsp;__aeabi_frsub
</UL>
<BR>[Called By]<UL><LI><a href="#[247e5fc]">&gt;&gt;</a>&nbsp;&nbsp;&nbsp;Average_ATRHSamples
<LI><a href="#[247f5ec]">&gt;&gt;</a>&nbsp;&nbsp;&nbsp;Average_WindSamples
<LI><a href="#[247f628]">&gt;&gt;</a>&nbsp;&nbsp;&nbsp;average_windDirection
<LI><a href="#[2483e94]">&gt;&gt;</a>&nbsp;&nbsp;&nbsp;readATRH
<LI><a href="#[24849d4]">&gt;&gt;</a>&nbsp;&nbsp;&nbsp;LCD_ScrollDisplay
<LI><a href="#[2487170]">&gt;&gt;</a>&nbsp;&nbsp;&nbsp;store_gps
<LI><a href="#[2488fe8]">&gt;&gt;</a>&nbsp;&nbsp;&nbsp;Read_ADCchannels
</UL>

<P><STRONG><a name="[2488f70]"></a>DELAY_us</STRONG> (Thumb, 26 bytes, Stack size 0 bytes, delay.o(.text))
<BR><BR>[Called By]<UL><LI><a href="#[248378c]">&gt;&gt;</a>&nbsp;&nbsp;&nbsp;lcd_SendDataSignals
<LI><a href="#[24837c8]">&gt;&gt;</a>&nbsp;&nbsp;&nbsp;lcd_Reset
<LI><a href="#[2483804]">&gt;&gt;</a>&nbsp;&nbsp;&nbsp;lcd_BusyCheck
<LI><a href="#[24838b8]">&gt;&gt;</a>&nbsp;&nbsp;&nbsp;lcd_SendCmdSignals
<LI><a href="#[2488fac]">&gt;&gt;</a>&nbsp;&nbsp;&nbsp;DELAY_ms
<LI><a href="#[2489024]">&gt;&gt;</a>&nbsp;&nbsp;&nbsp;ADC_GetAdcValue
</UL>

<P><STRONG><a name="[2488fac]"></a>DELAY_ms</STRONG> (Thumb, 24 bytes, Stack size 12 bytes, delay.o(.text))
<BR><BR>[Stack]<UL><LI>Max Depth = 12<LI>Call Chain = DELAY_ms
</UL>
<BR>[Calls]<UL><LI><a href="#[2488f70]">&gt;&gt;</a>&nbsp;&nbsp;&nbsp;DELAY_us
</UL>
<BR>[Called By]<UL><LI><a href="#[247f628]">&gt;&gt;</a>&nbsp;&nbsp;&nbsp;average_windDirection
<LI><a href="#[247f6dc]">&gt;&gt;</a>&nbsp;&nbsp;&nbsp;CheckCommunication_WindSensor
<LI><a href="#[247f718]">&gt;&gt;</a>&nbsp;&nbsp;&nbsp;SetDefault_WindSensor
<LI><a href="#[247f754]">&gt;&gt;</a>&nbsp;&nbsp;&nbsp;Configure_WindSensor
<LI><a href="#[24832a0]">&gt;&gt;</a>&nbsp;&nbsp;&nbsp;LCD_ScrollMessage
<LI><a href="#[24833cc]">&gt;&gt;</a>&nbsp;&nbsp;&nbsp;LCD_Init
<LI><a href="#[24837c8]">&gt;&gt;</a>&nbsp;&nbsp;&nbsp;lcd_Reset
<LI><a href="#[2483804]">&gt;&gt;</a>&nbsp;&nbsp;&nbsp;lcd_BusyCheck
<LI><a href="#[2483de0]">&gt;&gt;</a>&nbsp;&nbsp;&nbsp;smsUpdateConfig
<LI><a href="#[2483e94]">&gt;&gt;</a>&nbsp;&nbsp;&nbsp;readATRH
<LI><a href="#[24844ac]">&gt;&gt;</a>&nbsp;&nbsp;&nbsp;Read_WindSensor
<LI><a href="#[2484920]">&gt;&gt;</a>&nbsp;&nbsp;&nbsp;GSM_Send_Msg
<LI><a href="#[248495c]">&gt;&gt;</a>&nbsp;&nbsp;&nbsp;GSM_Wait_for_Msg
<LI><a href="#[24849d4]">&gt;&gt;</a>&nbsp;&nbsp;&nbsp;LCD_ScrollDisplay
<LI><a href="#[2484a10]">&gt;&gt;</a>&nbsp;&nbsp;&nbsp;sampleTestlog
<LI><a href="#[2484a4c]">&gt;&gt;</a>&nbsp;&nbsp;&nbsp;SMS_READ_Setting
<LI><a href="#[2484a88]">&gt;&gt;</a>&nbsp;&nbsp;&nbsp;readSMS
<LI><a href="#[2484b00]">&gt;&gt;</a>&nbsp;&nbsp;&nbsp;GSM_Msg_Display
<LI><a href="#[2484c2c]">&gt;&gt;</a>&nbsp;&nbsp;&nbsp;PackOffLog
<LI><a href="#[2484ce0]">&gt;&gt;</a>&nbsp;&nbsp;&nbsp;HTTP_Post
<LI><a href="#[2484d1c]">&gt;&gt;</a>&nbsp;&nbsp;&nbsp;Query_GPRSRegistrationStatus
<LI><a href="#[2484e48]">&gt;&gt;</a>&nbsp;&nbsp;&nbsp;MODEM_SetPhoneFunctionality
<LI><a href="#[2484e84]">&gt;&gt;</a>&nbsp;&nbsp;&nbsp;Module_awakeup_mode
<LI><a href="#[2484ec0]">&gt;&gt;</a>&nbsp;&nbsp;&nbsp;ShutDownModule
<LI><a href="#[2484efc]">&gt;&gt;</a>&nbsp;&nbsp;&nbsp;RestartModule
<LI><a href="#[2484f38]">&gt;&gt;</a>&nbsp;&nbsp;&nbsp;Module_Initializing
<LI><a href="#[2484fb0]">&gt;&gt;</a>&nbsp;&nbsp;&nbsp;MODEM_CheckAttention
<LI><a href="#[2484fec]">&gt;&gt;</a>&nbsp;&nbsp;&nbsp;MODEMGetIMEI
<LI><a href="#[2485028]">&gt;&gt;</a>&nbsp;&nbsp;&nbsp;Query_Sim_Insert
<LI><a href="#[2485064]">&gt;&gt;</a>&nbsp;&nbsp;&nbsp;Wait_Till_SimModule_Communication
<LI><a href="#[24850a0]">&gt;&gt;</a>&nbsp;&nbsp;&nbsp;modemCheck_initialization
<LI><a href="#[24850dc]">&gt;&gt;</a>&nbsp;&nbsp;&nbsp;Query_NetworkRegistration
<LI><a href="#[2485118]">&gt;&gt;</a>&nbsp;&nbsp;&nbsp;MODEMGetSignalStrength
<LI><a href="#[2485154]">&gt;&gt;</a>&nbsp;&nbsp;&nbsp;MODEMGetAPN
<LI><a href="#[24851cc]">&gt;&gt;</a>&nbsp;&nbsp;&nbsp;GNSS_Connect
<LI><a href="#[2485208]">&gt;&gt;</a>&nbsp;&nbsp;&nbsp;ReadNavigation
<LI><a href="#[24852bc]">&gt;&gt;</a>&nbsp;&nbsp;&nbsp;Module_sleep_mode
<LI><a href="#[24852f8]">&gt;&gt;</a>&nbsp;&nbsp;&nbsp;Module_PowerOff
<LI><a href="#[2485370]">&gt;&gt;</a>&nbsp;&nbsp;&nbsp;WaitForStatus200_302
<LI><a href="#[24853ac]">&gt;&gt;</a>&nbsp;&nbsp;&nbsp;WaitForExpectedResponse
<LI><a href="#[2485460]">&gt;&gt;</a>&nbsp;&nbsp;&nbsp;Read_Response
<LI><a href="#[2488250]">&gt;&gt;</a>&nbsp;&nbsp;&nbsp;DELAY_sec
<LI><a href="#[2488fe8]">&gt;&gt;</a>&nbsp;&nbsp;&nbsp;Read_ADCchannels
<LI><a href="#[252ba0c]">&gt;&gt;</a>&nbsp;&nbsp;&nbsp;main
<LI><a href="#[252c1c8]">&gt;&gt;</a>&nbsp;&nbsp;&nbsp;SendingLog
<LI><a href="#[252c204]">&gt;&gt;</a>&nbsp;&nbsp;&nbsp;PacketLog
<LI><a href="#[252cccc]">&gt;&gt;</a>&nbsp;&nbsp;&nbsp;retrylog
</UL>

<P><STRONG><a name="[2488250]"></a>DELAY_sec</STRONG> (Thumb, 24 bytes, Stack size 12 bytes, delay.o(.text), UNUSED)
<BR><BR>[Calls]<UL><LI><a href="#[2488fac]">&gt;&gt;</a>&nbsp;&nbsp;&nbsp;DELAY_ms
</UL>

<P><STRONG><a name="[2487bfc]"></a>EINT_AttachInterrupt</STRONG> (Thumb, 230 bytes, Stack size 16 bytes, extintr.o(.text), UNUSED)
<BR><BR>[Calls]<UL><LI><a href="#[2488f34]">&gt;&gt;</a>&nbsp;&nbsp;&nbsp;GPIO_PinFunction
</UL>
<BR>[Called By]<UL><LI><a href="#[24849d4]">&gt;&gt;</a>&nbsp;&nbsp;&nbsp;LCD_ScrollDisplay
</UL>

<P><STRONG><a name="[2487bc0]"></a>EINT_DetachInterrupt</STRONG> (Thumb, 32 bytes, Stack size 8 bytes, extintr.o(.text))
<BR><BR>[Stack]<UL><LI>Max Depth = 20<LI>Call Chain = EINT_DetachInterrupt &rArr; GPIO_PinFunction
</UL>
<BR>[Calls]<UL><LI><a href="#[2488f34]">&gt;&gt;</a>&nbsp;&nbsp;&nbsp;GPIO_PinFunction
</UL>
<BR>[Called By]<UL><LI><a href="#[24849d4]">&gt;&gt;</a>&nbsp;&nbsp;&nbsp;LCD_ScrollDisplay
<LI><a href="#[252ba0c]">&gt;&gt;</a>&nbsp;&nbsp;&nbsp;main
</UL>

<P><STRONG><a name="[2487b84]"></a>EINT0_IRQHandler</STRONG> (Thumb, 32 bytes, Stack size 8 bytes, extintr.o(.text))
<BR><BR>[Stack]<UL><LI>Max Depth = 8<LI>Call Chain = EINT0_IRQHandler
</UL>
<BR>[Address Reference Count : 1]<UL><LI> startup_lpc17xx.o(RESET)
</UL>
<P><STRONG><a name="[2487b48]"></a>EINT1_IRQHandler</STRONG> (Thumb, 32 bytes, Stack size 8 bytes, extintr.o(.text))
<BR><BR>[Stack]<UL><LI>Max Depth = 8<LI>Call Chain = EINT1_IRQHandler
</UL>
<BR>[Address Reference Count : 1]<UL><LI> startup_lpc17xx.o(RESET)
</UL>
<P><STRONG><a name="[2487b0c]"></a>EINT2_IRQHandler</STRONG> (Thumb, 32 bytes, Stack size 8 bytes, extintr.o(.text))
<BR><BR>[Stack]<UL><LI>Max Depth = 8<LI>Call Chain = EINT2_IRQHandler
</UL>
<BR>[Address Reference Count : 1]<UL><LI> startup_lpc17xx.o(RESET)
</UL>
<P><STRONG><a name="[2487ad0]"></a>EINT3_IRQHandler</STRONG> (Thumb, 32 bytes, Stack size 8 bytes, extintr.o(.text))
<BR><BR>[Stack]<UL><LI>Max Depth = 8<LI>Call Chain = EINT3_IRQHandler
</UL>
<BR>[Address Reference Count : 1]<UL><LI> startup_lpc17xx.o(RESET)
</UL>
<P><STRONG><a name="[2488f34]"></a>GPIO_PinFunction</STRONG> (Thumb, 64 bytes, Stack size 12 bytes, gpio.o(.text))
<BR><BR>[Stack]<UL><LI>Max Depth = 12<LI>Call Chain = GPIO_PinFunction
</UL>
<BR>[Called By]<UL><LI><a href="#[24809d8]">&gt;&gt;</a>&nbsp;&nbsp;&nbsp;UART_Init
<LI><a href="#[24849d4]">&gt;&gt;</a>&nbsp;&nbsp;&nbsp;LCD_ScrollDisplay
<LI><a href="#[2487bc0]">&gt;&gt;</a>&nbsp;&nbsp;&nbsp;EINT_DetachInterrupt
<LI><a href="#[2487bfc]">&gt;&gt;</a>&nbsp;&nbsp;&nbsp;EINT_AttachInterrupt
<LI><a href="#[2489024]">&gt;&gt;</a>&nbsp;&nbsp;&nbsp;ADC_GetAdcValue
<LI><a href="#[252ba84]">&gt;&gt;</a>&nbsp;&nbsp;&nbsp;Configure_GPIO_Peripherals
</UL>

<P><STRONG><a name="[248774c]"></a>GPIO_PinDirection</STRONG> (Thumb, 44 bytes, Stack size 12 bytes, gpio.o(.text))
<BR><BR>[Stack]<UL><LI>Max Depth = 12<LI>Call Chain = GPIO_PinDirection
</UL>
<BR>[Called By]<UL><LI><a href="#[2483444]">&gt;&gt;</a>&nbsp;&nbsp;&nbsp;LCD_SetUp
<LI><a href="#[2483804]">&gt;&gt;</a>&nbsp;&nbsp;&nbsp;lcd_BusyCheck
<LI><a href="#[24849d4]">&gt;&gt;</a>&nbsp;&nbsp;&nbsp;LCD_ScrollDisplay
<LI><a href="#[252ba84]">&gt;&gt;</a>&nbsp;&nbsp;&nbsp;Configure_GPIO_Peripherals
</UL>

<P><STRONG><a name="[2487710]"></a>GPIO_PinWrite</STRONG> (Thumb, 44 bytes, Stack size 12 bytes, gpio.o(.text))
<BR><BR>[Stack]<UL><LI>Max Depth = 12<LI>Call Chain = GPIO_PinWrite
</UL>
<BR>[Called By]<UL><LI><a href="#[247f6dc]">&gt;&gt;</a>&nbsp;&nbsp;&nbsp;CheckCommunication_WindSensor
<LI><a href="#[247f718]">&gt;&gt;</a>&nbsp;&nbsp;&nbsp;SetDefault_WindSensor
<LI><a href="#[247f754]">&gt;&gt;</a>&nbsp;&nbsp;&nbsp;Configure_WindSensor
<LI><a href="#[248378c]">&gt;&gt;</a>&nbsp;&nbsp;&nbsp;lcd_SendDataSignals
<LI><a href="#[2483804]">&gt;&gt;</a>&nbsp;&nbsp;&nbsp;lcd_BusyCheck
<LI><a href="#[2483840]">&gt;&gt;</a>&nbsp;&nbsp;&nbsp;lcd_SendLowerNibble
<LI><a href="#[248387c]">&gt;&gt;</a>&nbsp;&nbsp;&nbsp;lcd_SendHigherNibble
<LI><a href="#[24838b8]">&gt;&gt;</a>&nbsp;&nbsp;&nbsp;lcd_SendCmdSignals
<LI><a href="#[24844ac]">&gt;&gt;</a>&nbsp;&nbsp;&nbsp;Read_WindSensor
<LI><a href="#[2484e84]">&gt;&gt;</a>&nbsp;&nbsp;&nbsp;Module_awakeup_mode
<LI><a href="#[2484ec0]">&gt;&gt;</a>&nbsp;&nbsp;&nbsp;ShutDownModule
<LI><a href="#[2484efc]">&gt;&gt;</a>&nbsp;&nbsp;&nbsp;RestartModule
<LI><a href="#[24852bc]">&gt;&gt;</a>&nbsp;&nbsp;&nbsp;Module_sleep_mode
</UL>

<P><STRONG><a name="[24876d4]"></a>GPIO_PinToggle</STRONG> (Thumb, 30 bytes, Stack size 8 bytes, gpio.o(.text), UNUSED)

<P><STRONG><a name="[2487698]"></a>GPIO_PinRead</STRONG> (Thumb, 42 bytes, Stack size 12 bytes, gpio.o(.text))
<BR><BR>[Stack]<UL><LI>Max Depth = 12<LI>Call Chain = GPIO_PinRead
</UL>
<BR>[Called By]<UL><LI><a href="#[2483804]">&gt;&gt;</a>&nbsp;&nbsp;&nbsp;lcd_BusyCheck
<LI><a href="#[24849d4]">&gt;&gt;</a>&nbsp;&nbsp;&nbsp;LCD_ScrollDisplay
</UL>

<P><STRONG><a name="[248765c]"></a>set_ResistorMode</STRONG> (Thumb, 58 bytes, Stack size 20 bytes, gpio.o(.text))
<BR><BR>[Stack]<UL><LI>Max Depth = 20<LI>Call Chain = set_ResistorMode
</UL>
<BR>[Called By]<UL><LI><a href="#[252ba84]">&gt;&gt;</a>&nbsp;&nbsp;&nbsp;Configure_GPIO_Peripherals
</UL>

<P><STRONG><a name="[2487620]"></a>set_OpenDrainMode</STRONG> (Thumb, 42 bytes, Stack size 12 bytes, gpio.o(.text))
<BR><BR>[Stack]<UL><LI>Max Depth = 12<LI>Call Chain = set_OpenDrainMode
</UL>
<BR>[Called By]<UL><LI><a href="#[252ba84]">&gt;&gt;</a>&nbsp;&nbsp;&nbsp;Configure_GPIO_Peripherals
</UL>

<P><STRONG><a name="[24855c8]"></a>myExtIntrIsr_3</STRONG> (Thumb, 22 bytes, Stack size 0 bytes, gprs.o(.text), UNUSED)

<P><STRONG><a name="[248558c]"></a>_24hr_RainFall</STRONG> (Thumb, 78 bytes, Stack size 16 bytes, gprs.o(.text), UNUSED)
<BR><BR>[Calls]<UL><LI><a href="#[24844e8]">&gt;&gt;</a>&nbsp;&nbsp;&nbsp;RTC_WriteGPREG
<LI><a href="#[2484560]">&gt;&gt;</a>&nbsp;&nbsp;&nbsp;RTC_ReadGPREG
<LI><a href="#[24888a4]">&gt;&gt;</a>&nbsp;&nbsp;&nbsp;ftoa
<LI><a href="#[2525f1c]">&gt;&gt;</a>&nbsp;&nbsp;&nbsp;__aeabi_f2d
<LI><a href="#[2526ed0]">&gt;&gt;</a>&nbsp;&nbsp;&nbsp;__aeabi_dadd
<LI><a href="#[2527290]">&gt;&gt;</a>&nbsp;&nbsp;&nbsp;__aeabi_d2f
</UL>
<BR>[Called By]<UL><LI><a href="#[2485550]">&gt;&gt;</a>&nbsp;&nbsp;&nbsp;calcRainFall
</UL>

<P><STRONG><a name="[2485550]"></a>calcRainFall</STRONG> (Thumb, 102 bytes, Stack size 24 bytes, gprs.o(.text), UNUSED)
<BR><BR>[Calls]<UL><LI><a href="#[248558c]">&gt;&gt;</a>&nbsp;&nbsp;&nbsp;_24hr_RainFall
<LI><a href="#[24888a4]">&gt;&gt;</a>&nbsp;&nbsp;&nbsp;ftoa
<LI><a href="#[25261b0]">&gt;&gt;</a>&nbsp;&nbsp;&nbsp;__aeabi_dmul
<LI><a href="#[2526408]">&gt;&gt;</a>&nbsp;&nbsp;&nbsp;__aeabi_ui2d
<LI><a href="#[2526ed0]">&gt;&gt;</a>&nbsp;&nbsp;&nbsp;__aeabi_dadd
<LI><a href="#[2527290]">&gt;&gt;</a>&nbsp;&nbsp;&nbsp;__aeabi_d2f
</UL>
<BR>[Called By]<UL><LI><a href="#[2484a10]">&gt;&gt;</a>&nbsp;&nbsp;&nbsp;sampleTestlog
<LI><a href="#[252c204]">&gt;&gt;</a>&nbsp;&nbsp;&nbsp;PacketLog
</UL>

<P><STRONG><a name="[2485514]"></a>Yearly_Rain</STRONG> (Thumb, 60 bytes, Stack size 16 bytes, gprs.o(.text), UNUSED)
<BR><BR>[Calls]<UL><LI><a href="#[24844e8]">&gt;&gt;</a>&nbsp;&nbsp;&nbsp;RTC_WriteGPREG
<LI><a href="#[2484560]">&gt;&gt;</a>&nbsp;&nbsp;&nbsp;RTC_ReadGPREG
<LI><a href="#[2525f1c]">&gt;&gt;</a>&nbsp;&nbsp;&nbsp;__aeabi_f2d
<LI><a href="#[2526ed0]">&gt;&gt;</a>&nbsp;&nbsp;&nbsp;__aeabi_dadd
<LI><a href="#[2527290]">&gt;&gt;</a>&nbsp;&nbsp;&nbsp;__aeabi_d2f
</UL>

<P><STRONG><a name="[24854d8]"></a>rtc_1call</STRONG> (Thumb, 52 bytes, Stack size 40 bytes, gprs.o(.text), UNUSED)
<BR><BR>[Calls]<UL><LI><a href="#[24844e8]">&gt;&gt;</a>&nbsp;&nbsp;&nbsp;RTC_WriteGPREG
<LI><a href="#[248459c]">&gt;&gt;</a>&nbsp;&nbsp;&nbsp;RTC_GetFullTime
<LI><a href="#[2527290]">&gt;&gt;</a>&nbsp;&nbsp;&nbsp;__aeabi_d2f
</UL>
<BR>[Called By]<UL><LI><a href="#[252c240]">&gt;&gt;</a>&nbsp;&nbsp;&nbsp;Slog
</UL>

<P><STRONG><a name="[248549c]"></a>rtc_2call</STRONG> (Thumb, 96 bytes, Stack size 40 bytes, gprs.o(.text))
<BR><BR>[Stack]<UL><LI>Max Depth = 40<LI>Call Chain = rtc_2call
</UL>
<BR>[Calls]<UL><LI><a href="#[24844e8]">&gt;&gt;</a>&nbsp;&nbsp;&nbsp;RTC_WriteGPREG
<LI><a href="#[2484560]">&gt;&gt;</a>&nbsp;&nbsp;&nbsp;RTC_ReadGPREG
<LI><a href="#[248459c]">&gt;&gt;</a>&nbsp;&nbsp;&nbsp;RTC_GetFullTime
<LI><a href="#[2525634]">&gt;&gt;</a>&nbsp;&nbsp;&nbsp;__aeabi_cfcmpeq
<LI><a href="#[2527290]">&gt;&gt;</a>&nbsp;&nbsp;&nbsp;__aeabi_d2f
</UL>
<BR>[Called By]<UL><LI><a href="#[252ba0c]">&gt;&gt;</a>&nbsp;&nbsp;&nbsp;main
</UL>

<P><STRONG><a name="[2485460]"></a>Read_Response</STRONG> (Thumb, 202 bytes, Stack size 24 bytes, gprs.o(.text))
<BR><BR>[Stack]<UL><LI>Max Depth = 40<LI>Call Chain = Read_Response &rArr; strncmp
</UL>
<BR>[Calls]<UL><LI><a href="#[2488fac]">&gt;&gt;</a>&nbsp;&nbsp;&nbsp;DELAY_ms
<LI><a href="#[2527c68]">&gt;&gt;</a>&nbsp;&nbsp;&nbsp;__aeabi_memmove
<LI><a href="#[2527efc]">&gt;&gt;</a>&nbsp;&nbsp;&nbsp;strlen
<LI><a href="#[2527fec]">&gt;&gt;</a>&nbsp;&nbsp;&nbsp;strncmp
</UL>
<BR>[Called By]<UL><LI><a href="#[2485424]">&gt;&gt;</a>&nbsp;&nbsp;&nbsp;Start_Read_Response
</UL>

<P><STRONG><a name="[2485424]"></a>Start_Read_Response</STRONG> (Thumb, 28 bytes, Stack size 8 bytes, gprs.o(.text))
<BR><BR>[Stack]<UL><LI>Max Depth = 48<LI>Call Chain = Start_Read_Response &rArr; Read_Response &rArr; strncmp
</UL>
<BR>[Calls]<UL><LI><a href="#[2485460]">&gt;&gt;</a>&nbsp;&nbsp;&nbsp;Read_Response
</UL>
<BR>[Called By]<UL><LI><a href="#[2485370]">&gt;&gt;</a>&nbsp;&nbsp;&nbsp;WaitForStatus200_302
<LI><a href="#[24853ac]">&gt;&gt;</a>&nbsp;&nbsp;&nbsp;WaitForExpectedResponse
</UL>

<P><STRONG><a name="[24853e8]"></a>Buffer_Flush</STRONG> (Thumb, 18 bytes, Stack size 8 bytes, gprs.o(.text))
<BR><BR>[Stack]<UL><LI>Max Depth = 8<LI>Call Chain = Buffer_Flush
</UL>
<BR>[Calls]<UL><LI><a href="#[2527ac4]">&gt;&gt;</a>&nbsp;&nbsp;&nbsp;__aeabi_memclr
</UL>
<BR>[Called By]<UL><LI><a href="#[2484ac4]">&gt;&gt;</a>&nbsp;&nbsp;&nbsp;GSM_Msg_Read
<LI><a href="#[2485370]">&gt;&gt;</a>&nbsp;&nbsp;&nbsp;WaitForStatus200_302
<LI><a href="#[24853ac]">&gt;&gt;</a>&nbsp;&nbsp;&nbsp;WaitForExpectedResponse
</UL>

<P><STRONG><a name="[24853ac]"></a>WaitForExpectedResponse</STRONG> (Thumb, 48 bytes, Stack size 16 bytes, gprs.o(.text))
<BR><BR>[Stack]<UL><LI>Max Depth = 64<LI>Call Chain = WaitForExpectedResponse &rArr; Start_Read_Response &rArr; Read_Response &rArr; strncmp
</UL>
<BR>[Calls]<UL><LI><a href="#[24853e8]">&gt;&gt;</a>&nbsp;&nbsp;&nbsp;Buffer_Flush
<LI><a href="#[2485424]">&gt;&gt;</a>&nbsp;&nbsp;&nbsp;Start_Read_Response
<LI><a href="#[2488fac]">&gt;&gt;</a>&nbsp;&nbsp;&nbsp;DELAY_ms
<LI><a href="#[25281cc]">&gt;&gt;</a>&nbsp;&nbsp;&nbsp;strstr
</UL>
<BR>[Called By]<UL><LI><a href="#[2484830]">&gt;&gt;</a>&nbsp;&nbsp;&nbsp;Get_SMSC_Number
<LI><a href="#[2484920]">&gt;&gt;</a>&nbsp;&nbsp;&nbsp;GSM_Send_Msg
<LI><a href="#[2484998]">&gt;&gt;</a>&nbsp;&nbsp;&nbsp;SMSDefaultSetting
<LI><a href="#[2484a4c]">&gt;&gt;</a>&nbsp;&nbsp;&nbsp;SMS_READ_Setting
<LI><a href="#[2484a88]">&gt;&gt;</a>&nbsp;&nbsp;&nbsp;readSMS
<LI><a href="#[2484ac4]">&gt;&gt;</a>&nbsp;&nbsp;&nbsp;GSM_Msg_Read
<LI><a href="#[2484b3c]">&gt;&gt;</a>&nbsp;&nbsp;&nbsp;GSM_Msg_Delete
<LI><a href="#[2484b78]">&gt;&gt;</a>&nbsp;&nbsp;&nbsp;GSM_Delete_All_Msg
<LI><a href="#[2484bf0]">&gt;&gt;</a>&nbsp;&nbsp;&nbsp;Check_QIState
<LI><a href="#[2484c68]">&gt;&gt;</a>&nbsp;&nbsp;&nbsp;Check_LocalIP
<LI><a href="#[2484ca4]">&gt;&gt;</a>&nbsp;&nbsp;&nbsp;HTTP_SetURL
<LI><a href="#[2484ce0]">&gt;&gt;</a>&nbsp;&nbsp;&nbsp;HTTP_Post
<LI><a href="#[2484d58]">&gt;&gt;</a>&nbsp;&nbsp;&nbsp;GNSS_PowerON
<LI><a href="#[2484d94]">&gt;&gt;</a>&nbsp;&nbsp;&nbsp;MODEM_GetNetworkTime
<LI><a href="#[2484e0c]">&gt;&gt;</a>&nbsp;&nbsp;&nbsp;Query_Set_CLTS
<LI><a href="#[2484e84]">&gt;&gt;</a>&nbsp;&nbsp;&nbsp;Module_awakeup_mode
<LI><a href="#[2484f74]">&gt;&gt;</a>&nbsp;&nbsp;&nbsp;modem_initialization
<LI><a href="#[2484fb0]">&gt;&gt;</a>&nbsp;&nbsp;&nbsp;MODEM_CheckAttention
<LI><a href="#[24850a0]">&gt;&gt;</a>&nbsp;&nbsp;&nbsp;modemCheck_initialization
<LI><a href="#[2485190]">&gt;&gt;</a>&nbsp;&nbsp;&nbsp;Module_deactivateBearerProfile
<LI><a href="#[24851cc]">&gt;&gt;</a>&nbsp;&nbsp;&nbsp;GNSS_Connect
<LI><a href="#[2485208]">&gt;&gt;</a>&nbsp;&nbsp;&nbsp;ReadNavigation
<LI><a href="#[2485244]">&gt;&gt;</a>&nbsp;&nbsp;&nbsp;GNSS_PowerOff
<LI><a href="#[2485280]">&gt;&gt;</a>&nbsp;&nbsp;&nbsp;Module_PDP_Activation
<LI><a href="#[24852bc]">&gt;&gt;</a>&nbsp;&nbsp;&nbsp;Module_sleep_mode
<LI><a href="#[24852f8]">&gt;&gt;</a>&nbsp;&nbsp;&nbsp;Module_PowerOff
<LI><a href="#[2485334]">&gt;&gt;</a>&nbsp;&nbsp;&nbsp;SendATandExpectResponse
</UL>

<P><STRONG><a name="[2485370]"></a>WaitForStatus200_302</STRONG> (Thumb, 60 bytes, Stack size 16 bytes, gprs.o(.text), UNUSED)
<BR><BR>[Calls]<UL><LI><a href="#[24853e8]">&gt;&gt;</a>&nbsp;&nbsp;&nbsp;Buffer_Flush
<LI><a href="#[2485424]">&gt;&gt;</a>&nbsp;&nbsp;&nbsp;Start_Read_Response
<LI><a href="#[2488fac]">&gt;&gt;</a>&nbsp;&nbsp;&nbsp;DELAY_ms
<LI><a href="#[25281cc]">&gt;&gt;</a>&nbsp;&nbsp;&nbsp;strstr
</UL>
<BR>[Called By]<UL><LI><a href="#[2484ce0]">&gt;&gt;</a>&nbsp;&nbsp;&nbsp;HTTP_Post
</UL>

<P><STRONG><a name="[2485334]"></a>SendATandExpectResponse</STRONG> (Thumb, 34 bytes, Stack size 16 bytes, gprs.o(.text), UNUSED)
<BR><BR>[Calls]<UL><LI><a href="#[2484308]">&gt;&gt;</a>&nbsp;&nbsp;&nbsp;UART_TxString
<LI><a href="#[2484344]">&gt;&gt;</a>&nbsp;&nbsp;&nbsp;UART_TxChar
<LI><a href="#[24853ac]">&gt;&gt;</a>&nbsp;&nbsp;&nbsp;WaitForExpectedResponse
</UL>
<BR>[Called By]<UL><LI><a href="#[2484ca4]">&gt;&gt;</a>&nbsp;&nbsp;&nbsp;HTTP_SetURL
<LI><a href="#[2484ce0]">&gt;&gt;</a>&nbsp;&nbsp;&nbsp;HTTP_Post
<LI><a href="#[2484d1c]">&gt;&gt;</a>&nbsp;&nbsp;&nbsp;Query_GPRSRegistrationStatus
<LI><a href="#[2484e48]">&gt;&gt;</a>&nbsp;&nbsp;&nbsp;MODEM_SetPhoneFunctionality
<LI><a href="#[2484fb0]">&gt;&gt;</a>&nbsp;&nbsp;&nbsp;MODEM_CheckAttention
<LI><a href="#[2484fec]">&gt;&gt;</a>&nbsp;&nbsp;&nbsp;MODEMGetIMEI
<LI><a href="#[2485028]">&gt;&gt;</a>&nbsp;&nbsp;&nbsp;Query_Sim_Insert
<LI><a href="#[2485064]">&gt;&gt;</a>&nbsp;&nbsp;&nbsp;Wait_Till_SimModule_Communication
<LI><a href="#[24850dc]">&gt;&gt;</a>&nbsp;&nbsp;&nbsp;Query_NetworkRegistration
<LI><a href="#[2485118]">&gt;&gt;</a>&nbsp;&nbsp;&nbsp;MODEMGetSignalStrength
<LI><a href="#[2485154]">&gt;&gt;</a>&nbsp;&nbsp;&nbsp;MODEMGetAPN
<LI><a href="#[24851cc]">&gt;&gt;</a>&nbsp;&nbsp;&nbsp;GNSS_Connect
</UL>

<P><STRONG><a name="[24852f8]"></a>Module_PowerOff</STRONG> (Thumb, 28 bytes, Stack size 8 bytes, gprs.o(.text), UNUSED)
<BR><BR>[Calls]<UL><LI><a href="#[2484308]">&gt;&gt;</a>&nbsp;&nbsp;&nbsp;UART_TxString
<LI><a href="#[24853ac]">&gt;&gt;</a>&nbsp;&nbsp;&nbsp;WaitForExpectedResponse
<LI><a href="#[2488fac]">&gt;&gt;</a>&nbsp;&nbsp;&nbsp;DELAY_ms
</UL>
<BR>[Called By]<UL><LI><a href="#[2484ec0]">&gt;&gt;</a>&nbsp;&nbsp;&nbsp;ShutDownModule
</UL>

<P><STRONG><a name="[24852bc]"></a>Module_sleep_mode</STRONG> (Thumb, 40 bytes, Stack size 8 bytes, gprs.o(.text))
<BR><BR>[Stack]<UL><LI>Max Depth = 72<LI>Call Chain = Module_sleep_mode &rArr; WaitForExpectedResponse &rArr; Start_Read_Response &rArr; Read_Response &rArr; strncmp
</UL>
<BR>[Calls]<UL><LI><a href="#[2484308]">&gt;&gt;</a>&nbsp;&nbsp;&nbsp;UART_TxString
<LI><a href="#[24853ac]">&gt;&gt;</a>&nbsp;&nbsp;&nbsp;WaitForExpectedResponse
<LI><a href="#[2487710]">&gt;&gt;</a>&nbsp;&nbsp;&nbsp;GPIO_PinWrite
<LI><a href="#[2488fac]">&gt;&gt;</a>&nbsp;&nbsp;&nbsp;DELAY_ms
</UL>
<BR>[Called By]<UL><LI><a href="#[2484a10]">&gt;&gt;</a>&nbsp;&nbsp;&nbsp;sampleTestlog
<LI><a href="#[252ba0c]">&gt;&gt;</a>&nbsp;&nbsp;&nbsp;main
<LI><a href="#[252c1c8]">&gt;&gt;</a>&nbsp;&nbsp;&nbsp;SendingLog
<LI><a href="#[252c204]">&gt;&gt;</a>&nbsp;&nbsp;&nbsp;PacketLog
</UL>

<P><STRONG><a name="[2485280]"></a>Module_PDP_Activation</STRONG> (Thumb, 24 bytes, Stack size 8 bytes, gprs.o(.text), UNUSED)
<BR><BR>[Calls]<UL><LI><a href="#[24842cc]">&gt;&gt;</a>&nbsp;&nbsp;&nbsp;WDT_Feed
<LI><a href="#[2484308]">&gt;&gt;</a>&nbsp;&nbsp;&nbsp;UART_TxString
<LI><a href="#[24853ac]">&gt;&gt;</a>&nbsp;&nbsp;&nbsp;WaitForExpectedResponse
</UL>
<BR>[Called By]<UL><LI><a href="#[2484f38]">&gt;&gt;</a>&nbsp;&nbsp;&nbsp;Module_Initializing
</UL>

<P><STRONG><a name="[2485244]"></a>GNSS_PowerOff</STRONG> (Thumb, 22 bytes, Stack size 8 bytes, gprs.o(.text), UNUSED)
<BR><BR>[Calls]<UL><LI><a href="#[2484308]">&gt;&gt;</a>&nbsp;&nbsp;&nbsp;UART_TxString
<LI><a href="#[24853ac]">&gt;&gt;</a>&nbsp;&nbsp;&nbsp;WaitForExpectedResponse
</UL>
<BR>[Called By]<UL><LI><a href="#[2484f38]">&gt;&gt;</a>&nbsp;&nbsp;&nbsp;Module_Initializing
</UL>

<P><STRONG><a name="[2485208]"></a>ReadNavigation</STRONG> (Thumb, 142 bytes, Stack size 8 bytes, gprs.o(.text), UNUSED)
<BR><BR>[Calls]<UL><LI><a href="#[24842cc]">&gt;&gt;</a>&nbsp;&nbsp;&nbsp;WDT_Feed
<LI><a href="#[2484308]">&gt;&gt;</a>&nbsp;&nbsp;&nbsp;UART_TxString
<LI><a href="#[248468c]">&gt;&gt;</a>&nbsp;&nbsp;&nbsp;LCD_Printf
<LI><a href="#[24846c8]">&gt;&gt;</a>&nbsp;&nbsp;&nbsp;LCD_GoToLine
<LI><a href="#[2484704]">&gt;&gt;</a>&nbsp;&nbsp;&nbsp;LCD_Clear
<LI><a href="#[24853ac]">&gt;&gt;</a>&nbsp;&nbsp;&nbsp;WaitForExpectedResponse
<LI><a href="#[2487170]">&gt;&gt;</a>&nbsp;&nbsp;&nbsp;store_gps
<LI><a href="#[2488fac]">&gt;&gt;</a>&nbsp;&nbsp;&nbsp;DELAY_ms
<LI><a href="#[25280dc]">&gt;&gt;</a>&nbsp;&nbsp;&nbsp;strcpy
</UL>
<BR>[Called By]<UL><LI><a href="#[2484f38]">&gt;&gt;</a>&nbsp;&nbsp;&nbsp;Module_Initializing
</UL>

<P><STRONG><a name="[24851cc]"></a>GNSS_Connect</STRONG> (Thumb, 90 bytes, Stack size 16 bytes, gprs.o(.text), UNUSED)
<BR><BR>[Calls]<UL><LI><a href="#[24842cc]">&gt;&gt;</a>&nbsp;&nbsp;&nbsp;WDT_Feed
<LI><a href="#[2484308]">&gt;&gt;</a>&nbsp;&nbsp;&nbsp;UART_TxString
<LI><a href="#[2485334]">&gt;&gt;</a>&nbsp;&nbsp;&nbsp;SendATandExpectResponse
<LI><a href="#[24853ac]">&gt;&gt;</a>&nbsp;&nbsp;&nbsp;WaitForExpectedResponse
<LI><a href="#[2488fac]">&gt;&gt;</a>&nbsp;&nbsp;&nbsp;DELAY_ms
</UL>
<BR>[Called By]<UL><LI><a href="#[2484f38]">&gt;&gt;</a>&nbsp;&nbsp;&nbsp;Module_Initializing
<LI><a href="#[2484f74]">&gt;&gt;</a>&nbsp;&nbsp;&nbsp;modem_initialization
</UL>

<P><STRONG><a name="[2485190]"></a>Module_deactivateBearerProfile</STRONG> (Thumb, 28 bytes, Stack size 8 bytes, gprs.o(.text), UNUSED)
<BR><BR>[Calls]<UL><LI><a href="#[24842cc]">&gt;&gt;</a>&nbsp;&nbsp;&nbsp;WDT_Feed
<LI><a href="#[2484308]">&gt;&gt;</a>&nbsp;&nbsp;&nbsp;UART_TxString
<LI><a href="#[24853ac]">&gt;&gt;</a>&nbsp;&nbsp;&nbsp;WaitForExpectedResponse
</UL>
<BR>[Called By]<UL><LI><a href="#[2484a10]">&gt;&gt;</a>&nbsp;&nbsp;&nbsp;sampleTestlog
<LI><a href="#[2484f38]">&gt;&gt;</a>&nbsp;&nbsp;&nbsp;Module_Initializing
<LI><a href="#[252c1c8]">&gt;&gt;</a>&nbsp;&nbsp;&nbsp;SendingLog
<LI><a href="#[252c204]">&gt;&gt;</a>&nbsp;&nbsp;&nbsp;PacketLog
</UL>

<P><STRONG><a name="[2485154]"></a>MODEMGetAPN</STRONG> (Thumb, 876 bytes, Stack size 8 bytes, gprs.o(.text), UNUSED)
<BR><BR>[Calls]<UL><LI><a href="#[248468c]">&gt;&gt;</a>&nbsp;&nbsp;&nbsp;LCD_Printf
<LI><a href="#[2484704]">&gt;&gt;</a>&nbsp;&nbsp;&nbsp;LCD_Clear
<LI><a href="#[2485334]">&gt;&gt;</a>&nbsp;&nbsp;&nbsp;SendATandExpectResponse
<LI><a href="#[2488fac]">&gt;&gt;</a>&nbsp;&nbsp;&nbsp;DELAY_ms
<LI><a href="#[25281cc]">&gt;&gt;</a>&nbsp;&nbsp;&nbsp;strstr
</UL>
<BR>[Called By]<UL><LI><a href="#[24850a0]">&gt;&gt;</a>&nbsp;&nbsp;&nbsp;modemCheck_initialization
</UL>

<P><STRONG><a name="[2485118]"></a>MODEMGetSignalStrength</STRONG> (Thumb, 778 bytes, Stack size 32 bytes, gprs.o(.text), UNUSED)
<BR><BR>[Calls]<UL><LI><a href="#[24845d8]">&gt;&gt;</a>&nbsp;&nbsp;&nbsp;RTC_GetDateTime
<LI><a href="#[248468c]">&gt;&gt;</a>&nbsp;&nbsp;&nbsp;LCD_Printf
<LI><a href="#[24846c8]">&gt;&gt;</a>&nbsp;&nbsp;&nbsp;LCD_GoToLine
<LI><a href="#[2484704]">&gt;&gt;</a>&nbsp;&nbsp;&nbsp;LCD_Clear
<LI><a href="#[24847f4]">&gt;&gt;</a>&nbsp;&nbsp;&nbsp;Createlog
<LI><a href="#[2485334]">&gt;&gt;</a>&nbsp;&nbsp;&nbsp;SendATandExpectResponse
<LI><a href="#[2488fac]">&gt;&gt;</a>&nbsp;&nbsp;&nbsp;DELAY_ms
<LI><a href="#[2527ac4]">&gt;&gt;</a>&nbsp;&nbsp;&nbsp;__aeabi_memclr
<LI><a href="#[2527efc]">&gt;&gt;</a>&nbsp;&nbsp;&nbsp;strlen
<LI><a href="#[25280dc]">&gt;&gt;</a>&nbsp;&nbsp;&nbsp;strcpy
<LI><a href="#[25283e8]">&gt;&gt;</a>&nbsp;&nbsp;&nbsp;strtok
<LI><a href="#[2529978]">&gt;&gt;</a>&nbsp;&nbsp;&nbsp;__2sprintf
</UL>
<BR>[Called By]<UL><LI><a href="#[24850a0]">&gt;&gt;</a>&nbsp;&nbsp;&nbsp;modemCheck_initialization
<LI><a href="#[252c1c8]">&gt;&gt;</a>&nbsp;&nbsp;&nbsp;SendingLog
<LI><a href="#[252c204]">&gt;&gt;</a>&nbsp;&nbsp;&nbsp;PacketLog
</UL>

<P><STRONG><a name="[24850dc]"></a>Query_NetworkRegistration</STRONG> (Thumb, 130 bytes, Stack size 8 bytes, gprs.o(.text), UNUSED)
<BR><BR>[Calls]<UL><LI><a href="#[24842cc]">&gt;&gt;</a>&nbsp;&nbsp;&nbsp;WDT_Feed
<LI><a href="#[248468c]">&gt;&gt;</a>&nbsp;&nbsp;&nbsp;LCD_Printf
<LI><a href="#[24846c8]">&gt;&gt;</a>&nbsp;&nbsp;&nbsp;LCD_GoToLine
<LI><a href="#[2484704]">&gt;&gt;</a>&nbsp;&nbsp;&nbsp;LCD_Clear
<LI><a href="#[2485334]">&gt;&gt;</a>&nbsp;&nbsp;&nbsp;SendATandExpectResponse
<LI><a href="#[2488fac]">&gt;&gt;</a>&nbsp;&nbsp;&nbsp;DELAY_ms
</UL>
<BR>[Called By]<UL><LI><a href="#[24850a0]">&gt;&gt;</a>&nbsp;&nbsp;&nbsp;modemCheck_initialization
</UL>

<P><STRONG><a name="[24850a0]"></a>modemCheck_initialization</STRONG> (Thumb, 638 bytes, Stack size 32 bytes, gprs.o(.text), UNUSED)
<BR><BR>[Calls]<UL><LI><a href="#[24842cc]">&gt;&gt;</a>&nbsp;&nbsp;&nbsp;WDT_Feed
<LI><a href="#[2484308]">&gt;&gt;</a>&nbsp;&nbsp;&nbsp;UART_TxString
<LI><a href="#[24845d8]">&gt;&gt;</a>&nbsp;&nbsp;&nbsp;RTC_GetDateTime
<LI><a href="#[248468c]">&gt;&gt;</a>&nbsp;&nbsp;&nbsp;LCD_Printf
<LI><a href="#[24846c8]">&gt;&gt;</a>&nbsp;&nbsp;&nbsp;LCD_GoToLine
<LI><a href="#[2484704]">&gt;&gt;</a>&nbsp;&nbsp;&nbsp;LCD_Clear
<LI><a href="#[24847f4]">&gt;&gt;</a>&nbsp;&nbsp;&nbsp;Createlog
<LI><a href="#[24850dc]">&gt;&gt;</a>&nbsp;&nbsp;&nbsp;Query_NetworkRegistration
<LI><a href="#[2485118]">&gt;&gt;</a>&nbsp;&nbsp;&nbsp;MODEMGetSignalStrength
<LI><a href="#[2485154]">&gt;&gt;</a>&nbsp;&nbsp;&nbsp;MODEMGetAPN
<LI><a href="#[24853ac]">&gt;&gt;</a>&nbsp;&nbsp;&nbsp;WaitForExpectedResponse
<LI><a href="#[2488fac]">&gt;&gt;</a>&nbsp;&nbsp;&nbsp;DELAY_ms
<LI><a href="#[2527ac4]">&gt;&gt;</a>&nbsp;&nbsp;&nbsp;__aeabi_memclr
<LI><a href="#[2529978]">&gt;&gt;</a>&nbsp;&nbsp;&nbsp;__2sprintf
</UL>
<BR>[Called By]<UL><LI><a href="#[2484a10]">&gt;&gt;</a>&nbsp;&nbsp;&nbsp;sampleTestlog
<LI><a href="#[2484c2c]">&gt;&gt;</a>&nbsp;&nbsp;&nbsp;PackOffLog
<LI><a href="#[2484f38]">&gt;&gt;</a>&nbsp;&nbsp;&nbsp;Module_Initializing
<LI><a href="#[252c1c8]">&gt;&gt;</a>&nbsp;&nbsp;&nbsp;SendingLog
<LI><a href="#[252c204]">&gt;&gt;</a>&nbsp;&nbsp;&nbsp;PacketLog
</UL>

<P><STRONG><a name="[2485064]"></a>Wait_Till_SimModule_Communication</STRONG> (Thumb, 104 bytes, Stack size 8 bytes, gprs.o(.text), UNUSED)
<BR><BR>[Calls]<UL><LI><a href="#[248468c]">&gt;&gt;</a>&nbsp;&nbsp;&nbsp;LCD_Printf
<LI><a href="#[24846c8]">&gt;&gt;</a>&nbsp;&nbsp;&nbsp;LCD_GoToLine
<LI><a href="#[2484704]">&gt;&gt;</a>&nbsp;&nbsp;&nbsp;LCD_Clear
<LI><a href="#[2485334]">&gt;&gt;</a>&nbsp;&nbsp;&nbsp;SendATandExpectResponse
<LI><a href="#[2488fac]">&gt;&gt;</a>&nbsp;&nbsp;&nbsp;DELAY_ms
</UL>
<BR>[Called By]<UL><LI><a href="#[2484f74]">&gt;&gt;</a>&nbsp;&nbsp;&nbsp;modem_initialization
</UL>

<P><STRONG><a name="[2485028]"></a>Query_Sim_Insert</STRONG> (Thumb, 176 bytes, Stack size 16 bytes, gprs.o(.text), UNUSED)
<BR><BR>[Calls]<UL><LI><a href="#[24842cc]">&gt;&gt;</a>&nbsp;&nbsp;&nbsp;WDT_Feed
<LI><a href="#[248468c]">&gt;&gt;</a>&nbsp;&nbsp;&nbsp;LCD_Printf
<LI><a href="#[24846c8]">&gt;&gt;</a>&nbsp;&nbsp;&nbsp;LCD_GoToLine
<LI><a href="#[2484704]">&gt;&gt;</a>&nbsp;&nbsp;&nbsp;LCD_Clear
<LI><a href="#[2485334]">&gt;&gt;</a>&nbsp;&nbsp;&nbsp;SendATandExpectResponse
<LI><a href="#[2488fac]">&gt;&gt;</a>&nbsp;&nbsp;&nbsp;DELAY_ms
<LI><a href="#[252777c]">&gt;&gt;</a>&nbsp;&nbsp;&nbsp;strncpy
<LI><a href="#[2527efc]">&gt;&gt;</a>&nbsp;&nbsp;&nbsp;strlen
<LI><a href="#[25280dc]">&gt;&gt;</a>&nbsp;&nbsp;&nbsp;strcpy
</UL>
<BR>[Called By]<UL><LI><a href="#[2484f74]">&gt;&gt;</a>&nbsp;&nbsp;&nbsp;modem_initialization
</UL>

<P><STRONG><a name="[2484fec]"></a>MODEMGetIMEI</STRONG> (Thumb, 152 bytes, Stack size 16 bytes, gprs.o(.text), UNUSED)
<BR><BR>[Calls]<UL><LI><a href="#[248468c]">&gt;&gt;</a>&nbsp;&nbsp;&nbsp;LCD_Printf
<LI><a href="#[24846c8]">&gt;&gt;</a>&nbsp;&nbsp;&nbsp;LCD_GoToLine
<LI><a href="#[2484704]">&gt;&gt;</a>&nbsp;&nbsp;&nbsp;LCD_Clear
<LI><a href="#[2485334]">&gt;&gt;</a>&nbsp;&nbsp;&nbsp;SendATandExpectResponse
<LI><a href="#[2488fac]">&gt;&gt;</a>&nbsp;&nbsp;&nbsp;DELAY_ms
<LI><a href="#[252777c]">&gt;&gt;</a>&nbsp;&nbsp;&nbsp;strncpy
<LI><a href="#[2527ac4]">&gt;&gt;</a>&nbsp;&nbsp;&nbsp;__aeabi_memclr
<LI><a href="#[2527efc]">&gt;&gt;</a>&nbsp;&nbsp;&nbsp;strlen
</UL>
<BR>[Called By]<UL><LI><a href="#[2484fb0]">&gt;&gt;</a>&nbsp;&nbsp;&nbsp;MODEM_CheckAttention
</UL>

<P><STRONG><a name="[2484fb0]"></a>MODEM_CheckAttention</STRONG> (Thumb, 160 bytes, Stack size 16 bytes, gprs.o(.text), UNUSED)
<BR><BR>[Calls]<UL><LI><a href="#[24842cc]">&gt;&gt;</a>&nbsp;&nbsp;&nbsp;WDT_Feed
<LI><a href="#[2484308]">&gt;&gt;</a>&nbsp;&nbsp;&nbsp;UART_TxString
<LI><a href="#[248468c]">&gt;&gt;</a>&nbsp;&nbsp;&nbsp;LCD_Printf
<LI><a href="#[24846c8]">&gt;&gt;</a>&nbsp;&nbsp;&nbsp;LCD_GoToLine
<LI><a href="#[2484704]">&gt;&gt;</a>&nbsp;&nbsp;&nbsp;LCD_Clear
<LI><a href="#[2484fec]">&gt;&gt;</a>&nbsp;&nbsp;&nbsp;MODEMGetIMEI
<LI><a href="#[2485334]">&gt;&gt;</a>&nbsp;&nbsp;&nbsp;SendATandExpectResponse
<LI><a href="#[24853ac]">&gt;&gt;</a>&nbsp;&nbsp;&nbsp;WaitForExpectedResponse
<LI><a href="#[2488fac]">&gt;&gt;</a>&nbsp;&nbsp;&nbsp;DELAY_ms
</UL>
<BR>[Called By]<UL><LI><a href="#[2484f74]">&gt;&gt;</a>&nbsp;&nbsp;&nbsp;modem_initialization
</UL>

<P><STRONG><a name="[2484f74]"></a>modem_initialization</STRONG> (Thumb, 130 bytes, Stack size 8 bytes, gprs.o(.text), UNUSED)
<BR><BR>[Calls]<UL><LI><a href="#[2484308]">&gt;&gt;</a>&nbsp;&nbsp;&nbsp;UART_TxString
<LI><a href="#[2484fb0]">&gt;&gt;</a>&nbsp;&nbsp;&nbsp;MODEM_CheckAttention
<LI><a href="#[2485028]">&gt;&gt;</a>&nbsp;&nbsp;&nbsp;Query_Sim_Insert
<LI><a href="#[2485064]">&gt;&gt;</a>&nbsp;&nbsp;&nbsp;Wait_Till_SimModule_Communication
<LI><a href="#[24851cc]">&gt;&gt;</a>&nbsp;&nbsp;&nbsp;GNSS_Connect
<LI><a href="#[24853ac]">&gt;&gt;</a>&nbsp;&nbsp;&nbsp;WaitForExpectedResponse
<LI><a href="#[25280dc]">&gt;&gt;</a>&nbsp;&nbsp;&nbsp;strcpy
</UL>
<BR>[Called By]<UL><LI><a href="#[2484f38]">&gt;&gt;</a>&nbsp;&nbsp;&nbsp;Module_Initializing
</UL>

<P><STRONG><a name="[2484f38]"></a>Module_Initializing</STRONG> (Thumb, 620 bytes, Stack size 16 bytes, gprs.o(.text), UNUSED)
<BR><BR>[Calls]<UL><LI><a href="#[24842cc]">&gt;&gt;</a>&nbsp;&nbsp;&nbsp;WDT_Feed
<LI><a href="#[24843bc]">&gt;&gt;</a>&nbsp;&nbsp;&nbsp;UART1_EnableBuffer_Interrupt
<LI><a href="#[248468c]">&gt;&gt;</a>&nbsp;&nbsp;&nbsp;LCD_Printf
<LI><a href="#[24846c8]">&gt;&gt;</a>&nbsp;&nbsp;&nbsp;LCD_GoToLine
<LI><a href="#[2484704]">&gt;&gt;</a>&nbsp;&nbsp;&nbsp;LCD_Clear
<LI><a href="#[2484f74]">&gt;&gt;</a>&nbsp;&nbsp;&nbsp;modem_initialization
<LI><a href="#[24850a0]">&gt;&gt;</a>&nbsp;&nbsp;&nbsp;modemCheck_initialization
<LI><a href="#[2485190]">&gt;&gt;</a>&nbsp;&nbsp;&nbsp;Module_deactivateBearerProfile
<LI><a href="#[24851cc]">&gt;&gt;</a>&nbsp;&nbsp;&nbsp;GNSS_Connect
<LI><a href="#[2485208]">&gt;&gt;</a>&nbsp;&nbsp;&nbsp;ReadNavigation
<LI><a href="#[2485244]">&gt;&gt;</a>&nbsp;&nbsp;&nbsp;GNSS_PowerOff
<LI><a href="#[2485280]">&gt;&gt;</a>&nbsp;&nbsp;&nbsp;Module_PDP_Activation
<LI><a href="#[2488fac]">&gt;&gt;</a>&nbsp;&nbsp;&nbsp;DELAY_ms
</UL>
<BR>[Called By]<UL><LI><a href="#[2484ce0]">&gt;&gt;</a>&nbsp;&nbsp;&nbsp;HTTP_Post
<LI><a href="#[2484e84]">&gt;&gt;</a>&nbsp;&nbsp;&nbsp;Module_awakeup_mode
<LI><a href="#[252c1c8]">&gt;&gt;</a>&nbsp;&nbsp;&nbsp;SendingLog
<LI><a href="#[252c204]">&gt;&gt;</a>&nbsp;&nbsp;&nbsp;PacketLog
</UL>

<P><STRONG><a name="[2484efc]"></a>RestartModule</STRONG> (Thumb, 20 bytes, Stack size 8 bytes, gprs.o(.text), UNUSED)
<BR><BR>[Calls]<UL><LI><a href="#[2487710]">&gt;&gt;</a>&nbsp;&nbsp;&nbsp;GPIO_PinWrite
<LI><a href="#[2488fac]">&gt;&gt;</a>&nbsp;&nbsp;&nbsp;DELAY_ms
</UL>
<BR>[Called By]<UL><LI><a href="#[2484ce0]">&gt;&gt;</a>&nbsp;&nbsp;&nbsp;HTTP_Post
<LI><a href="#[2484e84]">&gt;&gt;</a>&nbsp;&nbsp;&nbsp;Module_awakeup_mode
<LI><a href="#[252c1c8]">&gt;&gt;</a>&nbsp;&nbsp;&nbsp;SendingLog
<LI><a href="#[252c204]">&gt;&gt;</a>&nbsp;&nbsp;&nbsp;PacketLog
</UL>

<P><STRONG><a name="[2484ec0]"></a>ShutDownModule</STRONG> (Thumb, 24 bytes, Stack size 8 bytes, gprs.o(.text), UNUSED)
<BR><BR>[Calls]<UL><LI><a href="#[24852f8]">&gt;&gt;</a>&nbsp;&nbsp;&nbsp;Module_PowerOff
<LI><a href="#[2487710]">&gt;&gt;</a>&nbsp;&nbsp;&nbsp;GPIO_PinWrite
<LI><a href="#[2488fac]">&gt;&gt;</a>&nbsp;&nbsp;&nbsp;DELAY_ms
</UL>
<BR>[Called By]<UL><LI><a href="#[2484ce0]">&gt;&gt;</a>&nbsp;&nbsp;&nbsp;HTTP_Post
<LI><a href="#[2484e84]">&gt;&gt;</a>&nbsp;&nbsp;&nbsp;Module_awakeup_mode
<LI><a href="#[252c1c8]">&gt;&gt;</a>&nbsp;&nbsp;&nbsp;SendingLog
<LI><a href="#[252c204]">&gt;&gt;</a>&nbsp;&nbsp;&nbsp;PacketLog
</UL>

<P><STRONG><a name="[2484e84]"></a>Module_awakeup_mode</STRONG> (Thumb, 70 bytes, Stack size 16 bytes, gprs.o(.text), UNUSED)
<BR><BR>[Calls]<UL><LI><a href="#[2484308]">&gt;&gt;</a>&nbsp;&nbsp;&nbsp;UART_TxString
<LI><a href="#[2484ec0]">&gt;&gt;</a>&nbsp;&nbsp;&nbsp;ShutDownModule
<LI><a href="#[2484efc]">&gt;&gt;</a>&nbsp;&nbsp;&nbsp;RestartModule
<LI><a href="#[2484f38]">&gt;&gt;</a>&nbsp;&nbsp;&nbsp;Module_Initializing
<LI><a href="#[24853ac]">&gt;&gt;</a>&nbsp;&nbsp;&nbsp;WaitForExpectedResponse
<LI><a href="#[2487710]">&gt;&gt;</a>&nbsp;&nbsp;&nbsp;GPIO_PinWrite
<LI><a href="#[2488fac]">&gt;&gt;</a>&nbsp;&nbsp;&nbsp;DELAY_ms
</UL>
<BR>[Called By]<UL><LI><a href="#[2484a10]">&gt;&gt;</a>&nbsp;&nbsp;&nbsp;sampleTestlog
<LI><a href="#[252c1c8]">&gt;&gt;</a>&nbsp;&nbsp;&nbsp;SendingLog
<LI><a href="#[252c204]">&gt;&gt;</a>&nbsp;&nbsp;&nbsp;PacketLog
</UL>

<P><STRONG><a name="[2484e48]"></a>MODEM_SetPhoneFunctionality</STRONG> (Thumb, 120 bytes, Stack size 8 bytes, gprs.o(.text), UNUSED)
<BR><BR>[Calls]<UL><LI><a href="#[24842cc]">&gt;&gt;</a>&nbsp;&nbsp;&nbsp;WDT_Feed
<LI><a href="#[248468c]">&gt;&gt;</a>&nbsp;&nbsp;&nbsp;LCD_Printf
<LI><a href="#[24846c8]">&gt;&gt;</a>&nbsp;&nbsp;&nbsp;LCD_GoToLine
<LI><a href="#[2484704]">&gt;&gt;</a>&nbsp;&nbsp;&nbsp;LCD_Clear
<LI><a href="#[2485334]">&gt;&gt;</a>&nbsp;&nbsp;&nbsp;SendATandExpectResponse
<LI><a href="#[2488fac]">&gt;&gt;</a>&nbsp;&nbsp;&nbsp;DELAY_ms
</UL>
<BR>[Called By]<UL><LI><a href="#[2484e0c]">&gt;&gt;</a>&nbsp;&nbsp;&nbsp;Query_Set_CLTS
</UL>

<P><STRONG><a name="[2484e0c]"></a>Query_Set_CLTS</STRONG> (Thumb, 54 bytes, Stack size 8 bytes, gprs.o(.text), UNUSED)
<BR><BR>[Calls]<UL><LI><a href="#[24842cc]">&gt;&gt;</a>&nbsp;&nbsp;&nbsp;WDT_Feed
<LI><a href="#[2484308]">&gt;&gt;</a>&nbsp;&nbsp;&nbsp;UART_TxString
<LI><a href="#[2484e48]">&gt;&gt;</a>&nbsp;&nbsp;&nbsp;MODEM_SetPhoneFunctionality
<LI><a href="#[24853ac]">&gt;&gt;</a>&nbsp;&nbsp;&nbsp;WaitForExpectedResponse
</UL>
<BR>[Called By]<UL><LI><a href="#[252c1c8]">&gt;&gt;</a>&nbsp;&nbsp;&nbsp;SendingLog
<LI><a href="#[252c204]">&gt;&gt;</a>&nbsp;&nbsp;&nbsp;PacketLog
</UL>

<P><STRONG><a name="[2484dd0]"></a>Update_RTC</STRONG> (Thumb, 262 bytes, Stack size 72 bytes, gprs.o(.text), UNUSED)
<BR><BR>[Calls]<UL><LI><a href="#[2484524]">&gt;&gt;</a>&nbsp;&nbsp;&nbsp;RTC_SetDateTime
<LI><a href="#[2488868]">&gt;&gt;</a>&nbsp;&nbsp;&nbsp;ascii_integer
<LI><a href="#[25280dc]">&gt;&gt;</a>&nbsp;&nbsp;&nbsp;strcpy
</UL>
<BR>[Called By]<UL><LI><a href="#[2484d94]">&gt;&gt;</a>&nbsp;&nbsp;&nbsp;MODEM_GetNetworkTime
</UL>

<P><STRONG><a name="[2484d94]"></a>MODEM_GetNetworkTime</STRONG> (Thumb, 30 bytes, Stack size 8 bytes, gprs.o(.text), UNUSED)
<BR><BR>[Calls]<UL><LI><a href="#[2484308]">&gt;&gt;</a>&nbsp;&nbsp;&nbsp;UART_TxString
<LI><a href="#[2484dd0]">&gt;&gt;</a>&nbsp;&nbsp;&nbsp;Update_RTC
<LI><a href="#[24853ac]">&gt;&gt;</a>&nbsp;&nbsp;&nbsp;WaitForExpectedResponse
</UL>
<BR>[Called By]<UL><LI><a href="#[252c1c8]">&gt;&gt;</a>&nbsp;&nbsp;&nbsp;SendingLog
<LI><a href="#[252c204]">&gt;&gt;</a>&nbsp;&nbsp;&nbsp;PacketLog
</UL>

<P><STRONG><a name="[2484d58]"></a>GNSS_PowerON</STRONG> (Thumb, 22 bytes, Stack size 8 bytes, gprs.o(.text), UNUSED)
<BR><BR>[Calls]<UL><LI><a href="#[2484308]">&gt;&gt;</a>&nbsp;&nbsp;&nbsp;UART_TxString
<LI><a href="#[24853ac]">&gt;&gt;</a>&nbsp;&nbsp;&nbsp;WaitForExpectedResponse
</UL>

<P><STRONG><a name="[2484d1c]"></a>Query_GPRSRegistrationStatus</STRONG> (Thumb, 138 bytes, Stack size 8 bytes, gprs.o(.text), UNUSED)
<BR><BR>[Calls]<UL><LI><a href="#[24842cc]">&gt;&gt;</a>&nbsp;&nbsp;&nbsp;WDT_Feed
<LI><a href="#[248468c]">&gt;&gt;</a>&nbsp;&nbsp;&nbsp;LCD_Printf
<LI><a href="#[24846c8]">&gt;&gt;</a>&nbsp;&nbsp;&nbsp;LCD_GoToLine
<LI><a href="#[2484704]">&gt;&gt;</a>&nbsp;&nbsp;&nbsp;LCD_Clear
<LI><a href="#[2485334]">&gt;&gt;</a>&nbsp;&nbsp;&nbsp;SendATandExpectResponse
<LI><a href="#[2488fac]">&gt;&gt;</a>&nbsp;&nbsp;&nbsp;DELAY_ms
</UL>

<P><STRONG><a name="[2484ce0]"></a>HTTP_Post</STRONG> (Thumb, 1466 bytes, Stack size 80 bytes, gprs.o(.text), UNUSED)
<BR><BR>[Calls]<UL><LI><a href="#[24842cc]">&gt;&gt;</a>&nbsp;&nbsp;&nbsp;WDT_Feed
<LI><a href="#[2484308]">&gt;&gt;</a>&nbsp;&nbsp;&nbsp;UART_TxString
<LI><a href="#[24845d8]">&gt;&gt;</a>&nbsp;&nbsp;&nbsp;RTC_GetDateTime
<LI><a href="#[248468c]">&gt;&gt;</a>&nbsp;&nbsp;&nbsp;LCD_Printf
<LI><a href="#[24846c8]">&gt;&gt;</a>&nbsp;&nbsp;&nbsp;LCD_GoToLine
<LI><a href="#[2484704]">&gt;&gt;</a>&nbsp;&nbsp;&nbsp;LCD_Clear
<LI><a href="#[24847f4]">&gt;&gt;</a>&nbsp;&nbsp;&nbsp;Createlog
<LI><a href="#[2484c2c]">&gt;&gt;</a>&nbsp;&nbsp;&nbsp;PackOffLog
<LI><a href="#[2484ec0]">&gt;&gt;</a>&nbsp;&nbsp;&nbsp;ShutDownModule
<LI><a href="#[2484efc]">&gt;&gt;</a>&nbsp;&nbsp;&nbsp;RestartModule
<LI><a href="#[2484f38]">&gt;&gt;</a>&nbsp;&nbsp;&nbsp;Module_Initializing
<LI><a href="#[2485334]">&gt;&gt;</a>&nbsp;&nbsp;&nbsp;SendATandExpectResponse
<LI><a href="#[2485370]">&gt;&gt;</a>&nbsp;&nbsp;&nbsp;WaitForStatus200_302
<LI><a href="#[24853ac]">&gt;&gt;</a>&nbsp;&nbsp;&nbsp;WaitForExpectedResponse
<LI><a href="#[2488fac]">&gt;&gt;</a>&nbsp;&nbsp;&nbsp;DELAY_ms
<LI><a href="#[2527ac4]">&gt;&gt;</a>&nbsp;&nbsp;&nbsp;__aeabi_memclr
<LI><a href="#[2527efc]">&gt;&gt;</a>&nbsp;&nbsp;&nbsp;strlen
<LI><a href="#[25281cc]">&gt;&gt;</a>&nbsp;&nbsp;&nbsp;strstr
<LI><a href="#[2529978]">&gt;&gt;</a>&nbsp;&nbsp;&nbsp;__2sprintf
</UL>
<BR>[Called By]<UL><LI><a href="#[2484c2c]">&gt;&gt;</a>&nbsp;&nbsp;&nbsp;PackOffLog
</UL>

<P><STRONG><a name="[2484ca4]"></a>HTTP_SetURL</STRONG> (Thumb, 92 bytes, Stack size 40 bytes, gprs.o(.text), UNUSED)
<BR><BR>[Calls]<UL><LI><a href="#[24842cc]">&gt;&gt;</a>&nbsp;&nbsp;&nbsp;WDT_Feed
<LI><a href="#[2484308]">&gt;&gt;</a>&nbsp;&nbsp;&nbsp;UART_TxString
<LI><a href="#[2485334]">&gt;&gt;</a>&nbsp;&nbsp;&nbsp;SendATandExpectResponse
<LI><a href="#[24853ac]">&gt;&gt;</a>&nbsp;&nbsp;&nbsp;WaitForExpectedResponse
<LI><a href="#[2527efc]">&gt;&gt;</a>&nbsp;&nbsp;&nbsp;strlen
<LI><a href="#[2529978]">&gt;&gt;</a>&nbsp;&nbsp;&nbsp;__2sprintf
</UL>
<BR>[Called By]<UL><LI><a href="#[2484c2c]">&gt;&gt;</a>&nbsp;&nbsp;&nbsp;PackOffLog
</UL>

<P><STRONG><a name="[2484c68]"></a>Check_LocalIP</STRONG> (Thumb, 26 bytes, Stack size 8 bytes, gprs.o(.text), UNUSED)
<BR><BR>[Calls]<UL><LI><a href="#[24842cc]">&gt;&gt;</a>&nbsp;&nbsp;&nbsp;WDT_Feed
<LI><a href="#[2484308]">&gt;&gt;</a>&nbsp;&nbsp;&nbsp;UART_TxString
<LI><a href="#[24853ac]">&gt;&gt;</a>&nbsp;&nbsp;&nbsp;WaitForExpectedResponse
</UL>
<BR>[Called By]<UL><LI><a href="#[2484c2c]">&gt;&gt;</a>&nbsp;&nbsp;&nbsp;PackOffLog
<LI><a href="#[252c1c8]">&gt;&gt;</a>&nbsp;&nbsp;&nbsp;SendingLog
<LI><a href="#[252c204]">&gt;&gt;</a>&nbsp;&nbsp;&nbsp;PacketLog
</UL>

<P><STRONG><a name="[2484c2c]"></a>PackOffLog</STRONG> (Thumb, 96 bytes, Stack size 16 bytes, gprs.o(.text), UNUSED)
<BR><BR>[Calls]<UL><LI><a href="#[248468c]">&gt;&gt;</a>&nbsp;&nbsp;&nbsp;LCD_Printf
<LI><a href="#[2484704]">&gt;&gt;</a>&nbsp;&nbsp;&nbsp;LCD_Clear
<LI><a href="#[2484c68]">&gt;&gt;</a>&nbsp;&nbsp;&nbsp;Check_LocalIP
<LI><a href="#[2484ca4]">&gt;&gt;</a>&nbsp;&nbsp;&nbsp;HTTP_SetURL
<LI><a href="#[2484ce0]">&gt;&gt;</a>&nbsp;&nbsp;&nbsp;HTTP_Post
<LI><a href="#[24850a0]">&gt;&gt;</a>&nbsp;&nbsp;&nbsp;modemCheck_initialization
<LI><a href="#[2488fac]">&gt;&gt;</a>&nbsp;&nbsp;&nbsp;DELAY_ms
</UL>
<BR>[Called By]<UL><LI><a href="#[2484a10]">&gt;&gt;</a>&nbsp;&nbsp;&nbsp;sampleTestlog
<LI><a href="#[2484ce0]">&gt;&gt;</a>&nbsp;&nbsp;&nbsp;HTTP_Post
<LI><a href="#[252c204]">&gt;&gt;</a>&nbsp;&nbsp;&nbsp;PacketLog
<LI><a href="#[252cccc]">&gt;&gt;</a>&nbsp;&nbsp;&nbsp;retrylog
</UL>

<P><STRONG><a name="[2484bf0]"></a>Check_QIState</STRONG> (Thumb, 24 bytes, Stack size 8 bytes, gprs.o(.text), UNUSED)
<BR><BR>[Calls]<UL><LI><a href="#[2484308]">&gt;&gt;</a>&nbsp;&nbsp;&nbsp;UART_TxString
<LI><a href="#[24853ac]">&gt;&gt;</a>&nbsp;&nbsp;&nbsp;WaitForExpectedResponse
</UL>
<BR>[Called By]<UL><LI><a href="#[2484a10]">&gt;&gt;</a>&nbsp;&nbsp;&nbsp;sampleTestlog
<LI><a href="#[252c204]">&gt;&gt;</a>&nbsp;&nbsp;&nbsp;PacketLog
</UL>

<P><STRONG><a name="[2484bb4]"></a>myExtIntrIsr_1</STRONG> (Thumb, 34 bytes, Stack size 0 bytes, gprs.o(.text), UNUSED)

<P><STRONG><a name="[2484b78]"></a>GSM_Delete_All_Msg</STRONG> (Thumb, 24 bytes, Stack size 8 bytes, gprs.o(.text), UNUSED)
<BR><BR>[Calls]<UL><LI><a href="#[2484308]">&gt;&gt;</a>&nbsp;&nbsp;&nbsp;UART_TxString
<LI><a href="#[24853ac]">&gt;&gt;</a>&nbsp;&nbsp;&nbsp;WaitForExpectedResponse
</UL>
<BR>[Called By]<UL><LI><a href="#[2484a88]">&gt;&gt;</a>&nbsp;&nbsp;&nbsp;readSMS
</UL>

<P><STRONG><a name="[2484b3c]"></a>GSM_Msg_Delete</STRONG> (Thumb, 46 bytes, Stack size 32 bytes, gprs.o(.text), UNUSED)
<BR><BR>[Calls]<UL><LI><a href="#[2484308]">&gt;&gt;</a>&nbsp;&nbsp;&nbsp;UART_TxString
<LI><a href="#[24853ac]">&gt;&gt;</a>&nbsp;&nbsp;&nbsp;WaitForExpectedResponse
<LI><a href="#[2529978]">&gt;&gt;</a>&nbsp;&nbsp;&nbsp;__2sprintf
</UL>
<BR>[Called By]<UL><LI><a href="#[2484a88]">&gt;&gt;</a>&nbsp;&nbsp;&nbsp;readSMS
</UL>

<P><STRONG><a name="[2484b00]"></a>GSM_Msg_Display</STRONG> (Thumb, 706 bytes, Stack size 16 bytes, gprs.o(.text), UNUSED)
<BR><BR>[Calls]<UL><LI><a href="#[24842cc]">&gt;&gt;</a>&nbsp;&nbsp;&nbsp;WDT_Feed
<LI><a href="#[24847f4]">&gt;&gt;</a>&nbsp;&nbsp;&nbsp;Createlog
<LI><a href="#[2488fac]">&gt;&gt;</a>&nbsp;&nbsp;&nbsp;DELAY_ms
<LI><a href="#[2527ac4]">&gt;&gt;</a>&nbsp;&nbsp;&nbsp;__aeabi_memclr
<LI><a href="#[25281cc]">&gt;&gt;</a>&nbsp;&nbsp;&nbsp;strstr
<LI><a href="#[2529978]">&gt;&gt;</a>&nbsp;&nbsp;&nbsp;__2sprintf
</UL>
<BR>[Called By]<UL><LI><a href="#[2484ac4]">&gt;&gt;</a>&nbsp;&nbsp;&nbsp;GSM_Msg_Read
</UL>

<P><STRONG><a name="[2484ac4]"></a>GSM_Msg_Read</STRONG> (Thumb, 44 bytes, Stack size 24 bytes, gprs.o(.text), UNUSED)
<BR><BR>[Calls]<UL><LI><a href="#[2484308]">&gt;&gt;</a>&nbsp;&nbsp;&nbsp;UART_TxString
<LI><a href="#[2484b00]">&gt;&gt;</a>&nbsp;&nbsp;&nbsp;GSM_Msg_Display
<LI><a href="#[24853ac]">&gt;&gt;</a>&nbsp;&nbsp;&nbsp;WaitForExpectedResponse
<LI><a href="#[24853e8]">&gt;&gt;</a>&nbsp;&nbsp;&nbsp;Buffer_Flush
<LI><a href="#[2529978]">&gt;&gt;</a>&nbsp;&nbsp;&nbsp;__2sprintf
</UL>
<BR>[Called By]<UL><LI><a href="#[2484a88]">&gt;&gt;</a>&nbsp;&nbsp;&nbsp;readSMS
</UL>

<P><STRONG><a name="[2484a88]"></a>readSMS</STRONG> (Thumb, 1184 bytes, Stack size 72 bytes, gprs.o(.text), UNUSED)
<BR><BR>[Calls]<UL><LI><a href="#[2483de0]">&gt;&gt;</a>&nbsp;&nbsp;&nbsp;smsUpdateConfig
<LI><a href="#[2483e58]">&gt;&gt;</a>&nbsp;&nbsp;&nbsp;readconfigfile
<LI><a href="#[24842cc]">&gt;&gt;</a>&nbsp;&nbsp;&nbsp;WDT_Feed
<LI><a href="#[2484308]">&gt;&gt;</a>&nbsp;&nbsp;&nbsp;UART_TxString
<LI><a href="#[2484380]">&gt;&gt;</a>&nbsp;&nbsp;&nbsp;UART_Printf
<LI><a href="#[248468c]">&gt;&gt;</a>&nbsp;&nbsp;&nbsp;LCD_Printf
<LI><a href="#[24846c8]">&gt;&gt;</a>&nbsp;&nbsp;&nbsp;LCD_GoToLine
<LI><a href="#[2484704]">&gt;&gt;</a>&nbsp;&nbsp;&nbsp;LCD_Clear
<LI><a href="#[2484ac4]">&gt;&gt;</a>&nbsp;&nbsp;&nbsp;GSM_Msg_Read
<LI><a href="#[2484b3c]">&gt;&gt;</a>&nbsp;&nbsp;&nbsp;GSM_Msg_Delete
<LI><a href="#[2484b78]">&gt;&gt;</a>&nbsp;&nbsp;&nbsp;GSM_Delete_All_Msg
<LI><a href="#[24853ac]">&gt;&gt;</a>&nbsp;&nbsp;&nbsp;WaitForExpectedResponse
<LI><a href="#[2488868]">&gt;&gt;</a>&nbsp;&nbsp;&nbsp;ascii_integer
<LI><a href="#[2488fac]">&gt;&gt;</a>&nbsp;&nbsp;&nbsp;DELAY_ms
<LI><a href="#[2527ac4]">&gt;&gt;</a>&nbsp;&nbsp;&nbsp;__aeabi_memclr
<LI><a href="#[25280dc]">&gt;&gt;</a>&nbsp;&nbsp;&nbsp;strcpy
<LI><a href="#[25281cc]">&gt;&gt;</a>&nbsp;&nbsp;&nbsp;strstr
<LI><a href="#[25282bc]">&gt;&gt;</a>&nbsp;&nbsp;&nbsp;strchr
<LI><a href="#[25283e8]">&gt;&gt;</a>&nbsp;&nbsp;&nbsp;strtok
<LI><a href="#[2529978]">&gt;&gt;</a>&nbsp;&nbsp;&nbsp;__2sprintf
</UL>
<BR>[Called By]<UL><LI><a href="#[2484a10]">&gt;&gt;</a>&nbsp;&nbsp;&nbsp;sampleTestlog
<LI><a href="#[252c1c8]">&gt;&gt;</a>&nbsp;&nbsp;&nbsp;SendingLog
<LI><a href="#[252c204]">&gt;&gt;</a>&nbsp;&nbsp;&nbsp;PacketLog
</UL>

<P><STRONG><a name="[2484a4c]"></a>SMS_READ_Setting</STRONG> (Thumb, 122 bytes, Stack size 8 bytes, gprs.o(.text), UNUSED)
<BR><BR>[Calls]<UL><LI><a href="#[24842cc]">&gt;&gt;</a>&nbsp;&nbsp;&nbsp;WDT_Feed
<LI><a href="#[2484308]">&gt;&gt;</a>&nbsp;&nbsp;&nbsp;UART_TxString
<LI><a href="#[24853ac]">&gt;&gt;</a>&nbsp;&nbsp;&nbsp;WaitForExpectedResponse
<LI><a href="#[2488fac]">&gt;&gt;</a>&nbsp;&nbsp;&nbsp;DELAY_ms
</UL>
<BR>[Called By]<UL><LI><a href="#[2484a10]">&gt;&gt;</a>&nbsp;&nbsp;&nbsp;sampleTestlog
<LI><a href="#[252c1c8]">&gt;&gt;</a>&nbsp;&nbsp;&nbsp;SendingLog
<LI><a href="#[252c204]">&gt;&gt;</a>&nbsp;&nbsp;&nbsp;PacketLog
</UL>

<P><STRONG><a name="[2484a10]"></a>sampleTestlog</STRONG> (Thumb, 522 bytes, Stack size 176 bytes, gprs.o(.text), UNUSED)
<BR><BR>[Calls]<UL><LI><a href="#[2483e94]">&gt;&gt;</a>&nbsp;&nbsp;&nbsp;readATRH
<LI><a href="#[24842cc]">&gt;&gt;</a>&nbsp;&nbsp;&nbsp;WDT_Feed
<LI><a href="#[24843bc]">&gt;&gt;</a>&nbsp;&nbsp;&nbsp;UART1_EnableBuffer_Interrupt
<LI><a href="#[24843f8]">&gt;&gt;</a>&nbsp;&nbsp;&nbsp;UART1_DisableBuffer_Interrupt
<LI><a href="#[24844ac]">&gt;&gt;</a>&nbsp;&nbsp;&nbsp;Read_WindSensor
<LI><a href="#[24845d8]">&gt;&gt;</a>&nbsp;&nbsp;&nbsp;RTC_GetDateTime
<LI><a href="#[248468c]">&gt;&gt;</a>&nbsp;&nbsp;&nbsp;LCD_Printf
<LI><a href="#[24846c8]">&gt;&gt;</a>&nbsp;&nbsp;&nbsp;LCD_GoToLine
<LI><a href="#[2484704]">&gt;&gt;</a>&nbsp;&nbsp;&nbsp;LCD_Clear
<LI><a href="#[2484a4c]">&gt;&gt;</a>&nbsp;&nbsp;&nbsp;SMS_READ_Setting
<LI><a href="#[2484a88]">&gt;&gt;</a>&nbsp;&nbsp;&nbsp;readSMS
<LI><a href="#[2484bf0]">&gt;&gt;</a>&nbsp;&nbsp;&nbsp;Check_QIState
<LI><a href="#[2484c2c]">&gt;&gt;</a>&nbsp;&nbsp;&nbsp;PackOffLog
<LI><a href="#[2484e84]">&gt;&gt;</a>&nbsp;&nbsp;&nbsp;Module_awakeup_mode
<LI><a href="#[24850a0]">&gt;&gt;</a>&nbsp;&nbsp;&nbsp;modemCheck_initialization
<LI><a href="#[2485190]">&gt;&gt;</a>&nbsp;&nbsp;&nbsp;Module_deactivateBearerProfile
<LI><a href="#[24852bc]">&gt;&gt;</a>&nbsp;&nbsp;&nbsp;Module_sleep_mode
<LI><a href="#[2485550]">&gt;&gt;</a>&nbsp;&nbsp;&nbsp;calcRainFall
<LI><a href="#[2488fac]">&gt;&gt;</a>&nbsp;&nbsp;&nbsp;DELAY_ms
<LI><a href="#[2488fe8]">&gt;&gt;</a>&nbsp;&nbsp;&nbsp;Read_ADCchannels
<LI><a href="#[2527ac4]">&gt;&gt;</a>&nbsp;&nbsp;&nbsp;__aeabi_memclr
<LI><a href="#[25280dc]">&gt;&gt;</a>&nbsp;&nbsp;&nbsp;strcpy
<LI><a href="#[2529978]">&gt;&gt;</a>&nbsp;&nbsp;&nbsp;__2sprintf
</UL>
<BR>[Called By]<UL><LI><a href="#[24849d4]">&gt;&gt;</a>&nbsp;&nbsp;&nbsp;LCD_ScrollDisplay
</UL>

<P><STRONG><a name="[24849d4]"></a>LCD_ScrollDisplay</STRONG> (Thumb, 1306 bytes, Stack size 40 bytes, gprs.o(.text), UNUSED)
<BR><BR>[Calls]<UL><LI><a href="#[2483e94]">&gt;&gt;</a>&nbsp;&nbsp;&nbsp;readATRH
<LI><a href="#[24844ac]">&gt;&gt;</a>&nbsp;&nbsp;&nbsp;Read_WindSensor
<LI><a href="#[24845d8]">&gt;&gt;</a>&nbsp;&nbsp;&nbsp;RTC_GetDateTime
<LI><a href="#[248468c]">&gt;&gt;</a>&nbsp;&nbsp;&nbsp;LCD_Printf
<LI><a href="#[24846c8]">&gt;&gt;</a>&nbsp;&nbsp;&nbsp;LCD_GoToLine
<LI><a href="#[2484704]">&gt;&gt;</a>&nbsp;&nbsp;&nbsp;LCD_Clear
<LI><a href="#[2484a10]">&gt;&gt;</a>&nbsp;&nbsp;&nbsp;sampleTestlog
<LI><a href="#[2487698]">&gt;&gt;</a>&nbsp;&nbsp;&nbsp;GPIO_PinRead
<LI><a href="#[248774c]">&gt;&gt;</a>&nbsp;&nbsp;&nbsp;GPIO_PinDirection
<LI><a href="#[2487bc0]">&gt;&gt;</a>&nbsp;&nbsp;&nbsp;EINT_DetachInterrupt
<LI><a href="#[2487bfc]">&gt;&gt;</a>&nbsp;&nbsp;&nbsp;EINT_AttachInterrupt
<LI><a href="#[2488dcc]">&gt;&gt;</a>&nbsp;&nbsp;&nbsp;ftoa_signed
<LI><a href="#[2488f34]">&gt;&gt;</a>&nbsp;&nbsp;&nbsp;GPIO_PinFunction
<LI><a href="#[2488fac]">&gt;&gt;</a>&nbsp;&nbsp;&nbsp;DELAY_ms
<LI><a href="#[2489024]">&gt;&gt;</a>&nbsp;&nbsp;&nbsp;ADC_GetAdcValue
<LI><a href="#[2525f1c]">&gt;&gt;</a>&nbsp;&nbsp;&nbsp;__aeabi_f2d
<LI><a href="#[25261b0]">&gt;&gt;</a>&nbsp;&nbsp;&nbsp;__aeabi_dmul
<LI><a href="#[2526408]">&gt;&gt;</a>&nbsp;&nbsp;&nbsp;__aeabi_ui2d
<LI><a href="#[25264bc]">&gt;&gt;</a>&nbsp;&nbsp;&nbsp;__aeabi_i2d
<LI><a href="#[2526ad4]">&gt;&gt;</a>&nbsp;&nbsp;&nbsp;__aeabi_ddiv
<LI><a href="#[2527290]">&gt;&gt;</a>&nbsp;&nbsp;&nbsp;__aeabi_d2f
<LI><a href="#[25280dc]">&gt;&gt;</a>&nbsp;&nbsp;&nbsp;strcpy
</UL>

<P><STRONG><a name="[2484998]"></a>SMSDefaultSetting</STRONG> (Thumb, 82 bytes, Stack size 8 bytes, gprs.o(.text), UNUSED)
<BR><BR>[Calls]<UL><LI><a href="#[2484308]">&gt;&gt;</a>&nbsp;&nbsp;&nbsp;UART_TxString
<LI><a href="#[24853ac]">&gt;&gt;</a>&nbsp;&nbsp;&nbsp;WaitForExpectedResponse
</UL>

[...]
<LI><a href="#[252af08]">&gt;&gt;</a>&nbsp;&nbsp;&nbsp;dir_next
<LI><a href="#[252af44]">&gt;&gt;</a>&nbsp;&nbsp;&nbsp;dir_sdi
<LI><a href="#[252afbc]">&gt;&gt;</a>&nbsp;&nbsp;&nbsp;create_chain
<LI><a href="#[252aff8]">&gt;&gt;</a>&nbsp;&nbsp;&nbsp;remove_chain
<LI><a href="#[252c81c]">&gt;&gt;</a>&nbsp;&nbsp;&nbsp;f_read
<LI><a href="#[252c8d0]">&gt;&gt;</a>&nbsp;&nbsp;&nbsp;f_open
<LI><a href="#[252c9c0]">&gt;&gt;</a>&nbsp;&nbsp;&nbsp;f_lseek
<LI><a href="#[252ca74]">&gt;&gt;</a>&nbsp;&nbsp;&nbsp;f_getfree
</UL>

<P><STRONG><a name="[252b034]"></a>put_fat</STRONG> (Thumb, 420 bytes, Stack size 40 bytes, ff.o(.text), UNUSED)
<BR><BR>[Calls]<UL><LI><a href="#[252b124]">&gt;&gt;</a>&nbsp;&nbsp;&nbsp;move_window
<LI><a href="#[252b37c]">&gt;&gt;</a>&nbsp;&nbsp;&nbsp;st_dword
<LI><a href="#[252b3b8]">&gt;&gt;</a>&nbsp;&nbsp;&nbsp;st_word
<LI><a href="#[252b3f4]">&gt;&gt;</a>&nbsp;&nbsp;&nbsp;ld_dword
</UL>
<BR>[Called By]<UL><LI><a href="#[252a698]">&gt;&gt;</a>&nbsp;&nbsp;&nbsp;f_expand
<LI><a href="#[252afbc]">&gt;&gt;</a>&nbsp;&nbsp;&nbsp;create_chain
<LI><a href="#[252aff8]">&gt;&gt;</a>&nbsp;&nbsp;&nbsp;remove_chain
</UL>

<P><STRONG><a name="[252aff8]"></a>remove_chain</STRONG> (Thumb, 170 bytes, Stack size 32 bytes, ff.o(.text), UNUSED)
<BR><BR>[Calls]<UL><LI><a href="#[252b034]">&gt;&gt;</a>&nbsp;&nbsp;&nbsp;put_fat
<LI><a href="#[252b070]">&gt;&gt;</a>&nbsp;&nbsp;&nbsp;get_fat
</UL>
<BR>[Called By]<UL><LI><a href="#[252a788]">&gt;&gt;</a>&nbsp;&nbsp;&nbsp;f_truncate
<LI><a href="#[252c6f0]">&gt;&gt;</a>&nbsp;&nbsp;&nbsp;f_unlink
<LI><a href="#[252c8d0]">&gt;&gt;</a>&nbsp;&nbsp;&nbsp;f_open
<LI><a href="#[252c984]">&gt;&gt;</a>&nbsp;&nbsp;&nbsp;f_mkdir
</UL>

<P><STRONG><a name="[252afbc]"></a>create_chain</STRONG> (Thumb, 318 bytes, Stack size 32 bytes, ff.o(.text), UNUSED)
<BR><BR>[Calls]<UL><LI><a href="#[252b034]">&gt;&gt;</a>&nbsp;&nbsp;&nbsp;put_fat
<LI><a href="#[252b070]">&gt;&gt;</a>&nbsp;&nbsp;&nbsp;get_fat
</UL>
<BR>[Called By]<UL><LI><a href="#[252a83c]">&gt;&gt;</a>&nbsp;&nbsp;&nbsp;f_write
<LI><a href="#[252af08]">&gt;&gt;</a>&nbsp;&nbsp;&nbsp;dir_next
<LI><a href="#[252c984]">&gt;&gt;</a>&nbsp;&nbsp;&nbsp;f_mkdir
<LI><a href="#[252c9c0]">&gt;&gt;</a>&nbsp;&nbsp;&nbsp;f_lseek
</UL>

<P><STRONG><a name="[252af80]"></a>dir_clear</STRONG> (Thumb, 100 bytes, Stack size 32 bytes, ff.o(.text), UNUSED)
<BR><BR>[Calls]<UL><LI><a href="#[252b0ac]">&gt;&gt;</a>&nbsp;&nbsp;&nbsp;clst2sect
<LI><a href="#[252b160]">&gt;&gt;</a>&nbsp;&nbsp;&nbsp;sync_window
<LI><a href="#[252b304]">&gt;&gt;</a>&nbsp;&nbsp;&nbsp;mem_set
<LI><a href="#[252d1b8]">&gt;&gt;</a>&nbsp;&nbsp;&nbsp;disk_write
</UL>
<BR>[Called By]<UL><LI><a href="#[252af08]">&gt;&gt;</a>&nbsp;&nbsp;&nbsp;dir_next
<LI><a href="#[252c984]">&gt;&gt;</a>&nbsp;&nbsp;&nbsp;f_mkdir
</UL>

<P><STRONG><a name="[252af44]"></a>dir_sdi</STRONG> (Thumb, 190 bytes, Stack size 24 bytes, ff.o(.text), UNUSED)
<BR><BR>[Calls]<UL><LI><a href="#[252b070]">&gt;&gt;</a>&nbsp;&nbsp;&nbsp;get_fat
<LI><a href="#[252b0ac]">&gt;&gt;</a>&nbsp;&nbsp;&nbsp;clst2sect
</UL>
<BR>[Called By]<UL><LI><a href="#[252a6d4]">&gt;&gt;</a>&nbsp;&nbsp;&nbsp;f_setlabel
<LI><a href="#[252a7c4]">&gt;&gt;</a>&nbsp;&nbsp;&nbsp;f_getcwd
<LI><a href="#[252ab84]">&gt;&gt;</a>&nbsp;&nbsp;&nbsp;follow_path
<LI><a href="#[252ac38]">&gt;&gt;</a>&nbsp;&nbsp;&nbsp;dir_remove
<LI><a href="#[252ac74]">&gt;&gt;</a>&nbsp;&nbsp;&nbsp;dir_register
<LI><a href="#[252acb0]">&gt;&gt;</a>&nbsp;&nbsp;&nbsp;dir_find
<LI><a href="#[252aecc]">&gt;&gt;</a>&nbsp;&nbsp;&nbsp;dir_alloc
<LI><a href="#[252c6f0]">&gt;&gt;</a>&nbsp;&nbsp;&nbsp;f_unlink
<LI><a href="#[252c7e0]">&gt;&gt;</a>&nbsp;&nbsp;&nbsp;f_readdir
<LI><a href="#[252c894]">&gt;&gt;</a>&nbsp;&nbsp;&nbsp;f_opendir
<LI><a href="#[252ca38]">&gt;&gt;</a>&nbsp;&nbsp;&nbsp;f_getlabel
</UL>

<P><STRONG><a name="[252af08]"></a>dir_next</STRONG> (Thumb, 234 bytes, Stack size 24 bytes, ff.o(.text), UNUSED)
<BR><BR>[Calls]<UL><LI><a href="#[252af80]">&gt;&gt;</a>&nbsp;&nbsp;&nbsp;dir_clear
<LI><a href="#[252afbc]">&gt;&gt;</a>&nbsp;&nbsp;&nbsp;create_chain
<LI><a href="#[252b070]">&gt;&gt;</a>&nbsp;&nbsp;&nbsp;get_fat
<LI><a href="#[252b0ac]">&gt;&gt;</a>&nbsp;&nbsp;&nbsp;clst2sect
</UL>
<BR>[Called By]<UL><LI><a href="#[252a7c4]">&gt;&gt;</a>&nbsp;&nbsp;&nbsp;f_getcwd
<LI><a href="#[252ac38]">&gt;&gt;</a>&nbsp;&nbsp;&nbsp;dir_remove
<LI><a href="#[252ac74]">&gt;&gt;</a>&nbsp;&nbsp;&nbsp;dir_register
<LI><a href="#[252acb0]">&gt;&gt;</a>&nbsp;&nbsp;&nbsp;dir_find
<LI><a href="#[252acec]">&gt;&gt;</a>&nbsp;&nbsp;&nbsp;dir_read
<LI><a href="#[252aecc]">&gt;&gt;</a>&nbsp;&nbsp;&nbsp;dir_alloc
<LI><a href="#[252c7e0]">&gt;&gt;</a>&nbsp;&nbsp;&nbsp;f_readdir
</UL>

<P><STRONG><a name="[252aecc]"></a>dir_alloc</STRONG> (Thumb, 96 bytes, Stack size 24 bytes, ff.o(.text), UNUSED)
<BR><BR>[Calls]<UL><LI><a href="#[252af08]">&gt;&gt;</a>&nbsp;&nbsp;&nbsp;dir_next
<LI><a href="#[252af44]">&gt;&gt;</a>&nbsp;&nbsp;&nbsp;dir_sdi
<LI><a href="#[252b124]">&gt;&gt;</a>&nbsp;&nbsp;&nbsp;move_window
</UL>
<BR>[Called By]<UL><LI><a href="#[252a6d4]">&gt;&gt;</a>&nbsp;&nbsp;&nbsp;f_setlabel
<LI><a href="#[252ac74]">&gt;&gt;</a>&nbsp;&nbsp;&nbsp;dir_register
</UL>

<P><STRONG><a name="[252ae90]"></a>ld_clust</STRONG> (Thumb, 38 bytes, Stack size 16 bytes, ff.o(.text), UNUSED)
<BR><BR>[Calls]<UL><LI><a href="#[252b430]">&gt;&gt;</a>&nbsp;&nbsp;&nbsp;ld_word
</UL>
<BR>[Called By]<UL><LI><a href="#[252a7c4]">&gt;&gt;</a>&nbsp;&nbsp;&nbsp;f_getcwd
<LI><a href="#[252ab84]">&gt;&gt;</a>&nbsp;&nbsp;&nbsp;follow_path
<LI><a href="#[252c6f0]">&gt;&gt;</a>&nbsp;&nbsp;&nbsp;f_unlink
<LI><a href="#[252c7a4]">&gt;&gt;</a>&nbsp;&nbsp;&nbsp;f_rename
<LI><a href="#[252c894]">&gt;&gt;</a>&nbsp;&nbsp;&nbsp;f_opendir
<LI><a href="#[252c8d0]">&gt;&gt;</a>&nbsp;&nbsp;&nbsp;f_open
<LI><a href="#[252cb28]">&gt;&gt;</a>&nbsp;&nbsp;&nbsp;f_chdir
</UL>

<P><STRONG><a name="[252ae54]"></a>st_clust</STRONG> (Thumb, 36 bytes, Stack size 16 bytes, ff.o(.text), UNUSED)
<BR><BR>[Calls]<UL><LI><a href="#[252b3b8]">&gt;&gt;</a>&nbsp;&nbsp;&nbsp;st_word
</UL>
<BR>[Called By]<UL><LI><a href="#[252c72c]">&gt;&gt;</a>&nbsp;&nbsp;&nbsp;f_sync
<LI><a href="#[252c7a4]">&gt;&gt;</a>&nbsp;&nbsp;&nbsp;f_rename
<LI><a href="#[252c8d0]">&gt;&gt;</a>&nbsp;&nbsp;&nbsp;f_open
<LI><a href="#[252c984]">&gt;&gt;</a>&nbsp;&nbsp;&nbsp;f_mkdir
</UL>

<P><STRONG><a name="[252ae18]"></a>cmp_lfn</STRONG> (Thumb, 148 bytes, Stack size 32 bytes, ff.o(.text), UNUSED)
<BR><BR>[Calls]<UL><LI><a href="#[252a56c]">&gt;&gt;</a>&nbsp;&nbsp;&nbsp;ff_wtoupper
<LI><a href="#[252b430]">&gt;&gt;</a>&nbsp;&nbsp;&nbsp;ld_word
</UL>
<BR>[Called By]<UL><LI><a href="#[252acb0]">&gt;&gt;</a>&nbsp;&nbsp;&nbsp;dir_find
</UL>

<P><STRONG><a name="[252addc]"></a>pick_lfn</STRONG> (Thumb, 136 bytes, Stack size 32 bytes, ff.o(.text), UNUSED)
<BR><BR>[Calls]<UL><LI><a href="#[252b430]">&gt;&gt;</a>&nbsp;&nbsp;&nbsp;ld_word
</UL>
<BR>[Called By]<UL><LI><a href="#[252acec]">&gt;&gt;</a>&nbsp;&nbsp;&nbsp;dir_read
</UL>

<P><STRONG><a name="[252ada0]"></a>put_lfn</STRONG> (Thumb, 126 bytes, Stack size 32 bytes, ff.o(.text), UNUSED)
<BR><BR>[Calls]<UL><LI><a href="#[252b3b8]">&gt;&gt;</a>&nbsp;&nbsp;&nbsp;st_word
</UL>
<BR>[Called By]<UL><LI><a href="#[252ac74]">&gt;&gt;</a>&nbsp;&nbsp;&nbsp;dir_register
</UL>

<P><STRONG><a name="[252ad64]"></a>gen_numname</STRONG> (Thumb, 218 bytes, Stack size 64 bytes, ff.o(.text), UNUSED)
<BR><BR>[Calls]<UL><LI><a href="#[252b250]">&gt;&gt;</a>&nbsp;&nbsp;&nbsp;dbc_1st
<LI><a href="#[252b340]">&gt;&gt;</a>&nbsp;&nbsp;&nbsp;mem_cpy
</UL>
<BR>[Called By]<UL><LI><a href="#[252ac74]">&gt;&gt;</a>&nbsp;&nbsp;&nbsp;dir_register
</UL>

<P><STRONG><a name="[252ad28]"></a>sum_sfn</STRONG> (Thumb, 32 bytes, Stack size 12 bytes, ff.o(.text), UNUSED)
<BR><BR>[Called By]<UL><LI><a href="#[252ac74]">&gt;&gt;</a>&nbsp;&nbsp;&nbsp;dir_register
<LI><a href="#[252acb0]">&gt;&gt;</a>&nbsp;&nbsp;&nbsp;dir_find
<LI><a href="#[252acec]">&gt;&gt;</a>&nbsp;&nbsp;&nbsp;dir_read
</UL>

<P><STRONG><a name="[252acec]"></a>dir_read</STRONG> (Thumb, 220 bytes, Stack size 40 bytes, ff.o(.text), UNUSED)
<BR><BR>[Calls]<UL><LI><a href="#[252ad28]">&gt;&gt;</a>&nbsp;&nbsp;&nbsp;sum_sfn
<LI><a href="#[252addc]">&gt;&gt;</a>&nbsp;&nbsp;&nbsp;pick_lfn
<LI><a href="#[252af08]">&gt;&gt;</a>&nbsp;&nbsp;&nbsp;dir_next
<LI><a href="#[252b124]">&gt;&gt;</a>&nbsp;&nbsp;&nbsp;move_window
</UL>
<BR>[Called By]<UL><LI><a href="#[252a6d4]">&gt;&gt;</a>&nbsp;&nbsp;&nbsp;f_setlabel
<LI><a href="#[252a7c4]">&gt;&gt;</a>&nbsp;&nbsp;&nbsp;f_getcwd
<LI><a href="#[252c6f0]">&gt;&gt;</a>&nbsp;&nbsp;&nbsp;f_unlink
<LI><a href="#[252c7e0]">&gt;&gt;</a>&nbsp;&nbsp;&nbsp;f_readdir
<LI><a href="#[252ca38]">&gt;&gt;</a>&nbsp;&nbsp;&nbsp;f_getlabel
</UL>

<P><STRONG><a name="[252acb0]"></a>dir_find</STRONG> (Thumb, 262 bytes, Stack size 32 bytes, ff.o(.text), UNUSED)
<BR><BR>[Calls]<UL><LI><a href="#[252ad28]">&gt;&gt;</a>&nbsp;&nbsp;&nbsp;sum_sfn
<LI><a href="#[252ae18]">&gt;&gt;</a>&nbsp;&nbsp;&nbsp;cmp_lfn
<LI><a href="#[252af08]">&gt;&gt;</a>&nbsp;&nbsp;&nbsp;dir_next
<LI><a href="#[252af44]">&gt;&gt;</a>&nbsp;&nbsp;&nbsp;dir_sdi
<LI><a href="#[252b124]">&gt;&gt;</a>&nbsp;&nbsp;&nbsp;move_window
<LI><a href="#[252b2c8]">&gt;&gt;</a>&nbsp;&nbsp;&nbsp;mem_cmp
</UL>
<BR>[Called By]<UL><LI><a href="#[252ab84]">&gt;&gt;</a>&nbsp;&nbsp;&nbsp;follow_path
<LI><a href="#[252ac74]">&gt;&gt;</a>&nbsp;&nbsp;&nbsp;dir_register
</UL>

<P><STRONG><a name="[252ac74]"></a>dir_register</STRONG> (Thumb, 326 bytes, Stack size 48 bytes, ff.o(.text), UNUSED)
<BR><BR>[Calls]<UL><LI><a href="#[252acb0]">&gt;&gt;</a>&nbsp;&nbsp;&nbsp;dir_find
<LI><a href="#[252ad28]">&gt;&gt;</a>&nbsp;&nbsp;&nbsp;sum_sfn
<LI><a href="#[252ad64]">&gt;&gt;</a>&nbsp;&nbsp;&nbsp;gen_numname
<LI><a href="#[252ada0]">&gt;&gt;</a>&nbsp;&nbsp;&nbsp;put_lfn
<LI><a href="#[252aecc]">&gt;&gt;</a>&nbsp;&nbsp;&nbsp;dir_alloc
<LI><a href="#[252af08]">&gt;&gt;</a>&nbsp;&nbsp;&nbsp;dir_next
<LI><a href="#[252af44]">&gt;&gt;</a>&nbsp;&nbsp;&nbsp;dir_sdi
<LI><a href="#[252b124]">&gt;&gt;</a>&nbsp;&nbsp;&nbsp;move_window
<LI><a href="#[252b304]">&gt;&gt;</a>&nbsp;&nbsp;&nbsp;mem_set
<LI><a href="#[252b340]">&gt;&gt;</a>&nbsp;&nbsp;&nbsp;mem_cpy
</UL>
<BR>[Called By]<UL><LI><a href="#[252c7a4]">&gt;&gt;</a>&nbsp;&nbsp;&nbsp;f_rename
<LI><a href="#[252c8d0]">&gt;&gt;</a>&nbsp;&nbsp;&nbsp;f_open
<LI><a href="#[252c984]">&gt;&gt;</a>&nbsp;&nbsp;&nbsp;f_mkdir
</UL>

<P><STRONG><a name="[252ac38]"></a>dir_remove</STRONG> (Thumb, 94 bytes, Stack size 24 bytes, ff.o(.text), UNUSED)
<BR><BR>[Calls]<UL><LI><a href="#[252af08]">&gt;&gt;</a>&nbsp;&nbsp;&nbsp;dir_next
<LI><a href="#[252af44]">&gt;&gt;</a>&nbsp;&nbsp;&nbsp;dir_sdi
<LI><a href="#[252b124]">&gt;&gt;</a>&nbsp;&nbsp;&nbsp;move_window
</UL>
<BR>[Called By]<UL><LI><a href="#[252c6f0]">&gt;&gt;</a>&nbsp;&nbsp;&nbsp;f_unlink
<LI><a href="#[252c7a4]">&gt;&gt;</a>&nbsp;&nbsp;&nbsp;f_rename
</UL>

<P><STRONG><a name="[252abfc]"></a>get_fileinfo</STRONG> (Thumb, 388 bytes, Stack size 40 bytes, ff.o(.text), UNUSED)
<BR><BR>[Calls]<UL><LI><a href="#[252b19c]">&gt;&gt;</a>&nbsp;&nbsp;&nbsp;put_utf
<LI><a href="#[252b3f4]">&gt;&gt;</a>&nbsp;&nbsp;&nbsp;ld_dword
<LI><a href="#[252b430]">&gt;&gt;</a>&nbsp;&nbsp;&nbsp;ld_word
</UL>
<BR>[Called By]<UL><LI><a href="#[252a7c4]">&gt;&gt;</a>&nbsp;&nbsp;&nbsp;f_getcwd
<LI><a href="#[252c768]">&gt;&gt;</a>&nbsp;&nbsp;&nbsp;f_stat
<LI><a href="#[252c7e0]">&gt;&gt;</a>&nbsp;&nbsp;&nbsp;f_readdir
</UL>

<P><STRONG><a name="[252abc0]"></a>create_name</STRONG> (Thumb, 766 bytes, Stack size 56 bytes, ff.o(.text), UNUSED)
<BR><BR>[Calls]<UL><LI><a href="#[252a56c]">&gt;&gt;</a>&nbsp;&nbsp;&nbsp;ff_wtoupper
<LI><a href="#[252a5a8]">&gt;&gt;</a>&nbsp;&nbsp;&nbsp;ff_uni2oem
<LI><a href="#[252b1d8]">&gt;&gt;</a>&nbsp;&nbsp;&nbsp;tchar2uni
<LI><a href="#[252b28c]">&gt;&gt;</a>&nbsp;&nbsp;&nbsp;chk_chr
<LI><a href="#[252b304]">&gt;&gt;</a>&nbsp;&nbsp;&nbsp;mem_set
</UL>
<BR>[Called By]<UL><LI><a href="#[252ab84]">&gt;&gt;</a>&nbsp;&nbsp;&nbsp;follow_path
</UL>

<P><STRONG><a name="[252ab84]"></a>follow_path</STRONG> (Thumb, 214 bytes, Stack size 32 bytes, ff.o(.text), UNUSED)
<BR><BR>[Calls]<UL><LI><a href="#[252abc0]">&gt;&gt;</a>&nbsp;&nbsp;&nbsp;create_name
<LI><a href="#[252acb0]">&gt;&gt;</a>&nbsp;&nbsp;&nbsp;dir_find
<LI><a href="#[252ae90]">&gt;&gt;</a>&nbsp;&nbsp;&nbsp;ld_clust
<LI><a href="#[252af44]">&gt;&gt;</a>&nbsp;&nbsp;&nbsp;dir_sdi
</UL>
<BR>[Called By]<UL><LI><a href="#[252a710]">&gt;&gt;</a>&nbsp;&nbsp;&nbsp;f_utime
<LI><a href="#[252a74c]">&gt;&gt;</a>&nbsp;&nbsp;&nbsp;f_chmod
<LI><a href="#[252c6f0]">&gt;&gt;</a>&nbsp;&nbsp;&nbsp;f_unlink
<LI><a href="#[252c768]">&gt;&gt;</a>&nbsp;&nbsp;&nbsp;f_stat
<LI><a href="#[252c7a4]">&gt;&gt;</a>&nbsp;&nbsp;&nbsp;f_rename
<LI><a href="#[252c894]">&gt;&gt;</a>&nbsp;&nbsp;&nbsp;f_opendir
<LI><a href="#[252c8d0]">&gt;&gt;</a>&nbsp;&nbsp;&nbsp;f_open
<LI><a href="#[252c984]">&gt;&gt;</a>&nbsp;&nbsp;&nbsp;f_mkdir
<LI><a href="#[252cb28]">&gt;&gt;</a>&nbsp;&nbsp;&nbsp;f_chdir
</UL>

<P><STRONG><a name="[252ab48]"></a>get_ldnumber</STRONG> (Thumb, 78 bytes, Stack size 16 bytes, ff.o(.text), UNUSED)
<BR><BR>[Called By]<UL><LI><a href="#[252a800]">&gt;&gt;</a>&nbsp;&nbsp;&nbsp;f_chdrive
<LI><a href="#[252aa94]">&gt;&gt;</a>&nbsp;&nbsp;&nbsp;mount_volume
<LI><a href="#[252c7a4]">&gt;&gt;</a>&nbsp;&nbsp;&nbsp;f_rename
<LI><a href="#[252c90c]">&gt;&gt;</a>&nbsp;&nbsp;&nbsp;f_mount
<LI><a href="#[252c948]">&gt;&gt;</a>&nbsp;&nbsp;&nbsp;f_mkfs
</UL>

<P><STRONG><a name="[252ab0c]"></a>check_fs</STRONG> (Thumb, 222 bytes, Stack size 24 bytes, ff.o(.text), UNUSED)
<BR><BR>[Calls]<UL><LI><a href="#[252b124]">&gt;&gt;</a>&nbsp;&nbsp;&nbsp;move_window
<LI><a href="#[252b2c8]">&gt;&gt;</a>&nbsp;&nbsp;&nbsp;mem_cmp
<LI><a href="#[252b430]">&gt;&gt;</a>&nbsp;&nbsp;&nbsp;ld_word
</UL>
<BR>[Called By]<UL><LI><a href="#[252aad0]">&gt;&gt;</a>&nbsp;&nbsp;&nbsp;find_volume
</UL>

<P><STRONG><a name="[252aad0]"></a>find_volume</STRONG> (Thumb, 120 bytes, Stack size 40 bytes, ff.o(.text), UNUSED)
<BR><BR>[Calls]<UL><LI><a href="#[252ab0c]">&gt;&gt;</a>&nbsp;&nbsp;&nbsp;check_fs
<LI><a href="#[252b3f4]">&gt;&gt;</a>&nbsp;&nbsp;&nbsp;ld_dword
</UL>
<BR>[Called By]<UL><LI><a href="#[252aa94]">&gt;&gt;</a>&nbsp;&nbsp;&nbsp;mount_volume
</UL>

<P><STRONG><a name="[252aa94]"></a>mount_volume</STRONG> (Thumb, 910 bytes, Stack size 72 bytes, ff.o(.text), UNUSED)
<BR><BR>[Calls]<UL><LI><a href="#[252aad0]">&gt;&gt;</a>&nbsp;&nbsp;&nbsp;find_volume
<LI><a href="#[252ab48]">&gt;&gt;</a>&nbsp;&nbsp;&nbsp;get_ldnumber
<LI><a href="#[252b124]">&gt;&gt;</a>&nbsp;&nbsp;&nbsp;move_window
<LI><a href="#[252b3f4]">&gt;&gt;</a>&nbsp;&nbsp;&nbsp;ld_dword
<LI><a href="#[252b430]">&gt;&gt;</a>&nbsp;&nbsp;&nbsp;ld_word
<LI><a href="#[252d17c]">&gt;&gt;</a>&nbsp;&nbsp;&nbsp;disk_ioctl
<LI><a href="#[252d230]">&gt;&gt;</a>&nbsp;&nbsp;&nbsp;disk_status
<LI><a href="#[252d26c]">&gt;&gt;</a>&nbsp;&nbsp;&nbsp;disk_initialize
</UL>
<BR>[Called By]<UL><LI><a href="#[252a6d4]">&gt;&gt;</a>&nbsp;&nbsp;&nbsp;f_setlabel
<LI><a href="#[252a710]">&gt;&gt;</a>&nbsp;&nbsp;&nbsp;f_utime
<LI><a href="#[252a74c]">&gt;&gt;</a>&nbsp;&nbsp;&nbsp;f_chmod
<LI><a href="#[252a7c4]">&gt;&gt;</a>&nbsp;&nbsp;&nbsp;f_getcwd
<LI><a href="#[252c6f0]">&gt;&gt;</a>&nbsp;&nbsp;&nbsp;f_unlink
<LI><a href="#[252c768]">&gt;&gt;</a>&nbsp;&nbsp;&nbsp;f_stat
<LI><a href="#[252c7a4]">&gt;&gt;</a>&nbsp;&nbsp;&nbsp;f_rename
<LI><a href="#[252c894]">&gt;&gt;</a>&nbsp;&nbsp;&nbsp;f_opendir
<LI><a href="#[252c8d0]">&gt;&gt;</a>&nbsp;&nbsp;&nbsp;f_open
<LI><a href="#[252c90c]">&gt;&gt;</a>&nbsp;&nbsp;&nbsp;f_mount
<LI><a href="#[252c984]">&gt;&gt;</a>&nbsp;&nbsp;&nbsp;f_mkdir
<LI><a href="#[252ca38]">&gt;&gt;</a>&nbsp;&nbsp;&nbsp;f_getlabel
<LI><a href="#[252ca74]">&gt;&gt;</a>&nbsp;&nbsp;&nbsp;f_getfree
<LI><a href="#[252cb28]">&gt;&gt;</a>&nbsp;&nbsp;&nbsp;f_chdir
</UL>

<P><STRONG><a name="[252aa58]"></a>validate</STRONG> (Thumb, 60 bytes, Stack size 16 bytes, ff.o(.text), UNUSED)
<BR><BR>[Calls]<UL><LI><a href="#[252d230]">&gt;&gt;</a>&nbsp;&nbsp;&nbsp;disk_status
</UL>
<BR>[Called By]<UL><LI><a href="#[252a698]">&gt;&gt;</a>&nbsp;&nbsp;&nbsp;f_expand
<LI><a href="#[252a788]">&gt;&gt;</a>&nbsp;&nbsp;&nbsp;f_truncate
<LI><a href="#[252a83c]">&gt;&gt;</a>&nbsp;&nbsp;&nbsp;f_write
<LI><a href="#[252c72c]">&gt;&gt;</a>&nbsp;&nbsp;&nbsp;f_sync
<LI><a href="#[252c7e0]">&gt;&gt;</a>&nbsp;&nbsp;&nbsp;f_readdir
<LI><a href="#[252c81c]">&gt;&gt;</a>&nbsp;&nbsp;&nbsp;f_read
<LI><a href="#[252c9c0]">&gt;&gt;</a>&nbsp;&nbsp;&nbsp;f_lseek
<LI><a href="#[252cab0]">&gt;&gt;</a>&nbsp;&nbsp;&nbsp;f_closedir
<LI><a href="#[252caec]">&gt;&gt;</a>&nbsp;&nbsp;&nbsp;f_close
</UL>

<P><STRONG><a name="[252aa1c]"></a>create_partition</STRONG> (Thumb, 418 bytes, Stack size 72 bytes, ff.o(.text), UNUSED)
<BR><BR>[Calls]<UL><LI><a href="#[252b304]">&gt;&gt;</a>&nbsp;&nbsp;&nbsp;mem_set
<LI><a href="#[252b37c]">&gt;&gt;</a>&nbsp;&nbsp;&nbsp;st_dword
<LI><a href="#[252b3b8]">&gt;&gt;</a>&nbsp;&nbsp;&nbsp;st_word
<LI><a href="#[252d17c]">&gt;&gt;</a>&nbsp;&nbsp;&nbsp;disk_ioctl
<LI><a href="#[252d1b8]">&gt;&gt;</a>&nbsp;&nbsp;&nbsp;disk_write
</UL>
<BR>[Called By]<UL><LI><a href="#[252c948]">&gt;&gt;</a>&nbsp;&nbsp;&nbsp;f_mkfs
</UL>

<P><STRONG><a name="[252a9e0]"></a>putc_bfd</STRONG> (Thumb, 78 bytes, Stack size 24 bytes, ff.o(.text), UNUSED)
<BR><BR>[Calls]<UL><LI><a href="#[252a83c]">&gt;&gt;</a>&nbsp;&nbsp;&nbsp;f_write
<LI><a href="#[252a9e0]">&gt;&gt;</a>&nbsp;&nbsp;&nbsp;putc_bfd
</UL>
<BR>[Called By]<UL><LI><a href="#[252a620]">&gt;&gt;</a>&nbsp;&nbsp;&nbsp;f_printf
<LI><a href="#[252a65c]">&gt;&gt;</a>&nbsp;&nbsp;&nbsp;f_putc
<LI><a href="#[252a9e0]">&gt;&gt;</a>&nbsp;&nbsp;&nbsp;putc_bfd
<LI><a href="#[252c858]">&gt;&gt;</a>&nbsp;&nbsp;&nbsp;f_puts
</UL>

<P><STRONG><a name="[252a9a4]"></a>putc_flush</STRONG> (Thumb, 44 bytes, Stack size 16 bytes, ff.o(.text), UNUSED)
<BR><BR>[Calls]<UL><LI><a href="#[252a83c]">&gt;&gt;</a>&nbsp;&nbsp;&nbsp;f_write
</UL>
<BR>[Called By]<UL><LI><a href="#[252a620]">&gt;&gt;</a>&nbsp;&nbsp;&nbsp;f_printf
<LI><a href="#[252a65c]">&gt;&gt;</a>&nbsp;&nbsp;&nbsp;f_putc
<LI><a href="#[252c858]">&gt;&gt;</a>&nbsp;&nbsp;&nbsp;f_puts
</UL>

<P><STRONG><a name="[252a968]"></a>putc_init</STRONG> (Thumb, 20 bytes, Stack size 16 bytes, ff.o(.text), UNUSED)
<BR><BR>[Calls]<UL><LI><a href="#[252b304]">&gt;&gt;</a>&nbsp;&nbsp;&nbsp;mem_set
</UL>
<BR>[Called By]<UL><LI><a href="#[252a620]">&gt;&gt;</a>&nbsp;&nbsp;&nbsp;f_printf
<LI><a href="#[252a65c]">&gt;&gt;</a>&nbsp;&nbsp;&nbsp;f_putc
<LI><a href="#[252c858]">&gt;&gt;</a>&nbsp;&nbsp;&nbsp;f_puts
</UL>

<P><STRONG><a name="[2526f48]"></a>_dadd1</STRONG> (Thumb, 0 bytes, Stack size unknown bytes, daddsub_clz.o(x$fpl$dadd), UNUSED)
<BR><BR>[Called By]<UL><LI><a href="#[2526d68]">&gt;&gt;</a>&nbsp;&nbsp;&nbsp;_dsub
<LI><a href="#[2526de0]">&gt;&gt;</a>&nbsp;&nbsp;&nbsp;_drsb
</UL>

<P><STRONG><a name="[2526f0c]"></a>_dsub1</STRONG> (Thumb, 0 bytes, Stack size unknown bytes, daddsub_clz.o(x$fpl$dsub), UNUSED)
<BR><BR>[Called By]<UL><LI><a href="#[2526de0]">&gt;&gt;</a>&nbsp;&nbsp;&nbsp;_drsb
<LI><a href="#[2526e94]">&gt;&gt;</a>&nbsp;&nbsp;&nbsp;_dadd
</UL>

<P><STRONG><a name="[2525c4c]"></a>_fadd1</STRONG> (Thumb, 0 bytes, Stack size unknown bytes, faddsub_clz.o(x$fpl$fadd), UNUSED)
<BR><BR>[Called By]<UL><LI><a href="#[2525a6c]">&gt;&gt;</a>&nbsp;&nbsp;&nbsp;_fsub
<LI><a href="#[2525ae4]">&gt;&gt;</a>&nbsp;&nbsp;&nbsp;_frsb
</UL>

<P><STRONG><a name="[2525c10]"></a>_fsub1</STRONG> (Thumb, 0 bytes, Stack size unknown bytes, faddsub_clz.o(x$fpl$fsub), UNUSED)
<BR><BR>[Called By]<UL><LI><a href="#[2525ae4]">&gt;&gt;</a>&nbsp;&nbsp;&nbsp;_frsb
<LI><a href="#[2525b98]">&gt;&gt;</a>&nbsp;&nbsp;&nbsp;_fadd
</UL>

<P><STRONG><a name="[2523690]"></a>_printf_input_char</STRONG> (Thumb, 10 bytes, Stack size 0 bytes, _printf_char_common.o(.text))
<BR>[Address Reference Count : 1]<UL><LI> _printf_char_common.o(.text)
</UL><P>
<H3>
Undefined Global Symbols
</H3><HR></body></html>
