ARM Linker, RVCT4.0 [Build 524] for uVision [Standard]

==============================================================================

Section Cross References

    startup_lpc17xx.o(STACK) refers (Special) to heapauxi.o(.text) for __use_two_region_memory
    startup_lpc17xx.o(HEAP) refers (Special) to heapauxi.o(.text) for __use_two_region_memory
    startup_lpc17xx.o(RESET) refers (Special) to heapauxi.o(.text) for __use_two_region_memory
    startup_lpc17xx.o(RESET) refers to startup_lpc17xx.o(STACK) for __initial_sp
    startup_lpc17xx.o(RESET) refers to startup_lpc17xx.o(.text) for Reset_Handler
    startup_lpc17xx.o(RESET) refers to systick.o(.text) for SysTick_Handler
    startup_lpc17xx.o(RESET) refers to uart.o(.text) for UART0_IRQHandler
    startup_lpc17xx.o(RESET) refers to rtc.o(.text) for RTC_IRQHandler
    startup_lpc17xx.o(RESET) refers to extintr.o(.text) for EINT0_IRQHandler
    startup_lpc17xx.o(RESET) refers to bod.o(.text) for BOD_IRQHandler
    startup_lpc17xx.o(.ARM.__at_0x02FC) refers (Special) to heapauxi.o(.text) for __use_two_region_memory
    startup_lpc17xx.o(.text) refers (Special) to heapauxi.o(.text) for __use_two_region_memory
    startup_lpc17xx.o(.text) refers to __main.o(!!!main) for __main
    startup_lpc17xx.o(.text) refers to startup_lpc17xx.o(HEAP) for Heap_Mem
    startup_lpc17xx.o(.text) refers to startup_lpc17xx.o(STACK) for Stack_Mem
    system_lpc17xx.o(.text) refers to system_lpc17xx.o(.data) for SystemCoreClock
    adc.o(.text) refers to gpio.o(.text) for GPIO_PinFunction
    adc.o(.text) refers to delay.o(.text) for DELAY_us
    adc.o(.text) refers to dflt_clz.o(x$fpl$dflt) for __aeabi_i2d
    adc.o(.text) refers to dmul.o(x$fpl$dmul) for __aeabi_dmul
    adc.o(.text) refers to ddiv.o(x$fpl$ddiv) for __aeabi_ddiv
    adc.o(.text) refers to d2f.o(x$fpl$d2f) for __aeabi_d2f
    adc.o(.text) refers to f2d.o(x$fpl$f2d) for __aeabi_f2d
    adc.o(.text) refers to convert.o(.text) for ftoa_signed
    adc.o(.text) refers to system_lpc17xx.o(.data) for SystemCoreClock
    adc.o(.text) refers to adc.o(.constdata) for AdcConfig
    adc.o(.text) refers to adc.o(.data) for adcValue0
    convert.o(.text) refers to ffix.o(x$fpl$ffix) for __aeabi_f2iz
    convert.o(.text) refers to fflt_clz.o(x$fpl$fflt) for __aeabi_i2f
    convert.o(.text) refers to faddsub_clz.o(x$fpl$frsb) for __aeabi_frsub
    convert.o(.text) refers to dflt_clz.o(x$fpl$dflt) for __aeabi_i2d
    convert.o(.text) refers to pow.o(i.pow) for pow
    convert.o(.text) refers to f2d.o(x$fpl$f2d) for __aeabi_f2d
    convert.o(.text) refers to dmul.o(x$fpl$dmul) for __aeabi_dmul
    convert.o(.text) refers to daddsub_clz.o(x$fpl$dadd) for __aeabi_dadd
    convert.o(.text) refers to d2f.o(x$fpl$d2f) for __aeabi_d2f
    convert.o(.text) refers to fdiv.o(x$fpl$fdiv) for __aeabi_fdiv
    convert.o(.text) refers to fmul.o(x$fpl$fmul) for __aeabi_fmul
    convert.o(.text) refers to faddsub_clz.o(x$fpl$fadd) for __aeabi_fadd
    convert.o(.text) refers to fleqf.o(x$fpl$fleqf) for __aeabi_cfcmple
    convert.o(.text) refers to feqf.o(x$fpl$feqf) for __aeabi_cfcmpeq
    extintr.o(.text) refers to gpio.o(.text) for GPIO_PinFunction
    extintr.o(.text) refers to extintr.o(.data) for EintConfigTable
    gprs.o(.text) refers (Special) to _printf_d.o(.ARM.Collect$$_printf_percent$$00000009) for _printf_d
    gprs.o(.text) refers (Special) to _printf_dec.o(.text) for _printf_int_dec
    gprs.o(.text) refers (Special) to _printf_percent.o(.ARM.Collect$$_printf_percent$$00000000) for _printf_percent
    gprs.o(.text) refers (Special) to _printf_pad.o(.text) for _printf_pre_padding
    gprs.o(.text) refers (Special) to _printf_s.o(.ARM.Collect$$_printf_percent$$00000014) for _printf_s
    gprs.o(.text) refers (Special) to _printf_str.o(.text) for _printf_str
    gprs.o(.text) refers to rtc.o(.text) for RTC_ReadGPREG
    gprs.o(.text) refers to f2d.o(x$fpl$f2d) for __aeabi_f2d
    gprs.o(.text) refers to daddsub_clz.o(x$fpl$dadd) for __aeabi_dadd
    gprs.o(.text) refers to d2f.o(x$fpl$d2f) for __aeabi_d2f
    gprs.o(.text) refers to convert.o(.text) for ftoa
    gprs.o(.text) refers to dflt_clz.o(x$fpl$dfltu) for __aeabi_ui2d
    gprs.o(.text) refers to dmul.o(x$fpl$dmul) for __aeabi_dmul
    gprs.o(.text) refers to feqf.o(x$fpl$feqf) for __aeabi_cfcmpeq
    gprs.o(.text) refers to strlen.o(.text) for strlen
    gprs.o(.text) refers to delay.o(.text) for DELAY_ms
    gprs.o(.text) refers to rt_memmove_v6.o(.text) for __aeabi_memmove
    gprs.o(.text) refers to strncmp.o(.text) for strncmp
    gprs.o(.text) refers to rt_memclr.o(.text) for __aeabi_memclr
    gprs.o(.text) refers to strstr.o(.text) for strstr
    gprs.o(.text) refers to uart.o(.text) for UART_TxString
    gprs.o(.text) refers to gpio.o(.text) for GPIO_PinWrite
    gprs.o(.text) refers to lpc17xx_wdt.o(.text) for WDT_Feed
    gprs.o(.text) refers to strchr.o(.text) for strchr
    gprs.o(.text) refers to gprs.o(.data) for numTipsRain
[...]
    __rt_lib_shutdown_stdio_1                0x000041bb   Thumb Code     0  libshutdown2.o(.ARM.Collect$$libshutdown$$00000003)
    __rt_lib_shutdown_user_alloc_1           0x000041bb   Thumb Code     0  libshutdown2.o(.ARM.Collect$$libshutdown$$0000000B)
    __rt_entry                               0x000041bd   Thumb Code     0  rtentry.o(.ARM.Collect$$rtentry$$00000000)
    __rt_entry_presh_1                       0x000041bd   Thumb Code     0  rtentry2.o(.ARM.Collect$$rtentry$$00000002)
    __rt_entry_sh                            0x000041bd   Thumb Code     0  rtentry4.o(.ARM.Collect$$rtentry$$00000004)
    __rt_entry_li                            0x000041c3   Thumb Code     0  rtentry2.o(.ARM.Collect$$rtentry$$0000000A)
    __rt_entry_postsh_1                      0x000041c3   Thumb Code     0  rtentry2.o(.ARM.Collect$$rtentry$$00000009)
    __rt_entry_main                          0x000041c7   Thumb Code     0  rtentry2.o(.ARM.Collect$$rtentry$$0000000D)
    __rt_entry_postli_1                      0x000041c7   Thumb Code     0  rtentry2.o(.ARM.Collect$$rtentry$$0000000C)
    __rt_exit                                0x000041cf   Thumb Code     0  rtexit.o(.ARM.Collect$$rtexit$$00000000)
    __rt_exit_ls                             0x000041cf   Thumb Code     0  rtexit2.o(.ARM.Collect$$rtexit$$00000003)
    __rt_exit_prels_1                        0x000041cf   Thumb Code     0  rtexit2.o(.ARM.Collect$$rtexit$$00000002)
    __rt_exit_exit                           0x000041d3   Thumb Code     0  rtexit2.o(.ARM.Collect$$rtexit$$00000004)
    Reset_Handler                            0x000041d9   Thumb Code     4  startup_lpc17xx.o(.text)
    NMI_Handler                              0x000041dd   Thumb Code     2  startup_lpc17xx.o(.text)
    HardFault_Handler                        0x000041df   Thumb Code     2  startup_lpc17xx.o(.text)
    MemManage_Handler                        0x000041e1   Thumb Code     2  startup_lpc17xx.o(.text)
    BusFault_Handler                         0x000041e3   Thumb Code     2  startup_lpc17xx.o(.text)
    UsageFault_Handler                       0x000041e5   Thumb Code     2  startup_lpc17xx.o(.text)
    SVC_Handler                              0x000041e7   Thumb Code     2  startup_lpc17xx.o(.text)
    DebugMon_Handler                         0x000041e9   Thumb Code     2  startup_lpc17xx.o(.text)
    PendSV_Handler                           0x000041eb   Thumb Code     2  startup_lpc17xx.o(.text)
    ADC_IRQHandler                           0x000041ef   Thumb Code     0  startup_lpc17xx.o(.text)
    CANActivity_IRQHandler                   0x000041ef   Thumb Code     0  startup_lpc17xx.o(.text)
    CAN_IRQHandler                           0x000041ef   Thumb Code     0  startup_lpc17xx.o(.text)
    DMA_IRQHandler                           0x000041ef   Thumb Code     0  startup_lpc17xx.o(.text)
    ENET_IRQHandler                          0x000041ef   Thumb Code     0  startup_lpc17xx.o(.text)
    I2C0_IRQHandler                          0x000041ef   Thumb Code     0  startup_lpc17xx.o(.text)
    I2C1_IRQHandler                          0x000041ef   Thumb Code     0  startup_lpc17xx.o(.text)
    I2C2_IRQHandler                          0x000041ef   Thumb Code     0  startup_lpc17xx.o(.text)
    I2S_IRQHandler                           0x000041ef   Thumb Code     0  startup_lpc17xx.o(.text)
    MCPWM_IRQHandler                         0x000041ef   Thumb Code     0  startup_lpc17xx.o(.text)
    PLL0_IRQHandler                          0x000041ef   Thumb Code     0  startup_lpc17xx.o(.text)
    PLL1_IRQHandler                          0x000041ef   Thumb Code     0  startup_lpc17xx.o(.text)
    PWM1_IRQHandler                          0x000041ef   Thumb Code     0  startup_lpc17xx.o(.text)
    QEI_IRQHandler                           0x000041ef   Thumb Code     0  startup_lpc17xx.o(.text)
    RIT_IRQHandler                           0x000041ef   Thumb Code     0  startup_lpc17xx.o(.text)
    SPI_IRQHandler                           0x000041ef   Thumb Code     0  startup_lpc17xx.o(.text)
    SSP0_IRQHandler                          0x000041ef   Thumb Code     0  startup_lpc17xx.o(.text)
    SSP1_IRQHandler                          0x000041ef   Thumb Code     0  startup_lpc17xx.o(.text)
    TIMER0_IRQHandler                        0x000041ef   Thumb Code     0  startup_lpc17xx.o(.text)
    TIMER1_IRQHandler                        0x000041ef   Thumb Code     0  startup_lpc17xx.o(.text)
    TIMER2_IRQHandler                        0x000041ef   Thumb Code     0  startup_lpc17xx.o(.text)
    TIMER3_IRQHandler                        0x000041ef   Thumb Code     0  startup_lpc17xx.o(.text)
    UART2_IRQHandler                         0x000041ef   Thumb Code     0  startup_lpc17xx.o(.text)
    USBActivity_IRQHandler                   0x000041ef   Thumb Code     0  startup_lpc17xx.o(.text)
    USB_IRQHandler                           0x000041ef   Thumb Code     0  startup_lpc17xx.o(.text)
    WDT_IRQHandler                           0x000041ef   Thumb Code     0  startup_lpc17xx.o(.text)
    __user_initial_stackheap                 0x000041f1   Thumb Code     0  startup_lpc17xx.o(.text)
    SystemCoreClockUpdate                    0x0000420d   Thumb Code   306  system_lpc17xx.o(.text)
    SystemInit                               0x0000433f   Thumb Code   172  system_lpc17xx.o(.text)
    ADC_Init                                 0x00004443   Thumb Code    44  adc.o(.text)
    ADC_GetAdcValue                          0x0000446f   Thumb Code    88  adc.o(.text)
    Read_ADCchannels                         0x000044c7   Thumb Code   250  adc.o(.text)
    reverse                                  0x00004619   Thumb Code    26  convert.o(.text)
    intToStr                                 0x00004633   Thumb Code    72  convert.o(.text)
    ftoa                                     0x0000467b   Thumb Code   154  convert.o(.text)
    ascii_integer                            0x00004715   Thumb Code    50  convert.o(.text)
    stof                                     0x00004747   Thumb Code   112  convert.o(.text)
    ftoa_signed                              0x000047b7   Thumb Code   470  convert.o(.text)
    DELAY_us                                 0x000049a5   Thumb Code    26  delay.o(.text)
    DELAY_ms                                 0x000049bf   Thumb Code    24  delay.o(.text)
    DELAY_sec                                0x000049d7   Thumb Code    24  delay.o(.text)
    EINT_AttachInterrupt                     0x000049f1   Thumb Code   230  extintr.o(.text)
    EINT_DetachInterrupt                     0x00004ad7   Thumb Code    32  extintr.o(.text)
    EINT0_IRQHandler                         0x00004af7   Thumb Code    32  extintr.o(.text)
    EINT1_IRQHandler                         0x00004b17   Thumb Code    32  extintr.o(.text)
    EINT2_IRQHandler                         0x00004b37   Thumb Code    32  extintr.o(.text)
    EINT3_IRQHandler                         0x00004b57   Thumb Code    32  extintr.o(.text)
    GPIO_PinFunction                         0x00004b85   Thumb Code    64  gpio.o(.text)
    GPIO_PinDirection                        0x00004bc5   Thumb Code    44  gpio.o(.text)
    GPIO_PinWrite                            0x00004bf1   Thumb Code    44  gpio.o(.text)
    GPIO_PinToggle                           0x00004c1d   Thumb Code    30  gpio.o(.text)
    GPIO_PinRead                             0x00004c3b   Thumb Code    42  gpio.o(.text)
    set_ResistorMode                         0x00004c65   Thumb Code    58  gpio.o(.text)
    set_OpenDrainMode                        0x00004c9f   Thumb Code    42  gpio.o(.text)
    myExtIntrIsr_3                           0x00004cd1   Thumb Code    22  gprs.o(.text)
    _24hr_RainFall                           0x00004ce7   Thumb Code    78  gprs.o(.text)
    calcRainFall                             0x00004d35   Thumb Code   102  gprs.o(.text)
    Yearly_Rain                              0x00004d9b   Thumb Code    60  gprs.o(.text)
    rtc_1call                                0x00004dd7   Thumb Code    52  gprs.o(.text)
    rtc_2call                                0x00004e0b   Thumb Code    96  gprs.o(.text)
    Read_Response                            0x00004e6b   Thumb Code   202  gprs.o(.text)
    Start_Read_Response                      0x00004f35   Thumb Code    28  gprs.o(.text)
    Buffer_Flush                             0x00004f51   Thumb Code    18  gprs.o(.text)
    WaitForExpectedResponse                  0x00004f63   Thumb Code    48  gprs.o(.text)
    WaitForStatus200_302                     0x00004f93   Thumb Code    60  gprs.o(.text)
    SendATandExpectResponse                  0x00004fcf   Thumb Code    34  gprs.o(.text)
    Module_PowerOff                          0x00004ff1   Thumb Code    28  gprs.o(.text)
    Module_sleep_mode                        0x0000500d   Thumb Code    40  gprs.o(.text)
    Module_PDP_Activation                    0x00005035   Thumb Code    24  gprs.o(.text)
    GNSS_PowerOff                            0x0000504d   Thumb Code    22  gprs.o(.text)
    ReadNavigation                           0x00005309   Thumb Code   142  gprs.o(.text)
    GNSS_Connect                             0x00005397   Thumb Code    90  gprs.o(.text)
    Module_deactivateBearerProfile           0x000053f1   Thumb Code    28  gprs.o(.text)
    MODEMGetAPN                              0x0000540d   Thumb Code   876  gprs.o(.text)
    MODEMGetSignalStrength                   0x00005779   Thumb Code   778  gprs.o(.text)
    Query_NetworkRegistration                0x00005a83   Thumb Code   130  gprs.o(.text)
    modemCheck_initialization                0x00005b05   Thumb Code   638  gprs.o(.text)
    Wait_Till_SimModule_Communication        0x00005d83   Thumb Code   104  gprs.o(.text)
    Query_Sim_Insert                         0x00005deb   Thumb Code   176  gprs.o(.text)
    MODEMGetIMEI                             0x00005e9b   Thumb Code   152  gprs.o(.text)
    MODEM_CheckAttention                     0x00005f33   Thumb Code   160  gprs.o(.text)
    modem_initialization                     0x00005fd3   Thumb Code   130  gprs.o(.text)
    Module_Initializing                      0x00006055   Thumb Code   620  gprs.o(.text)
    RestartModule                            0x000062c1   Thumb Code    20  gprs.o(.text)
    ShutDownModule                           0x000062d5   Thumb Code    24  gprs.o(.text)
    Module_awakeup_mode                      0x000062ed   Thumb Code    70  gprs.o(.text)
    MODEM_SetPhoneFunctionality              0x00006333   Thumb Code   120  gprs.o(.text)
    Query_Set_CLTS                           0x000063ab   Thumb Code    54  gprs.o(.text)
    Update_RTC                               0x000063e1   Thumb Code   262  gprs.o(.text)
    MODEM_GetNetworkTime                     0x000064e7   Thumb Code    30  gprs.o(.text)
    GNSS_PowerON                             0x00006505   Thumb Code    22  gprs.o(.text)
    Query_GPRSRegistrationStatus             0x0000651b   Thumb Code   138  gprs.o(.text)
    HTTP_Post                                0x000065a5   Thumb Code  1466  gprs.o(.text)
    HTTP_SetURL                              0x00006b5f   Thumb Code    92  gprs.o(.text)
    Check_LocalIP                            0x00006bbb   Thumb Code    26  gprs.o(.text)
    PackOffLog                               0x00006bd5   Thumb Code    96  gprs.o(.text)
    Check_QIState                            0x00006c35   Thumb Code    24  gprs.o(.text)
    myExtIntrIsr_1                           0x00006c4d   Thumb Code    34  gprs.o(.text)
    GSM_Delete_All_Msg                       0x00006c6f   Thumb Code    24  gprs.o(.text)
    GSM_Msg_Delete                           0x00006c87   Thumb Code    46  gprs.o(.text)
    GSM_Msg_Display                          0x00006cb5   Thumb Code   706  gprs.o(.text)
    GSM_Msg_Read                             0x00006f77   Thumb Code    44  gprs.o(.text)
    readSMS                                  0x00006fa3   Thumb Code  1184  gprs.o(.text)
    SMS_READ_Setting                         0x00007443   Thumb Code   122  gprs.o(.text)
    sampleTestlog                            0x000074bd   Thumb Code   522  gprs.o(.text)
    LCD_ScrollDisplay                        0x000076c7   Thumb Code  1306  gprs.o(.text)
    SMSDefaultSetting                        0x00007be1   Thumb Code    82  gprs.o(.text)
    GSM_Wait_for_Msg                         0x00007c33   Thumb Code   654  gprs.o(.text)
    GSM_Send_Msg                             0x00007ec1   Thumb Code   166  gprs.o(.text)
    GSM_Calling                              0x00007f67   Thumb Code    28  gprs.o(.text)
    GSM_HangCall                             0x00007f83   Thumb Code    12  gprs.o(.text)
    GSM_Response_Display                     0x00007f8f   Thumb Code    82  gprs.o(.text)
    Get_SMSC_Number                          0x00007fe1   Thumb Code    70  gprs.o(.text)
    LCD_SetUp                                0x00008071   Thumb Code   188  lcd.o(.text)
    LCD_CmdWrite                             0x0000825d   Thumb Code    50  lcd.o(.text)
    LCD_GoToLine                             0x0000828f   Thumb Code    32  lcd.o(.text)
    LCD_Clear                                0x000082af   Thumb Code    16  lcd.o(.text)
    LCD_Init                                 0x00008303   Thumb Code    86  lcd.o(.text)
    LCD_GoToNextLine                         0x00008359   Thumb Code    50  lcd.o(.text)
    LCD_SetCursor                            0x0000838b   Thumb Code    44  lcd.o(.text)
    LCD_DisplayChar                          0x0000841b   Thumb Code    46  lcd.o(.text)
    LCD_DisplayString                        0x00008449   Thumb Code    22  lcd.o(.text)
    LCD_ScrollMessage                        0x0000845f   Thumb Code   130  lcd.o(.text)
    LCD_DisplayNumber                        0x000084e1   Thumb Code   178  lcd.o(.text)
    LCD_DisplayFloatNumber                   0x00008593   Thumb Code    72  lcd.o(.text)
    LCD_Printf                               0x000085db   Thumb Code   532  lcd.o(.text)
    lcd16x2_create_custom_char               0x000087ef   Thumb Code    38  lcd.o(.text)
    lcd16x2_put_custom_char                  0x00008815   Thumb Code    24  lcd.o(.text)
    CLKPWR_SetPCLKDiv                        0x00008835   Thumb Code    92  lpc17xx_clkpwr.o(.text)
    CLKPWR_GetPCLKSEL                        0x00008891   Thumb Code    34  lpc17xx_clkpwr.o(.text)
    CLKPWR_GetPCLK                           0x000088b3   Thumb Code    58  lpc17xx_clkpwr.o(.text)
    CLKPWR_ConfigPPWR                        0x000088ed   Thumb Code    46  lpc17xx_clkpwr.o(.text)
    CLKPWR_Sleep                             0x0000891b   Thumb Code    12  lpc17xx_clkpwr.o(.text)
    CLKPWR_DeepSleep                         0x00008927   Thumb Code    18  lpc17xx_clkpwr.o(.text)
    CLKPWR_PowerDown                         0x00008939   Thumb Code    18  lpc17xx_clkpwr.o(.text)
    CLKPWR_DeepPowerDown                     0x0000894b   Thumb Code    18  lpc17xx_clkpwr.o(.text)
    WDT_Init                                 0x00008a4f   Thumb Code    54  lpc17xx_wdt.o(.text)
    WDT_Feed                                 0x00008a85   Thumb Code    16  lpc17xx_wdt.o(.text)
    WDT_Start                                0x00008a95   Thumb Code    44  lpc17xx_wdt.o(.text)
    WDT_ReadTimeOutFlag                      0x00008ac1   Thumb Code    12  lpc17xx_wdt.o(.text)
    WDT_ClrTimeOutFlag                       0x00008acd   Thumb Code    18  lpc17xx_wdt.o(.text)
    WDT_UpdateTimeOut                        0x00008adf   Thumb Code    28  lpc17xx_wdt.o(.text)
    WDT_GetCurrentCount                      0x00008afb   Thumb Code     8  lpc17xx_wdt.o(.text)
    RTC_ClearIntPending                      0x00008b11   Thumb Code    12  rtc.o(.text)
    RTC_GetIntPending                        0x00008b1d   Thumb Code    20  rtc.o(.text)
    RTC_IRQHandler                           0x00008b31   Thumb Code    24  rtc.o(.text)
    RTC_Init                                 0x00008b49   Thumb Code    70  rtc.o(.text)
    RTCStart                                 0x00008b8f   Thumb Code    12  rtc.o(.text)
    RTC_IntDisable                           0x00008b9b   Thumb Code    18  rtc.o(.text)
    RTCStop                                  0x00008bad   Thumb Code    14  rtc.o(.text)
    RTC_DeInit                               0x00008bbb   Thumb Code    20  rtc.o(.text)
    RTC_ResetClockTickCounter                0x00008bcf   Thumb Code    24  rtc.o(.text)
    RTC_Cmd                                  0x00008be7   Thumb Code    32  rtc.o(.text)
    RTC_CntIncrIntConfig                     0x00008c07   Thumb Code   266  rtc.o(.text)
    RTC_AlarmIntConfig                       0x00008d11   Thumb Code   266  rtc.o(.text)
    RTC_SetTime                              0x00008e1b   Thumb Code   154  rtc.o(.text)
    RTC_GetTime                              0x00008eb5   Thumb Code   126  rtc.o(.text)
    RTC_SetFullTime                          0x00008f33   Thumb Code    90  rtc.o(.text)
    RTC_GetFullTime                          0x00008f8d   Thumb Code    96  rtc.o(.text)
    RTC_SetAlarmTime                         0x00008fed   Thumb Code   158  rtc.o(.text)
    RTC_GetAlarmTime                         0x0000908b   Thumb Code   118  rtc.o(.text)
    RTC_SetFullAlarmTime                     0x00009101   Thumb Code    92  rtc.o(.text)
    RTC_GetFullAlarmTime                     0x0000915d   Thumb Code    98  rtc.o(.text)
    RTC_CalibCounterCmd                      0x000091bf   Thumb Code    40  rtc.o(.text)
    RTC_CalibConfig                          0x000091e7   Thumb Code    32  rtc.o(.text)
    RTC_WriteGPREG                           0x00009207   Thumb Code    12  rtc.o(.text)
    RTC_ReadGPREG                            0x00009213   Thumb Code    14  rtc.o(.text)
    RTC_SetDateTime                          0x00009221   Thumb Code    52  rtc.o(.text)
    RTC_GetDateTime                          0x00009255   Thumb Code    70  rtc.o(.text)
    RTCSetAlarmMask                          0x0000929b   Thumb Code     8  rtc.o(.text)
    UART_SetBaudRate                         0x0000950b   Thumb Code   186  uart.o(.text)
    UART_Init                                0x000095c5   Thumb Code   108  uart.o(.text)
    UART_RxChar                              0x00009631   Thumb Code    38  uart.o(.text)
    UART_RxChar3                             0x00009657   Thumb Code    60  uart.o(.text)
    UART_TxChar                              0x00009693   Thumb Code    34  uart.o(.text)
    UART_TxString                            0x000096b5   Thumb Code   112  uart.o(.text)
    UART_RxString                            0x00009725   Thumb Code    68  uart.o(.text)
    UART_TxNumber                            0x00009769   Thumb Code   168  uart.o(.text)
    UART_TxFloatNumber                       0x00009811   Thumb Code    84  uart.o(.text)
    UART_Printf                              0x00009865   Thumb Code   614  uart.o(.text)
    UART1_IRQHandler                         0x00009acb   Thumb Code   170  uart.o(.text)
    UART0_IRQHandler                         0x00009b75   Thumb Code   170  uart.o(.text)
    UART3_IRQHandler                         0x00009c1f   Thumb Code   224  uart.o(.text)
    UART3_EnableBuffer                       0x00009cff   Thumb Code     8  uart.o(.text)
    UART3_DisableBuffer                      0x00009d07   Thumb Code     8  uart.o(.text)
    UART1_EnableBuffer_Interrupt             0x00009d0f   Thumb Code    10  uart.o(.text)
    UART1_DisableBuffer_Interrupt            0x00009d19   Thumb Code    12  uart.o(.text)
    UART0_EnableBuffer_Interrupt             0x00009d25   Thumb Code    10  uart.o(.text)
    UART0_DisableBuffer_Interrupt            0x00009d2f   Thumb Code    12  uart.o(.text)
    Buffer_Flush_UART0                       0x00009d59   Thumb Code    18  wswd.o(.text)
    Configure_WindSensor                     0x00009d6b   Thumb Code    44  wswd.o(.text)
    SetDefault_WindSensor                    0x00009d97   Thumb Code    46  wswd.o(.text)
    CheckCommunication_WindSensor            0x00009dc5   Thumb Code    54  wswd.o(.text)
    Trignometric_Conversion                  0x00009dfb   Thumb Code   104  wswd.o(.text)
    Read_WindSensor                          0x00009e63   Thumb Code  1070  wswd.o(.text)
    Read_WindSensor_InterruptBuffer          0x0000a291   Thumb Code   406  wswd.o(.text)
    average_windDirection                    0x0000a427   Thumb Code   346  wswd.o(.text)
    Average_WindSamples                      0x0000a581   Thumb Code   200  wswd.o(.text)
    i2c0_init                                0x0000a729   Thumb Code    82  i2c0.o(.text)
    i2c0_enable                              0x0000a77b   Thumb Code     8  i2c0.o(.text)
    i2c0_start                               0x0000a783   Thumb Code    32  i2c0.o(.text)
    i2c0_stop                                0x0000a7a3   Thumb Code    30  i2c0.o(.text)
    i2c0_Address                             0x0000a7c1   Thumb Code    36  i2c0.o(.text)
    i2c0_Write                               0x0000a7e5   Thumb Code    32  i2c0.o(.text)
    i2c0_Read                                0x0000a805   Thumb Code    52  i2c0.o(.text)
    Init_ATRH                                0x0000a845   Thumb Code    16  atrh.o(.text)
    start_ATRH                               0x0000a855   Thumb Code    68  atrh.o(.text)
    readATRH                                 0x0000a899   Thumb Code   588  atrh.o(.text)
    Average_ATRHSamples                      0x0000aae5   Thumb Code   156  atrh.o(.text)
    SysTick_Init                             0x0000ac01   Thumb Code    10  systick.o(.text)
    SysTick_Start                            0x0000ac0b   Thumb Code    10  systick.o(.text)
    SysTick_Stop                             0x0000ac15   Thumb Code    10  systick.o(.text)
    SysTick_AttachInterrupt                  0x0000ac1f   Thumb Code     6  systick.o(.text)
    SysTick_GetMsTime                        0x0000ac25   Thumb Code     6  systick.o(.text)
    SysTick_GetUsTime                        0x0000ac2b   Thumb Code    36  systick.o(.text)
    SysTick_Handler                          0x0000ac4f   Thumb Code    30  systick.o(.text)
    BOD_IRQHandler                           0x0000ac79   Thumb Code     2  bod.o(.text)
    BOD_Init                                 0x0000ac7b   Thumb Code    42  bod.o(.text)
    disk_initialize                          0x0000b129   Thumb Code   366  mmc_176x_ssp.o(.text)
    disk_status                              0x0000b297   Thumb Code    28  mmc_176x_ssp.o(.text)
    disk_read                                0x0000b2b3   Thumb Code   154  mmc_176x_ssp.o(.text)
    disk_write                               0x0000b34d   Thumb Code   184  mmc_176x_ssp.o(.text)
    disk_ioctl                               0x0000b405   Thumb Code   750  mmc_176x_ssp.o(.text)
    disk_timerproc                           0x0000b6f3   Thumb Code    84  mmc_176x_ssp.o(.text)
    f_CreateFolder                           0x0000b747   Thumb Code    44  mmc_176x_ssp.o(.text)
    sd_append_file                           0x0000b773   Thumb Code    88  mmc_176x_ssp.o(.text)
    create_file                              0x0000b7cb   Thumb Code   150  mmc_176x_ssp.o(.text)
    create_folder                            0x0000b861   Thumb Code   244  mmc_176x_ssp.o(.text)
    get_name                                 0x0000b955   Thumb Code    50  mmc_176x_ssp.o(.text)
    get_foldername                           0x0000b987   Thumb Code    50  mmc_176x_ssp.o(.text)
    write_data                               0x0000b9b9   Thumb Code    50  mmc_176x_ssp.o(.text)
    getdetails                               0x0000b9eb   Thumb Code   174  mmc_176x_ssp.o(.text)
    set_date_time                            0x0000ba99   Thumb Code   180  mmc_176x_ssp.o(.text)
    sd_filesize                              0x0000bb4d   Thumb Code    44  mmc_176x_ssp.o(.text)
    sd_create_file                           0x0000bb79   Thumb Code    78  mmc_176x_ssp.o(.text)
    sd_file_remove                           0x0000bbc7   Thumb Code    18  mmc_176x_ssp.o(.text)
    sd_create_dir                            0x0000bbd9   Thumb Code    42  mmc_176x_ssp.o(.text)
    sd_time_date                             0x0000bc03   Thumb Code   204  mmc_176x_ssp.o(.text)
    sd_format                                0x0000bccf   Thumb Code    48  mmc_176x_ssp.o(.text)
    xatoi                                    0x0000bcff   Thumb Code   236  mmc_176x_ssp.o(.text)
    show_volume_stat                         0x0000bea1   Thumb Code   148  mmc_176x_ssp.o(.text)
    dir_list                                 0x0000bf35   Thumb Code   154  mmc_176x_ssp.o(.text)
    Writelog                                 0x0000bfcf   Thumb Code    28  mmc_176x_ssp.o(.text)
    Createlog                                0x0000bfeb   Thumb Code   140  mmc_176x_ssp.o(.text)
    retrylog                                 0x0000c077   Thumb Code   480  mmc_176x_ssp.o(.text)
    log_SMS                                  0x0000c257   Thumb Code   164  mmc_176x_ssp.o(.text)
    readconfigfile                           0x0000c2fb   Thumb Code   124  mmc_176x_ssp.o(.text)
    smsUpdateConfig                          0x0000c377   Thumb Code   146  mmc_176x_ssp.o(.text)
    Slog                                     0x0000c42d   Thumb Code   198  log.o(.text)
    PacketLog                                0x0000c4f3   Thumb Code  1166  log.o(.text)
    SendingLog                               0x0000c981   Thumb Code   396  log.o(.text)
    get_fattime                              0x0000cb0d   Thumb Code    60  log.o(.text)
    NVIC_SetPriorities                       0x0000cb71   Thumb Code    42  main.o(.text)
    Configure_GPIO_Peripherals               0x0000cb9b   Thumb Code   112  main.o(.text)
    Initialize_ALL_Peripherals               0x0000cc0b   Thumb Code    92  main.o(.text)
    main                                     0x0000cc67   Thumb Code   282  main.o(.text)
    f_mount                                  0x0000e949   Thumb Code    84  ff.o(.text)
    f_open                                   0x0000e99d   Thumb Code   516  ff.o(.text)
    f_read                                   0x0000eba1   Thumb Code   506  ff.o(.text)
    f_write                                  0x0000ed9b   Thumb Code   568  ff.o(.text)
    f_sync                                   0x0000efd3   Thumb Code   158  ff.o(.text)
    f_close                                  0x0000f071   Thumb Code    34  ff.o(.text)
    f_chdrive                                0x0000f093   Thumb Code    26  ff.o(.text)
    f_chdir                                  0x0000f0ad   Thumb Code    90  ff.o(.text)
    f_getcwd                                 0x0000f107   Thumb Code   328  ff.o(.text)
    f_lseek                                  0x0000f24f   Thumb Code   416  ff.o(.text)
    f_opendir                                0x0000f3ef   Thumb Code   108  ff.o(.text)
    f_closedir                               0x0000f45b   Thumb Code    24  ff.o(.text)
    f_readdir                                0x0000f473   Thumb Code    84  ff.o(.text)
    f_stat                                   0x0000f4c7   Thumb Code    62  ff.o(.text)
    f_getfree                                0x0000f505   Thumb Code   272  ff.o(.text)
    f_truncate                               0x0000f615   Thumb Code   178  ff.o(.text)
    f_unlink                                 0x0000f6c7   Thumb Code   196  ff.o(.text)
    f_mkdir                                  0x0000f78b   Thumb Code   280  ff.o(.text)
    f_rename                                 0x0000f8a3   Thumb Code   282  ff.o(.text)
    f_chmod                                  0x0000f9bd   Thumb Code    98  ff.o(.text)
    f_utime                                  0x0000fa1f   Thumb Code    90  ff.o(.text)
    f_getlabel                               0x0000fa79   Thumb Code   202  ff.o(.text)
    f_setlabel                               0x0000fb43   Thumb Code   306  ff.o(.text)
    f_expand                                 0x0000fc75   Thumb Code   332  ff.o(.text)
    f_mkfs                                   0x0000ff63   Thumb Code  1770  ff.o(.text)
    f_gets                                   0x0001064d   Thumb Code    98  ff.o(.text)
    f_putc                                   0x0001073d   Thumb Code    34  ff.o(.text)
    f_puts                                   0x0001075f   Thumb Code    44  ff.o(.text)
    f_printf                                 0x0001078b   Thumb Code   712  ff.o(.text)
    ff_uni2oem                               0x00010a55   Thumb Code   120  syscall.o(.text)
    ff_oem2uni                               0x00010acd   Thumb Code    98  syscall.o(.text)
    ff_wtoupper                              0x00010b2f   Thumb Code   166  syscall.o(.text)
    __2sprintf                               0x00010be5   Thumb Code    38  __2sprintf.o(.text)
    _printf_pre_padding                      0x00010c11   Thumb Code    42  _printf_pad.o(.text)
    _printf_post_padding                     0x00010c3b   Thumb Code    34  _printf_pad.o(.text)
    _printf_str                              0x00010c5d   Thumb Code    82  _printf_str.o(.text)
    _printf_int_dec                          0x00010cb1   Thumb Code    96  _printf_dec.o(.text)
    __printf                                 0x00010d21   Thumb Code   324  __printf_flags_wp.o(.text)
    atoi                                     0x00010e69   Thumb Code    26  atoi.o(.text)
    strtok                                   0x00010e85   Thumb Code     6  strtok.o(.text)
    strchr                                   0x00010e91   Thumb Code    20  strchr.o(.text)
    strstr                                   0x00010ea5   Thumb Code    36  strstr.o(.text)
    strcpy                                   0x00010ec9   Thumb Code    74  strcpy.o(.text)
    strncmp                                  0x00010f13   Thumb Code   140  strncmp.o(.text)
    strlen                                   0x00010f9f   Thumb Code    62  strlen.o(.text)
    __aeabi_memcpy                           0x00010fdd   Thumb Code     0  rt_memcpy_v6.o(.text)
    __rt_memcpy                              0x00010fdd   Thumb Code   140  rt_memcpy_v6.o(.text)
    _memcpy_lastbytes                        0x00011045   Thumb Code     0  rt_memcpy_v6.o(.text)
    __aeabi_memmove                          0x00011069   Thumb Code     0  rt_memmove_v6.o(.text)
    __rt_memmove                             0x00011069   Thumb Code   122  rt_memmove_v6.o(.text)
    __memmove_lastfew                        0x000110bf   Thumb Code     0  rt_memmove_v6.o(.text)
    __aeabi_memclr                           0x000110e3   Thumb Code     0  rt_memclr.o(.text)
    __rt_memclr                              0x000110e3   Thumb Code    68  rt_memclr.o(.text)
    _memset                                  0x000110e7   Thumb Code     0  rt_memclr.o(.text)
    __aeabi_memclr4                          0x00011127   Thumb Code     0  rt_memclr_w.o(.text)
    __aeabi_memclr8                          0x00011127   Thumb Code     0  rt_memclr_w.o(.text)
    __rt_memclr_w                            0x00011127   Thumb Code    78  rt_memclr_w.o(.text)
    _memset_w                                0x0001112b   Thumb Code     0  rt_memclr_w.o(.text)
    strncpy                                  0x00011175   Thumb Code    86  strncpy.o(.text)
    __use_two_region_memory                  0x000111cb   Thumb Code     2  heapauxi.o(.text)
    __rt_heap_escrow$2region                 0x000111cd   Thumb Code     2  heapauxi.o(.text)
    __rt_heap_expand$2region                 0x000111cf   Thumb Code     2  heapauxi.o(.text)
    __aeabi_errno_addr                       0x000111d1   Thumb Code    12  rt_errno_addr_intlibspace.o(.text)
    __errno$intlibspace                      0x000111d1   Thumb Code     0  rt_errno_addr_intlibspace.o(.text)
    __rt_errno_addr$intlibspace              0x000111d1   Thumb Code     0  rt_errno_addr_intlibspace.o(.text)
    __read_errno                             0x000111dd   Thumb Code    10  _rserrno.o(.text)
    __set_errno                              0x000111e7   Thumb Code    12  _rserrno.o(.text)
    _printf_int_common                       0x000111f3   Thumb Code   174  _printf_intcommon.o(.text)
    _printf_char_common                      0x000112ab   Thumb Code    34  _printf_char_common.o(.text)
    _sputc                                   0x000112d1   Thumb Code    10  _sputc.o(.text)
    _printf_cs_common                        0x000112db   Thumb Code    20  _printf_char.o(.text)
    _printf_char                             0x000112ef   Thumb Code    16  _printf_char.o(.text)
    _printf_string                           0x000112ff   Thumb Code     8  _printf_char.o(.text)
    strtol                                   0x00011307   Thumb Code   112  strtol.o(.text)
    __strtok_internal                        0x00011379   Thumb Code    68  strtok_int.o(.text)
    __aeabi_memcpy4                          0x000113c1   Thumb Code     0  rt_memcpy_w.o(.text)
    __aeabi_memcpy8                          0x000113c1   Thumb Code     0  rt_memcpy_w.o(.text)
    __rt_memcpy_w                            0x000113c1   Thumb Code   100  rt_memcpy_w.o(.text)
    _memcpy_lastbytes_aligned                0x00011409   Thumb Code     0  rt_memcpy_w.o(.text)
    __aeabi_memmove4                         0x00011425   Thumb Code     0  rt_memmove_w.o(.text)
    __aeabi_memmove8                         0x00011425   Thumb Code     0  rt_memmove_w.o(.text)
    __rt_memmove_w                           0x00011425   Thumb Code   122  rt_memmove_w.o(.text)
    __memmove_aligned                        0x0001144b   Thumb Code     0  rt_memmove_w.o(.text)
    __memmove_lastfew_aligned                0x00011483   Thumb Code     0  rt_memmove_w.o(.text)
    __rt_udiv10                              0x0001149f   Thumb Code    16  rtudiv10.o(.text)
    __user_libspace                          0x000114b1   Thumb Code     8  libspace.o(.text)
    __user_perproc_libspace                  0x000114b1   Thumb Code     0  libspace.o(.text)
    __user_perthread_libspace                0x000114b1   Thumb Code     0  libspace.o(.text)
    __rt_ctype_table                         0x000114b9   Thumb Code    16  rt_ctype_table.o(.text)
    _strtoul                                 0x000114c9   Thumb Code   152  _strtoul.o(.text)
    strcspn                                  0x00011561   Thumb Code    32  strcspn.o(.text)
    strspn                                   0x00011581   Thumb Code    28  strspn.o(.text)
    __user_setup_stackheap                   0x0001159d   Thumb Code    74  sys_stackheap_outer.o(.text)
    __rt_locale                              0x000115e9   Thumb Code    12  rt_locale_intlibspace.o(.text)
    _chval                                   0x000115f5   Thumb Code    32  _chval.o(.text)
    exit                                     0x00011615   Thumb Code    12  exit.o(.text)
    strcmp                                   0x00011621   Thumb Code   128  strcmpv7m.o(.text)
    _sys_exit                                0x000116a1   Thumb Code    16  sys_exit.o(.text)
    __I$use$semihosting                      0x000116b5   Thumb Code     0  use_no_semi.o(.text)
    __use_no_semihosting_swi                 0x000116b5   Thumb Code     2  use_no_semi.o(.text)
    __ieee754_rem_pio2                       0x000116b9   Thumb Code   642  rred.o(i.__ieee754_rem_pio2)
    __kernel_cos                             0x0001199d   Thumb Code   222  cos_i.o(i.__kernel_cos)
    __kernel_poly                            0x00011a99   Thumb Code   162  poly.o(i.__kernel_poly)
    __kernel_sin                             0x00011b3d   Thumb Code   222  sin_i.o(i.__kernel_sin)
    atan                                     0x00011c29   Thumb Code   474  atan.o(i.atan)
    copysign                                 0x00011e51   Thumb Code    10  pow.o(i.copysign)
    cos                                      0x00011e5d   Thumb Code   130  cos.o(i.cos)
    pow                                      0x00011ef9   Thumb Code  2244  pow.o(i.pow)
    sin                                      0x00012835   Thumb Code   136  sin.o(i.sin)
    sqrt                                     0x000128d5   Thumb Code    62  sqrt.o(i.sqrt)
    _get_lc_ctype                            0x00012929   Thumb Code    44  lc_ctype_c.o(locale$$code)
    __aeabi_d2f                              0x00012955   Thumb Code     0  d2f.o(x$fpl$d2f)
    _d2f                                     0x00012955   Thumb Code   142  d2f.o(x$fpl$d2f)
    __fpl_inf_d2f                            0x000129dd   Thumb Code     0  d2f.o(x$fpl$d2f)
    __aeabi_dadd                             0x000129e9   Thumb Code     0  daddsub_clz.o(x$fpl$dadd)
    _dadd                                    0x000129e9   Thumb Code   424  daddsub_clz.o(x$fpl$dadd)
    __fpl_inf_dadd                           0x00012b5b   Thumb Code     0  daddsub_clz.o(x$fpl$dadd)
    __fpl_dcheck_NaN2                        0x00012ba1   Thumb Code    10  dcheck.o(x$fpl$dcheck)
    __fpl_dcheck_NaN1                        0x00012bb1   Thumb Code    10  dcheck1.o(x$fpl$dcheck1)
    __fpl_dcmp_InfNaN                        0x00012bc1   Thumb Code   120  dcmpin.o(x$fpl$dcmpinfnan)
    __fpl_inf_dcmp                           0x00012be3   Thumb Code     0  dcmpin.o(x$fpl$dcmpinfnan)
    __fpl_fcmp_InfNaN                        0x00012c39   Thumb Code    88  fcmpin.o(x$fpl$dcmpinfnan)
    __fpl_inf_fcmp                           0x00012c4d   Thumb Code     0  fcmpin.o(x$fpl$dcmpinfnan)
    __aeabi_ddiv                             0x00012c91   Thumb Code     0  ddiv.o(x$fpl$ddiv)
    _ddiv                                    0x00012c91   Thumb Code   428  ddiv.o(x$fpl$ddiv)
    __fpl_inf_ddiv                           0x00012e05   Thumb Code     0  ddiv.o(x$fpl$ddiv)
    _ddiv_mantissas                          0x00012e3d   Thumb Code   324  ddiv.o(x$fpl$ddiv)
    __aeabi_cdcmpeq                          0x00013091   Thumb Code     0  deqf.o(x$fpl$deqf)
    _dcmpeq                                  0x00013091   Thumb Code   106  deqf.o(x$fpl$deqf)
    __aeabi_d2iz                             0x00013101   Thumb Code     0  dfix.o(x$fpl$dfix)
    _dfix                                    0x00013101   Thumb Code   150  dfix.o(x$fpl$dfix)
    __fpl_inf_dfix                           0x0001318d   Thumb Code     0  dfix.o(x$fpl$dfix)
    __aeabi_i2d                              0x0001319d   Thumb Code     0  dflt_clz.o(x$fpl$dflt)
    _dflt                                    0x0001319d   Thumb Code    44  dflt_clz.o(x$fpl$dflt)
    __dflt_normalise                         0x000131ab   Thumb Code     0  dflt_clz.o(x$fpl$dflt)
    __aeabi_ui2d                             0x000131c9   Thumb Code     0  dflt_clz.o(x$fpl$dfltu)
    _dfltu                                   0x000131c9   Thumb Code    10  dflt_clz.o(x$fpl$dfltu)
    __aeabi_cdcmple                          0x000131d5   Thumb Code     0  dleqf.o(x$fpl$dleqf)
    _dcmple                                  0x000131d5   Thumb Code   106  dleqf.o(x$fpl$dleqf)
    __aeabi_dmul                             0x00013245   Thumb Code     0  dmul.o(x$fpl$dmul)
    _dmul                                    0x00013245   Thumb Code   440  dmul.o(x$fpl$dmul)
    __fpl_inf_dmul                           0x000133cf   Thumb Code     0  dmul.o(x$fpl$dmul)
    _drem                                    0x0001340d   Thumb Code   396  drem_clz.o(x$fpl$drem)
    __fpl_inf_drem                           0x00013569   Thumb Code     0  drem_clz.o(x$fpl$drem)
    __aeabi_cdrcmple                         0x000135a5   Thumb Code     0  drleqf.o(x$fpl$drleqf)
    _drcmple                                 0x000135a5   Thumb Code   130  drleqf.o(x$fpl$drleqf)
    __aeabi_drsub                            0x0001362d   Thumb Code     0  daddsub_clz.o(x$fpl$drsb)
    _drsb                                    0x0001362d   Thumb Code    22  daddsub_clz.o(x$fpl$drsb)
    _dsqrt                                   0x00013645   Thumb Code   316  dsqrt.o(x$fpl$dsqrt)
    __fpl_inf_dsqrt                          0x0001376d   Thumb Code     0  dsqrt.o(x$fpl$dsqrt)
    __aeabi_dsub                             0x00013789   Thumb Code     0  daddsub_clz.o(x$fpl$dsub)
    _dsub                                    0x00013789   Thumb Code   572  daddsub_clz.o(x$fpl$dsub)
    __fpl_inf_dsub                           0x0001398d   Thumb Code     0  daddsub_clz.o(x$fpl$dsub)
    __dunder                                 0x000139d1   Thumb Code   234  dunder.o(x$fpl$dunder)
    __dunder_d                               0x00013abb   Thumb Code     2  dunder.o(x$fpl$dunder)
    __aeabi_f2d                              0x00013abd   Thumb Code     0  f2d.o(x$fpl$f2d)
    _f2d                                     0x00013abd   Thumb Code    76  f2d.o(x$fpl$f2d)
    __fpl_inf_f2d                            0x00013b01   Thumb Code     0  f2d.o(x$fpl$f2d)
    __aeabi_fadd                             0x00013b0d   Thumb Code     0  faddsub_clz.o(x$fpl$fadd)
    _fadd                                    0x00013b0d   Thumb Code   248  faddsub_clz.o(x$fpl$fadd)
    __fpl_inf_fadd                           0x00013be7   Thumb Code     0  faddsub_clz.o(x$fpl$fadd)
    __fpl_fcheck_NaN2                        0x00013c0d   Thumb Code     6  fcheck.o(x$fpl$fcheck)
    __fpl_fcheck_NaN1                        0x00013c19   Thumb Code     6  fcheck1.o(x$fpl$fcheck1)
    __aeabi_fdiv                             0x00013c25   Thumb Code     0  fdiv.o(x$fpl$fdiv)
    _fdiv                                    0x00013c25   Thumb Code   476  fdiv.o(x$fpl$fdiv)
    __fpl_inf_fdiv                           0x00013dc9   Thumb Code     0  fdiv.o(x$fpl$fdiv)
    __aeabi_cfcmpeq                          0x00013e09   Thumb Code     0  feqf.o(x$fpl$feqf)
    _fcmpeq                                  0x00013e09   Thumb Code    90  feqf.o(x$fpl$feqf)
    __aeabi_f2iz                             0x00013e69   Thumb Code     0  ffix.o(x$fpl$ffix)
    _ffix                                    0x00013e69   Thumb Code   108  ffix.o(x$fpl$ffix)
    __fpl_inf_ffix                           0x00013ecb   Thumb Code     0  ffix.o(x$fpl$ffix)
    __aeabi_f2uiz                            0x00013ed9   Thumb Code     0  ffixu.o(x$fpl$ffixu)
    _ffixu                                   0x00013ed9   Thumb Code    82  ffixu.o(x$fpl$ffixu)
    __fpl_inf_ffixu                          0x00013f25   Thumb Code     0  ffixu.o(x$fpl$ffixu)
    __aeabi_i2f                              0x00013f31   Thumb Code     0  fflt_clz.o(x$fpl$fflt)
    _fflt                                    0x00013f31   Thumb Code    50  fflt_clz.o(x$fpl$fflt)
    __fflt_normalise                         0x00013f3d   Thumb Code     0  fflt_clz.o(x$fpl$fflt)
    __aeabi_ui2f                             0x00013f63   Thumb Code     0  fflt_clz.o(x$fpl$ffltu)
    _ffltu                                   0x00013f63   Thumb Code     8  fflt_clz.o(x$fpl$ffltu)
    __aeabi_cfcmple                          0x00013f6d   Thumb Code     0  fleqf.o(x$fpl$fleqf)
    _fcmple                                  0x00013f6d   Thumb Code    90  fleqf.o(x$fpl$fleqf)
    __aeabi_fmul                             0x00013fcd   Thumb Code     0  fmul.o(x$fpl$fmul)
    _fmul                                    0x00013fcd   Thumb Code   258  fmul.o(x$fpl$fmul)
    __fpl_inf_fmul                           0x000140b9   Thumb Code     0  fmul.o(x$fpl$fmul)
    __fpl_normalise2                         0x000140d5   Thumb Code    74  fnorm2_clz.o(x$fpl$fnorm2)
    __aeabi_cfrcmple                         0x00014121   Thumb Code     0  frleqf.o(x$fpl$frleqf)
    _frcmple                                 0x00014121   Thumb Code   102  frleqf.o(x$fpl$frleqf)
    __aeabi_frsub                            0x0001418d   Thumb Code     0  faddsub_clz.o(x$fpl$frsb)
    _frsb                                    0x0001418d   Thumb Code    20  faddsub_clz.o(x$fpl$frsb)
    __aeabi_fsub                             0x000141a1   Thumb Code     0  faddsub_clz.o(x$fpl$fsub)
    _fsub                                    0x000141a1   Thumb Code   282  faddsub_clz.o(x$fpl$fsub)
    __fpl_inf_fsub                           0x0001429b   Thumb Code     0  faddsub_clz.o(x$fpl$fsub)
    __funder                                 0x000142c5   Thumb Code   132  funder.o(x$fpl$funder)
    __funder_d                               0x00014349   Thumb Code     2  funder.o(x$fpl$funder)
    __fpl_return_NaN                         0x0001434b   Thumb Code   100  retnan.o(x$fpl$retnan)
    __ARM_scalbn                             0x000143af   Thumb Code     0  scalbn.o(x$fpl$scalbn)
    scalbn                                   0x000143af   Thumb Code    96  scalbn.o(x$fpl$scalbn)
    __fpl_inf_scalbn                         0x0001440d   Thumb Code     0  scalbn.o(x$fpl$scalbn)
    __fpl_cmpreturn                          0x0001440f   Thumb Code    48  trapv.o(x$fpl$trapveneer)
    AdcConfig                                0x0001443e   Data          16  adc.o(.constdata)
    __I$use$fp                               0x0001443f   Thumb Code     0  usenofp.o(x$fpl$usenofp)
    UartConfig                               0x00014654   Data          32  uart.o(.constdata)
    __mathlib_zero                           0x00023428   Data           8  qnan.o(.constdata)
    Region$$Table$$Base                      0x00023530   Number         0  anon$$obj.o(Region$$Table)
    Region$$Table$$Limit                     0x00023560   Number         0  anon$$obj.o(Region$$Table)
    __ctype                                  0x0002356d   Data           0  lc_ctype_c.o(locale$$data)
    fileName                                 0x10000000   Data          30  mmc_176x_ssp.o(.bss)
    fileNme                                  0x1000001e   Data          13  mmc_176x_ssp.o(.bss)
    foldername                               0x1000002b   Data          20  mmc_176x_ssp.o(.bss)
    Finfo                                    0x10001664   Data         280  mmc_176x_ssp.o(.bss)
    FatFs                                    0x1000177c   Data        2168  mmc_176x_ssp.o(.bss)
    line_buffer                              0x10001ff4   Data         512  mmc_176x_ssp.o(.bss)
    Buff                                     0x100021f4   Data       16384  mmc_176x_ssp.o(.bss)
    SystemCoreClock                          0x2007c000   Data           4  system_lpc17xx.o(.data)
    adcValue0                                0x2007c004   Data           4  adc.o(.data)
    adcValue1                                0x2007c008   Data           4  adc.o(.data)
    volt0                                    0x2007c00c   Data           4  adc.o(.data)
    volt1                                    0x2007c010   Data           4  adc.o(.data)
    ActualVoltage0                           0x2007c014   Data           4  adc.o(.data)
    ActualVoltage1                           0x2007c018   Data           4  adc.o(.data)
    _BVolt                                   0x2007c01c   Data           6  adc.o(.data)
    _PVolt                                   0x2007c022   Data           6  adc.o(.data)
    EintConfigTable                          0x2007c028   Data          32  extintr.o(.data)
    position                                 0x2007c048   Data           4  gprs.o(.data)
    status_flag                              0x2007c04c   Data           1  gprs.o(.data)
    _index                                   0x2007c050   Data           4  gprs.o(.data)
    master_Mobile_no                         0x2007c054   Data          14  gprs.o(.data)
    altitude_buffer                          0x2007c062   Data           8  gprs.o(.data)
    Satellites_In_View                       0x2007c06a   Data           3  gprs.o(.data)
    _Rain                                    0x2007c06d   Data           8  gprs.o(.data)
    _LCDRain                                 0x2007c075   Data           8  gprs.o(.data)
    _xyz11                                   0x2007c07d   Data           8  gprs.o(.data)
    _sQuality                                0x2007c085   Data           5  gprs.o(.data)
    dbm                                      0x2007c08c   Data           4  gprs.o(.data)
    CRLF_COUNT                               0x2007c090   Data           1  gprs.o(.data)
    responseStatus                           0x2007c091   Data           1  gprs.o(.data)
    Counter                                  0x2007c092   Data           2  gprs.o(.data)
    TimeOut                                  0x2007c094   Data           4  gprs.o(.data)
    PDP                                      0x2007c098   Data           4  gprs.o(.data)
    ERROR_CODE                               0x2007c09c   Data           4  gprs.o(.data)
    KeyInterrupt                             0x2007c0a0   Data           4  gprs.o(.data)
    scrollScreen                             0x2007c0a4   Data           4  gprs.o(.data)
    APN_Case                                 0x2007c0a8   Data           4  gprs.o(.data)
    rain                                     0x2007c0b0   Data           8  gprs.o(.data)
    LCDrain                                  0x2007c0b8   Data           8  gprs.o(.data)
    total_DailyRain                          0x2007c0c0   Data           8  gprs.o(.data)
    temp_rain                                0x2007c0c8   Data           8  gprs.o(.data)
    yearly_rain                              0x2007c0d0   Data           8  gprs.o(.data)
    numTipsRain                              0x2007c0d8   Data           4  gprs.o(.data)
    LCDnumTipsRain                           0x2007c0dc   Data           4  gprs.o(.data)
    logInterval                              0x2007c0e0   Data           1  gprs.o(.data)
    PacketlogInterval                        0x2007c0e1   Data           1  gprs.o(.data)
    PacketsendInterval                       0x2007c0e2   Data           1  gprs.o(.data)
    _logInterval                             0x2007c0e3   Data           4  gprs.o(.data)
    _PacketlogInterval                       0x2007c0e7   Data           4  gprs.o(.data)
    _PacketsendInterval                      0x2007c0eb   Data           4  gprs.o(.data)
    _LCDCurrentWindDirection                 0x2007c0ef   Data           4  gprs.o(.data)
    _LCDCurrentSpeed                         0x2007c0f3   Data           6  gprs.o(.data)
    buffer_pointer                           0x2007c0fc   Data           4  gprs.o(.data)
    SignalQuality                            0x2007c100   Data           4  gprs.o(.data)
    APN                                      0x2007c104   Data           4  gprs.o(.data)
    FixQuality                               0x2007c108   Data           4  gprs.o(.data)
    Response_Status                          0x2007c10c   Data           1  gprs.o(.data)
    ARR_LcdLineNumAddress_U8                 0x2007c10d   Data           4  lcd.o(.data)
    v_LcdTrackLineNum_U8                     0x2007c111   Data           1  lcd.o(.data)
    v_LcdTrackCursorPos_U8                   0x2007c112   Data           1  lcd.o(.data)
    alarm_on                                 0x2007c114   Data           4  rtc.o(.data)
    UART0TxEmpty                             0x2007c118   Data           1  uart.o(.data)
    UART1TxEmpty                             0x2007c119   Data           1  uart.o(.data)
    UART3TxEmpty                             0x2007c11a   Data           1  uart.o(.data)
    UART0Count                               0x2007c11c   Data           4  uart.o(.data)
    UART1Count                               0x2007c120   Data           4  uart.o(.data)
    UART3Count                               0x2007c124   Data           4  uart.o(.data)
    FRList                                   0x2007c128   Data         288  uart.o(.data)
    DIVADDVALList                            0x2007c248   Data         288  uart.o(.data)
    MULVALList                               0x2007c368   Data         288  uart.o(.data)
    UART0Status                              0x2007c488   Data           4  uart.o(.data)
    UART1Status                              0x2007c48c   Data           4  uart.o(.data)
    UART3Status                              0x2007c490   Data           4  uart.o(.data)
    FirstRead_WindSensor                     0x2007c498   Data           1  wswd.o(.data)
    Minute_WINDSENSOR_COUNTS                 0x2007c499   Data           1  wswd.o(.data)
    CurrentWindDirection                     0x2007c49a   Data           4  wswd.o(.data)
    CurrentSpeed                             0x2007c49e   Data           6  wswd.o(.data)
    DN                                       0x2007c4a4   Data           4  wswd.o(.data)
    DM                                       0x2007c4a8   Data           4  wswd.o(.data)
    DX                                       0x2007c4ac   Data           4  wswd.o(.data)
    SN                                       0x2007c4b0   Data           6  wswd.o(.data)
    SM                                       0x2007c4b6   Data           6  wswd.o(.data)
    SX                                       0x2007c4bc   Data           6  wswd.o(.data)
    Gust                                     0x2007c4c2   Data           6  wswd.o(.data)
    WINDSENSOR_COUNTS                        0x2007c4c8   Data           1  wswd.o(.data)
    MinSpeed                                 0x2007c4c9   Data           6  wswd.o(.data)
    Tan_Inverse_WindDirection                0x2007c4cf   Data           6  wswd.o(.data)
    f_DM                                     0x2007c4d8   Data           8  wswd.o(.data)
    f_DN                                     0x2007c4e0   Data           8  wswd.o(.data)
    f_DX                                     0x2007c4e8   Data           8  wswd.o(.data)
    Sum_of_f_DM                              0x2007c4f0   Data           8  wswd.o(.data)
    Sum_of_f_DX                              0x2007c4f8   Data           8  wswd.o(.data)
    f_SM                                     0x2007c500   Data           8  wswd.o(.data)
    f_SN                                     0x2007c508   Data           8  wswd.o(.data)
    f_SX                                     0x2007c510   Data           8  wswd.o(.data)
    Sum_of_f_SM                              0x2007c518   Data           8  wswd.o(.data)
    Sum_of_f_SX                              0x2007c520   Data           8  wswd.o(.data)
    fmax_DX                                  0x2007c528   Data           8  wswd.o(.data)
    fmin_DN                                  0x2007c530   Data           8  wswd.o(.data)
    favg_DM                                  0x2007c538   Data           8  wswd.o(.data)
    fmax_SX                                  0x2007c540   Data           8  wswd.o(.data)
    fmin_SN                                  0x2007c548   Data           8  wswd.o(.data)
    favg_SM                                  0x2007c550   Data           8  wswd.o(.data)
    sumof_sin_value_direction                0x2007c558   Data           8  wswd.o(.data)
    sumof_cosine_value_direction             0x2007c560   Data           8  wswd.o(.data)
    temperature                              0x2007c568   Data           4  atrh.o(.data)
    humidity                                 0x2007c56c   Data           4  atrh.o(.data)
    Sum_of_temperature                       0x2007c570   Data           4  atrh.o(.data)
    Sum_of_humidity                          0x2007c574   Data           4  atrh.o(.data)
    fMinTemp                                 0x2007c578   Data           4  atrh.o(.data)
    fMaxTemp                                 0x2007c57c   Data           4  atrh.o(.data)
    fMinHumid                                0x2007c580   Data           4  atrh.o(.data)
    fMaxHumid                                0x2007c584   Data           4  atrh.o(.data)
    ATRH_COUNTS                              0x2007c588   Data           1  atrh.o(.data)
    Minute_ATRH_COUNTS                       0x2007c589   Data           1  atrh.o(.data)
    FirstRead_ATRH                           0x2007c58a   Data           1  atrh.o(.data)
    V_SysTickMiliSecCount_U32                0x2007c58c   Data           4  systick.o(.data)
    sysTickCallBack                          0x2007c590   Data           4  systick.o(.data)
    size                                     0x2007c598   Data           4  mmc_176x_ssp.o(.data)
    foldername1                              0x2007c59c   Data          20  mmc_176x_ssp.o(.data)
    eof                                      0x2007c5b0   Data           4  mmc_176x_ssp.o(.data)
    fault                                    0x2007c5b4   Data           1  mmc_176x_ssp.o(.data)
    first_flag                               0x2007c5b5   Data           1  mmc_176x_ssp.o(.data)
    FailedFirstPendinglog                    0x2007c5b6   Data           1  mmc_176x_ssp.o(.data)
    bytes_written                            0x2007c5d8   Data           4  mmc_176x_ssp.o(.data)
    n                                        0x2007c5dc   Data           4  mmc_176x_ssp.o(.data)
    ff_result                                0x2007c5e0   Data           1  mmc_176x_ssp.o(.data)
    PlogCreate                               0x2007c5e8   Data           4  log.o(.data)
    FirmwareRevision                         0x2007c5ec   Data          12  log.o(.data)
    returnStatus                             0x2007c5f8   Data           1  main.o(.data)
    GPSCheck                                 0x2007c5f9   Data           1  main.o(.data)
    Card_Failed                              0x2007c5fc   Data           4  main.o(.data)
    rtc                                      0x2007c600   Data           8  main.o(.data)
    _SMS_Buffer                              0x2007c618   Data         512  gprs.o(.bss)
    latitude_buffer                          0x2007c818   Data          16  gprs.o(.bss)
    longitude_buffer                         0x2007c828   Data          16  gprs.o(.bss)
    imei                                     0x2007c838   Data          16  gprs.o(.bss)
    CCID                                     0x2007c848   Data          25  gprs.o(.bss)
    SignalQualityIndication                  0x2007c861   Data          15  gprs.o(.bss)
    URLbuffer                                0x2007c870   Data         100  gprs.o(.bss)
    Testlogbuffer                            0x2007c8d4   Data         512  gprs.o(.bss)
    _ErrorLogBuffer                          0x2007cad4   Data         512  gprs.o(.bss)
    _LCDTemperature                          0x2007ccd4   Data          10  gprs.o(.bss)
    _LCDHumidity                             0x2007ccde   Data          10  gprs.o(.bss)
    Mobile_no                                0x2007cd4c   Data          14  gprs.o(.bss)
    message_received                         0x2007cd5a   Data          60  gprs.o(.bss)
    SIM_Mobile_no                            0x2007cd96   Data          14  gprs.o(.bss)
    Date_Time                                0x2007cda4   Data          17  gprs.o(.bss)
    _apnBuffer                               0x2007cdb5   Data          15  gprs.o(.bss)
    LCDConfig                                0x2007cdc4   Data          14  lcd.o(.bss)
    UART0Buffer                              0x2007cdd2   Data         160  uart.o(.bss)
    UART1Buffer                              0x2007ce72   Data         160  uart.o(.bss)
    UART3Buffer                              0x2007cf12   Data         160  uart.o(.bss)
    _Temperature                             0x2007cfb2   Data          10  atrh.o(.bss)
    _Humidity                                0x2007cfbc   Data          10  atrh.o(.bss)
    _MinTemp                                 0x2007cfc6   Data          10  atrh.o(.bss)
    _MaxTemp                                 0x2007cfd0   Data          10  atrh.o(.bss)
    _MinHumid                                0x2007cfda   Data          10  atrh.o(.bss)
    _MaxHumid                                0x2007cfe4   Data          10  atrh.o(.bss)
    _buffer                                  0x2007cfee   Data         512  main.o(.bss)
    iniContent                               0x2007d1ee   Data         512  main.o(.bss)
    __libspace_start                         0x2007d5f0   Data          96  libspace.o(.bss)
    __temporary_stack_top$libspace           0x2007d650   Data           0  libspace.o(.bss)



==============================================================================

Memory Map of the image

  Image Entry point : 0x000040cd

  Load Region LR_IROM1 (Base: 0x00004000, Size: 0x0001fc88, Max: 0x00080000, ABSOLUTE, COMPRESSED[0x0001f8b8])

    Execution Region ER_IROM1 (Base: 0x00004000, Size: 0x0001f670, Max: 0x00080000, ABSOLUTE)

    Base Addr    Size         Type   Attr      Idx    E Section Name        Object

    0x00004000   0x000000cc   Data   RO            3    RESET               startup_lpc17xx.o
    0x000040cc   0x00000008   Code   RO          628  * !!!main             __main.o(c_w.l)
    0x000040d4   0x00000034   Code   RO          966    !!!scatter          __scatter.o(c_w.l)
    0x00004108   0x00000064   Code   RO          964    !!dclz77c           __dclz77c.o(c_w.l)
    0x0000416c   0x0000001c   Code   RO          968    !!handler_zi        __scatter_zi.o(c_w.l)
    0x00004188   0x00000000   Code   RO          600    .ARM.Collect$$_printf_percent$$00000000  _printf_percent.o(c_w.l)
    0x00004188   0x00000006   Code   RO          599    .ARM.Collect$$_printf_percent$$00000009  _printf_d.o(c_w.l)
    0x0000418e   0x00000006   Code   RO          597    .ARM.Collect$$_printf_percent$$00000013  _printf_c.o(c_w.l)
    0x00004194   0x00000006   Code   RO          598    .ARM.Collect$$_printf_percent$$00000014  _printf_s.o(c_w.l)
    0x0000419a   0x00000004   Code   RO          727    .ARM.Collect$$_printf_percent$$00000017  _printf_percent_end.o(c_w.l)
    0x0000419e   0x00000006   Code   RO          840    .ARM.Collect$$libinit$$00000000  libinit.o(c_w.l)
    0x000041a4   0x00000000   Code   RO          847    .ARM.Collect$$libinit$$00000006  libinit2.o(c_w.l)
    0x000041a4   0x00000000   Code   RO          849    .ARM.Collect$$libinit$$00000008  libinit2.o(c_w.l)
    0x000041a4   0x00000000   Code   RO          851    .ARM.Collect$$libinit$$0000000A  libinit2.o(c_w.l)
    0x000041a4   0x00000006   Code   RO          852    .ARM.Collect$$libinit$$0000000B  libinit2.o(c_w.l)
    0x000041aa   0x00000000   Code   RO          854    .ARM.Collect$$libinit$$0000000D  libinit2.o(c_w.l)
    0x000041aa   0x0000000c   Code   RO          855    .ARM.Collect$$libinit$$0000000E  libinit2.o(c_w.l)
    0x000041b6   0x00000000   Code   RO          856    .ARM.Collect$$libinit$$0000000F  libinit2.o(c_w.l)
    0x000041b6   0x00000000   Code   RO          858    .ARM.Collect$$libinit$$00000011  libinit2.o(c_w.l)
    0x000041b6   0x00000000   Code   RO          860    .ARM.Collect$$libinit$$00000013  libinit2.o(c_w.l)
    0x000041b6   0x00000000   Code   RO          862    .ARM.Collect$$libinit$$00000015  libinit2.o(c_w.l)
    0x000041b6   0x00000000   Code   RO          864    .ARM.Collect$$libinit$$00000017  libinit2.o(c_w.l)
    0x000041b6   0x00000000   Code   RO          866    .ARM.Collect$$libinit$$00000019  libinit2.o(c_w.l)
    0x000041b6   0x00000000   Code   RO          868    .ARM.Collect$$libinit$$0000001B  libinit2.o(c_w.l)
    0x000041b6   0x00000000   Code   RO          870    .ARM.Collect$$libinit$$0000001D  libinit2.o(c_w.l)
    0x000041b6   0x00000000   Code   RO          872    .ARM.Collect$$libinit$$0000001F  libinit2.o(c_w.l)
    0x000041b6   0x00000000   Code   RO          874    .ARM.Collect$$libinit$$00000021  libinit2.o(c_w.l)
    0x000041b6   0x00000000   Code   RO          878    .ARM.Collect$$libinit$$00000028  libinit2.o(c_w.l)
    0x000041b6   0x00000000   Code   RO          880    .ARM.Collect$$libinit$$0000002A  libinit2.o(c_w.l)
    0x000041b6   0x00000000   Code   RO          882    .ARM.Collect$$libinit$$0000002C  libinit2.o(c_w.l)
    0x000041b6   0x00000000   Code   RO          884    .ARM.Collect$$libinit$$0000002E  libinit2.o(c_w.l)
    0x000041b6   0x00000002   Code   RO          885    .ARM.Collect$$libinit$$0000002F  libinit2.o(c_w.l)
    0x000041b8   0x00000002   Code   RO          906    .ARM.Collect$$libshutdown$$00000000  libshutdown.o(c_w.l)
    0x000041ba   0x00000000   Code   RO          919    .ARM.Collect$$libshutdown$$00000003  libshutdown2.o(c_w.l)
    0x000041ba   0x00000000   Code   RO          922    .ARM.Collect$$libshutdown$$00000006  libshutdown2.o(c_w.l)
    0x000041ba   0x00000000   Code   RO          925    .ARM.Collect$$libshutdown$$00000009  libshutdown2.o(c_w.l)
    0x000041ba   0x00000000   Code   RO          927    .ARM.Collect$$libshutdown$$0000000B  libshutdown2.o(c_w.l)
    0x000041ba   0x00000000   Code   RO          930    .ARM.Collect$$libshutdown$$0000000E  libshutdown2.o(c_w.l)
    0x000041ba   0x00000002   Code   RO          931    .ARM.Collect$$libshutdown$$0000000F  libshutdown2.o(c_w.l)
    0x000041bc   0x00000000   Code   RO          710    .ARM.Collect$$rtentry$$00000000  rtentry.o(c_w.l)
    0x000041bc   0x00000000   Code   RO          785    .ARM.Collect$$rtentry$$00000002  rtentry2.o(c_w.l)
    0x000041bc   0x00000006   Code   RO          800    .ARM.Collect$$rtentry$$00000004  rtentry4.o(c_w.l)
    0x000041c2   0x00000000   Code   RO          787    .ARM.Collect$$rtentry$$00000009  rtentry2.o(c_w.l)
    0x000041c2   0x00000004   Code   RO          788    .ARM.Collect$$rtentry$$0000000A  rtentry2.o(c_w.l)
    0x000041c6   0x00000000   Code   RO          790    .ARM.Collect$$rtentry$$0000000C  rtentry2.o(c_w.l)
    0x000041c6   0x00000008   Code   RO          791    .ARM.Collect$$rtentry$$0000000D  rtentry2.o(c_w.l)
    0x000041ce   0x00000000   Code   RO          841    .ARM.Collect$$rtexit$$00000000  rtexit.o(c_w.l)
    0x000041ce   0x00000000   Code   RO          889    .ARM.Collect$$rtexit$$00000002  rtexit2.o(c_w.l)
    0x000041ce   0x00000004   Code   RO          890    .ARM.Collect$$rtexit$$00000003  rtexit2.o(c_w.l)
    0x000041d2   0x00000004   Code   RO          891    .ARM.Collect$$rtexit$$00000004  rtexit2.o(c_w.l)
    0x000041d6   0x00000002   PAD
    0x000041d8   0x00000034   Code   RO            5    .text               startup_lpc17xx.o
    0x0000420c   0x000001fc   Code   RO           13    .text               system_lpc17xx.o
    0x00004408   0x00000210   Code   RO           52    .text               adc.o
    0x00004618   0x0000038c   Code   RO           90    .text               convert.o
    0x000049a4   0x0000004a   Code   RO          106    .text               delay.o
    0x000049ee   0x00000002   PAD
    0x000049f0   0x00000194   Code   RO          118    .text               extintr.o
    0x00004b84   0x0000014c   Code   RO          139    .text               gpio.o
    0x00004cd0   0x000033a0   Code   RO          151    .text               gprs.o
    0x00008070   0x000007c4   Code   RO          212    .text               lcd.o
    0x00008834   0x0000013c   Code   RO          231    .text               lpc17xx_clkpwr.o
    0x00008970   0x000001a0   Code   RO          246    .text               lpc17xx_wdt.o
    0x00008b10   0x00000798   Code   RO          264    .text               rtc.o
    0x000092a8   0x00000ab0   Code   RO          303    .text               uart.o
    0x00009d58   0x000009d0   Code   RO          320    .text               wswd.o
    0x0000a728   0x0000011c   Code   RO          343    .text               i2c0.o
    0x0000a844   0x000003bc   Code   RO          358    .text               atrh.o
    0x0000ac00   0x00000078   Code   RO          412    .text               systick.o
    0x0000ac78   0x00000030   Code   RO          427    .text               bod.o
    0x0000aca8   0x00001784   Code   RO          448    .text               mmc_176x_ssp.o
    0x0000c42c   0x00000744   Code   RO          483    .text               log.o
    0x0000cb70   0x000002a0   Code   RO          500    .text               main.o
    0x0000ce10   0x00003c42   Code   RO          520    .text               ff.o
    0x00010a52   0x00000002   PAD
    0x00010a54   0x00000190   Code   RO          539    .text               syscall.o
    0x00010be4   0x0000002c   Code   RO          567    .text               __2sprintf.o(c_w.l)
    0x00010c10   0x0000004c   Code   RO          573    .text               _printf_pad.o(c_w.l)
    0x00010c5c   0x00000052   Code   RO          575    .text               _printf_str.o(c_w.l)
    0x00010cae   0x00000002   PAD
    0x00010cb0   0x00000070   Code   RO          577    .text               _printf_dec.o(c_w.l)
    0x00010d20   0x00000148   Code   RO          589    .text               __printf_flags_wp.o(c_w.l)
    0x00010e68   0x0000001a   Code   RO          601    .text               atoi.o(c_w.l)
    0x00010e82   0x00000002   PAD
    0x00010e84   0x0000000c   Code   RO          603    .text               strtok.o(c_w.l)
    0x00010e90   0x00000014   Code   RO          606    .text               strchr.o(c_w.l)
    0x00010ea4   0x00000024   Code   RO          608    .text               strstr.o(c_w.l)
    0x00010ec8   0x0000004a   Code   RO          610    .text               strcpy.o(c_w.l)
    0x00010f12   0x0000008c   Code   RO          612    .text               strncmp.o(c_w.l)
    0x00010f9e   0x0000003e   Code   RO          614    .text               strlen.o(c_w.l)
    0x00010fdc   0x0000008c   Code   RO          616    .text               rt_memcpy_v6.o(c_w.l)
    0x00011068   0x0000007a   Code   RO          618    .text               rt_memmove_v6.o(c_w.l)
    0x000110e2   0x00000044   Code   RO          620    .text               rt_memclr.o(c_w.l)
    0x00011126   0x0000004e   Code   RO          622    .text               rt_memclr_w.o(c_w.l)
    0x00011174   0x00000056   Code   RO          624    .text               strncpy.o(c_w.l)
    0x000111ca   0x00000006   Code   RO          626    .text               heapauxi.o(c_w.l)
    0x000111d0   0x0000000c   Code   RO          715    .text               rt_errno_addr_intlibspace.o(c_w.l)
    0x000111dc   0x00000016   Code   RO          717    .text               _rserrno.o(c_w.l)
    0x000111f2   0x000000ae   Code   RO          719    .text               _printf_intcommon.o(c_w.l)
    0x000112a0   0x00000030   Code   RO          721    .text               _printf_char_common.o(c_w.l)
    0x000112d0   0x0000000a   Code   RO          723    .text               _sputc.o(c_w.l)
    0x000112da   0x0000002c   Code   RO          725    .text               _printf_char.o(c_w.l)
    0x00011306   0x00000070   Code   RO          728    .text               strtol.o(c_w.l)
    0x00011376   0x00000002   PAD
    0x00011378   0x00000048   Code   RO          730    .text               strtok_int.o(c_w.l)
    0x000113c0   0x00000064   Code   RO          732    .text               rt_memcpy_w.o(c_w.l)
    0x00011424   0x0000007a   Code   RO          734    .text               rt_memmove_w.o(c_w.l)
    0x0001149e   0x00000010   Code   RO          736    .text               rtudiv10.o(c_w.l)
    0x000114ae   0x00000002   PAD
    0x000114b0   0x00000008   Code   RO          781    .text               libspace.o(c_w.l)
    0x000114b8   0x00000010   Code   RO          802    .text               rt_ctype_table.o(c_w.l)
    0x000114c8   0x00000098   Code   RO          806    .text               _strtoul.o(c_w.l)
    0x00011560   0x00000020   Code   RO          808    .text               strcspn.o(c_w.l)
    0x00011580   0x0000001c   Code   RO          810    .text               strspn.o(c_w.l)
    0x0001159c   0x0000004a   Code   RO          820    .text               sys_stackheap_outer.o(c_w.l)
    0x000115e6   0x00000002   PAD
    0x000115e8   0x0000000c   Code   RO          825    .text               rt_locale_intlibspace.o(c_w.l)
    0x000115f4   0x00000020   Code   RO          827    .text               _chval.o(c_w.l)
    0x00011614   0x0000000c   Code   RO          832    .text               exit.o(c_w.l)
    0x00011620   0x00000080   Code   RO          843    .text               strcmpv7m.o(c_w.l)
    0x000116a0   0x00000014   Code   RO          898    .text               sys_exit.o(c_w.l)
    0x000116b4   0x00000002   Code   RO          909    .text               use_no_semi.o(c_w.l)
    0x000116b6   0x00000002   PAD
    0x000116b8   0x000002e4   Code   RO          771    i.__ieee754_rem_pio2  rred.o(m_ws.l)
    0x0001199c   0x000000fc   Code   RO          765    i.__kernel_cos      cos_i.o(m_ws.l)
    0x00011a98   0x000000a2   Code   RO          768    i.__kernel_poly     poly.o(m_ws.l)
    0x00011b3a   0x00000002   PAD
    0x00011b3c   0x000000ec   Code   RO          774    i.__kernel_sin      sin_i.o(m_ws.l)
    0x00011c28   0x00000228   Code   RO          691    i.atan              atan.o(m_ws.l)
    0x00011e50   0x0000000a   Code   RO          704    i.copysign          pow.o(m_ws.l)
    0x00011e5a   0x00000002   PAD
    0x00011e5c   0x0000009c   Code   RO          696    i.cos               cos.o(m_ws.l)
    0x00011ef8   0x0000093c   Code   RO          700    i.pow               pow.o(m_ws.l)
    0x00012834   0x000000a0   Code   RO          707    i.sin               sin.o(m_ws.l)
    0x000128d4   0x00000054   Code   RO          778    i.sqrt              sqrt.o(m_ws.l)
    0x00012928   0x0000002c   Code   RO          830    locale$$code        lc_ctype_c.o(c_w.l)
    0x00012954   0x00000094   Code   RO          630    x$fpl$d2f           d2f.o(fz_ws.l)
    0x000129e8   0x000001b8   Code   RO          632    x$fpl$dadd          daddsub_clz.o(fz_ws.l)
    0x00012ba0   0x00000010   Code   RO          738    x$fpl$dcheck        dcheck.o(fz_ws.l)
    0x00012bb0   0x00000010   Code   RO          740    x$fpl$dcheck1       dcheck1.o(fz_ws.l)
    0x00012bc0   0x00000078   Code   RO          742    x$fpl$dcmpinfnan    dcmpin.o(fz_ws.l)
    0x00012c38   0x00000058   Code   RO          750    x$fpl$dcmpinfnan    fcmpin.o(fz_ws.l)
    0x00012c90   0x00000400   Code   RO          639    x$fpl$ddiv          ddiv.o(fz_ws.l)
    0x00013090   0x00000070   Code   RO          642    x$fpl$deqf          deqf.o(fz_ws.l)
    0x00013100   0x0000009c   Code   RO          644    x$fpl$dfix          dfix.o(fz_ws.l)
    0x0001319c   0x0000002c   Code   RO          649    x$fpl$dflt          dflt_clz.o(fz_ws.l)
    0x000131c8   0x0000000a   Code   RO          648    x$fpl$dfltu         dflt_clz.o(fz_ws.l)
    0x000131d2   0x00000002   PAD
    0x000131d4   0x00000070   Code   RO          652    x$fpl$dleqf         dleqf.o(fz_ws.l)
    0x00013244   0x000001c8   Code   RO          654    x$fpl$dmul          dmul.o(fz_ws.l)
    0x0001340c   0x00000198   Code   RO          812    x$fpl$drem          drem_clz.o(fz_ws.l)
    0x000135a4   0x00000088   Code   RO          656    x$fpl$drleqf        drleqf.o(fz_ws.l)
    0x0001362c   0x00000016   Code   RO          633    x$fpl$drsb          daddsub_clz.o(fz_ws.l)
    0x00013642   0x00000002   PAD
    0x00013644   0x00000144   Code   RO          814    x$fpl$dsqrt         dsqrt.o(fz_ws.l)
    0x00013788   0x00000248   Code   RO          634    x$fpl$dsub          daddsub_clz.o(fz_ws.l)
    0x000139d0   0x000000ec   Code   RO          744    x$fpl$dunder        dunder.o(fz_ws.l)
    0x00013abc   0x00000050   Code   RO          658    x$fpl$f2d           f2d.o(fz_ws.l)
    0x00013b0c   0x00000100   Code   RO          660    x$fpl$fadd          faddsub_clz.o(fz_ws.l)
    0x00013c0c   0x0000000c   Code   RO          746    x$fpl$fcheck        fcheck.o(fz_ws.l)
    0x00013c18   0x0000000c   Code   RO          748    x$fpl$fcheck1       fcheck1.o(fz_ws.l)
    0x00013c24   0x000001e4   Code   RO          667    x$fpl$fdiv          fdiv.o(fz_ws.l)
    0x00013e08   0x00000060   Code   RO          670    x$fpl$feqf          feqf.o(fz_ws.l)
    0x00013e68   0x00000070   Code   RO          672    x$fpl$ffix          ffix.o(fz_ws.l)
    0x00013ed8   0x00000058   Code   RO          676    x$fpl$ffixu         ffixu.o(fz_ws.l)
    0x00013f30   0x00000032   Code   RO          681    x$fpl$fflt          fflt_clz.o(fz_ws.l)
    0x00013f62   0x00000008   Code   RO          680    x$fpl$ffltu         fflt_clz.o(fz_ws.l)
    0x00013f6a   0x00000002   PAD
    0x00013f6c   0x00000060   Code   RO          684    x$fpl$fleqf         fleqf.o(fz_ws.l)
    0x00013fcc   0x00000108   Code   RO          686    x$fpl$fmul          fmul.o(fz_ws.l)
    0x000140d4   0x0000004a   Code   RO          752    x$fpl$fnorm2        fnorm2_clz.o(fz_ws.l)
    0x0001411e   0x00000002   PAD
    0x00014120   0x0000006c   Code   RO          688    x$fpl$frleqf        frleqf.o(fz_ws.l)
    0x0001418c   0x00000014   Code   RO          661    x$fpl$frsb          faddsub_clz.o(fz_ws.l)
    0x000141a0   0x00000124   Code   RO          662    x$fpl$fsub          faddsub_clz.o(fz_ws.l)
    0x000142c4   0x00000086   Code   RO          754    x$fpl$funder        funder.o(fz_ws.l)
    0x0001434a   0x00000064   Code   RO          816    x$fpl$retnan        retnan.o(fz_ws.l)
    0x000143ae   0x00000060   Code   RO          759    x$fpl$scalbn        scalbn.o(fz_ws.l)
    0x0001440e   0x00000030   Code   RO          818    x$fpl$trapveneer    trapv.o(fz_ws.l)
    0x0001443e   0x00000000   Code   RO          764    x$fpl$usenofp       usenofp.o(fz_ws.l)
    0x0001443e   0x00000010   Data   RO           53    .constdata          adc.o
    0x0001444e   0x00000002   PAD
    0x00014450   0x00000203   Data   RO          153    .constdata          gprs.o
    0x00014653   0x00000001   PAD
    0x00014654   0x00000020   Data   RO          305    .constdata          uart.o
    0x00014674   0x000000e3   Data   RO          450    .constdata          mmc_176x_ssp.o
    0x00014757   0x00000001   PAD
    0x00014758   0x00000175   Data   RO          484    .constdata          log.o
    0x000148cd   0x00000003   PAD
    0x000148d0   0x00000058   Data   RO          522    .constdata          ff.o
    0x00014928   0x0000e99e   Data   RO          540    .constdata          syscall.o
    0x000232c6   0x00000011   Data   RO          590    .constdata          __printf_flags_wp.o(c_w.l)
    0x000232d7   0x00000001   PAD
    0x000232d8   0x00000098   Data   RO          692    .constdata          atan.o(m_ws.l)
    0x00023370   0x00000088   Data   RO          701    .constdata          pow.o(m_ws.l)
    0x000233f8   0x00000030   Data   RO          766    .constdata          cos_i.o(m_ws.l)
    0x00023428   0x00000008   Data   RO          770    .constdata          qnan.o(m_ws.l)
    0x00023430   0x000000c0   Data   RO          772    .constdata          rred.o(m_ws.l)
    0x000234f0   0x00000028   Data   RO          775    .constdata          sin_i.o(m_ws.l)
    0x00023518   0x00000018   Data   RO          451    .conststring        mmc_176x_ssp.o
    0x00023530   0x00000030   Data   RO          962    Region$$Table       anon$$obj.o
    0x00023560   0x00000110   Data   RO          829    locale$$data        lc_ctype_c.o(c_w.l)


    Execution Region RW_IRAM1 (Base: 0x10000000, Size: 0x0000661c, Max: 0x00008000, ABSOLUTE)

    Base Addr    Size         Type   Attr      Idx    E Section Name        Object

    0x10000000   0x0000661c   Zero   RW          449    .bss                mmc_176x_ssp.o


    Execution Region RW_IRAM2 (Base: 0x2007c000, Size: 0x00001850, Max: 0x00008000, ABSOLUTE, COMPRESSED[0x00000248])

    Base Addr    Size         Type   Attr      Idx    E Section Name        Object

    0x2007c000   0x00000004   Data   RW           14    .data               system_lpc17xx.o
    0x2007c004   0x00000024   Data   RW           54    .data               adc.o
    0x2007c028   0x00000020   Data   RW          119    .data               extintr.o
    0x2007c048   0x000000c5   Data   RW          154    .data               gprs.o
    0x2007c10d   0x00000006   Data   RW          214    .data               lcd.o
    0x2007c113   0x00000001   PAD
    0x2007c114   0x00000004   Data   RW          265    .data               rtc.o
    0x2007c118   0x0000037c   Data   RW          306    .data               uart.o
    0x2007c494   0x00000004   PAD
    0x2007c498   0x000000d0   Data   RW          322    .data               wswd.o
    0x2007c568   0x00000023   Data   RW          360    .data               atrh.o
    0x2007c58b   0x00000001   PAD
    0x2007c58c   0x00000008   Data   RW          413    .data               systick.o
    0x2007c594   0x00000054   Data   RW          452    .data               mmc_176x_ssp.o
    0x2007c5e8   0x00000010   Data   RW          485    .data               log.o
    0x2007c5f8   0x00000010   Data   RW          502    .data               main.o
    0x2007c608   0x0000000b   Data   RW          523    .data               ff.o
    0x2007c613   0x00000001   PAD
    0x2007c614   0x00000004   Data   RW          604    .data               strtok.o(c_w.l)
    0x2007c618   0x000007ac   Zero   RW          152    .bss                gprs.o
    0x2007cdc4   0x0000000e   Zero   RW          213    .bss                lcd.o
    0x2007cdd2   0x000001e0   Zero   RW          304    .bss                uart.o
    0x2007cfb2   0x0000003c   Zero   RW          359    .bss                atrh.o
    0x2007cfee   0x00000400   Zero   RW          501    .bss                main.o
    0x2007d3ee   0x00000200   Zero   RW          521    .bss                ff.o
    0x2007d5ee   0x00000002   PAD
    0x2007d5f0   0x00000060   Zero   RW          782    .bss                libspace.o(c_w.l)
    0x2007d650   0x00000000   Zero   RW            2    HEAP                startup_lpc17xx.o
    0x2007d650   0x00000200   Zero   RW            1    STACK               startup_lpc17xx.o



  Load Region LR$$.ARM.__at_0x02FC (Base: 0x000002fc, Size: 0x00000004, Max: 0x00000004, ABSOLUTE)

    Execution Region ER$$.ARM.__at_0x02FC (Base: 0x000002fc, Size: 0x00000004, Max: 0x00000004, ABSOLUTE, UNINIT)

    Base Addr    Size         Type   Attr      Idx    E Section Name        Object

    0x000002fc   0x00000004   Code   RO            4    .ARM.__at_0x02FC    startup_lpc17xx.o


==============================================================================

Image component sizes


      Code (inc. data)   RO Data    RW Data    ZI Data      Debug   Object Name

       528         88         16         36          0      13858   adc.o
         0          0          0          0          0        700   anomometer.o
       956        128          0         35         60       3422   atrh.o
        48          4          0          0          0       5510   bod.o
       908         24          0          0          0       2627   convert.o
        74          0          0          0          0        946   delay.o
       404         14          0         32          0       7734   extintr.o
     15426        170         88         11        512      50527   ff.o
       332          8          0          0          0       2986   gpio.o
     13216       3514        515        197       1964      32076   gprs.o
       284         12          0          0          0       1615   i2c0.o
      1988         26          0          6         14       7744   lcd.o
      1860        372        373         16          0       3593   log.o
       316         20          0          0          0       1859   lpc17xx_clkpwr.o
       416         14          0          0          0      19111   lpc17xx_wdt.o
       672        120          0         16       1024       7997   main.o
      6020        282        251         84      26140      20469   mmc_176x_ssp.o
      1944         80          0          4          0       6077   rtc.o
        56         22        204          0        512        928   startup_lpc17xx.o
       400         26      59806          0          0       4992   syscall.o
       508         30          0          4          0      22345   system_lpc17xx.o
       120         12          0          8          0       1726   systick.o
      2736        168         32        892        480       8792   uart.o
      2512        496          0        208          0       5370   wswd.o

    ----------------------------------------------------------------------
     51728       5630      61340       1556      30708     233004   Object Totals
         0          0         48          0          0          0   (incl. Generated)
         4          0          7          7          2          2   (incl. Padding)

    ----------------------------------------------------------------------

      Code (inc. data)   RO Data    RW Data    ZI Data      Debug   Library Member Name

        44          6          0          0          0         80   __2sprintf.o
       100          0          0          0          0          0   __dclz77c.o
         8          0          0          0          0         68   __main.o
       328          4         17          0          0         88   __printf_flags_wp.o
        52          8          0          0          0          0   __scatter.o
        28          0          0          0          0          0   __scatter_zi.o
        32          0          0          0          0         68   _chval.o
         6          0          0          0          0          0   _printf_c.o
        44          0          0          0          0        108   _printf_char.o
        48          4          0          0          0         96   _printf_char_common.o
         6          0          0          0          0          0   _printf_d.o
       112         16          0          0          0         92   _printf_dec.o
       174          0          0          0          0         88   _printf_intcommon.o
        76          0          0          0          0        104   _printf_pad.o
         0          0          0          0          0          0   _printf_percent.o
         4          0          0          0          0          0   _printf_percent_end.o
         6          0          0          0          0          0   _printf_s.o
        82          0          0          0          0         80   _printf_str.o
        22          0          0          0          0         96   _rserrno.o
        10          0          0          0          0         68   _sputc.o
       152          0          0          0          0         88   _strtoul.o
       552         78        152          0          0        176   atan.o
        26          0          0          0          0         80   atoi.o
       156         26          0          0          0        100   cos.o
       252         30         48          0          0        112   cos_i.o
       148          6          0          0          0         68   d2f.o
      1046         28          0          0          0        320   daddsub_clz.o
        16          6          0          0          0         68   dcheck.o
        16          6          0          0          0         68   dcheck1.o
       120          0          0          0          0         84   dcmpin.o
      1024        272          0          0          0        160   ddiv.o
       112          6          0          0          0         68   deqf.o
       156          6          0          0          0         76   dfix.o
        54          0          0          0          0        136   dflt_clz.o
       112          6          0          0          0         68   dleqf.o
       456         16          0          0          0        100   dmul.o
       408         12          0          0          0        100   drem_clz.o
       136          6          0          0          0         68   drleqf.o
       324          8          0          0          0        100   dsqrt.o
       236          0          0          0          0         92   dunder.o
        12          0          0          0          0         68   exit.o
        80          4          0          0          0         68   f2d.o
       568         18          0          0          0        204   faddsub_clz.o
        12          6          0          0          0         68   fcheck.o
        12          6          0          0          0         68   fcheck1.o
        88          0          0          0          0         68   fcmpin.o
       484         76          0          0          0         76   fdiv.o
        96          6          0          0          0         68   feqf.o
       112          4          0          0          0         68   ffix.o
        88          6          0          0          0         68   ffixu.o
        58          0          0          0          0        136   fflt_clz.o
        96          6          0          0          0         68   fleqf.o
       264          6          0          0          0         68   fmul.o
        74          0          0          0          0         84   fnorm2_clz.o
       108          6          0          0          0         68   frleqf.o
       134          0          0          0          0         84   funder.o
         6          0          0          0          0        148   heapauxi.o
        44         10        272          0          0         76   lc_ctype_c.o
         6          0          0          0          0          0   libinit.o
        20          0          0          0          0          0   libinit2.o
         2          0          0          0          0          0   libshutdown.o
         2          0          0          0          0          0   libshutdown2.o
         8          4          0          0         96         68   libspace.o
       162          0          0          0          0         96   poly.o
      2374        256        136          0          0        276   pow.o
         0          0          8          0          0          0   qnan.o
       100          0          0          0          0         68   retnan.o
       740         98        192          0          0         96   rred.o
        16          6          0          0          0         76   rt_ctype_table.o
        12          6          0          0          0         68   rt_errno_addr_intlibspace.o
        12          6          0          0          0         68   rt_locale_intlibspace.o
        68          0          0          0          0         68   rt_memclr.o
        78          0          0          0          0         76   rt_memclr_w.o
       140          0          0          0          0         68   rt_memcpy_v6.o
       100          0          0          0          0         80   rt_memcpy_w.o
       122          0          0          0          0         68   rt_memmove_v6.o
       122          0          0          0          0         80   rt_memmove_w.o
         0          0          0          0          0          0   rtentry.o
        12          0          0          0          0          0   rtentry2.o
         6          0          0          0          0          0   rtentry4.o
         0          0          0          0          0          0   rtexit.o
         8          0          0          0          0          0   rtexit2.o
        16          0          0          0          0         68   rtudiv10.o
        96          0          0          0          0         68   scalbn.o
       160         24          0          0          0        100   sin.o
       236         14         40          0          0        128   sin_i.o
        84         22          0          0          0         84   sqrt.o
        20          0          0          0          0         68   strchr.o
       128          2          0          0          0         68   strcmpv7m.o
        74          0          0          0          0         76   strcpy.o
        32          0          0          0          0         76   strcspn.o
        62          0          0          0          0         76   strlen.o
       140          0          0          0          0         80   strncmp.o
        86          0          0          0          0         76   strncpy.o
        28          0          0          0          0         76   strspn.o
        36          0          0          0          0         76   strstr.o
        12          6          0          4          0         68   strtok.o
        72          4          0          0          0         84   strtok_int.o
       112          0          0          0          0         88   strtol.o
        20         10          0          0          0         68   sys_exit.o
        74          0          0          0          0         80   sys_stackheap_outer.o
        48          0          0          0          0         68   trapv.o
         2          0          0          0          0         68   use_no_semi.o
         0          0          0          0          0          0   usenofp.o

    ----------------------------------------------------------------------
     14694       1162        866          4         96       7624   Library Totals
        26          0          1          0          0          0   (incl. Padding)

    ----------------------------------------------------------------------

      Code (inc. data)   RO Data    RW Data    ZI Data      Debug   Library Name

      3070         92        289          4         96       3412   c_w.l
      6882        522          0          0          0       3044   fz_ws.l
      4716        548        576          0          0       1168   m_ws.l

    ----------------------------------------------------------------------
     14694       1162        866          4         96       7624   Library Totals

    ----------------------------------------------------------------------

==============================================================================


      Code (inc. data)   RO Data    RW Data    ZI Data      Debug   

     66422       6792      62206       1560      30804     234480   Grand Totals
     66422       6792      62206        584      30804     234480   ELF Image Totals (compressed)
     66422       6792      62206        584          0          0   ROM Totals

==============================================================================

    Total RO  Size (Code + RO Data)               128628 ( 125.61kB)
    Total RW  Size (RW Data + ZI Data)             32364 (  31.61kB)
    Total ROM Size (Code + RO Data + RW Data)     129212 ( 126.18kB)

==============================================================================

